02-27 19:30:16.806  2026  3235 I WindowManager: Window{1ddf8a3 u0 com.android.launcher/com.android.launcher.Launcher} state from HAS_DRAWN to NO_SURFACE; reason: destroySurface
02-27 19:30:16.808  2026  3235 D ActivityTaskManager: Clearing startingData for activity=ActivityRecord{381b9ce u0 com.android.launcher/.Launcher t5} mStartingData=null mStartingSurface=null
02-27 19:30:16.866  2026  3235 I StatusBarManagerService: disableLocked, what:1000000, pkg:com.android.systemui userId: 0 token:android.os.BinderProxy@66f345e net1:1000000 net2:0
02-27 19:30:16.868  2026  3235 D PowerManagerService: userActivityNoUpdateLocked: groupId=0, eventTime=833483477, event=other, flags=0x0, uid=10214
02-27 19:30:16.869  2026  3215 D LockSettingsService: [scheduleNonStrongBiometricIdleTimeout]  userId = 0
02-27 19:30:16.890  2026  2886 D VRR [OPlusExternalRefreshRateManager]: notifyDisableOtiMode: true
02-27 19:30:16.891  2026  2886 D VRR [OPlusExternalRefreshRateManager]:  [OTI] handleTouchIdlePauseState: Force
02-27 19:30:16.891  2026  2886 D VRR [OPlusSurfaceFlingerController]:  setTouchIdleShouldPause : true
02-27 19:30:16.891   714 24043 I keystore2: system/security/keystore2/src/super_key.rs:976 - UnlockedDeviceRequired super keys for user 0 are retained in plaintext, with biometric-encrypted copy too.
02-27 19:30:16.892  2026  4114 W UserManagerService: Requested status bar icon for non-badged user 0
02-27 19:30:16.896  2026  3428 V BiometricService/AuthSession: Dismissed! Modality: 1, User: 0, IsCrypto: false, Action: 2, Client: 2, Reason: 3, Error: 10, Latency: 11183, SessionId: 0
02-27 19:30:16.896  2026  3428 W ActivityManager: pid 2026 system sent binder code 3 with flags 1 to frozen apps and got error -32
02-27 19:30:16.897  2026  3428 E BiometricService/AuthSession: Remote exception
02-27 19:30:16.897  2026  3428 E BiometricService/AuthSession: android.os.DeadObjectException
02-27 19:30:16.897  2026  3428 E BiometricService/AuthSession: 	at android.os.BinderProxy.transactNative(Native Method)
02-27 19:30:16.897  2026  3428 E BiometricService/AuthSession: 	at android.os.BinderProxy.transact(BinderProxy.java:679)
02-27 19:30:16.897  2026  3428 E BiometricService/AuthSession: 	at android.hardware.biometrics.IBiometricServiceReceiver$Stub$Proxy.onError(IBiometricServiceReceiver.java:231)
02-27 19:30:16.897  2026  3428 E BiometricService/AuthSession: 	at com.android.server.biometrics.AuthSession.onDialogDismissed(AuthSession.java:865)
02-27 19:30:16.897  2026  3428 E BiometricService/AuthSession: 	at com.android.server.biometrics.BiometricService.handleOnDismissed(BiometricService.java:1296)
02-27 19:30:16.897  2026  3428 E BiometricService/AuthSession: 	at com.android.server.biometrics.BiometricService.-$$Nest$mhandleOnDismissed(Unknown Source:0)
02-27 19:30:16.897  2026  3428 E BiometricService/AuthSession: 	at com.android.server.biometrics.BiometricService$2.lambda$onDialogDismissed$0(BiometricService.java:494)
02-27 19:30:16.897  2026  3428 E BiometricService/AuthSession: 	at com.android.server.biometrics.BiometricService$2.$r8$lambda$K0ILmnQEKPKaUlvxg0jxO3Y60Vg(Unknown Source:0)
02-27 19:30:16.897  2026  3428 E BiometricService/AuthSession: 	at com.android.server.biometrics.BiometricService$2$$ExternalSyntheticLambda4.run(D8$$SyntheticClass:0)
02-27 19:30:16.897  2026  3428 E BiometricService/AuthSession: 	at android.os.Handler.handleCallback(Handler.java:973)
02-27 19:30:16.897  2026  3428 E BiometricService/AuthSession: 	at android.os.Handler.dispatchMessage(Handler.java:100)
02-27 19:30:16.897  2026  3428 E BiometricService/AuthSession: 	at android.os.Looper.loopOnce(Looper.java:282)
02-27 19:30:16.897  2026  3428 E BiometricService/AuthSession: 	at android.os.Looper.loop(Looper.java:387)
02-27 19:30:16.897  2026  3428 E BiometricService/AuthSession: 	at android.os.HandlerThread.run(HandlerThread.java:85)
02-27 19:30:16.897  2026  3428 D BiometricService/AuthSession: Cancelling sensorId: 0
02-27 19:30:16.897  2026  3235 D CoreBackPreview: Window{81eb488 u0 BiometricPrompt}: Setting back callback null
02-27 19:30:16.899   714  3444 I keystore2: system/security/keystore2/src/database.rs:1321 - First database operation finished
02-27 19:30:16.909  2026  3215 I OplusScreenSecurityMask: remove WindowsName list: Window{81eb488 u0 BiometricPrompt} list size: 0 isFromSetSecure: false , surfaceShown = false , displayId = 0
02-27 19:30:16.909  2026  3215 I OplusScreenSecurityMask: onSecurityPageFlagChanged size: 0 , surfaceShown = false , displayId = 0
02-27 19:30:16.909  2026  3215 I WindowManager: Window{81eb488 u0 BiometricPrompt} state from HAS_DRAWN to NO_SURFACE; reason: destroySurface
02-27 19:30:16.911  2026  3215 D WindowManager: setFrameRateStart invalid typeId return!
02-27 19:30:16.911  2026  3215 D WindowManager: NFW_findFocusedWindowIfNeeded:null mCurrentFocus:Window{81eb488 u0 BiometricPrompt}
02-27 19:30:16.911  2026  3215 D DisplayContentExtImpl: target is same with the last, remove the ime snapshot immediately.
02-27 19:30:16.911  2026  3215 V WindowManager: Changing focus from Window{81eb488 u0 BiometricPrompt} to null,diplayid=0
02-27 19:30:16.912  2026  3215 D WindowManager: NFW_findFocusedWindowIfNeeded:null mCurrentFocus:null
02-27 19:30:16.919  3736  3736 W VRI[NotificationShade]: updateBlastSurfaceIfNeeded, surfaceSize:Point(1080, 2400), lastSurfaceSize:Point(1080, 2400), format:-3, blastBufferQueue:android.graphics.BLASTBufferQueue@a9d9e52
02-27 19:30:16.919   714  3444 I keystore2: system/security/keystore2/src/database.rs:1394 - No superseded key blob
02-27 19:30:16.921  2026  3215 D WindowManagerServiceExtImpl: extractConfigInfoAndRealFlags rotation=0, screenDp=360, residentWS:0, win=Window{d5490e0 u0 NotificationShade}
02-27 19:30:16.921  2026  3215 V WindowManager: Relayout Window{d5490e0 u0 NotificationShade}: viewVisibility=0, oldvis=0, req=1080x2400, vsysui=, x=0, y=0
02-27 19:30:16.922  2026  3215 D WindowManager: NFW_findFocusedWindowIfNeeded:Window{d5490e0 u0 NotificationShade} mCurrentFocus:null
02-27 19:30:16.922  2026  3215 V WindowManager: Changing focus from null to Window{d5490e0 u0 NotificationShade},diplayid=0
02-27 19:30:16.925  2026  3215 D WindowManager: setFrameRateStart invalid typeId return!
02-27 19:30:16.927  2026  3215 D WindowManager: setFrameRateStart invalid typeId return!
02-27 19:30:16.927  2026  3215 D WindowManager: BarWindow--setVisible: id=2, oldState=0, state=2, mFocuseWindow= Window{d5490e0 u0 NotificationShade} call: 
02-27 19:30:16.929  2026  3215 D WindowManager: rotation(ROTATION_0) no changed  displayId = 0, lastOrientation = 5
02-27 19:30:16.937  2026  3215 D DeviceStateProviderImpl: keyguard show or sleep: true mLastReportedState 0
02-27 19:30:16.937  2026  3215 V FlexibleTaskController: notifyKeyguardStateChanged keyguardShowing = true ; displayId = 0
02-27 19:30:16.942  2026  2615 V UsbDeviceManager: onKeyguardStateChanged: isShowing:true secure:true user:0
02-27 19:30:16.949   690   704 D vold    : Cannot find key for 0
02-27 19:30:16.949   690   704 D vold    : Cannot find key for 0
02-27 19:30:16.949   690   704 I vold    : evict_sensitive_key: 1,sensitiveType=0
02-27 19:30:16.949   690   704 I vold    : evict_sensitive_key: 1
02-27 19:30:16.950   690   704 D vold    : Cannot find key for 0
02-27 19:30:16.950   690   704 D vold    : Cannot find key for 0
02-27 19:30:16.950   690   704 I vold    : evict_sensitive_key: 1,sensitiveType=1
02-27 19:30:16.950   690   704 I vold    : evict_sensitive_key: 1
02-27 19:30:16.950  2026  2615 E OplusStorageManagerFeature: clear Ae Be key
02-27 19:30:16.962  2026  3235 V WindowManager: Relayout Window{b48e438 u0 NavigationBar_displayId_0}: viewVisibility=0, oldvis=0, req=1080x132, vsysui=, x=0, y=0
02-27 19:30:16.964  2026  3235 D WindowManager: NFW_findFocusedWindowIfNeeded:Window{d5490e0 u0 NotificationShade} mCurrentFocus:Window{d5490e0 u0 NotificationShade}
02-27 19:30:16.986  2026  2615 D OplusAccessControlManagerService: onKeyguardStateChanged : true
02-27 19:30:17.023  2026  3215 D OplusUserManagerServiceEnhance: getMultiSystemUserId  res = -10000
02-27 19:30:17.030  2026  3215 D SystemServerTiming: getUserSwitchability-0
02-27 19:30:17.030  2026  3215 D SystemServerTiming: TM.isInCall
02-27 19:30:17.031  2026  3215 D SystemServerTiming: hasUserRestriction-DISALLOW_USER_SWITCH
02-27 19:30:17.031  2026  3215 D SystemServerTiming: getInt-ALLOW_USER_SWITCHING_WHEN_SYSTEM_USER_LOCKED
02-27 19:30:17.031  2026  3215 D SystemServerTiming: isUserUnlocked-USER_SYSTEM
02-27 19:30:17.039  2026  3215 D WindowManagerServiceExtImpl: extractConfigInfoAndRealFlags rotation=0, screenDp=360, residentWS:0, win=Window{d5490e0 u0 NotificationShade}
02-27 19:30:17.039  2026  3215 V WindowManager: Relayout Window{d5490e0 u0 NotificationShade}: viewVisibility=0, oldvis=0, req=1080x2400, vsysui=, x=0, y=0
02-27 19:30:17.061  2026  3583 D Biometrics/FingerprintProvider/FingerprintServiceProviderExtImpl: dispatchTouchDown
02-27 19:30:17.062  2026  3583 D Biometrics/FingerprintProvider/FingerprintServiceProviderExtImpl: [handleOnPointerDown] sUdfpsIconIsShow: false
02-27 19:30:17.062  2026  3583 D Biometrics/FingerprintProvider/FingerprintServiceProviderExtImpl: [handleOnPointerDown] dispatch to Auth
02-27 19:30:17.063  2026  3428 D OplusPowerManagerHelper: wakeUpAndBlockScreenOn reason= android.service.fingerprint:WAKEUP
02-27 19:30:17.064  2026  3428 E Orms_ManagerInner: cannot connect to orms core service!
02-27 19:30:17.066  2026  3428 E DpcExtImpl[0]: execuce mBlockReasonList.add reason: android.service.fingerprint:WAKEUP
02-27 19:30:17.066  2026  3428 I DisplayManagerService: blockScreenOnByBiometrics displayId = 0
02-27 19:30:17.067  2026  3428 D OplusPowerManagerHelper: [onWakeUp]
02-27 19:30:17.068  2026  3428 E OplusCustomizeRestrictionManagerService: isBiometricDisabled start
02-27 19:30:17.068  2026  3428 D OplusPowerManagerHelper: [requestKeyguard]
02-27 19:30:17.068  2026  3428 I PowerGroup: Waking up power group from Dozing (groupId=0, uid=1000, reason=android.service.fingerprint:WAKEUP, details=android.service.fingerprint:WAKEUP)...
02-27 19:30:17.068  2026  3428 D PowerManagerService: userActivityNoUpdateLocked: groupId=0, eventTime=833483673, event=other, flags=0x0, uid=1000
02-27 19:30:17.069  2026  3428 I PowerManagerService: Waking up from Dozing (uid=1000, reason=android.service.fingerprint:WAKEUP, details=android.service.fingerprint:WAKEUP)...
02-27 19:30:17.073  2026  3428 D OplusScreenOffTorchHelper: onWakeUp
02-27 19:30:17.075  2026  2844 I OplusSmartBrightnessController: handleMessage MSG_UPDATE_BRIGHTNESS_NO_ANIMATION changed:true
02-27 19:30:17.075  2026  2844 D OplusSmartBrightnessController: setBrightnessNoAnimation false->true
02-27 19:30:17.075  2026  3428 D DisplayPowerController[0]: requestPowerState: policy=BRIGHT, useProximitySensor=false, screenBrightnessOverride=-1.0, useAutoBrightness=false, screenAutoBrightnessAdjustmentOverride=NaN, screenLowPowerBrightnessFactor=1.0, blockScreenOn=false, lowPowerMode=false, boostScreenBrightness=false, dozeScreenBrightness=NaN, dozeScreenState=UNKNOWN, dozeScreenStateReason=DEFAULT_POLICY, waitForNegativeProximity=false displayReady=false pendingRequest=true
02-27 19:30:17.075  2026  3428 D DisplayManagerServiceExtImpl: request size(1,1),dpc=com.android.server.display.DisplayPowerController@d633866 size(0,1),flags=0X200F,id(0,0,local:4630946896948975233),enable=true,ready=false,waitForNegativeProximity=false policy=BRIGHT,useProximitySensor=false,dozeState=UNKNOWN,screenBrightnessOverride=-1.000000,useAuto=false,lowPower=false,lowPowerFactor=1.000000
02-27 19:30:17.075  2026  2731 D BackLightStat: setScreenState: state changed:OFF->ON
02-27 19:30:17.075  2026  2731 D OplusDisplayState: setScreenState = true isPrimary = true
02-27 19:30:17.075  2026  2731 D OplusSmartBrightnessController: onScreenEvent isScreenOn displayId[0]=true isFolding=false policy=BRIGHT
02-27 19:30:17.075  2026  2731 D Arc[OplusBrightnessAmbientAdapter]: onScreenEvent displayId:0 isScreenOn:true isFolding:false
02-27 19:30:17.075  2026  2731 D Arc[OplusBrightnessPhoneStateManager]: screen on first lux event:null
02-27 19:30:17.075  2026  2731 D Arc[OplusFeatureBrightnessBarController]: BrightnessBarController is not support.
02-27 19:30:17.075  2026  2844 D Arc[LuxEvent]: main light sensor enable:true
02-27 19:30:17.075  2026  2844 D Arc[LuxEvent]: register MAIN_LIGHT result:true
02-27 19:30:17.076  2026  2886 D VRR [OPlusRefreshRateService]: handleScreenStateChange state: 2
02-27 19:30:17.076  2026  2886 D VRR [OPlusExternalRefreshRateManager]: screenStateChange state: 2
02-27 19:30:17.077  2026  2844 D Arc[LuxEvent]: aux light sensor enable:true
02-27 19:30:17.077  2026  2844 D Arc[LuxEvent]: register AUX_LIGHT result:true
02-27 19:30:17.077  2026  2844 D Arc[ProximityEvent]: proximity sensor enable:true
02-27 19:30:17.077  2026  2844 D Arc[ProximityEvent]: register PROXIMITY result:true
02-27 19:30:17.077  2026  2844 I OplusSmartBrightnessController: handleMessage MSG_FORCE_UPDATE_BRIGHTNESS.
02-27 19:30:17.077  2026  2844 I OplusSmartBrightnessController: onTargetBrightnessChange brightness change to (61.2025, 100.07154, 544.7619)
02-27 19:30:17.077  2026  2731 D DisplayPowerState[0]: setScreenState changed:OFF->ON
02-27 19:30:17.078  2026  2731 I DisplayPowerController[0]: Blocking screen on until initial contents have been drawn.
02-27 19:30:17.081  2026  4236 D CoreBackPreview: Window{d5490e0 u0 NotificationShade}: Setting back callback OnBackInvokedCallbackInfo{mCallback=android.window.IOnBackInvokedCallback$Stub$Proxy@c191bd4, mPriority=0, mIsAnimationCallback=false}
02-27 19:30:17.082  2026  2731 D WindowManager: screenTurnedOn  Display{#0 state=OFF size=1080x2400 ROTATION_0}
02-27 19:30:17.083  2026  2731 D DisplayPowerController[0]: animateScreenStateChange screen on blocked blocker=com.android.server.display.DisplayPowerController$ScreenOnUnblocker@90e0872
02-27 19:30:17.084  2026  2731 I DisplayBrightnessStrategySelector: Changing the DisplayBrightnessStrategy from ScreenOffBrightnessStrategy to InvalidBrightnessStrategy for display 0
02-27 19:30:17.084  2026  2731 D OplusPanelFeatureController:  onSunlightModeChanged: 1
02-27 19:30:17.084  2026  4236 D WindowManager: mKeyguardDelegate.ShowListener.onDrawn.
02-27 19:30:17.085  2026  2610 W WindowManager: Setting mKeyguardDrawComplete
02-27 19:30:17.085  2026  2610 I WindowManager: Window{d5490e0 u0 NotificationShade} state from HAS_DRAWN to DRAW_PENDING; reason: requestDrawIfNeeded
02-27 19:30:17.086  2026  2610 I WindowManager: Waiting for drawn Window{d5490e0 u0 NotificationShade}: removed=false visible=true mHasSurface=true drawState=1
02-27 19:30:17.086  2026  2610 D OplusWindowAnimationManager: Is NotificationShade draw check disabled: false, win: Window{d5490e0 u0 NotificationShade}, clientRotation: 0, isFullscreen: true, requestedWidth: 1080, requestedHeight: 2400, physicalHeight: 2400, physicalWidth: 1080
02-27 19:30:17.086  2026  2610 D WindowManager: waitForAllWindowsDrawn displayId=-1,false,message={ when=-9d15h31m23s695ms what=7 arg1=-1 target=com.android.server.policy.PhoneWindowManager$PolicyHandler }
02-27 19:30:17.087  2026  2732 W ContextImpl: Calling a method in the system process without a qualified user: android.app.ContextImpl.sendBroadcast:1261 com.android.server.am.OplusAppStartupConfig.handleCountRestrictedList:1698 com.android.server.am.OplusAppStartupManager.updateScreenStatus:5352 com.android.server.OplusSysStateManager$LocalService.onWakefulnessChanged:417 com.android.server.power.NotifierExtImpl.onWakefulnessChanged:134 
02-27 19:30:17.088  2026  2732 D NotifierExtImpl: notifyScreenOnOff: on = false
02-27 19:30:17.088  2026  2732 D OplusPowerManagerServiceEnhance: notifyScreenOnOff on=false
02-27 19:30:17.088  2026  2618 I WindowManager: Waiting for drawn Window{d5490e0 u0 NotificationShade}: removed=false visible=true mHasSurface=true drawState=1
02-27 19:30:17.088  2026  2618 D OplusWindowAnimationManager: Is NotificationShade draw check disabled: false, win: Window{d5490e0 u0 NotificationShade}, clientRotation: 0, isFullscreen: true, requestedWidth: 1080, requestedHeight: 2400, physicalHeight: 2400, physicalWidth: 1080
02-27 19:30:17.090  2026  2731 D HidlDisplayPanelFeature: setDisplayPanelFeatureValue +++, ID:247, value:1
02-27 19:30:17.091  2026  2731 D OplusSmartBrightnessController: wakeup displayId[0]=1308 -> 0
02-27 19:30:17.091  2026  2731 D DisplayPowerController[0]: updatePowerStateInternal policy:OFF->BRIGHT,state:OFF->ON policy=BRIGHT, useProximitySensor=false, screenBrightnessOverride=-1.0, useAutoBrightness=false, screenAutoBrightnessAdjustmentOverride=NaN, screenLowPowerBrightnessFactor=1.0, blockScreenOn=false, lowPowerMode=false, boostScreenBrightness=false, dozeScreenBrightness=NaN, dozeScreenState=UNKNOWN, dozeScreenStateReason=DEFAULT_POLICY
02-27 19:30:17.092  2026  2731 I ColorAutomaticBrightnessController: updateAutoBrightness: Auto, sendUpdate = true adjustment=6423.529297,changed:3276->544,modified:544->544->544,changed=true,cameraMode=-1,ProximityNear=false
02-27 19:30:17.092  2026  2731 I OplusSmartBrightnessController: handleBrightnessTotalRateType displayId[0]=window exit->automatic
02-27 19:30:17.092  2026  2731 D DisplayPowerState[0]: updateRunnable run fadeLevle=0.0 state=ON brightness changed:3276.0->-1.0
02-27 19:30:17.092  2026  3235 D OplusGuardElfFeature: ICharger service = vendor.oplus.hardware.charger.ICharger$Stub$Proxy@7d62140
02-27 19:30:17.093  2026  2731 D DisplayPowerController[0]: animateScreenStateChange screen on blocked blocker=com.android.server.display.DisplayPowerController$ScreenOnUnblocker@90e0872
02-27 19:30:17.098  2026  3475 W ContextImpl: Calling a method in the system process without a qualified user: android.app.ContextImpl.sendBroadcast:1276 com.android.server.policy.PhoneWindowManagerExtImpl$5.run:1726 java.lang.Thread.run:1564 <bottom of call stack> <bottom of call stack> 
02-27 19:30:17.100  2026  3235 D OplusGuardElfFeature: ICharger set value = 0
02-27 19:30:17.100  2026  3235 D OplusGuardElfFeature: calling class name = ThermalControlUtils
02-27 19:30:17.101  7792  8952 D OplusBatteryManager: set charge value = 0
02-27 19:30:17.108  2026  7703 D VRR [OPlusRefreshRateService]:  setFrameRateTargetControl [ 0.0 , com.android.launcher , false , com.oplus.battery ]
02-27 19:30:17.108  2026  7703 D VRR [OPlusExternalRefreshRateManager]:  [FRTC] FrameRate : 0 com.android.launcher false com.oplus.battery 0 1000
02-27 19:30:17.115  2026  2026 D OplusCustomizeAIStatistics: onReceive android.intent.action.SCREEN_OFF
02-27 19:30:17.117  2026  3564 D DisplayAdapterExt: sendDisplayDeviceEventLocked event=2,now=1199025440,timestamp=1199025440 device:[id=local:4630946896948975233,stack=-1],isFirst=true,activeMode=1,state=OFF,commitState=OFF,devInfo:null
02-27 19:30:17.117  2026  2615 D DisplayDeviceRepositoryExtImpl: onDisplayDeviceEvent event=2,now=1199025440,timestamp=1199025440 device:[id=local:4630946896948975233,stack=-1],isFirst=true,activeMode=1,state=OFF,commitState=OFF,devInfo:null
02-27 19:30:17.118  2026  2615 I DisplayDeviceRepositoryExtImpl: Display device changed committed state: "Built-in Screen", OFF
02-27 19:30:17.119  2026  2615 D LogicalDisplayMapper: Display device changed: DisplayDeviceInfo{"Built-in Screen": uniqueId="local:4630946896948975233", 1080 x 2400, modeId 1, renderFrameRate 120.00001, defaultModeId 1, userPreferredModeId -1, supportedModes [{id=1, width=1080, height=2400, fps=120.00001, vsync=120.00001, synthetic=false, alternativeRefreshRates=[30.000002, 48.000004, 50.0, 60.000004, 90.0], supportedHdrTypes=[]}, {id=2, width=1080, height=2400, fps=90.0, vsync=90.0, synthetic=false, alternativeRefreshRates=[30.000002, 48.000004, 50.0, 60.000004, 120.00001], supportedHdrTypes=[]}, {id=3, width=1080, height=2400, fps=60.000004, vsync=60.000004, synthetic=false, alternativeRefreshRates=[30.000002, 48.000004, 50.0, 90.0, 120.00001], supportedHdrTypes=[]}, {id=4, width=1080, height=2400, fps=50.0, vsync=50.0, synthetic=false, alternativeRefreshRates=[30.000002, 48.000004, 60.000004, 90.0, 120.00001], supportedHdrTypes=[]}, {id=5, width=1080, height=2400, fps=48.000004, vsync=48.000004, synthetic=false, alternativeRefreshRates=[30.000002, 50.0, 60.000004, 90.0, 120.00001], supportedHdrTypes=[]}, {id=6, width=1080, height=2400, fps=30.000002, vsync=30.000002, synthetic=false, alternativeRefreshRates=[48.000004, 50.0, 60.000004, 90.0, 120.00001], supportedHdrTypes=[]}], colorMode 0, supportedColorModes [0, 7, 9], hdrCapabilities HdrCapabilities{mSupportedHdrTypes=[], mMaxLuminance=500.0, mMaxAverageLuminance=500.0, mMinLuminance=0.0}, allmSupported false, gameContentTypeSupported false, density 480, 391.885 x 390.769 dpi, appVsyncOff 1000000, presDeadline 12666666, cutout DisplayCutout{insets=Rect(0, 107 - 0, 0) waterfall=Insets{left=0, top=0, right=0, bottom=0} boundingRect={Bounds=[Rect(0, 0 - 0, 0), Rect(502, 0 - 578, 107), Rect(0, 0 - 0, 0), Rect(0, 0 - 0, 0)]} cutoutPathParserInfo={CutoutPathParserInfo{displayWidth=1080 displayHeight=2400 physicalDisplayWidth=1080 physicalDisplayHeight=2400 density={3.0} cutoutSpec={M -38,0 L -38,107 L 38,107 L 38,0 Z} rotation={0} scale={1.0} physicalPixelDisplaySizeRatio={1.0}}} sideOverrides={}}, touch INTERNAL, rotation 0, type INTERNAL, address {port=129, model=0x40446daabe5756}, deviceProductInfo DeviceProductInfo{name=, manufacturerPnpId=QCM, productId=1, modelYear=null, manufactureDate=ManufactureDate{week=27, year=2006}, connectionToSinkType=0}, state OFF, committedState OFF, frameRateOverride , brightnessMinimum 0.0, brightnessMaximum 1.0, brightnessDefault 738.8214, hdrSdrRatio 1.0, backlightType 0, roundedCorners RoundedCorners{[RoundedCorner{position=TopLeft, radius=60, center=Point(60, 60)}, RoundedCorner{position=TopRight, radius=60, center=Point(1020, 60)}, RoundedCorner{position=BottomRight, radius=60, center=Point(1020, 2340)}, RoundedCorner{position=BottomLeft, radius=60, center=Point(60, 2340)}]}, FLAG_ALLOWED_TO_BE_DEFAULT_DISPLAY, FLAG_ROTATES_WITH_CONTENT, FLAG_SECURE, FLAG_SUPPORTS_PROTECTED_BUFFERS, FLAG_TRUSTED, installOrientation 0, displayShape DisplayShape{ spec=-1893857183 displayWidth=1080 displayHeight=2400 physicalPixelDisplaySizeRatio=1.0 rotation=0 offsetX=0 offsetY=0 scale=1.0}} diff=4
02-27 19:30:17.119  2026  2615 D LogicalDisplayExt: set displayInfo flag FLAG_ROTATES_WITH_CONTENT
02-27 19:30:17.122  2026  3564 D HidlDisplayPanelFeature: getDisplayPanelFeatureValue +++, featureID:20
02-27 19:30:17.123  2026  3564 D HidlDisplayPanelFeature: getDisplayPanelFeatureValue, ret = 0
02-27 19:30:17.123  2026  3564 I HidlDisplayPanelFeature: [0]
02-27 19:30:17.124  2026  3564 D HidlDisplayPanelFeature: getDisplayPanelFeatureValue ---, result = [0]
02-27 19:30:17.124  2026  3564 D OplusSilentRebootManager: silence flags file value is :0
02-27 19:30:17.125  2026  3564 D DisplayPowerState[0]: Updating screen state: id=0, state=ON, backlight=-1.0, sdrBacklight=-1.0
02-27 19:30:17.132  2026  2615 D DisplayManagerServiceExtImpl: scheduleTraversalLocked intraversal=false
02-27 19:30:17.132  2026  2615 I DisplayManagerServiceExtImpl: handle logical display changed logicalDisplay=id=0,stack=0,content=true,displayInfo{stack=0,type=1,id=0,uId=local:4630946896948975233,state=OFF,pkg=null}
02-27 19:30:17.133  2026  2731 D BrightnessThermalClamper: Thermal status observer already started
02-27 19:30:17.133  2026  2731 D BrightnessPowerClamper: Power throttling data is missing for configuration data.
02-27 19:30:17.136  2026  2844 D Arc[SensorDelegate]: MAIN_LIGHT registerListener success
02-27 19:30:17.136  2026  3564 D DisplayAdapterExt: sendDisplayDeviceEventLocked event=2,now=1199025459,timestamp=1199025459 device:[id=local:4630946896948975233,stack=-1],isFirst=true,activeMode=1,state=ON,commitState=OFF,devInfo:null
02-27 19:30:17.136  2026  2844 E Arc[SensorDelegate]: registerSensorEvent fail, the aux sensor is null, dual Light support:false
02-27 19:30:17.136  2026  2844 D Arc[SensorDelegate]: AUX_LIGHT registerListener fail
02-27 19:30:17.136  2026  3564 D OplusSmartBrightnessController: requestDisplayState isFirstDisplay=true state=2 globalDisplayState=0x2
02-27 19:30:17.137  2026  3564 D DisplayDeviceExt: setDisplayState([4630946896948975233,true],OFF->ON),t-Name=PhotonicModulator
02-27 19:30:17.144  2026  2844 D Arc[SensorDelegate]: PROXIMITY registerListener success
02-27 19:30:17.146  2026  2615 D DisplayManagerService: Delivering display event: displayId=0, event=CHANGED
02-27 19:30:17.152  2026  2732 D OplusAlarmAdjustment: MSG_SCREEN_OFF,  adjustInterval =300000 ms, mDefaultAlignInterval=300000 ms, mScreenOffElapsed=1199025475 ms
02-27 19:30:17.154  2026  2680 I PowerManagerService: onFlip(): Face up.
02-27 19:30:17.154  2026  2680 D PowerManagerService: onFlip: isFaceDown=false
02-27 19:30:17.157  2026  2610 D OplusVFXScreenEffectFeature: notifySFCompatWindowStateChange entered false
02-27 19:30:17.158  2026  2680 D PowerManagerService: userActivityNoUpdateLocked: groupId=0, eventTime=833483763, event=other, flags=0x0, uid=1000
02-27 19:30:17.160  2026  2610 D DisplayManagerService: performTraversalInternal pendingTraversal
02-27 19:30:17.160  2026  2610 D DisplayDevice: setLayerStackLocked id=local:4630946896948975233 token=android.os.BinderProxy@97d7128 stack=-1->0
02-27 19:30:17.160  2026  2610 I DisplayDevice: [0] Layerstack set to 0 for local:4630946896948975233
02-27 19:30:17.162  2026  2610 I WindowManager: Waiting for drawn Window{d5490e0 u0 NotificationShade}: removed=false visible=true mHasSurface=true drawState=1
02-27 19:30:17.162  2026  2610 D OplusWindowAnimationManager: Is NotificationShade draw check disabled: false, win: Window{d5490e0 u0 NotificationShade}, clientRotation: 0, isFullscreen: true, requestedWidth: 1080, requestedHeight: 2400, physicalHeight: 2400, physicalWidth: 1080
02-27 19:30:17.164  2026  2844 D Arc[OplusBrightnessPhoneStateManager]: LuxEvent{event:MAIN_LUX lux:69.0} -> LuxEvent{event:MAIN_LUX lux:69.0}
02-27 19:30:17.164  2026  2844 D Arc[OplusBrightnessSceneAdapter]: Arc scene change!!! NormalScene -> StableScene [erraticScore:-1, stableScore:5467] isLuxRefresh:true
02-27 19:30:17.167  2026  3235 D OplusDisplayManagerServiceEnhance: OplusDisplayManagerServiceEnhance setSpecBrightness gear = 0 reason = com.android.launcher@temperature@39@normal rate = -1
02-27 19:30:17.172  2026  2844 D Arc[OplusSmartBrightnessController]: brightness changed!!!finalLux:69.262505, weightLux:NaN, automaticLux:69.262505, lastFinalLux:NaN, lastAutomaticLux:NaN, deviceDirection:Stable, environmentDirection:Stable, scene:StableScene, accelerateScale:1.0, updateProcess:[InitChange], luxQueue:null, display[-1]:(61.2025, 100.07154, 544.7619)->(69.262505, 101.58687, 553.3315), drag:null
02-27 19:30:17.172  2026  2844 D Arc[OplusSmartBrightnessController]: Detailed Statistics:PhoneState{TimeEvent{event:CALENDER_TIME id:1}-19:30:00, LuxEvent{event:MAIN_LUX lux:69.0}, ProximityEvent{event:FAR id:1}, MotionEvent{event:MOTIONLESS id:0}, InOutDoorEvent{event:IN_DOOR id:0}, DarkModeEvent{event:DARK_MODE id:0}, NetworkEvent{event:WIFI id:0}}
02-27 19:30:17.172  2026  2844 I OplusSmartBrightnessController: update target brightness point to : display[-1]=(61.2025, 100.07154, 544.7619)->(69.262505, 101.58687, 553.3315)
02-27 19:30:17.172  2026  2844 I OplusSmartBrightnessController: onTargetBrightnessChange brightness change to (69.262505, 101.58687, 553.3315)
02-27 19:30:17.172  2026  2844 D Arc[OplusFeatureBrightnessBarController]: BrightnessBarController is not support.
02-27 19:30:17.172  2026  2844 I OplusSmartBrightnessController: handleMessage MSG_TEMPERATURE_LIMIT_BRIGHTNESS_CHANGED.
02-27 19:30:17.174  2026  7709 I WindowManager: Window{d5490e0 u0 NotificationShade} state from DRAW_PENDING to COMMIT_DRAW_PENDING; reason: finishDrawingLocked
02-27 19:30:17.175  2026  2615 D DisplayManagerService: MSG_REQUEST_TRAVERSAL pendingCompleted=false
02-27 19:30:17.177  3684  3684 D CastManagerService: onDisplayChanged.
02-27 19:30:17.177  2026  2615 V WindowManager: Unknown focus tokens, dropping reportFocusChanged
02-27 19:30:17.178  2026  2731 I ColorAutomaticBrightnessController: updateAutoBrightness: Auto, sendUpdate = true adjustment=6423.529297,changed:3276->553,modified:553->553->553,changed=true,cameraMode=-1,ProximityNear=false
02-27 19:30:17.178  2026  2731 D DisplayPowerController[0]: animateScreenStateChange screen on blocked blocker=com.android.server.display.DisplayPowerController$ScreenOnUnblocker@90e0872
02-27 19:30:17.178  2026  2844 D OplusFeatureTemperatureLimitBrightness: new parameter!ControlInfo:[ gear = 0 reason = com.android.launcher@temperature@39@normal brightness = 4095 package = com.android.launcher type = temperature temperature = 39 priority = normal rate = -1] HadDragPoint = false mode = 0
02-27 19:30:17.178  2026  2844 D OplusFeatureTemperatureLimitBrightness: isResetUpdate = false isNormalUpdate = false isSafetyRegulationsForceUpdate = false mLastBrightnessLimit = -1
02-27 19:30:17.179  2026  2731 D ColorAutomaticBrightnessController: MSG_UPDATE_BRIGHTNESS
02-27 19:30:17.179  2026  2731 D DisplayPowerController[0]: animateScreenStateChange screen on blocked blocker=com.android.server.display.DisplayPowerController$ScreenOnUnblocker@90e0872
02-27 19:30:17.180  2026  2615 D DisplayDeviceRepositoryExtImpl: onDisplayDeviceEvent event=2,now=1199025459,timestamp=1199025459 device:[id=local:4630946896948975233,stack=0],isFirst=true,activeMode=1,state=ON,commitState=OFF,devInfo:DisplayDeviceInfo{"Built-in Screen": uniqueId="local:4630946896948975233", 1080 x 2400, modeId 1, renderFrameRate 120.00001, defaultModeId 1, userPreferredModeId -1, supportedModes [{id=1, width=1080, height=2400, fps=120.00001, vsync=120.00001, synthetic=false, alternativeRefreshRates=[30.000002, 48.000004, 50.0, 60.000004, 90.0], supportedHdrTypes=[]}, {id=2, width=1080, height=2400, fps=90.0, vsync=90.0, synthetic=false, alternativeRefreshRates=[30.000002, 48.000004, 50.0, 60.000004, 120.00001], supportedHdrTypes=[]}, {id=3, width=1080, height=2400, fps=60.000004, vsync=60.000004, synthetic=false, alternativeRefreshRates=[30.000002, 48.000004, 50.0, 90.0, 120.00001], supportedHdrTypes=[]}, {id=4, width=1080, height=2400, fps=50.0, vsync=50.0, synthetic=false, alternativeRefreshRates=[30.000002, 48.000004, 60.000004, 90.0, 120.00001], supportedHdrTypes=[]}, {id=5, width=1080, height=2400, fps=48.000004, vsync=48.000004, synthetic=false, alternativeRefreshRates=[30.000002, 50.0, 60.000004, 90.0, 120.00001], supportedHdrTypes=[]}, {id=6, width=1080, height=2400, fps=30.000002, vsync=30.000002, synthetic=false, alternativeRefreshRates=[48.000004, 50.0, 60.000004, 90.0, 120.00001], supportedHdrTypes=[]}], colorMode 0, supportedColorModes [0, 7, 9], hdrCapabilities HdrCapabilities{mSupportedHdrTypes=[], mMaxLuminance=500.0, mMaxAverageLuminance=500.0, mMinLuminance=0.0}, allmSupported false, gameContentTypeSupported false, density 480, 391.885 x 390.769 dpi, appVsyncOff 1000000, presDeadline 12666666, cutout DisplayCutout{insets=Rect(0, 107 - 0, 0) waterfall=Insets{left=0, top=0, right=0, bottom=0} boundingRect={Bounds=[Rect(0, 0 - 0, 0), Rect(502, 0 - 578, 107), Rect(0, 0 - 0, 0), Rect(0, 0 - 0, 0)]} cutoutPathParserInfo={CutoutPathParserInfo{displayWidth=1080 displayHeight=2400 physicalDisplayWidth=1080 physicalDisplayHeight=2400 density={3.0} cutoutSpec={M -38,0 L -38,107 L 38,107 L 38,0 Z} rotation={0} scale={1.0} physicalPixelDisplaySizeRatio={1.0}}} sideOverrides={}}, touch INTERNAL, rotation 0, type INTERNAL, address {port=129, model=0x40446daabe5756}, deviceProductInfo DeviceProductInfo{name=, manufacturerPnpId=QCM, productId=1, modelYear=null, manufactureDate=ManufactureDate{week=27, year=2006}, connectionToSinkType=0}, state ON, committedState OFF, frameRateOverride , brightnessMinimum 0.0, brightnessMaximum 1.0, brightnessDefault 738.8214, hdrSdrRatio 1.0, backlightType 0, roundedCorners RoundedCorners{[RoundedCorner{position=TopLeft, radius=60, center=Point(60, 60)}, RoundedCorner{position=TopRight, radius=60, center=Point(1020, 60)}, RoundedCorner{position=BottomRight, radius=60, center=Point(1020, 2340)}, RoundedCorner{position=BottomLeft, radius=60, center=Point(60, 2340)}]}, FLAG_ALLOWED_TO_BE_DEFAULT_DISPLAY, FLAG_ROTATES_WITH_CONTENT, FLAG_SECURE, FLAG_SUPPORTS_PROTECTED_BUFFERS, FLAG_TRUSTED, installOrientation 0, displayShape DisplayShape{ spec=-1893857183 displayWidth=1080 displayHeight=2400 physicalPixelDisplaySizeRatio=1.0 rotation=0 offsetX=0 offsetY=0 scale=1.0}}
02-27 19:30:17.180  2026  2615 I DisplayDeviceRepository: Display device changed state: "Built-in Screen", ON
02-27 19:30:17.180  2026  2615 D LogicalDisplayMapper: Display device changed: DisplayDeviceInfo{"Built-in Screen": uniqueId="local:4630946896948975233", 1080 x 2400, modeId 1, renderFrameRate 120.00001, defaultModeId 1, userPreferredModeId -1, supportedModes [{id=1, width=1080, height=2400, fps=120.00001, vsync=120.00001, synthetic=false, alternativeRefreshRates=[30.000002, 48.000004, 50.0, 60.000004, 90.0], supportedHdrTypes=[]}, {id=2, width=1080, height=2400, fps=90.0, vsync=90.0, synthetic=false, alternativeRefreshRates=[30.000002, 48.000004, 50.0, 60.000004, 120.00001], supportedHdrTypes=[]}, {id=3, width=1080, height=2400, fps=60.000004, vsync=60.000004, synthetic=false, alternativeRefreshRates=[30.000002, 48.000004, 50.0, 90.0, 120.00001], supportedHdrTypes=[]}, {id=4, width=1080, height=2400, fps=50.0, vsync=50.0, synthetic=false, alternativeRefreshRates=[30.000002, 48.000004, 60.000004, 90.0, 120.00001], supportedHdrTypes=[]}, {id=5, width=1080, height=2400, fps=48.000004, vsync=48.000004, synthetic=false, alternativeRefreshRates=[30.000002, 50.0, 60.000004, 90.0, 120.00001], supportedHdrTypes=[]}, {id=6, width=1080, height=2400, fps=30.000002, vsync=30.000002, synthetic=false, alternativeRefreshRates=[48.000004, 50.0, 60.000004, 90.0, 120.00001], supportedHdrTypes=[]}], colorMode 0, supportedColorModes [0, 7, 9], hdrCapabilities HdrCapabilities{mSupportedHdrTypes=[], mMaxLuminance=500.0, mMaxAverageLuminance=500.0, mMinLuminance=0.0}, allmSupported false, gameContentTypeSupported false, density 480, 391.885 x 390.769 dpi, appVsyncOff 1000000, presDeadline 12666666, cutout DisplayCutout{insets=Rect(0, 107 - 0, 0) waterfall=Insets{left=0, top=0, right=0, bottom=0} boundingRect={Bounds=[Rect(0, 0 - 0, 0), Rect(502, 0 - 578, 107), Rect(0, 0 - 0, 0), Rect(0, 0 - 0, 0)]} cutoutPathParserInfo={CutoutPathParserInfo{displayWidth=1080 displayHeight=2400 physicalDisplayWidth=1080 physicalDisplayHeight=2400 density={3.0} cutoutSpec={M -38,0 L -38,107 L 38,107 L 38,0 Z} rotation={0} scale={1.0} physicalPixelDisplaySizeRatio={1.0}}} sideOverrides={}}, touch INTERNAL, rotation 0, type INTERNAL, address {port=129, model=0x40446daabe5756}, deviceProductInfo DeviceProductInfo{name=, manufacturerPnpId=QCM, productId=1, modelYear=null, manufactureDate=ManufactureDate{week=27, year=2006}, connectionToSinkType=0}, state ON, committedState OFF, frameRateOverride , brightnessMinimum 0.0, brightnessMaximum 1.0, brightnessDefault 738.8214, hdrSdrRatio 1.0, backlightType 0, roundedCorners RoundedCorners{[RoundedCorner{position=TopLeft, radius=60, center=Point(60, 60)}, RoundedCorner{position=TopRight, radius=60, center=Point(1020, 60)}, RoundedCorner{position=BottomRight, radius=60, center=Point(1020, 2340)}, RoundedCorner{position=BottomLeft, radius=60, center=Point(60, 2340)}]}, FLAG_ALLOWED_TO_BE_DEFAULT_DISPLAY, FLAG_ROTATES_WITH_CONTENT, FLAG_SECURE, FLAG_SUPPORTS_PROTECTED_BUFFERS, FLAG_TRUSTED, installOrientation 0, displayShape DisplayShape{ spec=-1893857183 displayWidth=1080 displayHeight=2400 physicalPixelDisplaySizeRatio=1.0 rotation=0 offsetX=0 offsetY=0 scale=1.0}} diff=2
02-27 19:30:17.180  2026  2615 D LogicalDisplayExt: set displayInfo flag FLAG_ROTATES_WITH_CONTENT
02-27 19:30:17.182  2026  2618 I WindowManager: Window{d5490e0 u0 NotificationShade} state from COMMIT_DRAW_PENDING to READY_TO_SHOW; reason: commitFinishDrawingLocked
02-27 19:30:17.182  2026  2618 I WindowManager: Window{d5490e0 u0 NotificationShade} state from READY_TO_SHOW to HAS_DRAWN; reason: performShowLocked
02-27 19:30:17.199  2026  7704 W AlarmManager: Alarms must either supply a PendingIntent or an AlarmReceiver
02-27 19:30:17.207  2026  2615 D DisplayManagerServiceExtImpl: scheduleTraversalLocked intraversal=false
02-27 19:30:17.207  2026  2615 I DisplayManagerServiceExtImpl: handle logical display changed logicalDisplay=id=0,stack=0,content=true,displayInfo{stack=0,type=1,id=0,uId=local:4630946896948975233,state=ON,pkg=null}
02-27 19:30:17.208  2026  2618 D DisplayManagerService: performTraversalInternal pendingTraversal
02-27 19:30:17.208  2026  2618 D DisplayDevice: setLayerStackLocked id=local:4630946896948975233 token=android.os.BinderProxy@97d7128 stack=0->0
02-27 19:30:17.208  2026  2618 I WindowManager: Waiting for drawn Window{d5490e0 u0 NotificationShade}: removed=false visible=true mHasSurface=true drawState=4
02-27 19:30:17.208  2026  2618 D OplusWindowAnimationManager: Is NotificationShade draw check disabled: false, win: Window{d5490e0 u0 NotificationShade}, clientRotation: 0, isFullscreen: true, requestedWidth: 1080, requestedHeight: 2400, physicalHeight: 2400, physicalWidth: 1080
02-27 19:30:17.209  2026  3502 V BiometricLogger: Acquired! Modality: 1, User: 0, IsCrypto: false, Action: 2, Client: 1, AcquiredInfo: 0, VendorCode: 0
02-27 19:30:17.209  2026  3502 V Biometrics/AcquisitionClient: Acquired: 0 0, shouldSend: true
02-27 19:30:17.209  2026  3502 D PowerManagerService: userActivityNoUpdateLocked: groupId=0, eventTime=833483819, event=touch, flags=0x0, uid=1000
02-27 19:30:17.210  2026  2731 D BrightnessThermalClamper: Thermal status observer already started
02-27 19:30:17.210  2026  2731 D BrightnessPowerClamper: Power throttling data is missing for configuration data.
02-27 19:30:17.213  2026  2610 W WindowManager: All windows drawn on display -1
02-27 19:30:17.213  2026  2610 D FSS_FoldScreenBlackCoverController: finishWindowsDrawn, displayId:-1
02-27 19:30:17.223  2026  2610 I WindowManager: Finished screen turning on...0
02-27 19:30:17.223  2026  2610 D DpcExtImpl[0]: ScreenOnUnblocker, onScreenOn
02-27 19:30:17.223  2026  2731 I DisplayPowerController[0]: Unblocked screen on after 145 ms
02-27 19:30:17.223  2026  2731 D DisplayPowerController[0]: animateScreenStateChange screen on blocked blocker=null
02-27 19:30:17.227  2026  2844 D Arc[OplusBrightnessPhoneStateManager]: LuxEvent{event:MAIN_LUX lux:69.0} -> LuxEvent{event:MAIN_LUX lux:69.0}
02-27 19:30:17.227  2026  2844 D Arc[OplusBrightnessSceneAdapter]: Arc scene change!!! StableScene -> NormalScene [erraticScore:-1, stableScore:-1] isLuxRefresh:true
02-27 19:30:17.227  2026  2844 I OplusSmartBrightnessController: onTargetBrightnessChange brightness change to (69.262505, 101.58687, 553.3315)
02-27 19:30:17.227  2026  2844 D Arc[OplusFeatureBrightnessBarController]: BrightnessBarController is not support.
02-27 19:30:17.228  2026  2731 I ColorAutomaticBrightnessController: updateAutoBrightness: Auto, sendUpdate = true adjustment=6423.529297,changed:3276->553,modified:553->553->553,changed=true,cameraMode=-1,ProximityNear=false
02-27 19:30:17.228  2026  2731 D DisplayPowerController[0]: animateScreenStateChange screen on blocked blocker=null
02-27 19:30:17.256  2026  2615 D DisplayManagerService: Delivering display event: displayId=0, event=CHANGED
02-27 19:30:17.270  2026  2610 D OplusVFXScreenEffectFeature: notifySFCompatWindowStateChange entered false
02-27 19:30:17.271  2026  2610 D FSS_FoldScreenBlackCoverController: displayChangeToOn, dc:Display{#0 state=ON size=1080x2400 ROTATION_0}
02-27 19:30:17.273  2026  2610 D DisplayManagerService: performTraversalInternal pendingTraversal
02-27 19:30:17.273  2026  2610 D DisplayDevice: setLayerStackLocked id=local:4630946896948975233 token=android.os.BinderProxy@97d7128 stack=0->0
02-27 19:30:17.286  2026  2615 D DisplayManagerService: MSG_REQUEST_TRAVERSAL pendingCompleted=false
02-27 19:30:17.290  3684  3684 D CastManagerService: onDisplayChanged.
02-27 19:30:17.292  2026  3428 D PowerManagerService: userActivityNoUpdateLocked: groupId=0, eventTime=833483901, event=touch, flags=0x0, uid=1000
02-27 19:30:17.303  2026  3502 D OplusUserManagerServiceEnhance: getMultiSystemUserId  res = -10000
02-27 19:30:17.303  2026  3502 V BiometricLogger: Authenticated! Modality: 1, User: 0, IsCrypto: false, Client: 1, RequireConfirmation: false, State: 3, Latency: -1, Lux: -1.0
02-27 19:30:17.303  2026  3502 V Biometrics/AuthenticationClient: onAuthenticated(true), ID:1408330308, Owner: com.android.systemui, isBP: false, listener: com.android.server.biometrics.sensors.ClientMonitorCallbackConverter@f171434, requireConfirmation: false, user: 0, clientMonitor: {[2062] com.android.server.biometrics.sensors.fingerprint.aidl.FingerprintAuthenticationClient, proto=3, owner=com.android.systemui, cookie=0, requestId=639, userId=0}
02-27 19:30:17.303  2026  3502 W Biometrics/AuthenticationClient: Allowing background authentication, this is allowed only for platform or test invocations
02-27 19:30:17.303  2026  3502 D BaseClientMonitor: marking operation as done: {[2062] com.android.server.biometrics.sensors.fingerprint.aidl.FingerprintAuthenticationClient, proto=3, owner=com.android.systemui, cookie=0, requestId=639, userId=0}
02-27 19:30:17.304  2026  3502 D BiometricService: resetLockout from: 0, for: 4, userId: 0
02-27 19:30:17.306  2026  2679 V ALSProbe: Enable ALS: 154378845
02-27 19:30:17.308   714 24043 I keystore2: system/security/keystore2/src/authorization.rs:114 - add_auth_token(challenge=0, userId=-1252966532485126504, authId=8443828942009541655, authType=0x2, timestamp=1199031688ms)
02-27 19:30:17.308  2026  3502 D Biometrics/AuthenticationClient: addAuthToken succeeded
02-27 19:30:17.308  2026  3502 D BiometricStateCallback: Client finished, state updated to 0, client {[2062] com.android.server.biometrics.sensors.fingerprint.aidl.FingerprintAuthenticationClient, proto=3, owner=com.android.systemui, cookie=0, requestId=639, userId=0}
02-27 19:30:17.308  2026  3502 D BiometricSchedulerOperation: [Finished / destroy]: {[2062] com.android.server.biometrics.sensors.fingerprint.aidl.FingerprintAuthenticationClient, proto=3, owner=com.android.systemui, cookie=0, requestId=639, userId=0}
02-27 19:30:17.309  2026  2610 D WindowManager: rotation(ROTATION_0) no changed  displayId = 0, lastOrientation = 5
02-27 19:30:17.310  2026  4192 D NativeFreezeManager: freezeForBioUnlockScene enter
02-27 19:30:17.313  2026  3503 D BiometricScheduler: [Added] {[2063] com.android.server.biometrics.sensors.face.aidl.FaceResetLockoutClient, proto=12, owner=android, cookie=0, requestId=-1, userId=0}, new queue size: 1, interruptable: true
02-27 19:30:17.313  2026  3503 D BiometricScheduler: [Polled] {[2063] com.android.server.biometrics.sensors.face.aidl.FaceResetLockoutClient, proto=12, owner=android, cookie=0, requestId=-1, userId=0}, State: 0
02-27 19:30:17.313  2026  3924 D ActivityTaskManager: Top Process State changed to PROCESS_STATE_TOP
02-27 19:30:17.313  2026  3503 D BiometricScheduler: [Started] {[2063] com.android.server.biometrics.sensors.face.aidl.FaceResetLockoutClient, proto=12, owner=android, cookie=0, requestId=-1, userId=0}
02-27 19:30:17.313  2026  3924 D WindowManager:  setIsSleeping from  true to false this=Display{#0 state=ON size=1080x2400 ROTATION_0}
02-27 19:30:17.314  2026  3924 I OplusAccessController: enter isIgnoreAppSwitchActivity
02-27 19:30:17.314  2026  3924 I OplusAccessController: enter isIgnoreAppSwitchActivity and intent != null
02-27 19:30:17.314  2026  3924 I OplusAccessController: enter isIgnoreAppSwitchActivity and componentName != null
02-27 19:30:17.314  2026  3924 I OplusAccessController: enter isIgnoreAppSwitchActivity and packageName&activity is not Empty
02-27 19:30:17.314  2026  3924 D RefreshRate: panelExpened,don't do app switch boost.
02-27 19:30:17.314  2026  3924 D ActivityTaskManager: setAppVisibility(Token{c61f532 ActivityRecord{381b9ce u0 com.android.launcher/.Launcher t5}}, visible=true): mNextAppTransitionRequests=[], mNextAppTransitionFlags=,mAppTransitionState=APP_STATE_IDLE visible=false mVisibleRequested=false
02-27 19:30:17.314  2026  3924 D WindowManager: NFW_setClientVisible:ActivityRecord{381b9ce u0 com.android.launcher/.Launcher t5} clientVisible:true
02-27 19:30:17.315  2026  3924 D ActivityTaskManager: setVisibility(Token{c61f532 ActivityRecord{381b9ce u0 com.android.launcher/.Launcher t5}}, visible=true) defer commitVisibility for transition collecting
02-27 19:30:17.315  2026  3924 D ActivityTaskManager: NFW_setLastResumedActivityUncheckLocked:false r:ActivityRecord{381b9ce u0 com.android.launcher/.Launcher t5} currentFocus:Window{d5490e0 u0 NotificationShade}
02-27 19:30:17.316  2026  3502 D BiometricScheduler: [Finishing] {[2062] com.android.server.biometrics.sensors.fingerprint.aidl.FingerprintAuthenticationClient, proto=3, owner=com.android.systemui, cookie=0, requestId=639, userId=0}, success: true
02-27 19:30:17.316  2026  3502 D GestureAvailabilityTracker: Notifying gesture availability, active=true
02-27 19:30:17.316  2026  3502 D BiometricScheduler: No operations, returning to idle
02-27 19:30:17.316  2026  3924 D WindowManager: rotation(ROTATION_0) no changed  displayId = 0, lastOrientation = 5
02-27 19:30:17.316  2026  4315 D OplusAppSwitchRuleInfo: generateActivityEnterInfo - launch_source_type =  , launch_source_traceid = 
02-27 19:30:17.317  2026  4315 D OplusAppSwitchRuleInfo: generateActivityEnterInfo - launch_source_type =  , launch_source_traceid = 
02-27 19:30:17.317  2026  4315 D OplusAppSwitchRuleInfo: generateActivityEnterInfo - launch_source_type =  , launch_source_traceid = 
02-27 19:30:17.318  2026  3428 E AuthSessionCoordinator: Error unable to find auth operation : authEndedFor(userId=0 ,biometricStrength=15, sensorId=0, requestId=639, wasSuccessful=true)
02-27 19:30:17.318  2026  3428 D OplusPowerManagerHelper: unblockScreenOn reason = unBlockScreenOnByAuthenticateSucess
02-27 19:30:17.318  2026  3428 E Biometrics_DEBUG: execute mBlockReasonList.clear
02-27 19:30:17.319  2026  3428 I DisplayManagerService: unblockScreenOnByBiometrics displayId = 0
02-27 19:30:17.319  2026  2844 D Arc[OplusBrightnessPhoneStateManager]: LuxEvent{event:MAIN_LUX lux:69.0} -> LuxEvent{event:MAIN_LUX lux:69.0}
02-27 19:30:17.319  2026  2731 D DisplayPowerState[0]: setColorFadeLevel: level=1.0
02-27 19:30:17.319  2026  3428 D OplusFeatureAOD: notifySfUnBlockScreenOn
02-27 19:30:17.319  2026  3924 D OplusStartingWindowManager: we don't revise window flags for system activity :ActivityRecord{381b9ce u0 com.android.launcher/.Launcher t5}
02-27 19:30:17.319  2026  3924 D ActivityTaskManager: validateStartingWindowTheme:  Pkg=com.android.launcher, Translucent=false, Floating=false, ShowWallpaper=true, Disable=false, LaunchSource=1
02-27 19:30:17.319  2026  3924 D ActivityTaskManager: addStartingWindow for ActivityRecord{381b9ce u0 com.android.launcher/.Launcher t5}, mainWin=Window{1ddf8a3 u0 com.android.launcher/com.android.launcher.Launcher}, mVisible=false, mVisibleRequested=true, drawn=false, mDestroying=false, state=RESUMED, isKeyguardLocked=false, isKeyguardGoingAway=true
02-27 19:30:17.319  2026  3924 D ActivityTaskManager: getStartingWindowType: , newTask=false, taskSwitch=true, processRunning=true, allowTaskSnapshot=true, activityCreated=true, activityAllDrawn=false, snapshot exist: false
02-27 19:30:17.319  2026  3924 D ActivityRecordExtImpl: handleStartingWindowForCompactWindow origin type:0, adjustType : 0
02-27 19:30:17.319  2026  2844 I OplusSmartBrightnessController: onTargetBrightnessChange brightness change to (69.262505, 101.58687, 553.3315)
02-27 19:30:17.319  2026  2844 D Arc[OplusFeatureBrightnessBarController]: BrightnessBarController is not support.
02-27 19:30:17.321  2026  3428 D OplusPowerManagerHelper: scheduleNotifyStopDream
02-27 19:30:17.321  2026  3924 D WindowManager: setFrameRateStart invalid typeId return!
02-27 19:30:17.321  2026  3924 D WindowManager: BarWindow--setVisible: id=2, oldState=2, state=0, mFocuseWindow= Window{d5490e0 u0 NotificationShade} call: 
02-27 19:30:17.325  3981  3981 D ActivityThread: ComponentInfo{com.android.launcher/com.android.launcher.Launcher} checkFinished=false 2
02-27 19:30:17.325  2026  2731 D OplusPowerManagerHelper: handleMessage:102
02-27 19:30:17.325  3981  3981 D ResourcesManagerExtImpl: applyConfigurationToAppResourcesLocked app.getDisplayId() return callback.displayId:0
02-27 19:30:17.325  2026  2731 D OplusPowerManagerHelper: MSG_STOP_DEAM
02-27 19:30:17.325  2026  2731 I ColorAutomaticBrightnessController: updateAutoBrightness: Auto, sendUpdate = true adjustment=6423.529297,changed:3276->553,modified:553->553->553,changed=true,cameraMode=-1,ProximityNear=false
02-27 19:30:17.336  2026  3577 V Biometrics/FingerprintProvider/FingerprintServiceProviderExtImpl: start notify Vold when fingerprint success
02-27 19:30:17.336  2026  3577 E StorageManagerService: unlockSensitiveKey fail!
02-27 19:30:17.337   690   704 I vold    : [sensitive file debug]fscrypt_export_sensitive_file_key start, user_id=0,sensitiveType=0,use_default=1
02-27 19:30:17.337   690   704 D vold    : Cannot find key for 0
02-27 19:30:17.337   690   704 I vold    : [sensitive file debug]lookup_sensitive_file_key,failed sensitiveType: 0,try to create!
02-27 19:30:17.337  2026  2026 V ALSProbe: Finishing next consumer
02-27 19:30:17.337  2026  2026 W BiometricFrameworkStatsLogger: found a negative latency : -1
