02-27 19:55:13.816 18002 18002 D nativeloader: Load libframework-connectivity-tiramisu-jni.so using APEX ns com_android_tethering for caller /apex/com.android.tethering/javalib/framework-connectivity-t.jar: ok
02-27 19:55:13.819 18002 18002 D OplusActivityThreadExtImpl: java.lang.NoSuchMethodException: dalvik.system.VMRuntime.SupressionGC [int, int]
02-27 19:55:13.819 18002 18002 W libc    : Access denied finding property "persist.vendor.sys.activitylog"
02-27 19:55:13.819 18002 18002 I OneTrace: Mark active for pid=18002? true
02-27 19:55:13.819 18002 18002 D cutils-dev: otrace_set_tracing_enabled? true tag:0
02-27 19:55:13.821 18002 18002 D cutils-dev: properties changed in otrace_seq_number_changed!
02-27 19:55:13.827  2026  7706 D ActivityTaskManagerServiceExtImpl: preBindApplication record is null
02-27 19:55:13.827  2026  7706 D RGBNormalizeServer: OplusRGBNormalize feature enabled ? false
02-27 19:55:13.827  2026  7706 D ResourcesManagerCache: For package com.lemon.lvoverseas we got cacheList [null] appInfoExt is null ? false hasFeature ? false
02-27 19:55:13.832 18002 18002 D OplusActivityManager: get AMS extension: android.os.BinderProxy@b4cb17f
02-27 19:55:13.837  2026  4494 I OplusHansManager : onUidActive(), uid=10343, pkgName=com.lemon.lvoverseas, can enter SM
02-27 19:55:13.837  2026  4494 I OplusHansManager : onUidActive() update stay time, uid=10343, pkgName=com.lemon.lvoverseas, U stay=25
02-27 19:55:13.838 18002 18013 D OplusAppHeapManager: java.lang.NoSuchMethodException: dalvik.system.VMRuntime.updateProcessValue [int, int, int]
02-27 19:55:13.838  2026  4174 I OplusHansManager : uid=10343, pkg=com.lemon.lvoverseas enter SM
02-27 19:55:13.838  2026  4174 I OplusHansManager : uid=10343, pkg=com.lemon.lvoverseas R enter(), D stay=0
02-27 19:55:13.841 18002 18002 D callGcSupression: java.lang.NullPointerException: Attempt to invoke virtual method 'java.lang.Object java.lang.reflect.Method.invoke(java.lang.Object, java.lang.Object[])' on a null object reference
02-27 19:55:13.843 18002 18002 D CompactWindowAppManager: initCompactApplicationInfo CompactMode: , NormalMode: 
02-27 19:55:13.847 18002 18002 D OplusScrollToTopManager: setIsInWhiteList false
02-27 19:55:13.848 18002 18002 D OplusViewDebugManager: OplusViewDebugManager Constructor android.view.debug.OplusViewDebugManager@9754995 [mHasViewDebugProperty true] [mHasMsgDebugProperty false] [DEBUG false] [EXTRAINFOENABLE false] [LIGHT_OS false]
02-27 19:55:13.853 18002 18002 W libc    : Access denied finding property "ro.odm.prev.product.name"
02-27 19:55:13.855 18002 18002 D ApplicationLoaders: Returning zygote-cached class loader: /system/framework/android.test.base.jar
02-27 19:55:13.858 18002 18002 D nativeloader: Configuring clns-7 for other apk /system/framework/android.test.mock.jar. target_sdk_version=35, uses_libraries=ALL, library_path=/data/app/~~vnIfcsQa41W2IkOoVy0L5A==/com.lemon.lvoverseas-4p0gZ5gqO0iuDdlPsoKgdg==/lib/arm64:/data/app/~~vnIfcsQa41W2IkOoVy0L5A==/com.lemon.lvoverseas-4p0gZ5gqO0iuDdlPsoKgdg==/base.apk!/lib/arm64-v8a:/data/app/~~vnIfcsQa41W2IkOoVy0L5A==/com.lemon.lvoverseas-4p0gZ5gqO0iuDdlPsoKgdg==/split_config.arm64_v8a.apk!/lib/arm64-v8a:/data/app/~~vnIfcsQa41W2IkOoVy0L5A==/com.lemon.lvoverseas-4p0gZ5gqO0iuDdlPsoKgdg==/split_config.en.apk!/lib/arm64-v8a:/data/app/~~vnIfcsQa41W2IkOoVy0L5A==/com.lemon.lvoverseas-4p0gZ5gqO0iuDdlPsoKgdg==/split_config.xxhdpi.apk!/lib/arm64-v8a, permitted_path=/data:/mnt/expand:/data/user/0/com.lemon.lvoverseas
02-27 19:55:13.858 18002 18002 D nativeloader: Extending system_exposed_libraries: libbinauralrenderer_wrapper.qti.so:libhoaeffects.qti.so:libSloganJni.oplus.so:libsuperNight.oplus.so:libAPSClient-cmd-jni-extension.oplus.so:libsatellite_audio_jni.oplus.so:libortc_so.oplus.so:libsoundtouch.oplus.so:libsoundtouch_jni.oplus.so:libOplusStringJNI-extension.oplus.so:libapssuspend-jni.oplus.so:libupdateprof.qti.so:libthermalclient.qti.so:libqape.qti.so:libqesdk_ndk_platform.qti.so:liblistenjni.qti.so
02-27 19:55:13.860 18002 18002 D ApplicationLoaders: Returning zygote-cached class loader: /system/framework/org.apache.http.legacy.jar
02-27 19:55:13.860 18002 18002 D ApplicationLoaders: Returning zygote-cached class loader: /system_ext/framework/androidx.window.extensions.jar
02-27 19:55:13.860 18002 18002 D ApplicationLoaders: Returning zygote-cached class loader: /system_ext/framework/androidx.window.sidecar.jar
02-27 19:55:13.860 18002 18002 D ApplicationLoaders: Returning zygote-cached class loader: /system/framework/android.test.base.jar
02-27 19:55:13.862 18002 18002 D nativeloader: Configuring clns-8 for other apk /system/framework/android.test.runner.jar. target_sdk_version=35, uses_libraries=ALL, library_path=/data/app/~~vnIfcsQa41W2IkOoVy0L5A==/com.lemon.lvoverseas-4p0gZ5gqO0iuDdlPsoKgdg==/lib/arm64:/data/app/~~vnIfcsQa41W2IkOoVy0L5A==/com.lemon.lvoverseas-4p0gZ5gqO0iuDdlPsoKgdg==/base.apk!/lib/arm64-v8a:/data/app/~~vnIfcsQa41W2IkOoVy0L5A==/com.lemon.lvoverseas-4p0gZ5gqO0iuDdlPsoKgdg==/split_config.arm64_v8a.apk!/lib/arm64-v8a:/data/app/~~vnIfcsQa41W2IkOoVy0L5A==/com.lemon.lvoverseas-4p0gZ5gqO0iuDdlPsoKgdg==/split_config.en.apk!/lib/arm64-v8a:/data/app/~~vnIfcsQa41W2IkOoVy0L5A==/com.lemon.lvoverseas-4p0gZ5gqO0iuDdlPsoKgdg==/split_config.xxhdpi.apk!/lib/arm64-v8a, permitted_path=/data:/mnt/expand:/data/user/0/com.lemon.lvoverseas
02-27 19:55:13.862 18002 18002 D nativeloader: Extending system_exposed_libraries: libbinauralrenderer_wrapper.qti.so:libhoaeffects.qti.so:libSloganJni.oplus.so:libsuperNight.oplus.so:libAPSClient-cmd-jni-extension.oplus.so:libsatellite_audio_jni.oplus.so:libortc_so.oplus.so:libsoundtouch.oplus.so:libsoundtouch_jni.oplus.so:libOplusStringJNI-extension.oplus.so:libapssuspend-jni.oplus.so:libupdateprof.qti.so:libthermalclient.qti.so:libqape.qti.so:libqesdk_ndk_platform.qti.so:liblistenjni.qti.so
02-27 19:55:13.864  9934 18623 I OplusFeedbackInfo: 0xb4000078a2baaa00 c2.qti.vp9.decoder codec[0xb400007ab3678000] 720x1280 inputFps=0 outputFps=0 renderFps=0, discardFps=0
02-27 19:55:13.901 18002 18002 W emon.lvoverseas: Failed to find entry 'classes.dex': Entry not found
02-27 19:55:13.902 18002 18002 W emon.lvoverseas: Failed to find entry 'classes.dex': Entry not found
02-27 19:55:13.903 18002 18002 W emon.lvoverseas: Failed to find entry 'classes.dex': Entry not found
02-27 19:55:13.903 18002 18002 D nativeloader: Configuring clns-9 for other apk /data/app/~~vnIfcsQa41W2IkOoVy0L5A==/com.lemon.lvoverseas-4p0gZ5gqO0iuDdlPsoKgdg==/base.apk:/data/app/~~vnIfcsQa41W2IkOoVy0L5A==/com.lemon.lvoverseas-4p0gZ5gqO0iuDdlPsoKgdg==/split_config.arm64_v8a.apk:/data/app/~~vnIfcsQa41W2IkOoVy0L5A==/com.lemon.lvoverseas-4p0gZ5gqO0iuDdlPsoKgdg==/split_config.en.apk:/data/app/~~vnIfcsQa41W2IkOoVy0L5A==/com.lemon.lvoverseas-4p0gZ5gqO0iuDdlPsoKgdg==/split_config.xxhdpi.apk. target_sdk_version=35, uses_libraries=libOpenCL.so:libcdsprpc.so:libadsprpc.so, library_path=/data/app/~~vnIfcsQa41W2IkOoVy0L5A==/com.lemon.lvoverseas-4p0gZ5gqO0iuDdlPsoKgdg==/lib/arm64:/data/app/~~vnIfcsQa41W2IkOoVy0L5A==/com.lemon.lvoverseas-4p0gZ5gqO0iuDdlPsoKgdg==/base.apk!/lib/arm64-v8a:/data/app/~~vnIfcsQa41W2IkOoVy0L5A==/com.lemon.lvoverseas-4p0gZ5gqO0iuDdlPsoKgdg==/split_config.arm64_v8a.apk!/lib/arm64-v8a:/data/app/~~vnIfcsQa41W2IkOoVy0L5A==/com.lemon.lvoverseas-4p0gZ5gqO0iuDdlPsoKgdg==/split_config.en.apk!/lib/arm64-v8a:/data/app/~~vnIfcsQa41W2IkOoVy0L5A==/com.
02-27 19:55:13.904 18002 18002 D CompatChangeReporter: Compat change id reported: 202956589; UID 10343; state: ENABLED
02-27 19:55:13.904  2026  3795 I Osense-PsiDetector: 1891,257,2515,7679,68,436,208,1224,1893,766,797,0,8,7380
02-27 19:55:13.905 14128 14497 I metis_v2_OsenseCallBack: memLevel: 2 [Metis|com.oplus.metis|1.4.54-aa2067f]
02-27 19:55:13.913 18002 18002 V GraphicsEnvironment: Currently set values for:
02-27 19:55:13.913 18002 18002 V GraphicsEnvironment:   angle_gl_driver_selection_pkgs=[]
02-27 19:55:13.913 18002 18002 V GraphicsEnvironment:   angle_gl_driver_selection_values=[]
02-27 19:55:13.913 18002 18002 V GraphicsEnvironment: Global.Settings values are invalid: number of packages: 0, number of values: 0
02-27 19:55:13.913 18002 18002 V GraphicsEnvironment: Neither updatable production driver nor prerelease driver is supported.
02-27 19:55:13.914 18002 18002 D ResourcesManagerExtImpl: applyConfigurationToAppResourcesLocked app.getDisplayId() return callback.displayId:-1
02-27 19:55:13.917 18002 18002 D nativeloader: Load /data/app/~~vnIfcsQa41W2IkOoVy0L5A==/com.lemon.lvoverseas-4p0gZ5gqO0iuDdlPsoKgdg==/lib/arm64/libflipped.so using class loader ns clns-9 (caller=/data/app/~~vnIfcsQa41W2IkOoVy0L5A==/com.lemon.lvoverseas-4p0gZ5gqO0iuDdlPsoKgdg==/base.apk!classes9.dex): ok
02-27 19:55:13.917 18002 18002 E flipped : init succeeded.
02-27 19:55:13.918 18002 18016 E flipped : Attach current thread 0
02-27 19:55:13.919 18002 18016 E flipped : Detach current thread 0
02-27 19:55:13.921 18002 18017 E flipped : Attach current thread 0
02-27 19:55:13.921 18002 18017 E flipped : Detach current thread 0
02-27 19:55:13.923 18002 18002 E FlippedV2Impl: V2 invokeHiddenApiRestrictions success.
02-27 19:55:13.949 18002 18020 D nativeloader: Load /data/app/~~vnIfcsQa41W2IkOoVy0L5A==/com.lemon.lvoverseas-4p0gZ5gqO0iuDdlPsoKgdg==/lib/arm64/libkeva.so using class loader ns clns-9 (caller=/data/app/~~vnIfcsQa41W2IkOoVy0L5A==/com.lemon.lvoverseas-4p0gZ5gqO0iuDdlPsoKgdg==/base.apk!classes9.dex): ok
02-27 19:55:13.951 18002 18020 I KEVA.NATIVE: alog init successed
02-27 19:55:13.951 18002 18021 I oplus.android.OplusFrameworkFactoryImpl: Unknow feature:IOplusTextViewRTLUtilForUG
02-27 19:55:13.952 18002 18020 I KEVA.NATIVE: byte array do not exist
02-27 19:55:13.959 18002 18021 D nativeloader: Load liboplushwui_jni.so using system ns (caller=/system/framework/oplus-framework.jar): ok
02-27 19:55:13.977 18002 18020 W System.err: java.lang.NullPointerException: Parameter specified as non-null is null: method com.vega.kv.keva.KevaSpAopHook.getSharedPreferences, parameter 
02-27 19:55:13.978 18002 18020 W System.err: 	at com.vega.kv.keva.KevaSpAopHook.getSharedPreferences(Unknown Source:50855938)
02-27 19:55:13.978 18002 18044 D nativeloader: Load /data/app/~~vnIfcsQa41W2IkOoVy0L5A==/com.lemon.lvoverseas-4p0gZ5gqO0iuDdlPsoKgdg==/lib/arm64/libnpth.so using class loader ns clns-9 (caller=/data/app/~~vnIfcsQa41W2IkOoVy0L5A==/com.lemon.lvoverseas-4p0gZ5gqO0iuDdlPsoKgdg==/base.apk!classes9.dex): ok
02-27 19:55:13.978 18002 18020 W System.err: 	at com.bytedance.ttnet.config.ImageStrategyController.INVOKEVIRTUAL_com_bytedance_ttnet_config_ImageStrategyController_com_vega_launcher_lancet_SharedPreferencesLancet_getSharedPreferences(Unknown Source:50593851)
02-27 19:55:13.978 18002 18020 W System.err: 	at com.bytedance.ttnet.config.ImageStrategyController.getSP(Unknown Source:196617)
02-27 19:55:13.978 18002 18020 W System.err: 	at com.bytedance.ttnet.config.ImageStrategyController.initConfig(Unknown Source:262144)
02-27 19:55:13.978 18002 18020 W System.err: 	at com.bytedance.ttnet.config.ImageStrategyController.<init>(Unknown Source:16908299)
02-27 19:55:13.978 18002 18020 W System.err: 	at com.bytedance.ttnet.config.ImageStrategyController.Init(Unknown Source:16973837)
02-27 19:55:13.978 18002 18020 W System.err: 	at X.1IQ.run(Unknown Source:262182)
02-27 19:55:13.978 18002 18020 W System.err: 	at java.util.concurrent.Executors$RunnableAdapter.call(Executors.java:520)
02-27 19:55:13.978 18002 18020 W System.err: 	at java.util.concurrent.FutureTask.run(FutureTask.java:317)
02-27 19:55:13.978 18002 18020 W System.err: 	at java.util.concurrent.ThreadPoolExecutor.runWorker(ThreadPoolExecutor.java:1154)
02-27 19:55:13.978 18002 18020 W System.err: 	at java.util.concurrent.ThreadPoolExecutor$Worker.run(ThreadPoolExecutor.java:652)
02-27 19:55:13.978 18002 18020 W System.err: 	at java.lang.Thread.run(Thread.java:1564)
02-27 19:55:13.987 18002 18021 D CompatChangeReporter: Compat change id reported: 279646685; UID 10343; state: ENABLED
02-27 19:55:13.987 18002 18050 D nativeloader: Load /data/app/~~vnIfcsQa41W2IkOoVy0L5A==/com.lemon.lvoverseas-4p0gZ5gqO0iuDdlPsoKgdg==/lib/arm64/libluster.so using class loader ns clns-9 (caller=/data/app/~~vnIfcsQa41W2IkOoVy0L5A==/com.lemon.lvoverseas-4p0gZ5gqO0iuDdlPsoKgdg==/base.apk): ok
02-27 19:55:13.987 18002 18021 D ScrollOptimizationHelper: can't find the config file for optimizaiton
02-27 19:55:13.987 18002 18021 D ScrollOptimizationHelper: will not debug for debug is false
02-27 19:55:13.987 18002 18021 I oplus.android.OplusFrameworkFactoryImpl: get feature:IOplusDynamicVsyncFeature
02-27 19:55:13.988 18002 18021 I oplus.android.OplusFrameworkFactoryImpl: get feature:IOplusDynamicVsyncFeature
02-27 19:55:13.988 18002 18021 I oplus.android.OplusFrameworkFactoryImpl: get feature:IOplusDynamicVsyncFeature
02-27 19:55:13.988 18002 18021 I oplus.android.OplusFrameworkFactoryImpl: get feature:IOplusDynamicVsyncFeature
02-27 19:55:13.988 18002 18021 I oplus.android.OplusFrameworkFactoryImpl: get feature:IOplusDynamicVsyncFeature
02-27 19:55:13.988 18002 18021 I oplus.android.OplusFrameworkFactoryImpl: get feature:IOplusDynamicVsyncFeature
02-27 19:55:13.993 18002 18021 E OplusCustomizeRestrictionManager: sInstance is null, start a new sInstance
02-27 19:55:13.996 18002 18044 D nativeloader: Load /data/app/~~vnIfcsQa41W2IkOoVy0L5A==/com.lemon.lvoverseas-4p0gZ5gqO0iuDdlPsoKgdg==/lib/arm64/libmetasec_ov.so using class loader ns clns-9 (caller=/data/app/~~vnIfcsQa41W2IkOoVy0L5A==/com.lemon.lvoverseas-4p0gZ5gqO0iuDdlPsoKgdg==/base.apk!classes9.dex): ok
02-27 19:55:13.996 18002 18021 D CompatChangeReporter: Compat change id reported: 63938206; UID 10343; state: ENABLED
02-27 19:55:14.000 18002 18063 E flipped : Attach current thread 0
02-27 19:55:14.000 18002 18063 E flipped : Detach current thread 0
02-27 19:55:14.000 18002 18069 E flipped : Attach current thread 0
02-27 19:55:14.001 18002 18069 E flipped : Detach current thread 0
02-27 19:55:14.001 18002 18002 E FlippedV2Impl: V2 invokeHiddenApiRestrictions success.
02-27 19:55:14.004   646   646 E lowmemorykiller: device memory 483140 free 64820 file 400472
02-27 19:55:14.005 18002 18044 W System.err: java.lang.NoClassDefFoundError: Failed resolution of: Lcom/bytedance/xtrace/XTrace;
02-27 19:55:14.005 18002 18044 W System.err: 	at ms.bd.o.c5.a(Unknown Source:47)
02-27 19:55:14.005 18002 18044 W System.err: 	at ms.bd.o.k.a(Native Method)
02-27 19:55:14.005 18002 18044 W System.err: 	at ms.bd.o.h2.b(Unknown Source:34079445)
02-27 19:55:14.005 18002 18044 W System.err: 	at ms.bd.o.h2.c(Unknown Source:34013216)
02-27 19:55:14.005 18002 18044 W System.err: 	at com.bytedance.mobsec.metasec.ov.MSManagerUtils.init(Unknown Source:7)
02-27 19:55:14.005 18002 18044 W System.err: 	at com.vega.launcher.sec.SecModuleInit.b(Unknown Source:33947771)
02-27 19:55:14.005 18002 18044 W System.err: 	at com.vega.core.ModuleInit.a(Unknown Source:33751058)
02-27 19:55:14.005 18002 18044 W System.err: 	at com.vega.launcher.start.schedule.tasks.SecModuleInitTask.run(Unknown Source:196627)
02-27 19:55:14.005 18002 18044 W System.err: 	at com.bytedance.lego.init.InitTaskDispatcher.c(Unknown Source:17236030)
02-27 19:55:14.005 18002 18044 W System.err: 	at com.bytedance.lego.init.InitTaskDispatcher$run$runnable$1.run(Unknown Source:131079)
02-27 19:55:14.005 18002 18044 W System.err: 	at java.util.concurrent.ThreadPoolExecutor.runWorker(ThreadPoolExecutor.java:1154)
02-27 19:55:14.005 18002 18044 W System.err: 	at java.util.concurrent.ThreadPoolExecutor$Worker.run(ThreadPoolExecutor.java:652)
02-27 19:55:14.005 18002 18044 W System.err: 	at java.lang.Thread.run(Thread.java:1564)
02-27 19:55:14.005 18002 18044 W System.err: 	at com.bytedance.lego.init.LaunchBoostExecutor$executorFactory$1$newThread$thread$1.run(Unknown Source:65540)
02-27 19:55:14.005 18002 18044 W System.err: Caused by: java.lang.ClassNotFoundException: com.bytedance.xtrace.XTrace
02-27 19:55:14.005 18002 18044 W System.err: 	... 14 more
02-27 19:55:14.011 18002 18050 D nativeloader: Load /data/app/~~vnIfcsQa41W2IkOoVy0L5A==/com.lemon.lvoverseas-4p0gZ5gqO0iuDdlPsoKgdg==/lib/arm64/libsscronet.so using class loader ns clns-9 (caller=/data/app/~~vnIfcsQa41W2IkOoVy0L5A==/com.lemon.lvoverseas-4p0gZ5gqO0iuDdlPsoKgdg==/base.apk!classes9.dex): ok
02-27 19:55:14.014 18002 18028 I art_sym : Init libart.so handle: 0x7b7ce75500
02-27 19:55:14.016 18002 18028 D nativeloader: Load /data/app/~~vnIfcsQa41W2IkOoVy0L5A==/com.lemon.lvoverseas-4p0gZ5gqO0iuDdlPsoKgdg==/lib/arm64/libjato.so using class loader ns clns-9 (caller=/data/app/~~vnIfcsQa41W2IkOoVy0L5A==/com.lemon.lvoverseas-4p0gZ5gqO0iuDdlPsoKgdg==/base.apk!classes9.dex): ok
02-27 19:55:14.016 18002 18028 E jato    : page size: 4096
02-27 19:55:14.017 18002 18044 D nativeloader: Load /data/app/~~vnIfcsQa41W2IkOoVy0L5A==/com.lemon.lvoverseas-4p0gZ5gqO0iuDdlPsoKgdg==/lib/arm64/libsysoptimizer.so using class loader ns clns-9 (caller=/data/app/~~vnIfcsQa41W2IkOoVy0L5A==/com.lemon.lvoverseas-4p0gZ5gqO0iuDdlPsoKgdg==/base.apk!classes9.dex): ok
02-27 19:55:14.021 18002 18028 E shadowhook_tag: shadowhook version 2.0.1-rc.9: shadowhook init(default_mode: SHARED, debuggable: false), return: 0, real-init: yes
02-27 19:55:14.021 18002 18044 D nativeloader: Load /data/app/~~vnIfcsQa41W2IkOoVy0L5A==/com.lemon.lvoverseas-4p0gZ5gqO0iuDdlPsoKgdg==/lib/arm64/libalog.so using class loader ns clns-9 (caller=/data/app/~~vnIfcsQa41W2IkOoVy0L5A==/com.lemon.lvoverseas-4p0gZ5gqO0iuDdlPsoKgdg==/base.apk!classes9.dex): ok
02-27 19:55:14.022 18002 18044 D nativeloader: Load /data/app/~~vnIfcsQa41W2IkOoVy0L5A==/com.lemon.lvoverseas-4p0gZ5gqO0iuDdlPsoKgdg==/lib/arm64/libgodzilla-sysopt.so using class loader ns clns-9 (caller=/data/app/~~vnIfcsQa41W2IkOoVy0L5A==/com.lemon.lvoverseas-4p0gZ5gqO0iuDdlPsoKgdg==/base.apk!classes9.dex): ok
02-27 19:55:14.028  2026  3215 W BroadcastQueue: Ignoring finishReceiverLocked; no active broadcast for BroadcastProcessQueue{1697adf 18002:com.lemon.lvoverseas/u0a343}
02-27 19:55:14.029  2026  3215 W BroadcastQueue: Ignoring finishReceiverLocked; no active broadcast for BroadcastProcessQueue{1697adf 18002:com.lemon.lvoverseas/u0a343}
02-27 19:55:14.040 18002 18056 E ActivityThread: Failed to find provider info for com.lemon.faceuassist.provider
02-27 19:55:14.041  1574  5534 D GpuServiceExtImpl: getRUSWhiteList  size 0
02-27 19:55:14.042 18002 18050 I HWUI    : SupportApps size 0
02-27 19:55:14.050 18002 18025 D nativeloader: Load /data/app/~~vnIfcsQa41W2IkOoVy0L5A==/com.lemon.lvoverseas-4p0gZ5gqO0iuDdlPsoKgdg==/lib/arm64/libCepEngine.so using class loader ns clns-9 (caller=/data/app/~~vnIfcsQa41W2IkOoVy0L5A==/com.lemon.lvoverseas-4p0gZ5gqO0iuDdlPsoKgdg==/base.apk!classes9.dex): ok
02-27 19:55:14.050 18002 18116 I PROFILER: thread_loop enter
02-27 19:55:14.051  2026  4013 D CompatChangeReporter: Compat change id reported: 297989574; UID 10343; state: ENABLED
02-27 19:55:14.054 18002 18028 E gcblocker: task ptr not found 0x0 0x7b91d51e44 0x0 0x7b91d51cb0 0x0 0x7b91e479cc.
02-27 19:55:14.056 18002 18002 E QueryFilterEngine: Local common params config is invalid: {}
02-27 19:55:14.057 18002 18025 D nativeloader: Load /data/app/~~vnIfcsQa41W2IkOoVy0L5A==/com.lemon.lvoverseas-4p0gZ5gqO0iuDdlPsoKgdg==/lib/arm64/libTTMachineCore.so using class loader ns clns-9 (caller=/data/app/~~vnIfcsQa41W2IkOoVy0L5A==/com.lemon.lvoverseas-4p0gZ5gqO0iuDdlPsoKgdg==/base.apk!classes9.dex): ok
02-27 19:55:14.059 18002 18114 I NPTH    : npth_anr_monitor_loop enter!
02-27 19:55:14.059 18002 18054 I art_sym : Init libart.so handle: 0x7aeda90b00
02-27 19:55:14.059 18002 18054 D art_sym : get art runtime by instance
02-27 19:55:14.059 18002 18054 I art_sym : RELEASE_HANDLE libart.so handle: 0x7aeda90b00
02-27 19:55:14.060 18002 18114 I NPTH    : npth_anr_monitor_loop reporter = 0x6aa7d760
02-27 19:55:14.060 18002 18047 D nativeloader: Load /data/app/~~vnIfcsQa41W2IkOoVy0L5A==/com.lemon.lvoverseas-4p0gZ5gqO0iuDdlPsoKgdg==/lib/arm64/libshadowhook.so using class loader ns clns-9 (caller=/data/app/~~vnIfcsQa41W2IkOoVy0L5A==/com.lemon.lvoverseas-4p0gZ5gqO0iuDdlPsoKgdg==/base.apk!classes9.dex): ok
02-27 19:55:14.060 18002 18047 E shadowhook_tag: shadowhook version 2.0.1-rc.9: shadowhook init(default_mode: SHARED, debuggable: false), return: 0, real-init: no
02-27 19:55:14.060 18002 18047 D nativeloader: Load /data/app/~~vnIfcsQa41W2IkOoVy0L5A==/com.lemon.lvoverseas-4p0gZ5gqO0iuDdlPsoKgdg==/lib/arm64/libbytehook.so using class loader ns clns-9 (caller=/data/app/~~vnIfcsQa41W2IkOoVy0L5A==/com.lemon.lvoverseas-4p0gZ5gqO0iuDdlPsoKgdg==/base.apk!classes9.dex): ok
02-27 19:55:14.061 18002 18047 E bytehook_tag: bytehook version 1.1.2-alpha.0: bytehook init(mode: AUTOMATIC, debuggable: false), return: 0, real-init: yes
02-27 19:55:14.065 18002 18124 W System.err: java.lang.UnsupportedOperationException: CronetEngine has not been initialized.
02-27 19:55:14.065 18002 18124 W System.err: 	at org.chromium.CronetClient.setAlogFuncAddr(Unknown Source:16973840)
02-27 19:55:14.065 18002 18124 W System.err: 	at com.bytedance.frameworks.baselib.network.http.cronet.impl.SsCronetHttpClient.setAlogFuncAddr(Unknown Source:16908293)
02-27 19:55:14.065 18002 18124 W System.err: 	at com.bytedance.ttnet.TTALog.lambda$ensureALogInitialized$0(Unknown Source:17039384)
02-27 19:55:14.065 18002 18124 W System.err: 	at X.3JJ.onNativeFuncReady(Unknown Source:16777216)
02-27 19:55:14.065 18002 18124 W System.err: 	at com.ss.android.agilelogger.ALog$4.run(Unknown Source:262188)
02-27 19:55:14.065 18002 18124 W System.err: 	at java.lang.Thread.run(Thread.java:1564)
02-27 19:55:14.065 18002 18124 W System.err: 	at com.bytedance.bpea.transmit.delegate.BPEAThread.run(Unknown Source:196617)
02-27 19:55:14.066 18002 18023 D nativeloader: Load /data/app/~~vnIfcsQa41W2IkOoVy0L5A==/com.lemon.lvoverseas-4p0gZ5gqO0iuDdlPsoKgdg==/lib/arm64/libgodzilla-touphic.so using class loader ns clns-9 (caller=/data/app/~~vnIfcsQa41W2IkOoVy0L5A==/com.lemon.lvoverseas-4p0gZ5gqO0iuDdlPsoKgdg==/base.apk!classes9.dex): ok
02-27 19:55:14.069 18002 18115 D OplusGraphicsEvent: OplusGraphicsEventListener create now!
02-27 19:55:14.071 18002 18120 E ActivityThread: Failed to find provider info for com.facebook.katana.provider.PlatformProvider
02-27 19:55:14.071 18002 18127 I stune   : init succeed:ffffecfc
02-27 19:55:14.075 18002 18127 I AdrenoGLES-0: QUALCOMM build                   : 923a446bf8, I23d7d7df15
02-27 19:55:14.075 18002 18127 I AdrenoGLES-0: Build Date                       : 09/05/24
02-27 19:55:14.075 18002 18127 I AdrenoGLES-0: OpenGL ES Shader Compiler Version: EV031.35.01.12
02-27 19:55:14.075 18002 18127 I AdrenoGLES-0: Local Branch                     : 
02-27 19:55:14.075 18002 18127 I AdrenoGLES-0: Remote Branch                    : refs/tags/AU_LINUX_ANDROID_LA.UM.9.14.11.00.00.571.148
02-27 19:55:14.075 18002 18127 I AdrenoGLES-0: Remote Branch                    : NONE
02-27 19:55:14.075 18002 18127 I AdrenoGLES-0: Reconstruct Branch               : NOTHING
02-27 19:55:14.075 18002 18127 I AdrenoGLES-0: Build Config                     : S P 10.0.7 AArch64
02-27 19:55:14.075 18002 18127 I AdrenoGLES-0: Driver Path                      : /vendor/lib64/egl/libGLESv2_adreno.so
02-27 19:55:14.078 18002 18115 D OplusGraphicsEvent: addEventListener success!
02-27 19:55:14.078 18002 18115 D ExtensionsLoader: createInstance(64bit) : createExtendedFactory
02-27 19:55:14.078 18002 18054 W art_sym : GetClassLinkerIndex by intern_table, intern_table_index: 78
02-27 19:55:14.078 18002 18054 W art_sym : art runtime: 0xb400007b98210c00, class_linker index: 150, java_vm_ext index: 158
02-27 19:55:14.078 18002 18054 E art_sym : art ThreadListInstance index: 146
02-27 19:55:14.078 18002 18054 E offset_utils: cannot found heap address.
02-27 19:55:14.078 18002 18054 I jato    : large object threshold address: 0x0, 1
02-27 19:55:14.079 18002 18050 W System.err: java.lang.ClassNotFoundException: com.bytedance.bdturing.verify.IdentityService
02-27 19:55:14.080 18002 18050 W System.err: 	at java.lang.Class.classForName(Native Method)
02-27 19:55:14.080 18002 18050 W System.err: 	at java.lang.Class.forName(Class.java:591)
02-27 19:55:14.080 18002 18050 W System.err: 	at java.lang.Class.forName(Class.java:496)
02-27 19:55:14.080 18002 18050 W System.err: 	at com.bytedance.bdturing.BdTuring.initService(Unknown Source:262164)
02-27 19:55:14.080 18002 18050 W System.err: 	at com.bytedance.bdturing.BdTuring.init(Unknown Source:17104931)
02-27 19:55:14.080 18002 18050 W System.err: 	at com.lemon.account.BdTuringServiceImp.init(Unknown Source:17170614)
02-27 19:55:14.080 18002 18050 W System.err: 	at com.vega.launcher.init.InitManager.d(Unknown Source:524309)
02-27 19:55:14.080 18002 18050 W System.err: 	at com.vega.launcher.start.schedule.tasks.InitAccountTask.run(Unknown Source:262174)
02-27 19:55:14.080 18002 18050 W System.err: 	at com.bytedance.lego.init.InitTaskDispatcher.c(Unknown Source:17236030)
02-27 19:55:14.080 18002 18050 W System.err: 	at com.bytedance.lego.init.InitTaskDispatcher$run$runnable$1.run(Unknown Source:131079)
02-27 19:55:14.080 18002 18050 W System.err: 	at java.util.concurrent.ThreadPoolExecutor.runWorker(ThreadPoolExecutor.java:1154)
02-27 19:55:14.080 18002 18050 W System.err: 	at java.util.concurrent.ThreadPoolExecutor$Worker.run(ThreadPoolExecutor.java:652)
02-27 19:55:14.080 18002 18050 W System.err: 	at java.lang.Thread.run(Thread.java:1564)
02-27 19:55:14.080 18002 18050 W System.err: 	at com.bytedance.lego.init.LaunchBoostExecutor$executorFactory$1$newThread$thread$1.run(Unknown Source:65540)
02-27 19:55:14.080 18002 18050 W System.err: Caused by: java.lang.ClassNotFoundException: com.bytedance.bdturing.verify.IdentityService
02-27 19:55:14.080 18002 18050 W System.err: 	... 14 more
02-27 19:55:14.080 18002 18115 D ExtensionsLoader: Opened libSchedAssistExtImpl.so
02-27 19:55:14.080 18002 18115 E SchedAssist: ofbOpen failed with error=No such file or directory
02-27 19:55:14.080 18002 18115 E SchedAssist: sysOpen failed with error=No such file or directory
02-27 19:55:14.080 18002 18115 E SchedAssist: open sharedFd failed with error=Permission denied
02-27 19:55:14.081 18002 18115 E SchedAssist: open sharedFd failed with error=Permission denied
02-27 19:55:14.081 18002 18115 E SchedAssist: open sharedFd failed with error=Permission denied
02-27 19:55:14.081 18002 18115 E SchedAssist: open sharedFd failed with error=No such file or directory
02-27 19:55:14.084 18002 18050 I KEVA.NATIVE: byte array do not exist
02-27 19:55:14.085 18002 18050 I KEVA.NATIVE: byte array do not exist
02-27 19:55:14.087 18002 18127 I AdrenoGLES-0: PFP: 0x016ee201, ME: 0x00000000
02-27 19:55:14.091  2026  3215 W PackageManager: package com.lemon.lvoverseas uid 10343 pid 18002 call SetEnabledSetting(com.lemon.lvoverseas component = com.ss.android.deviceregister.AActivity, 2, 0)
02-27 19:55:14.094 18002 18054 D nativeloader: Load /data/app/~~vnIfcsQa41W2IkOoVy0L5A==/com.lemon.lvoverseas-4p0gZ5gqO0iuDdlPsoKgdg==/lib/arm64/libosfix.so using class loader ns clns-9 (caller=/data/app/~~vnIfcsQa41W2IkOoVy0L5A==/com.lemon.lvoverseas-4p0gZ5gqO0iuDdlPsoKgdg==/base.apk!classes9.dex): ok
02-27 19:55:14.095 18002 18002 D nativeloader: Load libSchedAssistJni.so using system ns (caller=/system/framework/oplus-framework.jar): ok
02-27 19:55:14.103 18002 18126 I WebViewFactory: Loading com.google.android.webview version 145.0.7632.79 (code 763207903)
02-27 19:55:14.104 18002 18025 D TTM/TTM_CORE: TTMCore_init commonConfig: 115, multiInstConfig: 7700,ttmHostStaticCache:4294967295
02-27 19:55:14.104 18002 18025 D TTM/TTM_CORE: TTM init core_state:0,--- general_state:0,  ---open_jni:1, --monitor_exception:0  -- core_report_enable:1, -- is_local_test:0
02-27 19:55:14.104   646   646 E lowmemorykiller: device memory 472984 free 54602 file 400534
02-27 19:55:14.105 18002 18115 D HWUI    : failed overriding property  to 
02-27 19:55:14.109 18002 18126 D ApplicationLoaders: Returning zygote-cached class loader: /system/framework/android.test.base.jar
02-27 19:55:14.110 18002 18126 D ApplicationLoaders: Returning zygote-cached class loader: /system_ext/framework/androidx.window.extensions.jar
02-27 19:55:14.114 18002 18126 D nativeloader: Configuring clns-10 for other apk /data/app/~~lNNKxFB3Fvnm2c5MjQG91g==/com.google.android.webview-WU0FvPI27V71XHc-mVu1nQ==/base.apk. target_sdk_version=36, uses_libraries=, library_path=/data/app/~~lNNKxFB3Fvnm2c5MjQG91g==/com.google.android.webview-WU0FvPI27V71XHc-mVu1nQ==/lib/arm64:/data/app/~~lNNKxFB3Fvnm2c5MjQG91g==/com.google.android.webview-WU0FvPI27V71XHc-mVu1nQ==/base.apk!/lib/arm64-v8a, permitted_path=/data:/mnt/expand
02-27 19:55:14.117 18002 18002 D ExtensionsLoader: createInstance(64bit) : createExtendedFactory
02-27 19:55:14.122 18002 18122 I oplus.android.OplusFrameworkFactoryImpl: get feature:IOplusDynamicVsyncFeature
02-27 19:55:14.122 18002 18122 I oplus.android.OplusFrameworkFactoryImpl: get feature:IOplusDynamicVsyncFeature
02-27 19:55:14.122 18002 18122 I oplus.android.OplusFrameworkFactoryImpl: get feature:IOplusDynamicVsyncFeature
02-27 19:55:14.125  2026  4013 D ConnectivityService: requestNetwork for uid/pid:10343/18002 activeRequest: null callbackRequest: 105852 [NetworkRequest [ REQUEST id=105853, [ Capabilities: INTERNET&NOT_RESTRICTED&TRUSTED&NOT_VCN_MANAGED&NOT_BANDWIDTH_CONSTRAINED Uid: 10343 RequestorUid: 10343 RequestorPkg: com.lemon.lvoverseas UnderlyingNetworks: Null] ]] callback flags: 0 order: 2147483647 isUidTracked: false declaredMethods: AVAIL|LOST|NC|LP
02-27 19:55:14.129  2026  4107 D CompatChangeReporter: Compat change id reported: 319212206; UID 10343; state: ENABLED
02-27 19:55:14.133 18002 18114 I NPTH    : npth_anr_monitor_loop s_sig_catcher_tid = 18003
02-27 19:55:14.133  2026  3448 D OemPaidWifiNetworkFactory: got request NetworkRequest [ REQUEST id=105853, [ Capabilities: INTERNET&NOT_RESTRICTED&TRUSTED&NOT_VCN_MANAGED&NOT_BANDWIDTH_CONSTRAINED Uid: 10343 RequestorUid: 10343 RequestorPkg: com.lemon.lvoverseas UnderlyingNetworks: Null] ]
02-27 19:55:14.135  1535  4282 E PerformanceService: storage_feature: open /sys/devices/platform/soc/112b0000.ufshci//virtualtlcbuff fail
02-27 19:55:14.140 18002 18044 D AppLovinSdk: [AppLovinSdkInitializationConfiguration] Initializing with key: hvpk3fAA6i7Zqp-bBM9Wbms87Gh8tX1qqUfhJKGoH3L-BSebwfkDONdLsoeayTZZrJrV1D3k2Ju8OtDaVSDq6k
02-27 19:55:14.140 18002 18044 D AppLovinSdk: [AppLovinSdkInitializationConfiguration] setMediationProvider(mediationProvider=max)
02-27 19:55:14.141 18002 18122 I oplus.android.OplusFrameworkFactoryImpl: get feature:IOplusDynamicVsyncFeature
02-27 19:55:14.141 18002 18122 I oplus.android.OplusFrameworkFactoryImpl: get feature:IOplusDynamicVsyncFeature
02-27 19:55:14.141 18002 18122 I oplus.android.OplusFrameworkFactoryImpl: get feature:IOplusDynamicVsyncFeature
02-27 19:55:14.144  2026  7706 D ConnectivityService: requestNetwork for uid/pid:10343/18002 activeRequest: null callbackRequest: 105856 [NetworkRequest [ REQUEST id=105857, [ Capabilities: INTERNET&NOT_RESTRICTED&TRUSTED&NOT_VCN_MANAGED&NOT_BANDWIDTH_CONSTRAINED Uid: 10343 RequestorUid: 10343 RequestorPkg: com.lemon.lvoverseas UnderlyingNetworks: Null] ]] callback flags: 0 order: 2147483647 isUidTracked: false declaredMethods: AVAIL|LOST
02-27 19:55:14.145 18002 18044 D AppLovinSdk: [AppLovinSdkInitializationConfiguration] setAdUnitIds(adUnitIds=[3f4c65acf94c61a0])
02-27 19:55:14.146  2026  3448 D MultiInternetWifiNetworkFactory: got request NetworkRequest [ REQUEST id=105853, [ Capabilities: INTERNET&NOT_RESTRICTED&TRUSTED&NOT_VCN_MANAGED&NOT_BANDWIDTH_CONSTRAINED Uid: 10343 RequestorUid: 10343 RequestorPkg: com.lemon.lvoverseas UnderlyingNetworks: Null] ]
02-27 19:55:14.146  2026  3448 D WifiNetworkFactory: got request NetworkRequest [ REQUEST id=105853, [ Capabilities: INTERNET&NOT_RESTRICTED&TRUSTED&NOT_VCN_MANAGED&NOT_BANDWIDTH_CONSTRAINED Uid: 10343 RequestorUid: 10343 RequestorPkg: com.lemon.lvoverseas UnderlyingNetworks: Null] ]
02-27 19:55:14.147  2026  3448 D UntrustedWifiNetworkFactory: got request NetworkRequest [ REQUEST id=105853, [ Capabilities: INTERNET&NOT_RESTRICTED&TRUSTED&NOT_VCN_MANAGED&NOT_BANDWIDTH_CONSTRAINED Uid: 10343 RequestorUid: 10343 RequestorPkg: com.lemon.lvoverseas UnderlyingNetworks: Null] ]
02-27 19:55:14.148  2026  3455 D ConnectivityService: NetReassign [105853 : null → 271] [c 1] [a 1] [i 20]
02-27 19:55:14.151 18002 18044 D AppLovinSdk: [AppLovinSdkInitializationConfiguration] setSegmentCollection(segmentCollection=MaxSegmentColletionImpl{segments=[]})
02-27 19:55:14.161 18002 18044 D AppLovinSdk: [AppLovinSdk] 
02-27 19:55:14.161 18002 18044 D AppLovinSdk: ========================================
02-27 19:55:14.161 18002 18044 D AppLovinSdk: SDK Session Begin
02-27 19:55:14.161 18002 18044 D AppLovinSdk: ========================================
02-27 19:55:14.162  2026  3455 D ConnectivityService: NetReassign [no changes] [c 0] [a 7] [i 6]
02-27 19:55:14.169 18002 18044 D AppLovinSdk: [AppLovinSdkSettings] setUserIdentifier(userIdentifier=7584466625866532353)
02-27 19:55:14.169 18002 18044 D AppLovinSdk: [AppLovinPrivacySettings] setHasUserConsent()
02-27 19:55:14.170  2026  3455 D ConnectivityService: NetReassign [no changes] [c 0] [a 2] [i 4]
02-27 19:55:14.174  2026  3448 D OemPaidWifiNetworkFactory: got request NetworkRequest [ REQUEST id=105857, [ Capabilities: INTERNET&NOT_RESTRICTED&TRUSTED&NOT_VCN_MANAGED&NOT_BANDWIDTH_CONSTRAINED Uid: 10343 RequestorUid: 10343 RequestorPkg: com.lemon.lvoverseas UnderlyingNetworks: Null] ]
02-27 19:55:14.175 18002 18002 D ExtensionsLoader: Opened libSchedAssistExtImpl.so
02-27 19:55:14.178  2026  3448 D MultiInternetWifiNetworkFactory: got request NetworkRequest [ REQUEST id=105857, [ Capabilities: INTERNET&NOT_RESTRICTED&TRUSTED&NOT_VCN_MANAGED&NOT_BANDWIDTH_CONSTRAINED Uid: 10343 RequestorUid: 10343 RequestorPkg: com.lemon.lvoverseas UnderlyingNetworks: Null] ]
02-27 19:55:14.178  2026  3448 D WifiNetworkFactory: got request NetworkRequest [ REQUEST id=105857, [ Capabilities: INTERNET&NOT_RESTRICTED&TRUSTED&NOT_VCN_MANAGED&NOT_BANDWIDTH_CONSTRAINED Uid: 10343 RequestorUid: 10343 RequestorPkg: com.lemon.lvoverseas UnderlyingNetworks: Null] ]
02-27 19:55:14.178  2026  3448 D UntrustedWifiNetworkFactory: got request NetworkRequest [ REQUEST id=105857, [ Capabilities: INTERNET&NOT_RESTRICTED&TRUSTED&NOT_VCN_MANAGED&NOT_BANDWIDTH_CONSTRAINED Uid: 10343 RequestorUid: 10343 RequestorPkg: com.lemon.lvoverseas UnderlyingNetworks: Null] ]
02-27 19:55:14.178  2026  3455 D ConnectivityService: NetReassign [105857 : null → 271] [c 0] [a 2] [i 6]
02-27 19:55:14.180  2026  4107 E ScrollOptim [OplusPerfService]: isScrollOptimEnable: mSoptBean = ScrollOptimBean, mOptEnable=true, mCommonOnly=false, mPreAnimStrategy=1, mPreAnimBlacklist=[com.shopify.arrive, com.max.xiaoheihe, com.heytap.themestore, com.quark.browser, org.telegram.messenger, org.telegram.messenger.web, com.kyk.world, uz.unnarsx.cherrygram, com.android.launcher], mPreAnimWhitelist=[], mInsertNum=1, mFrameInsertList={com.shopify.arrive={}, com.sankuai.meituan={com.sankuai.waimai.business.page.kingkong.KingKongActivity=0, com.sankuai.waimai.business.page.homepage.TakeoutActivity=3}, com.xueqiu.android={com.xueqiu.android.common.imagebrowse.inner.ui.ImageBrowseActivity=0}, com.max.xiaoheihe={com.max.xiaoheihe.module.bbs.post.ui.activitys.WebNewsPostPageActivity=0}, com.heytap.themestore={}, com.sina.weibo={com.sina.weibo.VisitorMainTabActivity=3}, com.tencent.mm={com.tencent.mm.ui.AlbumUI=3, com.tencent.mm.plugin.sns.ui.SnsTimeLineUI=3, com.tencent.mm.plugin.sns.ui.improve.ImproveSnsTimelineUI=3}, com.netease.newsreader.activity={com.netease.newsreader.article.framework.view.NewsPageActivity=0}, com.taobao.idlefish={}, uz.unnarsx.cherrygram={uz.unnarsx.cherrygram.CG_Icon_Cherry=0}, com.kyk.world={}, com.android.launcher={}}, mSCEnableList={com.ss.android.ugc.aweme=[com.ss.android.ugc.aweme.splash.SplashActivity], com.sankuai.meituan=[com.meituan.android.pt.homepage.activity.MainActivity, com.sankuai.waimai.business.restaurant.poicontainer.WMRestaurantActivity, com.sankuai.waimai.business.page.homepage.TakeoutActivity], com.dragon.read=[com.dragon.read.pages.main.MainFragmentActivity], com.sina.weibo=[com.sina.weibo.VisitorMainTabActivity], com.xunmeng.pinduoduo=[com.xunmeng.pinduoduo.activity.NewPageActivity], com.tencent.qqmusic=[com.tencent.qqmusic.activity.AppStarterActivity], com.tencent.mobileqq=[com.qzone.feed.ui.activity.QZoneFriendFeedActivity], com.tencent.qqlive=[com.tencent.qqlive.ona.activity.SplashHomeActivity], com.ct.client=[com.ct.client.activity.MainActivity]}
02-27 19:55:14.180  2026  4107 E ScrollOptim [OplusPerfService]: isScrollOptimEnable: pkgName = com.lemon.lvoverseas, output = Bundle[{pre_anim_enable=true, frame_insert_list=null, frame_insert_default_num=1, scroll_changed_enable_list=null}]
02-27 19:55:14.180 18002 18002 D ScrollOptim [ConfigManager]: initOptConfig: pkg= com.lemon.lvoverseas, mOptEnable= true, mAnimAheadEnable= true, mInsertDefaultNum= 1, mFrameInsertEnableList= {}, mSCEnableList= []
02-27 19:55:14.181  2026  3215 I ActivityManager: Flag disabled. Ignoring finishAttachApplication from uid: 10343. pid: 18002
02-27 19:55:14.183 18002 18002 D Carrier_Cache_Entry: receive broadcast >> android.intent.action.SIM_STATE_CHANGED  isInitialStickyBroadcast:true
02-27 19:55:14.185 18002 18002 D Carrier_Cache_Entry: receive broadcast >> android.net.conn.CONNECTIVITY_CHANGE  isInitialStickyBroadcast:true
02-27 19:55:14.192 18002 18126 I cr_WVCFactoryProvider: version=145.0.7632.79 (763207903) minSdkVersion=29 multiprocess=true packageId=2 splits=config.arm64_v8a,config.en,config.xxhdpi
02-27 19:55:14.196 18002 18148 D nativeloader: Load /data/app/~~vnIfcsQa41W2IkOoVy0L5A==/com.lemon.lvoverseas-4p0gZ5gqO0iuDdlPsoKgdg==/lib/arm64/libmonitorcollector-lib.so using class loader ns clns-9 (caller=/data/app/~~vnIfcsQa41W2IkOoVy0L5A==/com.lemon.lvoverseas-4p0gZ5gqO0iuDdlPsoKgdg==/base.apk!classes9.dex): ok
02-27 19:55:14.204   646   646 E lowmemorykiller: device memory 465047 free 46331 file 400869
02-27 19:55:14.205 18002 18130 E ActivityThread: Failed to find provider info for com.facebook.katana.provider.AttributionIdProvider
02-27 19:55:14.218 18002 18130 D CompatChangeReporter: Compat change id reported: 312399441; UID 10343; state: ENABLED
02-27 19:55:14.223 13218 13218 D BoundBrokerSvc: onRebind: Intent { act=com.google.android.gms.appset.service.START dat=chimera-action:/... cmp=com.google.android.gms/.chimera.GmsApiService mCallingUid=10343 }
02-27 19:55:14.224 18002 18025 D nativeloader: Load /data/app/~~vnIfcsQa41W2IkOoVy0L5A==/com.lemon.lvoverseas-4p0gZ5gqO0iuDdlPsoKgdg==/lib/arm64/libpns_ttmachine_adapter.so using class loader ns clns-9 (caller=/data/app/~~vnIfcsQa41W2IkOoVy0L5A==/com.lemon.lvoverseas-4p0gZ5gqO0iuDdlPsoKgdg==/base.apk!classes9.dex): ok
02-27 19:55:14.227 18002 18197 E InputAnrOpt: new InputChannel15
02-27 19:55:14.227 18002 18197 D InputAnrOpt: SOCKET0:237  SOCKET1:238, outServerChannel addr:0x7b6cc7a280, apiLevel111:35
02-27 19:55:14.227 18002 18197 E InputAnrOpt: getSocketFd start
02-27 19:55:14.229 18002 18140 D nativeloader: Load /data/app/~~vnIfcsQa41W2IkOoVy0L5A==/com.lemon.lvoverseas-4p0gZ5gqO0iuDdlPsoKgdg==/lib/arm64/libvcbasekit.so using class loader ns clns-9 (caller=/data/app/~~vnIfcsQa41W2IkOoVy0L5A==/com.lemon.lvoverseas-4p0gZ5gqO0iuDdlPsoKgdg==/base.apk!classes9.dex): ok
02-27 19:55:14.231  2026  4107 W PackageManager: package com.lemon.lvoverseas uid 10343 pid 18002 call SetEnabledSetting(com.lemon.lvoverseas component = androidx.work.impl.background.systemjob.SystemJobService, 1, 0)
02-27 19:55:14.234 18002 18126 D nativeloader: Load /data/app/~~lNNKxFB3Fvnm2c5MjQG91g==/com.google.android.webview-WU0FvPI27V71XHc-mVu1nQ==/base.apk!/lib/arm64-v8a/libwebviewchromium.so using class loader ns clns-10 (caller=/data/app/~~lNNKxFB3Fvnm2c5MjQG91g==/com.google.android.webview-WU0FvPI27V71XHc-mVu1nQ==/base.apk): ok
02-27 19:55:14.235 18002 18197 E InputAnrOpt: startopt step1: hook sendMessage sucess
02-27 19:55:14.246 18002 18209 D nativeloader: Load /data/app/~~vnIfcsQa41W2IkOoVy0L5A==/com.lemon.lvoverseas-4p0gZ5gqO0iuDdlPsoKgdg==/lib/arm64/liblynx_markdown.so using class loader ns clns-9 (caller=/data/app/~~vnIfcsQa41W2IkOoVy0L5A==/com.lemon.lvoverseas-4p0gZ5gqO0iuDdlPsoKgdg==/base.apk!classes9.dex): ok
02-27 19:55:14.247 18002 18140 D nativeloader: Load /data/app/~~vnIfcsQa41W2IkOoVy0L5A==/com.lemon.lvoverseas-4p0gZ5gqO0iuDdlPsoKgdg==/lib/arm64/libttcrypto.so using class loader ns clns-9 (caller=/data/app/~~vnIfcsQa41W2IkOoVy0L5A==/com.lemon.lvoverseas-4p0gZ5gqO0iuDdlPsoKgdg==/base.apk!classes9.dex): ok
02-27 19:55:14.251 18002 18047 D nativeloader: Load /data/app/~~vnIfcsQa41W2IkOoVy0L5A==/com.lemon.lvoverseas-4p0gZ5gqO0iuDdlPsoKgdg==/lib/arm64/libquick.so using class loader ns clns-9 (caller=/data/app/~~vnIfcsQa41W2IkOoVy0L5A==/com.lemon.lvoverseas-4p0gZ5gqO0iuDdlPsoKgdg==/base.apk!classes9.dex): ok
02-27 19:55:14.255 18002 18047 D nativeloader: Load /data/app/~~vnIfcsQa41W2IkOoVy0L5A==/com.lemon.lvoverseas-4p0gZ5gqO0iuDdlPsoKgdg==/lib/arm64/liblynx.so using class loader ns clns-9 (caller=/data/app/~~vnIfcsQa41W2IkOoVy0L5A==/com.lemon.lvoverseas-4p0gZ5gqO0iuDdlPsoKgdg==/base.apk!classes9.dex): ok
02-27 19:55:14.256 18002 18047 D nativeloader: Load /data/app/~~vnIfcsQa41W2IkOoVy0L5A==/com.lemon.lvoverseas-4p0gZ5gqO0iuDdlPsoKgdg==/lib/arm64/liblynxtrace.so using class loader ns clns-9 (caller=/data/app/~~vnIfcsQa41W2IkOoVy0L5A==/com.lemon.lvoverseas-4p0gZ5gqO0iuDdlPsoKgdg==/base.apk!classes9.dex): ok
02-27 19:55:14.257 18002 18140 D nativeloader: Load /data/app/~~vnIfcsQa41W2IkOoVy0L5A==/com.lemon.lvoverseas-4p0gZ5gqO0iuDdlPsoKgdg==/lib/arm64/libttboringssl.so using class loader ns clns-9 (caller=/data/app/~~vnIfcsQa41W2IkOoVy0L5A==/com.lemon.lvoverseas-4p0gZ5gqO0iuDdlPsoKgdg==/base.apk!classes9.dex): ok
02-27 19:55:14.261 18002 18118 W System.err: java.lang.NullPointerException: Parameter specified as non-null is null: method com.vega.kv.keva.KevaSpAopHook.getSharedPreferences, parameter 
02-27 19:55:14.261 18002 18118 W System.err: 	at com.vega.kv.keva.KevaSpAopHook.getSharedPreferences(Unknown Source:50855938)
02-27 19:55:14.261 18002 18118 W System.err: 	at com.bytedance.ttnet.config.ImageStrategyController.INVOKEVIRTUAL_com_bytedance_ttnet_config_ImageStrategyController_com_vega_launcher_lancet_SharedPreferencesLancet_getSharedPreferences(Unknown Source:50593851)
02-27 19:55:14.261 18002 18118 W System.err: 	at com.bytedance.ttnet.config.ImageStrategyController.getSP(Unknown Source:196617)
02-27 19:55:14.261 18002 18118 W System.err: 	at com.bytedance.ttnet.config.ImageStrategyController.updateConfig(Unknown Source:17104932)
02-27 19:55:14.261 18002 18118 W System.err: 	at com.bytedance.ttnet.config.AppConfig.handleResponse(Unknown Source:67699950)
02-27 19:55:14.261 18002 18118 W System.err: 	at com.bytedance.ttnet.config.AppConfig.handleConfigUpdate(Unknown Source:33882128)
02-27 19:55:14.261 18002 18118 W System.err: 	at com.bytedance.ttnet.cronet.AbsCronetDependAdapter$3.run(Unknown Source:327748)
02-27 19:55:14.261 18002 18118 W System.err: 	at java.util.concurrent.Executors$RunnableAdapter.call(Executors.java:520)
02-27 19:55:14.261 18002 18118 W System.err: 	at java.util.concurrent.FutureTask.run(FutureTask.java:317)
02-27 19:55:14.261 18002 18118 W System.err: 	at java.util.concurrent.ThreadPoolExecutor.runWorker(ThreadPoolExecutor.java:1154)
02-27 19:55:14.261 18002 18118 W System.err: 	at java.util.concurrent.ThreadPoolExecutor$Worker.run(ThreadPoolExecutor.java:652)
02-27 19:55:14.261 18002 18118 W System.err: 	at java.lang.Thread.run(Thread.java:1564)
02-27 19:55:14.261 18002 18118 W System.err: 	at com.bytedance.bpea.transmit.delegate.BPEAThread.run(Unknown Source:196617)
02-27 19:55:14.261 18002 18118 W System.err: 	at com.ss.android.ugc.bytex.pthread.base.convergence.hook.ThreadProxy$start$1.invoke(Unknown Source:23)
02-27 19:55:14.261 18002 18118 W System.err: 	at com.ss.android.ugc.bytex.pthread.base.convergence.hook.ThreadProxy$start$1.invoke(Unknown Source:2)
02-27 19:55:14.261 18002 18118 W System.err: 	at com.ss.android.ugc.bytex.pthread.base.convergence.helper.ThreadWorker.run(Unknown Source:98)
02-27 19:55:14.261 18002 18118 W System.err: 	at java.util.concurrent.ThreadPoolExecutor.runWorker(ThreadPoolExecutor.java:1154)
02-27 19:55:14.261 18002 18118 W System.err: 	at java.util.concurrent.ThreadPoolExecutor$Worker.run(ThreadPoolExecutor.java:652)
02-27 19:55:14.261 18002 18118 W System.err: 	at java.lang.Thread.run(Thread.java:1564)
02-27 19:55:14.284 18002 18140 D nativeloader: Load /data/app/~~vnIfcsQa41W2IkOoVy0L5A==/com.lemon.lvoverseas-4p0gZ5gqO0iuDdlPsoKgdg==/lib/arm64/libvcn.so using class loader ns clns-9 (caller=/data/app/~~vnIfcsQa41W2IkOoVy0L5A==/com.lemon.lvoverseas-4p0gZ5gqO0iuDdlPsoKgdg==/base.apk!classes9.dex): ok
02-27 19:55:14.285 18002 18140 D nativeloader: Load /data/app/~~vnIfcsQa41W2IkOoVy0L5A==/com.lemon.lvoverseas-4p0gZ5gqO0iuDdlPsoKgdg==/lib/arm64/libvcnverify.so using class loader ns clns-9 (caller=/data/app/~~vnIfcsQa41W2IkOoVy0L5A==/com.lemon.lvoverseas-4p0gZ5gqO0iuDdlPsoKgdg==/base.apk!classes9.dex): ok
02-27 19:55:14.285 18002 18140 D vcnnetwork: <0x0,custom_verify.c,JNI_OnLoad,55>-----compiled native library  Dec 20 2024 04:51:21-----
02-27 19:55:14.285 18002 18140 D vcnnetwork: <0x0,custom_verify.c,JNI_OnLoad,63>register verify call start
02-27 19:55:14.285 18002 18140 D vcnnetwork: <0x0,custom_verify.c,JNI_OnLoad,67>register verify call end
02-27 19:55:14.285 18002 18140 D vcnnetwork: <0x0,custom_verify.c,JNI_OnLoad,70><JNI_OnLoad,70> JNI_OnLoad (result=65540)
02-27 19:55:14.287 18002 18140 D nativeloader: Load /data/app/~~vnIfcsQa41W2IkOoVy0L5A==/com.lemon.lvoverseas-4p0gZ5gqO0iuDdlPsoKgdg==/lib/arm64/libavmdlbase.so using class loader ns clns-9 (caller=/data/app/~~vnIfcsQa41W2IkOoVy0L5A==/com.lemon.lvoverseas-4p0gZ5gqO0iuDdlPsoKgdg==/base.apk!classes9.dex): ok
02-27 19:55:14.294 18002 18047 D nativeloader: Load /data/app/~~vnIfcsQa41W2IkOoVy0L5A==/com.lemon.lvoverseas-4p0gZ5gqO0iuDdlPsoKgdg==/lib/arm64/libanimax.so using class loader ns clns-9 (caller=/data/app/~~vnIfcsQa41W2IkOoVy0L5A==/com.lemon.lvoverseas-4p0gZ5gqO0iuDdlPsoKgdg==/base.apk!classes9.dex): ok
02-27 19:55:14.295 18002 18219 I primjs  : RC: HEAP_TAG_OUTER: 0x0, HEAP_TAG_INNER: 0x0
02-27 19:55:14.296 18002 18126 D nativeloader: Load /system/lib64/libwebviewchromium_plat_support.so using class loader ns clns-10 (caller=/data/app/~~lNNKxFB3Fvnm2c5MjQG91g==/com.google.android.webview-WU0FvPI27V71XHc-mVu1nQ==/base.apk): ok
02-27 19:55:14.297 18002 18219 I primjs  : RC: HEAP_TAG_OUTER: 0x0, HEAP_TAG_INNER: 0x0
02-27 19:55:14.298 18002 18219 I primjs  : RC: HEAP_TAG_OUTER: 0x0, HEAP_TAG_INNER: 0x0
02-27 19:55:14.299 18002 18219 I primjs  : RC: HEAP_TAG_OUTER: 0x0, HEAP_TAG_INNER: 0x0
02-27 19:55:14.301 18002 18219 I primjs  : RC: HEAP_TAG_OUTER: 0x0, HEAP_TAG_INNER: 0x0
02-27 19:55:14.301 18002 18140 D nativeloader: Load /data/app/~~vnIfcsQa41W2IkOoVy0L5A==/com.lemon.lvoverseas-4p0gZ5gqO0iuDdlPsoKgdg==/lib/arm64/libavmdlv2.so using class loader ns clns-9 (caller=/data/app/~~vnIfcsQa41W2IkOoVy0L5A==/com.lemon.lvoverseas-4p0gZ5gqO0iuDdlPsoKgdg==/base.apk!classes9.dex): ok
02-27 19:55:14.302 18002 18140 E ttmio   : <0x0,JNI_OnLoad,MDLJniBase.cpp:64>-----compiled native library  Apr 10 2025 05:13:11 (2.1.227.25)-----
02-27 19:55:14.302 18002 18140 E ttmio   : <0x0,JNI_OnLoad,MDLJniBase.cpp:74><JNI_OnLoad,74> JNI_OnLoad (result=65540)
02-27 19:55:14.304   646   646 E lowmemorykiller: device memory 413216 free 36503 file 400775
02-27 19:55:14.305 18002 18140 D nativeloader: Load /data/app/~~vnIfcsQa41W2IkOoVy0L5A==/com.lemon.lvoverseas-4p0gZ5gqO0iuDdlPsoKgdg==/lib/arm64/libmdlttkmedianetloader.so using class loader ns clns-9 (caller=/data/app/~~vnIfcsQa41W2IkOoVy0L5A==/com.lemon.lvoverseas-4p0gZ5gqO0iuDdlPsoKgdg==/base.apk!classes9.dex): ok
02-27 19:55:14.305 18002 18140 E ttmio   : <0x0,JNI_OnLoad,MDLTTKMediaNetJniBase.cpp:55>-----compiled native library  Apr 10 2025 05:13:12 (2.1.227.25)-----
02-27 19:55:14.305 18002 18140 E ttmio   : <0x0,JNI_OnLoad,MDLTTKMediaNetJniBase.cpp:70><JNI_OnLoad,70> JNI_OnLoad (result=65540)
02-27 19:55:14.309 18002 18232 E chromium: [0227/195514.309563:ERROR:android_webview/browser/variations/variations_seed_loader.cc:39] Seed missing signature.
02-27 19:55:14.310 18002 18140 D nativeloader: Load /data/app/~~vnIfcsQa41W2IkOoVy0L5A==/com.lemon.lvoverseas-4p0gZ5gqO0iuDdlPsoKgdg==/lib/arm64/libc++_shared.so using class loader ns clns-9 (caller=/data/app/~~vnIfcsQa41W2IkOoVy0L5A==/com.lemon.lvoverseas-4p0gZ5gqO0iuDdlPsoKgdg==/base.apk!classes9.dex): ok
02-27 19:55:14.311 18002 18140 D nativeloader: Load /data/app/~~vnIfcsQa41W2IkOoVy0L5A==/com.lemon.lvoverseas-4p0gZ5gqO0iuDdlPsoKgdg==/lib/arm64/libnpth_dl.so using class loader ns clns-9 (caller=/data/app/~~vnIfcsQa41W2IkOoVy0L5A==/com.lemon.lvoverseas-4p0gZ5gqO0iuDdlPsoKgdg==/base.apk!classes9.dex): ok
02-27 19:55:14.314 18002 18140 D nativeloader: Load /data/app/~~vnIfcsQa41W2IkOoVy0L5A==/com.lemon.lvoverseas-4p0gZ5gqO0iuDdlPsoKgdg==/lib/arm64/libcybertron_base.so using class loader ns clns-9 (caller=/data/app/~~vnIfcsQa41W2IkOoVy0L5A==/com.lemon.lvoverseas-4p0gZ5gqO0iuDdlPsoKgdg==/base.apk!classes9.dex): ok
02-27 19:55:14.315 14128 14497 I metis_v2_OsenseCallBack: memLevel: 1 [Metis|com.oplus.metis|1.4.54-aa2067f]
02-27 19:55:14.336 18002 18140 D bytenn-cpu: V   bytenn espresso version: 3.11.60
02-27 19:55:14.337 18002 18140 D nativeloader: Load /data/app/~~vnIfcsQa41W2IkOoVy0L5A==/com.lemon.lvoverseas-4p0gZ5gqO0iuDdlPsoKgdg==/lib/arm64/libpreload.so using class loader ns clns-9 (caller=/data/app/~~vnIfcsQa41W2IkOoVy0L5A==/com.lemon.lvoverseas-4p0gZ5gqO0iuDdlPsoKgdg==/base.apk!classes9.dex): ok
