02-27 19:54:58.916 20407 20407 D BoundBrokerSvc: onUnbind: Intent { act=com.google.android.gms.common.telemetry.service.START dat=chimera-action:/... cmp=com.google.android.gms/.chimera.PersistentApiService mCallingUid=10116 }
02-27 19:54:59.071  1318 24659 E TetherController: property_get sys.radio.data.modem_share_flag return 0, 1!
02-27 19:54:59.125  1535  4281 E PerformanceService: storage_feature: open /sys/devices/platform/soc/112b0000.ufshci//virtualtlcbuff fail
02-27 19:54:59.229   646   646 E lowmemorykiller: device memory 488339 free 75249 file 398373
02-27 19:54:59.311  2026  4174 I OplusHansManager : uid=10310, pkg=com.google.android.apps.chromecast.app M enter(), R stay=6
02-27 19:54:59.343  4130  4583 D CommonApp-271-10497: transport layer data is invalid
02-27 19:54:59.377  2026  3795 I Osense-PsiDetector: 1907,293,2533,7679,68,436,220,1206,1885,762,793,0,8,7328
02-27 19:54:59.378 14128 17206 I metis_v2_OsenseCallBack: memLevel: 2 [Metis|com.oplus.metis|1.4.54-aa2067f]
02-27 19:54:59.405  2026  3448 D WifiStaIfaceHidlImpl: getCachedScanData is not implemented by HIDL
02-27 19:54:59.421  4248  4248 D VendorWifiService: onEvent event:9,action:1
02-27 19:54:59.428  2026  3554 D OplusWifiPower_TriggerCenter: mComponentCallback: wifistat
02-27 19:54:59.463 26780 23512 D CustomLogManagerService: WorkHandler msg.what :5
02-27 19:54:59.463 26780 23512 D CustomLogManagerService: user experience toggle off
02-27 19:54:59.498  1540  1753 D BatteryChargeControl: bcc get no support from charging protocol
02-27 19:54:59.584  7957 30927 I PTC.DISC.AndroidMultiLanServer: Watcher sysNif=[wlan0], userNif=[wlan0 state=(LISTEN JOIN(05A86A|11648)), ], clientNif=[wlan0 state=(LISTEN), ], tcpServer state=LISTEN, ipv4=**68.1.3
02-27 19:54:59.707   714 17764 I keystore2: system/security/keystore2/watchdog/src/lib.rs:319 - Watchdog thread idle -> terminating. Have a great day.
02-27 19:54:59.793 14128 17206 I metis_v2_OsenseCallBack: memLevel: 1 [Metis|com.oplus.metis|1.4.54-aa2067f]
02-27 19:54:59.819  1510  8349 I QC2Comp : [vp9D_3966] Stats: Pending(3) i/p-done(0) Works: Q: 26/Done 25|Work-Rate: Q(0.0/s Avg=0.0/s) Done(0.000/s Avg=0.001/s)| Stream: 30.30fps 174.6Kbps
02-27 19:54:59.819  1510  8349 I QC2Comp : Mem-usage:  [In-1D - 5 bufs 14.941 MB] [1D-0 - 15 bufs 0.234 MB] [2D-3823 - 23 bufs 17.250 MB]
02-27 19:54:59.819  1510  8349 I QC2Comp : Total Mem-usage: 32.426 MB
02-27 19:55:00.002  2026  3361 V AlarmManager: sending alarm Alarm{8e43835 type 3 origWhen 1200508323 whenElapsed 1200508323 android} uid 1000 whenElapsed 1200508323 windowLength 0 maxWhenElapsed 1200508323 repeatInterval 0 action null component null tag TIME_TICK flags 0x9 procName system_server
02-27 19:55:00.011  4248  4248 D SubsysBroadcastManager: onReceive action:android.intent.action.TIME_TICK
02-27 19:55:00.012  3736  3736 I SystemUi--SystemUi--: Clock-->smallTime: 19:55
02-27 19:55:00.014  3736  3736 I SystemUi--SystemUi--: Clock-->smallTime: 19:55
02-27 19:55:00.023  2026  2844 D OplusDisplayBrightnessBroadcastReceiver: onReceive action = android.intent.action.TIME_TICK , listeners = [com.android.server.display.ambience.events.event.TimeEvent$TimeChangeReceiver@5d77067]
02-27 19:55:00.024  7792  8951 D PhoneScreenOnTime: affairType:231
02-27 19:55:00.033  7792  8951 D PhoneUsageTime: affairType:231
02-27 19:55:00.364  1540  1540 D vendor.oplus.hardware.charger-V6-service: getChargerControl:sub_current=100
02-27 19:55:00.364  1540  1540 D vendor.oplus.hardware.charger-V6-service: sub_voltage=3800
02-27 19:55:00.364  1540  1540 D vendor.oplus.hardware.charger-V6-service: sub_soc=-1
02-27 19:55:00.364  1540  1540 D vendor.oplus.hardware.charger-V6-service: sub_temperature=250
02-27 19:55:00.364  1540  1540 D vendor.oplus.hardware.charger-V6-service: main_soc=13
02-27 19:55:00.367  4130  4583 D CommonApp-271-10497: transport layer data is invalid
02-27 19:55:00.392  4130  4583 D CommonApp-271-10497: DefaultState EVENT_SCENARIOS_CHANGE
02-27 19:55:00.392  4130  4583 D CommonApp-271-10497: scene=COMMON pn=com.esiri.esiriplus
02-27 19:55:00.416  2026  3795 I Osense-PsiDetector: 1909,294,2532,7679,68,436,218,1206,1885,762,793,0,8,7325
02-27 19:55:00.417 14128 17206 I metis_v2_OsenseCallBack: memLevel: 2 [Metis|com.oplus.metis|1.4.54-aa2067f]
02-27 19:55:00.500  1540  1753 D BatteryChargeControl: bcc get no support from charging protocol
02-27 19:55:00.694   646   646 E lowmemorykiller: device memory 488682 free 74737 file 398875
02-27 19:55:00.795   646   646 E lowmemorykiller: device memory 488581 free 74548 file 398963
02-27 19:55:00.829 14128 17206 I metis_v2_OsenseCallBack: memLevel: 1 [Metis|com.oplus.metis|1.4.54-aa2067f]
02-27 19:55:01.303   646   646 E lowmemorykiller: device memory 488563 free 74485 file 399008
02-27 19:55:01.391  4130  4583 D CommonApp-271-10497: transport layer data is invalid
02-27 19:55:01.453  2026  3795 I Osense-PsiDetector: 1908,290,2531,7679,68,436,218,1207,1887,763,795,0,8,7325
02-27 19:55:01.454 14128 17206 I metis_v2_OsenseCallBack: memLevel: 2 [Metis|com.oplus.metis|1.4.54-aa2067f]
02-27 19:55:01.503  1540  1753 D BatteryChargeControl: bcc get no support from charging protocol
02-27 19:55:01.869 14128 17206 I metis_v2_OsenseCallBack: memLevel: 1 [Metis|com.oplus.metis|1.4.54-aa2067f]
02-27 19:55:02.416  4130  4583 D CommonApp-271-10497: transport layer data is invalid
02-27 19:55:02.435  2026  3448 D WifiStaIfaceHidlImpl: getCachedScanData is not implemented by HIDL
02-27 19:55:02.457  4248  4248 D VendorWifiService: onEvent event:9,action:1
02-27 19:55:02.465  2026  3554 D OplusWifiPower_TriggerCenter: mComponentCallback: wifistat
02-27 19:55:02.491  2026  3795 I Osense-PsiDetector: 1908,290,2530,7679,68,436,218,1206,1888,763,795,0,8,7325
02-27 19:55:02.492 14128 17206 I metis_v2_OsenseCallBack: memLevel: 2 [Metis|com.oplus.metis|1.4.54-aa2067f]
02-27 19:55:02.504  1540  1753 D BatteryChargeControl: bcc get no support from charging protocol
02-27 19:55:02.557  1510 18624 I QC2Comp : [vp9D_3677] Stats: Pending(3) i/p-done(0) Works: Q: 26/Done 25|Work-Rate: Q(0.0/s Avg=0.0/s) Done(0.000/s Avg=0.000/s)| Stream: 25.00fps 328.6Kbps
02-27 19:55:02.557  1510 18624 I QC2Comp : Mem-usage:  [In-1D - 5 bufs 14.941 MB] [1D-0 - 15 bufs 0.234 MB] [2D-3534 - 23 bufs 51.750 MB]
02-27 19:55:02.557  1510 18624 I QC2Comp : Total Mem-usage: 66.926 MB
02-27 19:55:02.905  1540  1717 D vendor.oplus.hardware.charger-V6-service: ret_value:127, read content:,383,371,3708,3708,-77,500,2200,13,14,1,4,-1,4908,13,1,0,1,1,0,0,4425,0,2,0,2,0,0,0,381,0,1,1,0,0,61,61,61,0,0,0,0,0,0,0,0,0,0
02-27 19:55:02.906  1540  1717 D vendor.oplus.hardware.charger-V6-service: gmtime: 2026-02-27-19-55-02
02-27 19:55:02.906  1540  1717 D vendor.oplus.hardware.charger-V6-service: usb_online:1, ac_online:0, wireless_online:-2147483648
02-27 19:55:02.908 14128 17206 I metis_v2_OsenseCallBack: memLevel: 1 [Metis|com.oplus.metis|1.4.54-aa2067f]
02-27 19:55:03.302  1540  1540 D vendor.oplus.hardware.charger-V6-service: get_ui_charge_icon_type 0 0 0 0 0
02-27 19:55:03.305  1540  1540 D vendor.oplus.hardware.charger-V6-service: oplus_chg_get_cpa_power 2500 charge_online 1 retention_topic 0
02-27 19:55:03.321  3736  3736 I SystemUi--Statusbar: BatteryControllerExt-->updateBatteryChangeIntent():broadcast=android.intent.action.BATTERY_CHANGED,level=14,scale=100
02-27 19:55:03.322  3736  3736 I SystemUi--Statusbar: BatteryRepository-->level: 14 -- isSavingMode: false
02-27 19:55:03.322  2026  2844 D OplusDisplayBrightnessBroadcastReceiver: onReceive action = android.intent.action.BATTERY_CHANGED , listeners = [com.android.server.display.OplusFeatureHDREnhanceBrightness$PhoneInfoReceiver@d078a20, com.android.server.display.OplusFeatureEdrEnhanceBrightness$PhoneInfoReceiver@d0bbfd9]
02-27 19:55:03.323  4248  4248 D SubsysBroadcastManager: onReceive action:android.intent.action.BATTERY_CHANGED
02-27 19:55:03.328 26084 26084 D DeviceStatisticsService: onReceive: action= android.intent.action.BATTERY_CHANGED
02-27 19:55:03.346  7792  9430 E Battery : ChargeProtectionUtils: mCanlendarTmp.isEmpty()!
02-27 19:55:03.347 26780 26780 D CustomLogManagerService: onReceive android.intent.action.BATTERY_CHANGED
02-27 19:55:03.368  1540  1540 D vendor.oplus.hardware.charger-V6-service: getChargerControl:sub_current=100
02-27 19:55:03.368  1540  1540 D vendor.oplus.hardware.charger-V6-service: sub_voltage=3800
02-27 19:55:03.368  1540  1540 D vendor.oplus.hardware.charger-V6-service: sub_soc=-1
02-27 19:55:03.368  1540  1540 D vendor.oplus.hardware.charger-V6-service: sub_temperature=250
02-27 19:55:03.368  1540  1540 D vendor.oplus.hardware.charger-V6-service: main_soc=13
02-27 19:55:03.439  4130  4583 D CommonApp-271-10497: transport layer data is invalid
02-27 19:55:03.508  1540  1753 D BatteryChargeControl: bcc get no support from charging protocol
02-27 19:55:03.530  2026  3795 I Osense-PsiDetector: 1908,290,2529,7679,68,436,218,1206,1887,763,795,0,8,7325
02-27 19:55:03.531 14128 17206 I metis_v2_OsenseCallBack: memLevel: 2 [Metis|com.oplus.metis|1.4.54-aa2067f]
02-27 19:55:03.737  2026  2702 D CompatChangeReporter: Compat change id reported: 151861875; UID 10153; state: ENABLED
02-27 19:55:03.737  2026  2702 V GrammaticalInflectionUtils: AttributionSource: android.content.AttributionSource@6f0e3e17 does not have READ_SYSTEM_GRAMMATICAL_GENDER permission.
02-27 19:55:03.747  1318 24659 E TetherController: property_get sys.radio.data.modem_share_flag return 0, 1!
02-27 19:55:03.776  1319  1319 D Zygote  : Forked child process 17937
02-27 19:55:03.777  2026  2704 I ActivityManager: Start proc 17937:com.oplus.camera/u0a153 for service {com.oplus.camera/com.oplus.camera.aps.service.ApsService}
02-27 19:55:03.779  7270 29953 D ShellSubscriberWorkerThread: the first 8 bytes empty, and RestData length > 8 
02-27 19:55:03.805 17937 17937 E om.oplus.camera: Unknown bits set in runtime_flags: 0x40000000
02-27 19:55:03.806 17937 17937 I om.oplus.camera: Using CollectorTypeCC GC.
02-27 19:55:03.817 17937 17937 D nativeloader: Load libframework-connectivity-tiramisu-jni.so using APEX ns com_android_tethering for caller /apex/com.android.tethering/javalib/framework-connectivity-t.jar: ok
02-27 19:55:03.821 17937 17937 D OplusActivityThreadExtImpl: java.lang.NoSuchMethodException: dalvik.system.VMRuntime.SupressionGC [int, int]
02-27 19:55:03.821 17937 17937 W libc    : Access denied finding property "persist.vendor.sys.activitylog"
02-27 19:55:03.821 17937 17937 I OneTrace: Mark active for pid=17937? true
02-27 19:55:03.821 17937 17937 D cutils-dev: otrace_set_tracing_enabled? true tag:0
02-27 19:55:03.822 17937 17946 D cutils-dev: properties changed in otrace_seq_number_changed!
02-27 19:55:03.829  2026  7706 D ActivityTaskManagerServiceExtImpl: preBindApplication record is null
02-27 19:55:03.829  2026  7706 D RGBNormalizeServer: OplusRGBNormalize feature enabled ? false
02-27 19:55:03.829  2026  7706 D ResourcesManagerCache: For package com.oplus.camera we got cacheList [null] appInfoExt is null ? false hasFeature ? false
02-27 19:55:03.836 17937 17937 D OplusActivityManager: get AMS extension: android.os.BinderProxy@b4cb17f
02-27 19:55:03.841 17937 17946 D OplusAppHeapManager: java.lang.NoSuchMethodException: dalvik.system.VMRuntime.updateProcessValue [int, int, int]
02-27 19:55:03.843 17937 17937 D callGcSupression: java.lang.NullPointerException: Attempt to invoke virtual method 'java.lang.Object java.lang.reflect.Method.invoke(java.lang.Object, java.lang.Object[])' on a null object reference
02-27 19:55:03.845 13218 13218 D BoundBrokerSvc: onUnbind: Intent { act=com.google.android.gms.measurement.START pkg=com.google.android.gms mCallingUid=10497 }
02-27 19:55:03.848 17937 17937 D CompactWindowAppManager: initCompactApplicationInfo CompactMode: , NormalMode: 
02-27 19:55:03.854 17937 17937 D OplusScrollToTopManager: setIsInWhiteList false
02-27 19:55:03.855 17937 17937 D OplusViewDebugManager: OplusViewDebugManager Constructor android.view.debug.OplusViewDebugManager@9754995 [mHasViewDebugProperty true] [mHasMsgDebugProperty false] [DEBUG false] [EXTRAINFOENABLE false] [LIGHT_OS false]
02-27 19:55:03.866 17937 17937 W libc    : Access denied finding property "ro.odm.prev.product.name"
02-27 19:55:03.869 17937 17937 D ApplicationLoaders: Returning zygote-cached class loader: /system/framework/org.apache.http.legacy.jar
02-27 19:55:03.881 17937 17937 D nativeloader: InitLlndkLibrariesProduct: libEGL.so:libGLESv1_CM.so:libGLESv2.so:libGLESv3.so:libRS.so:libandroid_net.so:libapexsupport.so:libbinder_ndk.so:libc.so:libcgrouprc.so:libclang_rt.asan-aarch64-android.so:libclang_rt.asan-arm-android.so:libclang_rt.hwasan-aarch64-android.so:libcom.android.tethering.connectivity_native.so:libdl.so:libft2.so:liblog.so:libm.so:libmediandk.so:libnativewindow.so:libneuralnetworks.so:libselinux.so:libsync.so:libvendorsupport.so:libvndksupport.so:libvulkan.so
02-27 19:55:03.881 17937 17937 D nativeloader: Configuring product-clns-7 for unbundled product apk /product/framework/com.oplus.camera.unit.sdk.jar. target_sdk_version=35, uses_libraries=ALL, library_path=/product/app/OplusCamera/lib/arm64:/product/app/OplusCamera/OplusCamera.apk!/lib/arm64-v8a:/product/lib64:/system/product/lib64, permitted_path=/data:/mnt/expand:/data/user/0/com.oplus.camera:/product/lib64:/system/product/lib64
02-27 19:55:03.882 17937 17937 D nativeloader: Extending system_exposed_libraries: libbinauralrenderer_wrapper.qti.so:libhoaeffects.qti.so:libSloganJni.oplus.so:libsuperNight.oplus.so:libAPSClient-cmd-jni-extension.oplus.so:libsatellite_audio_jni.oplus.so:libortc_so.oplus.so:libsoundtouch.oplus.so:libsoundtouch_jni.oplus.so:libOplusStringJNI-extension.oplus.so:libapssuspend-jni.oplus.so:libupdateprof.qti.so:libthermalclient.qti.so:libqape.qti.so:libqesdk_ndk_platform.qti.so:liblistenjni.qti.so
02-27 19:55:03.884 17937 17937 D nativeloader: InitVndkspLibrariesProduct: VNDK is deprecated with product
02-27 19:55:03.884 17937 17937 D ApplicationLoaders: Returning zygote-cached class loader: /system_ext/framework/androidx.window.extensions.jar
02-27 19:55:03.884 17937 17937 D ApplicationLoaders: Returning zygote-cached class loader: /system_ext/framework/androidx.window.sidecar.jar
02-27 19:55:03.893 17817 17913 E GoogleApiManager: Failed to get service from broker. 
02-27 19:55:03.893 17817 17913 E GoogleApiManager: java.lang.SecurityException: Unknown calling package name 'com.google.android.gms'.
02-27 19:55:03.893 17817 17913 E GoogleApiManager: 	at android.os.Parcel.createExceptionOrNull(Parcel.java:3271)
02-27 19:55:03.893 17817 17913 E GoogleApiManager: 	at android.os.Parcel.createException(Parcel.java:3255)
02-27 19:55:03.893 17817 17913 E GoogleApiManager: 	at android.os.Parcel.readException(Parcel.java:3238)
02-27 19:55:03.893 17817 17913 E GoogleApiManager: 	at android.os.Parcel.readException(Parcel.java:3180)
02-27 19:55:03.893 17817 17913 E GoogleApiManager: 	at bfbc.a(:com.google.android.gms@260632035@26.06.32 (260400-869789857):36)
02-27 19:55:03.893 17817 17913 E GoogleApiManager: 	at bezd.z(:com.google.android.gms@260632035@26.06.32 (260400-869789857):143)
02-27 19:55:03.893 17817 17913 E GoogleApiManager: 	at befj.run(:com.google.android.gms@260632035@26.06.32 (260400-869789857):42)
02-27 19:55:03.893 17817 17913 E GoogleApiManager: 	at android.os.Handler.handleCallback(Handler.java:973)
02-27 19:55:03.893 17817 17913 E GoogleApiManager: 	at android.os.Handler.dispatchMessage(Handler.java:100)
02-27 19:55:03.893 17817 17913 E GoogleApiManager: 	at ctlu.ms(:com.google.android.gms@260632035@26.06.32 (260400-869789857):1)
02-27 19:55:03.893 17817 17913 E GoogleApiManager: 	at ctlu.dispatchMessage(:com.google.android.gms@260632035@26.06.32 (260400-869789857):5)
02-27 19:55:03.893 17817 17913 E GoogleApiManager: 	at android.os.Looper.loopOnce(Looper.java:282)
02-27 19:55:03.893 17817 17913 E GoogleApiManager: 	at android.os.Looper.loop(Looper.java:387)
02-27 19:55:03.893 17817 17913 E GoogleApiManager: 	at android.os.HandlerThread.run(HandlerThread.java:85)
02-27 19:55:03.894 17817 17913 W GoogleApiManager: Not showing notification since connectionResult is not user-facing: ConnectionResult{statusCode=DEVELOPER_ERROR, resolution=null, message=null, clientMethodKey=null}
02-27 19:55:03.933   646   646 E lowmemorykiller: device memory 485696 free 70638 file 399859
02-27 19:55:03.945 14128 17206 I metis_v2_OsenseCallBack: memLevel: 1 [Metis|com.oplus.metis|1.4.54-aa2067f]
02-27 19:55:03.951 17937 17937 D nativeloader: Configuring product-clns-8 for unbundled product apk /product/app/OplusCamera/OplusCamera.apk. target_sdk_version=35, uses_libraries=, library_path=/product/app/OplusCamera/lib/arm64:/product/app/OplusCamera/OplusCamera.apk!/lib/arm64-v8a:/product/lib64:/system/product/lib64, permitted_path=/data:/mnt/expand:/data/user/0/com.oplus.camera:/product/lib64:/system/product/lib64
02-27 19:55:03.954 17937 17937 D CompatChangeReporter: Compat change id reported: 202956589; UID 10153; state: ENABLED
02-27 19:55:03.955 17273 17273 I Finsky  : [2] Memory trim requested to level 40
02-27 19:55:03.956 17273 17273 I Finsky  : [2] Flushing in-memory image cache
02-27 19:55:03.967 17937 17937 V GraphicsEnvironment: Currently set values for:
02-27 19:55:03.967 17937 17937 V GraphicsEnvironment:   angle_gl_driver_selection_pkgs=[]
02-27 19:55:03.967 17937 17937 V GraphicsEnvironment:   angle_gl_driver_selection_values=[]
02-27 19:55:03.967 17937 17937 V GraphicsEnvironment: Global.Settings values are invalid: number of packages: 0, number of values: 0
02-27 19:55:03.967 17937 17937 V GraphicsEnvironment: Neither updatable production driver nor prerelease driver is supported.
02-27 19:55:03.970 17937 17937 D ResourcesManagerExtImpl: applyConfigurationToAppResourcesLocked app.getDisplayId() return callback.displayId:-1
02-27 19:55:03.972 17937 17937 V OCAM_MyApplication: attachBaseContext, E
02-27 19:55:03.972 17937 17937 V OCAM_OppoCamera_TRACE: traceBeginSection, msg: CameraStartupPerformance.attachBaseContext
02-27 19:55:03.974 17937 17950 D OCAM_ThreadManager: setUxThreadValue: pid is: 17937, tid is 17950 value is 130, keyThreadTag: TaskBusThread
02-27 19:55:03.974 17937 17953 D OCAM_ThreadManager: setUxThreadValue: pid is: 17937, tid is 17953 value is 130, keyThreadTag: TaskBusThread
02-27 19:55:03.974 17937 17951 D OCAM_ThreadManager: setUxThreadValue: pid is: 17937, tid is 17951 value is 130, keyThreadTag: TaskBusThread
02-27 19:55:03.974 17937 17949 D OCAM_ThreadManager: setUxThreadValue: pid is: 17937, tid is 17949 value is 130, keyThreadTag: TaskBusThread
02-27 19:55:03.974 17937 17950 E OCAM_AppOsenseResClientHelper: init, sbKeyThreadFeatureOpen: false
02-27 19:55:03.975 17937 17937 V OCAM_OppoCamera_TRACE: traceBeginSection, msg: CameraStartupPerformance.preloadClassForDlOpen
02-27 19:55:03.977 17937 17950 D nativeloader: Load libSchedAssistJni.so using system ns (caller=/system/framework/oplus-framework.jar): ok
02-27 19:55:03.977 17937 17950 D ExtensionsLoader: createInstance(64bit) : createExtendedFactory
02-27 19:55:03.979 17937 17950 D ExtensionsLoader: Opened libSchedAssistExtImpl.so
02-27 19:55:03.979 17937 17950 E SchedAssist: ofbOpen failed with error=No such file or directory
02-27 19:55:03.979 17937 17950 E SchedAssist: sysOpen failed with error=No such file or directory
02-27 19:55:03.980 17937 17950 E SchedAssist: open sharedFd failed with error=Permission denied
02-27 19:55:03.980 17937 17950 E SchedAssist: open sharedFd failed with error=Permission denied
02-27 19:55:03.980 17937 17950 E SchedAssist: open sharedFd failed with error=Permission denied
02-27 19:55:03.980 17937 17950 E SchedAssist: open sharedFd failed with error=Permission denied
02-27 19:55:03.980 17937 17950 D OsenseResManager: uaf enabled=false, uaf key thread enabled=false
02-27 19:55:03.982 17937 17937 D nativeloader: Load liboplushwui_jni.so using system ns (caller=/system/framework/oplus-framework.jar): ok
02-27 19:55:03.984 17937 17937 W Sensors : Cannot get virtualdevice_native service
02-27 19:55:03.984 17937 17950 V OCAM_OppoCamera_TRACE: traceBeginSection, msg: initCoreThread
02-27 19:55:03.985 17937 17950 V OCAM_OppoCamera_TRACE: traceEndSection, msg: initCoreThread
02-27 19:55:03.986 17937 17951 V OCAM_OppoCamera_TRACE: traceBeginSection, msg: initCoreThread
02-27 19:55:03.986 17937 17949 V OCAM_OppoCamera_TRACE: traceBeginSection, msg: initCoreThread
02-27 19:55:03.986 17937 17949 V OCAM_OppoCamera_TRACE: traceEndSection, msg: initCoreThread
02-27 19:55:03.986 17937 17951 V OCAM_OppoCamera_TRACE: traceEndSection, msg: initCoreThread
02-27 19:55:03.986 17937 17953 V OCAM_OppoCamera_TRACE: traceBeginSection, msg: initCoreThread
02-27 19:55:03.986 17937 17953 V OCAM_OppoCamera_TRACE: traceEndSection, msg: initCoreThread
02-27 19:55:03.986 17937 17937 D ExtensionsLoader: createInstance(64bit) : createExtendedFactory
02-27 19:55:03.987 17937 17937 D ExtensionsLoader: Opened libsensorextimpl.so
02-27 19:55:03.988 17937 17937 V OCAM_OppoCamera_TRACE: traceEndSection, msg: CameraStartupPerformance.preloadClassForDlOpen
02-27 19:55:03.988 17937 17937 V OCAM_OppoCamera_TRACE: traceBeginSection, msg: CameraStartupPerformance.preloadSharedPreferences
02-27 19:55:03.991 17937 17937 V OCAM_OppoCamera_TRACE: traceEndSection, msg: CameraStartupPerformance.preloadSharedPreferences
02-27 19:55:03.992 20407 20407 D BoundBrokerSvc: onUnbind: Intent { act=com.google.android.gms.presencemanager.service.START dat=chimera-action:/... cmp=com.google.android.gms/.chimera.PersistentApiService mCallingUid=10116 }
02-27 19:55:03.995 20407 20407 D BoundBrokerSvc: onUnbind: Intent { act=com.google.android.gms.presencemanager.service.INTERNAL_IDENTITY dat=chimera-action:/... cmp=com.google.android.gms/.chimera.PersistentApiService mCallingUid=10116 }
02-27 19:55:04.004 17937 17937 D nativeloader: Load /product/app/OplusCamera/OplusCamera.apk!/lib/arm64-v8a/libpreview_show.so using class loader ns product-clns-8 (caller=/product/app/OplusCamera/OplusCamera.apk!classes12.dex): ok
02-27 19:55:04.005 17937 17937 V OCAM_Util: attachBaseContext, context: android.app.ContextImpl@e2dd7b9
02-27 19:55:04.005 17937 17937 V OCAM_CommonUtil: attachBaseContext, context: android.app.ContextImpl@e2dd7b9
02-27 19:55:04.006 17937 17937 I MMKV    : Disable checkProcessMode()
02-27 19:55:04.011 17937 17937 D nativeloader: Load /product/app/OplusCamera/OplusCamera.apk!/lib/arm64-v8a/libmmkv.so using class loader ns product-clns-8 (caller=/product/app/OplusCamera/OplusCamera.apk!classes21.dex): ok
02-27 19:55:04.011 17937 17937 I MMKV    : <native-bridge.cpp:104::JNI_OnLoad> current API level = 35, libc++_shared=0
02-27 19:55:04.011 17937 17937 I MMKV    : <MMKV.cpp:156::initialize> version v1.2.10, page size 4096, arch arm64-v8a
02-27 19:55:04.012 17937 17937 I MMKV    : <MMKV.cpp:167::initialize> armv8 AES instructions is supported
02-27 19:55:04.012 17937 17937 I MMKV    : <MMKV.cpp:175::initialize> armv8 CRC32 instructions is supported
02-27 19:55:04.012 17937 17937 I MMKV    : <MMKV.cpp:198::initializeMMKV> root dir: /data/user/0/com.oplus.camera/files/mmkv
02-27 19:55:04.016 17937 17937 D OCAM_SPDataBuffer: SPDataBuffer: create SPDataBuffer at com.oplus.camera_preferences
02-27 19:55:04.016 17937 17937 V OCAM_OppoCamera_TRACE: traceEndSection, msg: CameraStartupPerformance.attachBaseContext
02-27 19:55:04.016 17937 17950 V OCAM_OppoCamera_TRACE: traceBeginSection, msg: InitCameraUnitTask
02-27 19:55:04.016 17937 17950 D OCAM_CameraUnitProxy: initCameraUnit
02-27 19:55:04.017 17937 17937 V OCAM_MyApplication: attachBaseContext X, config parse ver2: false
02-27 19:55:04.017 17937 17950 D OCAM_CameraUnitProxy: checkCameraPermission, permissionGranted: true
02-27 19:55:04.024 17937 17950 W CameraUnitLog: initLog, autoTestLogOn:false, isLogOn:false, isTrialVersion():false, isConfigForceOpen:false, isPanic:false, isMpVersion:true
02-27 19:55:04.024 17937 17950 W CameraUnit, CameraUnitImpl: checkAuthenticationPermission, api {versionName: 1.1.174, versionCode: 100004}; SdkConfig: {version name: 5.020.386, version code: 341000, type: release}
02-27 19:55:04.025 17937 17937 D CompatChangeReporter: Compat change id reported: 312399441; UID 10153; state: ENABLED
02-27 19:55:04.026 17937 17937 D OCAM_CameraInfoProvider: onCreate
02-27 19:55:04.027 17937 17965 I CameraUnit, CameraUnitImpl: setDeathRecipient
02-27 19:55:04.027 17937 17950 E CapabilityBase.a: Unable to fetch metadata from teh manifest com.oplus.ocs
02-27 19:55:04.027 17937 17965 E OplusCameraManagerGlobal: setDeathRecipient
02-27 19:55:04.027 17937 17965 I OplusCameraManagerGlobal: Connecting to camera service
02-27 19:55:04.029 17937 17937 D CompatChangeReporter: Compat change id reported: 279646685; UID 10153; state: ENABLED
02-27 19:55:04.034   646   646 E lowmemorykiller: device memory 486371 free 71137 file 400029
02-27 19:55:04.034 17937 17937 D OplusGraphicsEvent: OplusGraphicsEventListener create now!
02-27 19:55:04.036 17937 17967 D ApsAdapter, CameraPerformance: setUxThreadValue, pid is: 17937, tid is 17967 value is 136, keyThreadTag: ConfigInitThread
02-27 19:55:04.037 17937 17967 E ApsAdapter, OsenseResClientHelper: init, sbKeyThreadFeatureOpen: false
02-27 19:55:04.037 17937 17966 D ApsAdapter, CameraPerformance: setUxThreadValue, pid is: 17937, tid is 17966 value is 136, keyThreadTag: ConfigInitThread
02-27 19:55:04.037 17937 17937 D OplusGraphicsEvent: addEventListener success!
02-27 19:55:04.038 17937 17937 E ScrollOptim [ConfigManager]: getOplusPerfService: can't get service binder: IOplusPerfService
02-27 19:55:04.038 17937 17937 E ScrollOptim [ConfigManager]: getOplusPerfService: can't get service interface: IOplusPerfService
02-27 19:55:04.039 17937 17937 D CardWidget.Utils: Utils sIsDebug sync ret: false
02-27 19:55:04.039 17937 17937 I Utils   : Utils sIsDebug sync ret: false
02-27 19:55:04.042 17937 17937 D CardWidget.GlobalDIConfig: initial... 
02-27 19:55:04.048 17937 17937 D DataChannel.ClientChannel: initClientImpl serverAuthority = [com.oplus.cardservice.repository.provider.CardServiceServerProvider], clientName = [com.oplus.camera.card.HomeCardWidgetProvider], client = [com.oplus.camera.card.HomeCardWidgetProvider@e89f510]
02-27 19:55:04.048 17937 17966 D CameraUnit, Util: checkCameraPermission, permissionGranted: true
02-27 19:55:04.048 17937 17966 E CameraUnitLog: setIsVendorTagConfigInitialize : false > false
02-27 19:55:04.049 17937 17970 D ApsAdapter, CameraPerformance: setUxThreadValue, pid is: 17937, tid is 17970 value is 129, keyThreadTag: PreviewImageThread
02-27 19:55:04.049 17937 17973 D ApsAdapter, CameraPerformance: setUxThreadValue, pid is: 17937, tid is 17973 value is 132, keyThreadTag: CaptureImageThread
02-27 19:55:04.050 17937 17971 D ApsAdapter, CameraPerformance: setUxThreadValue, pid is: 17937, tid is 17971 value is 136, keyThreadTag: PreviewFrameThread
02-27 19:55:04.050 17937 17972 D DataChannel.ClientProxy.HomeCardWidgetProvider: tryRegisterContentObserver
02-27 19:55:04.052 17937 17967 D ApsAdapter, CameraPerformance: setUxThreadValue, pid is: 17937, tid is 17979 value is 129, keyThreadTag: UnitHandlerThread
02-27 19:55:04.052 17937 17967 D ApsAdapter, CameraPerformance: setUxThreadValue, pid is: 17937, tid is 17980 value is 129, keyThreadTag: UnitHandlerThread
02-27 19:55:04.053 17937 17950 I CameraUnitClient: handleAuthenticate, isAuthed: true, supportAsyncAuth: false
02-27 19:55:04.053 17937 17950 V OCAM_CameraCharacteristicsUtil: initialize
02-27 19:55:04.054 17937 17950 V OCAM_CameraThreadExector: thread name: initCameraInfo
02-27 19:55:04.054 17937 17950 V OCAM_CameraCharacteristicsUtil: initialize, X
02-27 19:55:04.055 17937 17950 V OCAM_OppoCamera_TRACE: traceEndSection, msg: InitCameraUnitTask
02-27 19:55:04.056 17937 17981 V OCAM_OppoCamera_TRACE: traceBeginSection, msg: initCameraInfo
02-27 19:55:04.056 17937 17981 D OCAM_ThreadManager: setUxThreadValue: pid is: 17937, tid is 17981 value is 130, keyThreadTag: TemporaryThread
02-27 19:55:04.056 17937 17976 D ApsAdapter, CameraPerformance: setUxThreadValue, pid is: 17937, tid is 17976 value is 136, keyThreadTag: ConfigInitThread
02-27 19:55:04.057 17937 17981 E CameraUnit_TRACE: traceBeginSection, msg: getAllSupportCameraType
02-27 19:55:04.057 17937 17976 I CameraUnit, CameraConfigHelper: initialize config, justParseVendorTag: false
02-27 19:55:04.057 17937 17976 E OplusCameraManagerGlobal: setCallInfo
02-27 19:55:04.060 17937 17937 V OCAM_MyApplication: onCreate, E
02-27 19:55:04.060 17937 17937 V OCAM_OppoCamera_TRACE: traceBeginSection, msg: CameraStartupPerformance.onCameraApplicationCreated
02-27 19:55:04.060 17937 17937 D OCAM_MyApplication: monitorActivityLifeCycle E
02-27 19:55:04.060 17937 17937 D OCAM_MyApplication: monitorActivityLifeCycle X
02-27 19:55:04.067 17937 17937 D nativeloader: Load /product/app/OplusCamera/OplusCamera.apk!/lib/arm64-v8a/libFormatConverter.so using class loader ns product-clns-8 (caller=/product/app/OplusCamera/OplusCamera.apk!classes12.dex): ok
02-27 19:55:04.068 17937 17937 I OCAM_MemoryUtils: init, appContext: com.oplus.camera.MyApplication@256e035
02-27 19:55:04.068 17937 17937 I OCAM_DeviceUtil: init,applicationContext: com.oplus.camera.MyApplication@256e035
02-27 19:55:04.068 17937 17937 I OCAM_DisplayDensityUtil: init,applicationContext: com.oplus.camera.MyApplication@256e035
02-27 19:55:04.071 17937 17976 D nativeloader: Load libOplusStringJNI.so using class loader ns product-clns-7 (caller=/product/framework/com.oplus.camera.unit.sdk.jar): ok
02-27 19:55:04.072 17937 17976 W OplusString: [WARNING] string_util.cpp: 324  OplusStringJNI_needGetString() length: 15950, flag: 123, 10, 10
02-27 19:55:04.074 17937 17937 V OCAM_LocationManager: registerLocationListener, listener: yf.a@4f89958
02-27 19:55:04.074  7757 30161 I UMS.CardServiceServerProvider: call, method=pullCommand, arg=com.oplus.camera.card.HomeCardWidgetProvider, extras=Bundle[{key_callingPackage=com.oplus.camera, key_callingPid=17937}] callingPackage=com.oplus.c***a, callingPid=17937,
02-27 19:55:04.075 17937 17937 I MMKV    : Disable checkProcessMode()
02-27 19:55:04.075  7757 30161 I Channel.Server[1000036].ums.IServerImpl: getCommandList, clientName=com.oplus.camera.card.HomeCardWidgetProvider, clientProxy=null
02-27 19:55:04.075  7757 30161 I CardService[1006130].CardServiceServerProviderProxy: call: method = pullCommand, callingPackageName = *om.op*us.ca*era, callingPid = 17937
02-27 19:55:04.075  7757 30161 I Channel.Server[1000036].ums.ChannelServerProvider: call, method=[pullCommand], clientName=[com.oplus.camera.card.HomeCardWidgetProvider], resultCallBackId=[null]
02-27 19:55:04.075 17937 17937 I MMKV    : <MMKV.cpp:198::initializeMMKV> root dir: /data/user/0/com.oplus.camera/files/mmkv
02-27 19:55:04.076 17937 17976 I CameraUnit, JsonParser: loadConfigFile, path: /odm/etc/camera/config/camera_unit_config
02-27 19:55:04.076 17937 17983 D OCAM_ThreadManager: setUxThreadValue: pid is: 17937, tid is 17983 value is 130, keyThreadTag: TaskBusThread
02-27 19:55:04.076 17937 17972 D DataChannel.ClientProxy.HomeCardWidgetProvider: pullAndRunCommand commandList = [] 
02-27 19:55:04.076 17937 17972 D DataChannel.ClientProxy.HomeCardWidgetProvider: processCommandList: distinct processCommands = []
02-27 19:55:04.076 17937 17972 D DataChannel.ClientProxy.HomeCardWidgetProvider: processCommandList: detail processCommands = []
02-27 19:55:04.077 17937 17937 V OCAM_OppoCamera_TRACE: traceEndSection, msg: CameraStartupPerformance.onCameraApplicationCreated
02-27 19:55:04.077 17937 17983 I OCAM_TaskBusRunnable: TaskBusRunable.run setUx for 17983
02-27 19:55:04.077 17937 17983 V OCAM_OppoCamera_TRACE: traceBeginSection, msg: InitDcsTask
02-27 19:55:04.077 17937 17937 D OCAM_LottieUtil: hookThreadPool success
02-27 19:55:04.077 17937 17937 V OCAM_MyApplication: onCreate, X
02-27 19:55:04.077 17937 17985 D OCAM_ThreadManager: setUxThreadValue: pid is: 17937, tid is 17985 value is 130, keyThreadTag: TaskBusThread
02-27 19:55:04.077 17937 17983 D OCAM_DcsReporter: init app context
02-27 19:55:04.077 17937 17976 I CameraUnit, JsonParser: parserDefaultSupportPreviewSizes, values: ["1920X1080","1280X720"]
02-27 19:55:04.078 17937 17976 I CameraUnit, JsonParser: parserDefaultSupportVideoSizes, values: ["4000X3000","3840X2160","2752X1548","1920X1080","1280X720"]
02-27 19:55:04.078 17937 17985 I OCAM_TaskBusRunnable: TaskBusRunable.run setUx for 17985
02-27 19:55:04.078 17937 17985 V OCAM_OppoCamera_TRACE: traceBeginSection, msg: initStoragePathTask
02-27 19:55:04.078 17937 17976 E CameraUnit, JsonParser: parserCaptureStreamNumberConfig, don't have config in the camera_unit_config file, parseKey: capture_stream_number
02-27 19:55:04.079 17937 17976 E CameraUnit, JsonParser: parserDngDescription, Dng description is not available
02-27 19:55:04.079 17937 17984 D OCAM_ThreadManager: setUxThreadValue: pid is: 17937, tid is 17984 value is 130, keyThreadTag: TaskBusThread
02-27 19:55:04.079 17937 17976 I CameraUnit, JsonParser: initAllModeFeatures
02-27 19:55:04.080  2026  7706 I ActivityManager: Flag disabled. Ignoring finishAttachApplication from uid: 10153. pid: 17937
02-27 19:55:04.080 17937 17976 I CameraUnit, FeatureImpl: initCategoryAndValueType, do not have matching category featureName: fovc
02-27 19:55:04.081 17937 17985 D OCAM_Storage: initializeStoragePath()
02-27 19:55:04.082 17937 17937 D OCAM_ApsService: onCreate
02-27 19:55:04.082 17937 17983 D OplusTrack-OplusTrack: packageName:com.oplus.camera,isDebug:true
02-27 19:55:04.082 17937 17976 I CameraUnit, FeatureImpl: initCategoryAndValueType, do not have matching category featureName: fovc
02-27 19:55:04.082 17937 17983 D OplusTrack-OplusTrack: setSession timeout is 10
02-27 19:55:04.082 17937 17983 V OCAM_OppoCamera_TRACE: traceEndSection, msg: InitDcsTask
02-27 19:55:04.083 17937 17983 D OCAM_TaskBusRunnable: TaskBusRunable.run executeTask: InitDcsTask, cost time: 5ms.
02-27 19:55:04.083 17937 17985 D OppoUsbEnvironmentSys: getVolumes: sInternalSdDir=/storage/emulated/0
02-27 19:55:04.083 17937 17937 W OCAM_MemoryUtils: getMemoryInfo, mi.totalMem7744225280, mi.availMem: 2470694912
02-27 19:55:04.083 17937 17983 D OCAM_TaskBus: needDisableUx: false corePoolSize: 4 mDoneTasks: 1 mAllTasksCls: 12 this:fh.b@68a9e9c
02-27 19:55:04.083 17937 17983 V OCAM_OppoCamera_TRACE: traceEndSection, msg: InitDcsTask
02-27 19:55:04.083 17937 17976 I CameraUnit, FeatureImpl: initCategoryAndValueType, do not have matching category featureName: fovc
02-27 19:55:04.083 17937 17983 V OCAM_OppoCamera_TRACE: traceBeginSection, msg: InitThreadMonitorTask
02-27 19:55:04.083 17937 17983 W OCAM_ThreadMonitor: prepare()
02-27 19:55:04.083 17937 17937 D OCAM_ApsService: onStartCommand
02-27 19:55:04.083 17937 17976 I CameraUnit, FeatureImpl: initCategoryAndValueType, do not have matching category featureName: fovc
02-27 19:55:04.084 17937 17983 V OCAM_OppoCamera_TRACE: traceEndSection, msg: InitThreadMonitorTask
02-27 19:55:04.084 17937 17983 D OCAM_TaskBusRunnable: TaskBusRunable.run executeTask: InitThreadMonitorTask, cost time: 1ms.
02-27 19:55:04.084 17937 17983 D OCAM_TaskBus: needDisableUx: false corePoolSize: 4 mDoneTasks: 2 mAllTasksCls: 12 this:fh.b@68a9e9c
02-27 19:55:04.084 17937 17983 V OCAM_OppoCamera_TRACE: traceEndSection, msg: InitThreadMonitorTask
02-27 19:55:04.084 17937 17985 D OppoUsbEnvironmentSys: update: hasPerm WRITE_MEDIA_STORAGE=false, contextApp=com.oplus.camera.MyApplication@256e035
02-27 19:55:04.084 17937 17983 V OCAM_OppoCamera_TRACE: traceBeginSection, msg: InitAlgoListModelTask
02-27 19:55:04.084 17937 17983 V OCAM_OppoCamera_TRACE: traceEndSection, msg: InitAlgoListModelTask
02-27 19:55:04.084 17937 17983 D OCAM_TaskBusRunnable: TaskBusRunable.run executeTask: InitAlgoListModelTask, cost time: 0ms.
02-27 19:55:04.084 17937 17983 D OCAM_TaskBus: needDisableUx: false corePoolSize: 4 mDoneTasks: 3 mAllTasksCls: 12 this:fh.b@68a9e9c
02-27 19:55:04.084 17937 17983 V OCAM_OppoCamera_TRACE: traceEndSection, msg: InitAlgoListModelTask
02-27 19:55:04.084 17937 17983 V OCAM_OppoCamera_TRACE: traceBeginSection, msg: InitActivityContextUtil
02-27 19:55:04.084 17937 17983 V OCAM_OppoCamera_TRACE: traceEndSection, msg: InitActivityContextUtil
02-27 19:55:04.084 17937 17983 D OCAM_TaskBusRunnable: TaskBusRunable.run executeTask: InitActivityContextUtil, cost time: 0ms.
02-27 19:55:04.084 17937 17983 D OCAM_TaskBus: needDisableUx: false corePoolSize: 4 mDoneTasks: 4 mAllTasksCls: 12 this:fh.b@68a9e9c
02-27 19:55:04.084 17937 17983 V OCAM_OppoCamera_TRACE: traceEndSection, msg: InitActivityContextUtil
02-27 19:55:04.084 17937 17983 V OCAM_OppoCamera_TRACE: traceBeginSection, msg: InitCameraConfigHeavyTask
02-27 19:55:04.085 17937 17984 I OCAM_TaskBusRunnable: TaskBusRunable.run setUx for 17984
02-27 19:55:04.085 17937 17976 I CameraUnit, FeatureImpl: initCategoryAndValueType, do not have matching category featureName: portrait_body_type
02-27 19:55:04.085 17937 17984 V OCAM_OppoCamera_TRACE: traceBeginSection, msg: InitCameraConfigTask
02-27 19:55:04.085 17937 17984 V OCAM_CameraConfig: initialize, sbInit: false
02-27 19:55:04.086 17937 17987 W OCAM_ThreadMonitor: ***** Monitor thread start *****
02-27 19:55:04.086 17937 17985 D OppoUsbEnvironmentSys: update: registerListener sStorageListener
02-27 19:55:04.086 17937 17976 I CameraUnit, FeatureImpl: initCategoryAndValueType, do not have matching category featureName: fovc
02-27 19:55:04.086 17937 17984 V ApsAdapter, UpdateHelper: getRusUpdatePath, updatePath: /data/user/0/com.oplus.camera/files/odm/etc/camera/config/oplus_camera_config
02-27 19:55:04.087 17937 17976 I CameraUnit, FeatureImpl: initCategoryAndValueType, do not have matching category featureName: fovc
02-27 19:55:04.087 17937 17937 E DynamicFramerate [DynamicFrameRateController]: getOplusRefreshRateService: can't get service binder: IOPlusRefreshRate
02-27 19:55:04.087 17937 17937 E DynamicFramerate [DynamicFrameRateController]: getOplusRefreshRateService: can't get service interface: IOPlusRefreshRate
02-27 19:55:04.088 17937 17976 I CameraUnit, FeatureImpl: initCategoryAndValueType, do not have matching category featureName: nightVideo
02-27 19:55:04.088 17937 17937 E DynamicFramerate [FRTCConfigManager]: getFRTCInfo: error on OplusRefreshRateService.getFRTCInfo mOplusRefreshRateService is null!
02-27 19:55:04.088 17937 17937 I DynamicFramerate [FRTCConfigManager]: initFrameRateConfig: 
02-27 19:55:04.088 17937 17937 I DynamicFramerate [FRTCConfigManager]: 	levels: [120]
02-27 19:55:04.088 17937 17937 I DynamicFramerate [FRTCConfigManager]: 	thresholds: []
02-27 19:55:04.088 17937 17937 I DynamicFramerate [FRTCConfigManager]: FRTCConfigManager: FRTC_CAPABILITY = 0, package name = com.oplus.camera, WINDOW_ANIMATION_SPEED_RATE = 10, SCROLL_ANIMATION_SPEED_RATE = 20, PACKAGE_ENABLE = false
02-27 19:55:04.088 17937 17937 I DynamicFramerate [DynamicFrameRateController]: init info: mPackageName = com.oplus.camera, mIsEnabled = false
02-27 19:55:04.088 17937 17976 I CameraUnit, FeatureImpl: initCategoryAndValueType, do not have matching category featureName: beauty
02-27 19:55:04.089 17937 17976 I CameraUnit, FeatureImpl: initCategoryAndValueType, do not have matching category featureName: fovc
02-27 19:55:04.090 17937 17976 I CameraUnit, FeatureImpl: initCategoryAndValueType, do not have matching category featureName: nightVideo
02-27 19:55:04.090 17937 17985 D OCAM_SPDataBuffer: SPDataBuffer: create SPDataBuffer at com.oplus.camera_preferences_0
02-27 19:55:04.090 17937 17985 E OCAM_Storage: initializeCachedDeletedMediaIds, sCachedMediaIds: []
02-27 19:55:04.090 17937 17976 I CameraUnit, FeatureImpl: initCategoryAndValueType, do not have matching category featureName: fovc
02-27 19:55:04.095 17937 17976 I CameraUnit, JsonParser: initAllModeFeatures X, spend time: 16
02-27 19:55:04.095 17937 17984 W OplusString: [WARNING] string_util.cpp: 324  OplusStringJNI_needGetString() length: 18164, flag: 123, 34, 125
02-27 19:55:04.095 17937 17976 E CameraUnit_TRACE: traceBeginSection, msg: CameraCharacteristicsHelper.initialize
02-27 19:55:04.095 17937 17985 V OCAM_OppoCamera_TRACE: traceEndSection, msg: initStoragePathTask
02-27 19:55:04.095 17937 17985 D OCAM_TaskBusRunnable: TaskBusRunable.run executeTask: initStoragePathTask, cost time: 17ms.
02-27 19:55:04.095 17937 17985 D OCAM_TaskBus: needDisableUx: false corePoolSize: 4 mDoneTasks: 5 mAllTasksCls: 12 this:fh.b@68a9e9c
02-27 19:55:04.096 17937 17985 V OCAM_OppoCamera_TRACE: traceEndSection, msg: initStoragePathTask
02-27 19:55:04.096 17937 17976 I CameraManagerExtImpl: packagename is com.oplus.camera
02-27 19:55:04.096 17937 17985 V OCAM_OppoCamera_TRACE: traceBeginSection, msg: InitCameraConfigAsyncTask
02-27 19:55:04.096 17937 17984 W OplusString: [WARNING] string_util.cpp: 324  OplusStringJNI_needGetString() length: 21542, flag: 123, 10, 10
02-27 19:55:04.096 17937 17976 I OplusCameraManager: saveOpPackageName, mOpPackageName: com.oplus.camera
02-27 19:55:04.096 17937 17985 I OCAM_Task: initCameraConfig
02-27 19:55:04.096 17937 17985 V OCAM_CameraThreadExector: thread name: feature_init
02-27 19:55:04.096 17937 17985 V OCAM_CameraThreadExector: thread name: Camera Initialize
02-27 19:55:04.096 17937 17985 V OCAM_CameraThreadExector: thread name: init MyRegionAdapter
02-27 19:55:04.096 17937 17985 V OCAM_OppoCamera_TRACE: traceEndSection, msg: InitCameraConfigAsyncTask
02-27 19:55:04.096 17937 17985 D OCAM_TaskBusRunnable: TaskBusRunable.run executeTask: InitCameraConfigAsyncTask, cost time: 0ms.
02-27 19:55:04.096 17937 17985 D OCAM_TaskBus: needDisableUx: false corePoolSize: 4 mDoneTasks: 6 mAllTasksCls: 12 this:fh.b@68a9e9c
02-27 19:55:04.096 17937 17985 V OCAM_OppoCamera_TRACE: traceEndSection, msg: InitCameraConfigAsyncTask
02-27 19:55:04.096 17937 17985 V OCAM_OppoCamera_TRACE: traceBeginSection, msg: InitActivityUtilTask
02-27 19:55:04.096 17937 17985 V OCAM_OppoCamera_TRACE: traceEndSection, msg: InitActivityUtilTask
02-27 19:55:04.096 17937 17985 D OCAM_TaskBusRunnable: TaskBusRunable.run executeTask: InitActivityUtilTask, cost time: 0ms.
02-27 19:55:04.096 17937 17985 D OCAM_TaskBus: needDisableUx: false corePoolSize: 4 mDoneTasks: 7 mAllTasksCls: 12 this:fh.b@68a9e9c
02-27 19:55:04.096 17937 17985 V OCAM_OppoCamera_TRACE: traceEndSection, msg: InitActivityUtilTask
02-27 19:55:04.097 17937 17985 V OCAM_OppoCamera_TRACE: traceBeginSection, msg: InitVibrateManagerTask
02-27 19:55:04.097 17937 17985 V OCAM_OppoCamera_TRACE: traceEndSection, msg: InitVibrateManagerTask
02-27 19:55:04.097 17937 17985 D OCAM_TaskBusRunnable: TaskBusRunable.run executeTask: InitVibrateManagerTask, cost time: 0ms.
02-27 19:55:04.098 17937 17985 D OCAM_TaskBus: needDisableUx: false corePoolSize: 4 mDoneTasks: 8 mAllTasksCls: 12 this:fh.b@68a9e9c
02-27 19:55:04.098 17937 17985 V OCAM_OppoCamera_TRACE: traceEndSection, msg: InitVibrateManagerTask
02-27 19:55:04.099 17937 17984 D ApsAdapter, UpdateHelper: getValidConfigData, use ota config with new version, path: /odm/etc/camera/config/oplus_camera_config
02-27 19:55:04.099 17937 17976 D ApsAdapter, CameraPerformance: setUxThreadValue, pid is: 17937, tid is 17988 value is 129, keyThreadTag: UnitHandlerThread
02-27 19:55:04.099 14092 14504 I DCS>ContentProvider[1239]: support
02-27 19:55:04.101 17937 17976 D CameraUnit, CameraCharacteristicsWrapper: ROM version: oplus/ossi/ossi:15/AP3A.240617.008/1766769895910:user/release-keys
02-27 19:55:04.101 17937 17988 D CameraUnit, CameraCharacteristicsWrapper: start getting camera characteristics, camera: 0
02-27 19:55:04.101 17937 17976 D CameraUnit, CameraCharacteristicsWrapper: no need to wait for getting characteristics, camera: 0
02-27 19:55:04.102 17937 17988 I OplusCameraManagerGlobal: setClientInfo, packageName: com.oplus.camera, uid: 10153, pid: 17937
02-27 19:55:04.102 17937 17988 I CameraManagerGlobal: Connecting to camera service
02-27 19:55:04.103 17937 17984 D ApsAdapter, ApsUtils: initConfigData, new format with version: 13.001
02-27 19:55:04.103 17937 17984 V OCAM_CameraConfig: initialize X
02-27 19:55:04.103 17937 17983 I OCAM_CameraConfig: confirmInitCompleted cost: 17996us.
02-27 19:55:04.103 17937 17984 V OCAM_OppoCamera_TRACE: traceEndSection, msg: InitCameraConfigTask
02-27 19:55:04.103 17937 17984 D OCAM_TaskBusRunnable: TaskBusRunable.run executeTask: InitCameraConfigTask, cost time: 18ms.
02-27 19:55:04.103 17937 17984 D OCAM_TaskBus: needDisableUx: true corePoolSize: 4 mDoneTasks: 9 mAllTasksCls: 12 this:fh.b@68a9e9c
02-27 19:55:04.103 17937 17984 V OCAM_OppoCamera_TRACE: traceBeginSection, msg: disableKeyThreadValue_17984
02-27 19:55:04.104 17937 17985 V OCAM_OppoCamera_TRACE: traceBeginSection, msg: InitPerformanceTask
02-27 19:55:04.104 17937 17984 V OCAM_OppoCamera_TRACE: traceEndSection, msg: disableKeyThreadValue_17984
02-27 19:55:04.104 17937 17984 V OCAM_OppoCamera_TRACE: traceEndSection, msg: InitCameraConfigTask
02-27 19:55:04.104 17937 17984 V OCAM_OppoCamera_TRACE: traceBeginSection, msg: InitCaptureDeferTask
02-27 19:55:04.104 17937 17984 V OCAM_CameraThreadExector: thread name: Capture Defer Init
02-27 19:55:04.104 17937 17984 V OCAM_OppoCamera_TRACE: traceEndSection, msg: InitCaptureDeferTask
02-27 19:55:04.104 17937 17984 D OCAM_TaskBusRunnable: TaskBusRunable.run executeTask: InitCaptureDeferTask, cost time: 0ms.
02-27 19:55:04.104 17937 17984 D OCAM_TaskBus: needDisableUx: true corePoolSize: 4 mDoneTasks: 10 mAllTasksCls: 12 this:fh.b@68a9e9c
02-27 19:55:04.104 17937 17984 V OCAM_OppoCamera_TRACE: traceBeginSection, msg: disableKeyThreadValue_17984
02-27 19:55:04.104  4321  4327 W lus.appplatform: Reducing the number of considered missed Gc histogram windows from 129 to 100
02-27 19:55:04.105 17937 17976 D CameraUnit, CameraCharacteristicsWrapper: 23 cached value(s) built, camera: 0
02-27 19:55:04.105 17937 17984 V OCAM_OppoCamera_TRACE: traceEndSection, msg: disableKeyThreadValue_17984
02-27 19:55:04.105 17937 17984 V OCAM_OppoCamera_TRACE: traceEndSection, msg: InitCaptureDeferTask
02-27 19:55:04.105 17937 17984 D OCAM_ThreadManager: setUxThreadValue: pid is: 17937, tid is 17984 value is 130, keyThreadTag: TemporaryThread
02-27 19:55:04.105 17937 17976 V CameraUnit, CameraCharacteristicsHelper: initialize, cameraId: 0, cameraIdType: 0, cameraType: rear_main, availableStreamFpsRanges: null
02-27 19:55:04.106 17937 17984 E CameraUnit_TRACE: traceBeginSection, msg: parseFromProtobuf
02-27 19:55:04.106 17937 17976 D CameraUnit, CameraCharacteristicsWrapper: no need to wait for getting characteristics, camera: 1
02-27 19:55:04.107 17937 17983 V OCAM_CamCmdUtil: initialize, sSupportCamCmdValue: 0
02-27 19:55:04.107 17937 17985 V OCAM_Performance: init
02-27 19:55:04.108 17937 17983 V CameraUnit, PowerDebugUtil: updatePWDebugSysPropVal, PW_DEBUG pwVal: 0, captureVal: 0
02-27 19:55:04.108 17937 17983 E PowerDebugUtil: updatePWDebugVal, PW_DEBUG sPWVal: 0, sCaptureFlow: 0
02-27 19:55:04.108 17937 17983 V OCAM_CameraSettingsConfig: initialize, sbInit: false
02-27 19:55:04.108 17937 17985 W OCAM_QualityReport: /data/persist_log is readable
02-27 19:55:04.108 17937 17985 I OCAM_QualityReport: isTraceSupported, isPreVersion: false, accessPermission: true
02-27 19:55:04.108 17937 17985 D OCAM_QualityReport: init, mbIsTraceSupported: false
02-27 19:55:04.108 17937 17985 V OCAM_OppoCamera_TRACE: traceEndSection, msg: InitPerformanceTask
02-27 19:55:04.109 17937 17976 D CameraUnit, CameraCharacteristicsWrapper: 20 cached value(s) built, camera: 1
02-27 19:55:04.109 17937 17985 D OCAM_TaskBusRunnable: TaskBusRunable.run executeTask: InitPerformanceTask, cost time: 4ms.
02-27 19:55:04.109 17937 17976 V CameraUnit, CameraCharacteristicsHelper: initialize, cameraId: 1, cameraIdType: 1, cameraType: front_main, availableStreamFpsRanges: null
02-27 19:55:04.109 17937 17985 D OCAM_TaskBus: needDisableUx: true corePoolSize: 4 mDoneTasks: 11 mAllTasksCls: 12 this:fh.b@68a9e9c
02-27 19:55:04.109 17937 17985 V OCAM_OppoCamera_TRACE: traceBeginSection, msg: disableKeyThreadValue_17985
02-27 19:55:04.109 17937 17976 D CameraUnit, CameraCharacteristicsWrapper: no need to wait for getting characteristics, camera: 2
02-27 19:55:04.109 17937 17983 D OCAM_CameraConfig: isCaptureDeferSupported, sCaptureDeferSupported: null
02-27 19:55:04.109 17937 17976 D CameraUnit, CameraCharacteristicsWrapper: 3 cached value(s) built, camera: 2
02-27 19:55:04.109 17937 17976 V CameraUnit, CameraCharacteristicsHelper: initialize, cameraId: 2, cameraIdType: 13, cameraType: rear_mono_1, availableStreamFpsRanges: null
02-27 19:55:04.109 17937 17976 D CameraUnit, CameraCharacteristicsWrapper: no need to wait for getting characteristics, camera: 3
02-27 19:55:04.109 17937 17985 V OCAM_OppoCamera_TRACE: traceEndSection, msg: disableKeyThreadValue_17985
02-27 19:55:04.109 17937 17985 V OCAM_OppoCamera_TRACE: traceEndSection, msg: InitPerformanceTask
02-27 19:55:04.109 17937 17976 D CameraUnit, CameraCharacteristicsWrapper: 3 cached value(s) built, camera: 3
02-27 19:55:04.109 17937 17985 E OCAM_CameraConfig: isScreenFoldInwardLeftAndRight, sDeviceScreenForm: normal
02-27 19:55:04.109 17937 17976 V CameraUnit, CameraCharacteristicsHelper: initialize, cameraId: 3, cameraIdType: 17, cameraType: rear_macro, availableStreamFpsRanges: null
02-27 19:55:04.109 17937 17976 D CameraUnit, CameraCharacteristicsWrapper: no need to wait for getting characteristics, camera: 4
02-27 19:55:04.109 17937 17985 D OCAM_TuningParameterUpgradeUtil: checkTuningUpgrade
02-27 19:55:04.110 17937 17985 V OCAM_MyApplication: checkDataManagerStatus X
02-27 19:55:04.112 17937 17976 D CameraUnit, CameraCharacteristicsWrapper: 18 cached value(s) built, camera: 4
02-27 19:55:04.112 17937 17976 V CameraUnit, CameraCharacteristicsHelper: initialize, cameraId: 4, cameraIdType: 8, cameraType: rear_portrait, availableStreamFpsRanges: null
