02-27 19:54:49.366  2026  2618 I WindowManager: Window{ff10cad u0 com.esiri.esiriplus/com.esiri.esiriplus.MainActivity} state from COMMIT_DRAW_PENDING to READY_TO_SHOW; reason: commitFinishDrawingLocked
02-27 19:54:49.366  2026  2618 D OplusAppQuickStart_AppQuickStartController: onFirstWindowDrawn ar=ActivityRecord{ff0e87b u0 com.esiri.esiriplus/.MainActivity t8075}
02-27 19:54:49.366  2026  2618 D ActivityTaskManager: Finish StartingWindow: ActivityRecord{ff0e87b u0 com.esiri.esiriplus/.MainActivity t8075}first real window is shown
02-27 19:54:49.367  2026  2618 D ActivityTaskManager: removeStartingWindowAnimation starting ActivityRecord{ff0e87b u0 com.esiri.esiriplus/.MainActivity t8075} startingWindow=null ,startingView=com.android.server.wm.StartingSurfaceController$StartingSurface@87e47aa,Callers=com.android.server.wm.ActivityRecord.removeStartingWindow:3563 com.android.server.wm.ActivityRecord.onFirstWindowDrawn:8581 com.android.server.wm.WindowState.performShowLocked:5071 com.android.server.wm.WindowStateAnimator.commitFinishDrawingLocked:342 com.android.server.wm.DisplayContent.lambda$new$8:1141 
02-27 19:54:49.367  2026  2618 D OplusStartingWindowManager: interceptRemoveStartingWindow: packageName=com.esiri.esiriplus,  componentName=com.esiri.esiriplus/.MainActivity, isSnapshot=false, startingSurfaceRunnable=null, isDrawCompleted=false, hasSurfaceView=false, inTransition=false
02-27 19:54:49.367  2026  2618 D OplusSplitScreenDnDUI: notifyRemoveStartingWindow isSpitScreenDrag = false mDropTargetSurface = null StartingWindowpkgName = com.esiri.esiriplus DragPkg = null isLauncherResume = false
02-27 19:54:49.367  2026  2618 D OplusStartingWindowManager: interceptRemoveStartingWindow: hasSplashWindowFlag() return false for activity=ActivityRecord{ff0e87b u0 com.esiri.esiriplus/.MainActivity t8075}
02-27 19:54:49.369  2026  2618 D WindowManager: setFrameRateStart invalid typeId return!
02-27 19:54:49.371  4683 21047 I iopgp   : Iopgp: TRANSACTION_IOPGP_ON_ACTIVITY_LAUNCH_FINISHED sequence_id = 566 timestamp_nanos = 834955979899506
02-27 19:54:49.371  2026  2618 I Quality : LaunchTime2.0: com.esiri.esiriplus/.MainActivity 1 3760 com.android.shell 89 262
02-27 19:54:49.372  2026  2618 I WindowManager: Window{ff10cad u0 com.esiri.esiriplus/com.esiri.esiriplus.MainActivity} state from READY_TO_SHOW to HAS_DRAWN; reason: performShowLocked
02-27 19:54:49.468  2026  7699 D BiometricService: canAuthenticate: User=0, Caller=0, Authenticators=15, opPackageName=com.esiri.esiriplus
02-27 19:54:49.468  2026  7699 E OplusCustomizeRestrictionManagerService: isBiometricDisabled start
02-27 19:54:49.469  2026  7699 D BiometricService/PreAuthInfo: Package: com.esiri.esiriplus Sensor ID: 0 Modality: 2 Status: 1
02-27 19:54:49.469  2026  7699 E OplusCustomizeRestrictionManagerService: isBiometricDisabled start
02-27 19:54:49.470  2026  7699 D BiometricService/PreAuthInfo: Package: com.esiri.esiriplus Sensor ID: 4 Modality: 8 Status: 4
02-27 19:54:49.470  2026  7699 D BiometricService/PreAuthInfo: getCanAuthenticateInternal Modality: 2 AuthenticatorStatus: 1
02-27 19:54:49.470  2026  7699 D AuthService: canAuthenticate, userId: 0, callingUserId: 0, authenticators: 15, result: 0
02-27 19:54:49.485  2026  7699 D BiometricUtils: callingUid = 10497, importance = 100
02-27 19:54:49.485  2026  3428 E OplusCustomizeRestrictionManagerService: isBiometricDisabled start
02-27 19:54:49.486  2026  3428 D BiometricService/PreAuthInfo: Package: com.esiri.esiriplus Sensor ID: 0 Modality: 2 Status: 1
02-27 19:54:49.486  2026  3428 E OplusCustomizeRestrictionManagerService: isBiometricDisabled start
02-27 19:54:49.487  2026  3428 D BiometricService/PreAuthInfo: Package: com.esiri.esiriplus Sensor ID: 4 Modality: 8 Status: 4
02-27 19:54:49.487  2026  3428 D BiometricService/PreAuthInfo: getCanAuthenticateInternal Modality: 2 AuthenticatorStatus: 1
02-27 19:54:49.488  2026  3428 D BiometricService: handleAuthenticate: modality(2), status(0), preAuthInfo: BiometricRequested: true, StrengthRequested: 15, CredentialRequested: false, Eligible:{0 }, Ineligible:{ID(4), oemStrength: 4095, updatedStrength: 4095, modality 8, state: 0, cookie: 0:4 }, CredentialAvailable: true,  requestId: 316 promptInfo.isIgnoreEnrollmentState: false
02-27 19:54:49.488  2026  3428 D BiometricService: Creating authSession with authRequest: BiometricRequested: true, StrengthRequested: 15, CredentialRequested: false, Eligible:{0 }, Ineligible:{ID(4), oemStrength: 4095, updatedStrength: 4095, modality 8, state: 0, cookie: 0:4 }, CredentialAvailable: true, 
02-27 19:54:49.488  2026  3428 D BiometricService/AuthSession: Creating AuthSession with: BiometricRequested: true, StrengthRequested: 15, CredentialRequested: false, Eligible:{0 }, Ineligible:{ID(4), oemStrength: 4095, updatedStrength: 4095, modality 8, state: 0, cookie: 0:4 }, CredentialAvailable: true, 
02-27 19:54:49.488  2026  3428 V BiometricService/AuthSession: set to unknown state sensor: 0
02-27 19:54:49.488  2026  3428 V BiometricService/AuthSession: waiting for cooking for sensor: 0
02-27 19:54:49.489  2026  3428 D Biometrics/FingerprintProvider/FingerprintServiceProviderExtImpl: authPreOperation opPackageName = com.esiri.esiriplus, passedInToken = android.os.BinderProxy@2efab11
02-27 19:54:49.491  2026  3502 D BiometricScheduler: [Added] {[2072] com.android.server.biometrics.sensors.fingerprint.aidl.FingerprintAuthenticationClient, proto=3, owner=com.esiri.esiriplus, cookie=1523786708, requestId=316, userId=0}, new queue size: 1, interruptable: true
02-27 19:54:49.491  2026  3502 D BiometricScheduler: [Polled] {[2072] com.android.server.biometrics.sensors.fingerprint.aidl.FingerprintAuthenticationClient, proto=3, owner=com.esiri.esiriplus, cookie=1523786708, requestId=316, userId=0}, State: 0
02-27 19:54:49.491  2026  3502 D GestureAvailabilityTracker: Notifying gesture availability, active=false
02-27 19:54:49.491  2026  3502 D BiometricScheduler: Waiting for cookie before starting: {[2072] com.android.server.biometrics.sensors.fingerprint.aidl.FingerprintAuthenticationClient, proto=3, owner=com.esiri.esiriplus, cookie=1523786708, requestId=316, userId=0}, State: 4
02-27 19:54:49.491  2026  3428 D BiometricService/Sensor: Sensor(0) matched cookie: 1523786708
02-27 19:54:49.491  2026  3428 D BiometricService/AuthSession: Remaining cookies: 0
02-27 19:54:49.495 17704 17704 D VRI[MainActivity]: relayoutWindow result, sizeChanged:false, surfaceControlChanged:false, transformHintChanged:false, mSurfaceSize:Point(1080, 2400), mLastSurfaceSize:Point(1080, 2400), mWidth:1080, mHeight:2400, requestedWidth:1080, requestedHeight:2400, transformHint:0, installOrientation:0, displayRotation:0, isSurfaceValid:true, attr.flag:-2122243840, tmpFrames:ClientWindowFrames{frame=[0,0][1080,2400] display=[0,0][1080,2400] parentFrame=[0,0][1080,2400]}, relayoutAsync:true, mSyncSeqId:0
02-27 19:54:49.495  2026  7699 D WindowManagerServiceExtImpl: extractConfigInfoAndRealFlags rotation=0, screenDp=360, residentWS:0, win=Window{ff10cad u0 com.esiri.esiriplus/com.esiri.esiriplus.MainActivity}
02-27 19:54:49.495 17704 17704 W VRI[MainActivity]: updateBlastSurfaceIfNeeded, surfaceSize:Point(1080, 2400), lastSurfaceSize:Point(1080, 2400), format:-1, blastBufferQueue:android.graphics.BLASTBufferQueue@be53b4e
02-27 19:54:49.496  2026  7699 V WindowManager: Relayout Window{ff10cad u0 com.esiri.esiriplus/com.esiri.esiriplus.MainActivity}: viewVisibility=0, oldvis=0, req=1080x2400, vsysui=, x=0, y=0
02-27 19:54:49.496  2026  7699 I OplusScreenSecurityMask: add WindowsName list: Window{ff10cad u0 com.esiri.esiriplus/com.esiri.esiriplus.MainActivity} list size: 1 isFromSetSecure: true , surfaceShown = true , displayId = 0
02-27 19:54:49.496  2026  7699 I OplusScreenSecurityMask: onSecurityPageFlagChanged size: 0 , surfaceShown = true , displayId = 0
02-27 19:54:49.504  2026  3400 D InputMethodManagerService: isSecurity: attribute.packageName = com.esiri.esiriplus mCurMethodId = com.google.android.inputmethod.latin/com.android.inputmethod.latin.LatinIME isSecurity = false ( enable = true needShow = false inBlackList = false isExist = true )
02-27 19:54:49.515  2026  3924 D WindowManager: setFrameRateStart invalid typeId return!
02-27 19:54:49.519  2026  7705 W PackageConfigPersister: App-specific configuration not found for packageName: com.esiri.esiriplus and userId: 0
02-27 19:54:49.562  2026  3924 D WindowManager: NFW_findFocusedWindowIfNeeded:Window{8c9416f u0 BiometricPrompt} mCurrentFocus:Window{ff10cad u0 com.esiri.esiriplus/com.esiri.esiriplus.MainActivity}
02-27 19:54:49.564  2026  3545 E UAH-Framework: invalid window type -1, return
02-27 19:54:49.564  2026  3924 V WindowManager: Changing focus from Window{ff10cad u0 com.esiri.esiriplus/com.esiri.esiriplus.MainActivity} to Window{8c9416f u0 BiometricPrompt},diplayid=0
02-27 19:54:49.566  2026  3924 D WindowManager: setFrameRateStart invalid typeId return!
02-27 19:54:49.568  2026  3924 D WindowManager: setFrameRateStart invalid typeId return!
02-27 19:54:49.570  2026  3924 I WindowManager: addWindow: New client android.os.BinderProxy@b3ab49 : window=Window{8c9416f u0 BiometricPrompt}
02-27 19:54:49.580  2026  3924 D CoreBackPreview: Window{8c9416f u0 BiometricPrompt}: Setting back callback OnBackInvokedCallbackInfo{mCallback=android.window.IOnBackInvokedCallback$Stub$Proxy@b807a81, mPriority=0, mIsAnimationCallback=false}
02-27 19:54:49.585  2026  3924 D WindowManagerServiceExtImpl: extractConfigInfoAndRealFlags rotation=0, screenDp=360, residentWS:0, win=Window{8c9416f u0 BiometricPrompt}
02-27 19:54:49.585  2026  3924 V WindowManager: Relayout Window{8c9416f u0 BiometricPrompt}: viewVisibility=0, oldvis=0, req=1080x2400, vsysui=, x=0, y=0
02-27 19:54:49.585  2026  3924 I WindowManager: Window{8c9416f u0 BiometricPrompt} state from NO_SURFACE to DRAW_PENDING; reason: resetDrawState
02-27 19:54:49.592  2026  3924 D WindowManager: NFW_findFocusedWindowIfNeeded:Window{8c9416f u0 BiometricPrompt} mCurrentFocus:Window{8c9416f u0 BiometricPrompt}
02-27 19:54:49.592  2026  3924 D WindowManager: rotation(ROTATION_0) no changed  displayId = 0, lastOrientation = 1
02-27 19:54:49.597  3736  3736 W VRI[BiometricPrompt]: updateBlastSurfaceIfNeeded, surfaceSize:Point(1080, 2400), lastSurfaceSize:Point(0, 0), format:-3, blastBufferQueue:null
02-27 19:54:49.617  2026  3924 I WindowManager: Window{8c9416f u0 BiometricPrompt} state from DRAW_PENDING to COMMIT_DRAW_PENDING; reason: finishDrawingLocked
02-27 19:54:49.622  2026  2618 I WindowManager: Window{8c9416f u0 BiometricPrompt} state from COMMIT_DRAW_PENDING to READY_TO_SHOW; reason: commitFinishDrawingLocked
02-27 19:54:49.622  2026  2618 I WindowManager: Window{8c9416f u0 BiometricPrompt} state from READY_TO_SHOW to HAS_DRAWN; reason: performShowLocked
02-27 19:54:49.627  3736  3736 W VRI[BiometricPrompt]: handleResized, msg:, frameChanged:false, configChanged:false, displayChanged:false, attachedFrameChanged:false, compatScaleChanged:false, pendingDragResizing=false
02-27 19:54:49.634  2026  2618 I OplusScreenSecurityMask: add WindowsName list: Window{8c9416f u0 BiometricPrompt} list size: 2 isFromSetSecure: false , surfaceShown = true , displayId = 0
02-27 19:54:49.634  2026  2618 I OplusScreenSecurityMask: onSecurityPageFlagChanged size: 0 , surfaceShown = true , displayId = 0
02-27 19:54:49.645  2026  2620 D SurfaceAnimationRunner: onAnimationStart:Surface(name=Dim Layer for - WindowedMagnification:0:64)/@0xbcda726
02-27 19:54:49.696  2026  3400 D InputMethodManagerService: isSecurity: attribute.packageName = com.android.systemui mCurMethodId = com.google.android.inputmethod.latin/com.android.inputmethod.latin.LatinIME isSecurity = false ( enable = true needShow = false inBlackList = false isExist = true )
02-27 19:54:49.697  2026  3400 E ImeVisibilityStateComputer: SOFT_INPUT_STATE_ALWAYS_VISIBLE is ignored because there is no focused view that also returns true from View#onCheckIsTextEditor()
02-27 19:54:49.704  2026  7705 D WindowManager: setFrameRateStart invalid typeId return!
02-27 19:54:49.708  2026  7705 W PackageConfigPersister: App-specific configuration not found for packageName: com.android.systemui and userId: 0
02-27 19:54:49.746  2026  7705 D WindowManagerServiceExtImpl: extractConfigInfoAndRealFlags rotation=0, screenDp=360, residentWS:0, win=Window{fc0e5c8 u0 Splash Screen com.esiri.esiriplus}
02-27 19:54:49.747 17704 17704 I Quality : UISlowBinder:154394893
02-27 19:54:49.747  2026  7705 V WindowManager: Relayout Window{fc0e5c8 u0 Splash Screen com.esiri.esiriplus}: viewVisibility=8, oldvis=0, req=1080x2400, vsysui=
02-27 19:54:49.749  2026  7705 D WindowManager: setFrameRateStart invalid typeId return!
02-27 19:54:49.753  2026  7705 D WindowManager: NFW_findFocusedWindowIfNeeded:Window{8c9416f u0 BiometricPrompt} mCurrentFocus:Window{8c9416f u0 BiometricPrompt}
02-27 19:54:49.755  2026  2620 D SurfaceAnimationRunner: onAnimationStart:Surface(name=Surface(name=fc0e5c8 Splash Screen com.esiri.esiriplus)/@0x3c0f8b9 - animation-leash of window_animation)/@0xd0874fe
02-27 19:54:49.759  2026  7699 D WindowManager: NFW_findFocusedWindowIfNeeded:Window{8c9416f u0 BiometricPrompt} mCurrentFocus:Window{8c9416f u0 BiometricPrompt}
02-27 19:54:49.763  2026  3924 D CoreBackPreview: Window{fc0e5c8 u0 Splash Screen com.esiri.esiriplus EXITING}: Setting back callback null
02-27 19:54:49.776  2026  7705 I WindowManager: Window{d051e6f u0 com.android.launcher/com.android.launcher.Launcher} state from HAS_DRAWN to NO_SURFACE; reason: destroySurface
02-27 19:54:49.777  2026  7705 I WindowManager: Window{1ddf8a3 u0 com.android.launcher/com.android.launcher.Launcher} state from HAS_DRAWN to NO_SURFACE; reason: destroySurface
02-27 19:54:49.779  2026  7705 D ActivityTaskManager: Clearing startingData for activity=ActivityRecord{381b9ce u0 com.android.launcher/.Launcher t5} mStartingData=null mStartingSurface=null
02-27 19:54:49.844  2026  2620 D SurfaceAnimationRunner: onAnimationEnd:Surface(name=Dim Layer for - WindowedMagnification:0:64)/@0xbcda726
02-27 19:54:49.874  2026  3428 D BiometricService: handleOnDialogAnimatedIn
02-27 19:54:49.874  2026  3428 V BiometricService/AuthSession: Starting sensor: 0
02-27 19:54:49.875  2026  3502 D BiometricScheduler: [Started] {[2072] com.android.server.biometrics.sensors.fingerprint.aidl.FingerprintAuthenticationClient, proto=3, owner=com.esiri.esiriplus, cookie=1523786708, requestId=316, userId=0}
02-27 19:54:49.875  2026  3502 D BiometricStateCallback: State updated from 0 to 3, client {[2072] com.android.server.biometrics.sensors.fingerprint.aidl.FingerprintAuthenticationClient, proto=3, owner=com.esiri.esiriplus, cookie=1523786708, requestId=316, userId=0}
02-27 19:54:49.875  2026  3502 D Biometrics/AuthenticationClient: Requesting auth for com.esiri.esiriplus
02-27 19:54:49.878  2026  3502 D OplusUserManagerServiceEnhance: getMultiSystemUserId  res = -10000
02-27 19:54:49.890  2026  3502 V BiometricSchedulerOperation: started: {[2072] com.android.server.biometrics.sensors.fingerprint.aidl.FingerprintAuthenticationClient, proto=3, owner=com.esiri.esiriplus, cookie=1523786708, requestId=316, userId=0}, State: 2
02-27 19:54:49.892  2026  3502 D BiometricScheduler: [Started] Prepared client: {[2072] com.android.server.biometrics.sensors.fingerprint.aidl.FingerprintAuthenticationClient, proto=3, owner=com.esiri.esiriplus, cookie=1523786708, requestId=316, userId=0}, State: 2
02-27 19:54:49.911  2026  2620 D SurfaceAnimationRunner: onAnimationEnd:Surface(name=Surface(name=fc0e5c8 Splash Screen com.esiri.esiriplus)/@0x3c0f8b9 - animation-leash of window_animation)/@0xd0874fe
02-27 19:54:49.911  2026  2618 I WindowStateExtImpl: onSurfaceShowChange show = false mPackageName = com.esiri.esiriplus parentPkgName = com.esiri.esiriplus
02-27 19:54:49.912  2026  2618 I WindowManager: Window{fc0e5c8 u0 Splash Screen com.esiri.esiriplus EXITING} state from HAS_DRAWN to NO_SURFACE; reason: destroySurface
02-27 19:54:52.283  2026  2844 D OplusDisplayBrightnessBroadcastReceiver: onReceive action = android.intent.action.BATTERY_CHANGED , listeners = [com.android.server.display.OplusFeatureHDREnhanceBrightness$PhoneInfoReceiver@d078a20, com.android.server.display.OplusFeatureEdrEnhanceBrightness$PhoneInfoReceiver@d0bbfd9]
02-27 19:54:53.235  2026  2702 D CompatChangeReporter: Compat change id reported: 151861875; UID 10310; state: ENABLED
02-27 19:54:53.252  2026  2704 I ActivityManager: Start proc 17817:com.google.android.apps.chromecast.app/u0a310 for service {com.google.android.apps.chromecast.app/com.google.android.apps.chromecast.app.systemcontrol.HomeControlService}
02-27 19:54:53.299  2026  7706 D ActivityTaskManagerServiceExtImpl: preBindApplication record is null
02-27 19:54:53.398 17817 17817 D ResourcesManagerExtImpl: applyConfigurationToAppResourcesLocked app.getDisplayId() return callback.displayId:-1
02-27 19:54:53.649  2026  4107 I ActivityManager: Flag disabled. Ignoring finishAttachApplication from uid: 10310. pid: 17817
02-27 19:54:53.680  2026  3215 D CompatChangeReporter: Compat change id reported: 311402873; UID 10310; state: ENABLED
02-27 19:54:53.680  2026  3215 D CompatChangeReporter: Compat change id reported: 323349338; UID 10310; state: ENABLED
--------- beginning of main
02-27 19:54:53.921 17817 17876 D nativeloader: Extending system_exposed_libraries: libbinauralrenderer_wrapper.qti.so:libhoaeffects.qti.so:libSloganJni.oplus.so:libsuperNight.oplus.so:libAPSClient-cmd-jni-extension.oplus.so:libsatellite_audio_jni.oplus.so:libortc_so.oplus.so:libsoundtouch.oplus.so:libsoundtouch_jni.oplus.so:libOplusStringJNI-extension.oplus.so:libapssuspend-jni.oplus.so:libupdateprof.qti.so:libthermalclient.qti.so:libqape.qti.so:libqesdk_ndk_platform.qti.so:liblistenjni.qti.so
02-27 19:54:53.926 20407 23186 W OplusExSystemServiceHelper: checkOplusExSystemService intent getComponent is null
02-27 19:54:53.926 17817 17876 D nativeloader: Load /data/app/~~3YYTJU0yQ8V4m0Wpeovg4A==/com.google.android.gms-IIercjMpHxdhu-4KHhrLAQ==/split_CronetDynamite_installtime.apk!/lib/arm64-v8a/libcronet.145.0.7582.0.so using isolated ns clns-12 (caller=/data/app/~~3YYTJU0yQ8V4m0Wpeovg4A==/com.google.android.gms-IIercjMpHxdhu-4KHhrLAQ==/split_CronetDynamite_installtime.apk): ok
02-27 19:54:53.936 17817 17921 I HttpFlagsLoader: HTTP flags log line (Impl): Using live production flag values from Google
02-27 19:54:53.940  2026  7706 D ConnectivityService: requestNetwork for uid/pid:10310/17817 activeRequest: null callbackRequest: 105849 [NetworkRequest [ REQUEST id=105850, [ Capabilities: INTERNET&NOT_RESTRICTED&TRUSTED&NOT_VCN_MANAGED&NOT_BANDWIDTH_CONSTRAINED Uid: 10310 RequestorUid: 10310 RequestorPkg: com.google.android.apps.chromecast.app UnderlyingNetworks: Null] ]] callback flags: 0 order: 2147483647 isUidTracked: false declaredMethods: AVAIL|LOST|NC|LP
02-27 19:54:53.941 17817 17876 I cn_CronetLibraryLoader: Cronet version: 145.0.7582.0, arch: aarch64
02-27 19:54:53.943  2026  3448 D OemPaidWifiNetworkFactory: got request NetworkRequest [ REQUEST id=105850, [ Capabilities: INTERNET&NOT_RESTRICTED&TRUSTED&NOT_VCN_MANAGED&NOT_BANDWIDTH_CONSTRAINED Uid: 10310 RequestorUid: 10310 RequestorPkg: com.google.android.apps.chromecast.app UnderlyingNetworks: Null] ]
02-27 19:54:53.943  2026  3448 D MultiInternetWifiNetworkFactory: got request NetworkRequest [ REQUEST id=105850, [ Capabilities: INTERNET&NOT_RESTRICTED&TRUSTED&NOT_VCN_MANAGED&NOT_BANDWIDTH_CONSTRAINED Uid: 10310 RequestorUid: 10310 RequestorPkg: com.google.android.apps.chromecast.app UnderlyingNetworks: Null] ]
02-27 19:54:53.944  2026  3448 D WifiNetworkFactory: got request NetworkRequest [ REQUEST id=105850, [ Capabilities: INTERNET&NOT_RESTRICTED&TRUSTED&NOT_VCN_MANAGED&NOT_BANDWIDTH_CONSTRAINED Uid: 10310 RequestorUid: 10310 RequestorPkg: com.google.android.apps.chromecast.app UnderlyingNetworks: Null] ]
02-27 19:54:53.944  2026  3448 D UntrustedWifiNetworkFactory: got request NetworkRequest [ REQUEST id=105850, [ Capabilities: INTERNET&NOT_RESTRICTED&TRUSTED&NOT_VCN_MANAGED&NOT_BANDWIDTH_CONSTRAINED Uid: 10310 RequestorUid: 10310 RequestorPkg: com.google.android.apps.chromecast.app UnderlyingNetworks: Null] ]
02-27 19:54:53.945  2026  4107 D CompatChangeReporter: Compat change id reported: 319212206; UID 10310; state: ENABLED
02-27 19:54:53.945  2026  3455 D ConnectivityService: NetReassign [105850 : null → 271] [c 0] [a 1] [i 4]
02-27 19:54:53.947   646   646 E lowmemorykiller: device memory 491916 free 80249 file 396955
02-27 19:54:53.951  2026  3455 D ConnectivityService: NetReassign [no changes] [c 0] [a 1] [i 4]
02-27 19:54:53.962 17817 17876 W PhenotypeFlag: Setting enableAutoSubpackage on SharedPrefs-backed flags
02-27 19:54:53.999 20407 17882 W CCTFlatFileLogStore: Excessive logging: 512 events, 234577 bytes from log source CHROMECAST_APP_LOG last 2474s
02-27 19:54:54.048   646   646 E lowmemorykiller: device memory 487480 free 75524 file 397244
02-27 19:54:54.124  1535  4281 E PerformanceService: storage_feature: open /sys/devices/platform/soc/112b0000.ufshci//virtualtlcbuff fail
02-27 19:54:54.178  2026  3795 I Osense-PsiDetector: 1906,297,2537,7679,67,436,220,1206,1882,760,791,0,8,7318
02-27 19:54:54.178 14128 17206 I metis_v2_OsenseCallBack: memLevel: 2 [Metis|com.oplus.metis|1.4.54-aa2067f]
02-27 19:54:54.223  4130  4583 D CommonApp-271-10497: transport layer data is invalid
02-27 19:54:54.248   646   646 E lowmemorykiller: device memory 488114 free 75768 file 397630
02-27 19:54:54.293 26780 23512 D CustomLogManagerService: WorkHandler msg.what :5
02-27 19:54:54.296 26780 23512 D CustomLogManagerService: user experience toggle off
02-27 19:54:54.484  1540  1753 D BatteryChargeControl: bcc get no support from charging protocol
02-27 19:54:54.554 17817 17926 I cn_CronetUrlRequestContext: destroyNativeStreamLocked org.chromium.net.impl.CronetBidirectionalStream@1c604a8
02-27 19:54:54.593 14128 17206 I metis_v2_OsenseCallBack: memLevel: 1 [Metis|com.oplus.metis|1.4.54-aa2067f]
02-27 19:54:54.818  1510  8349 I QC2Comp : [vp9D_3966] Stats: Pending(3) i/p-done(0) Works: Q: 26/Done 25|Work-Rate: Q(0.0/s Avg=0.0/s) Done(0.000/s Avg=0.001/s)| Stream: 30.30fps 174.6Kbps
02-27 19:54:54.818  1510  8349 I QC2Comp : Mem-usage:  [In-1D - 5 bufs 14.941 MB] [1D-0 - 15 bufs 0.234 MB] [2D-3823 - 23 bufs 17.250 MB]
02-27 19:54:54.818  1510  8349 I QC2Comp : Total Mem-usage: 32.426 MB
02-27 19:54:55.045  7647 31827 D gaia-GaiaConnectChecker: start connect check++
02-27 19:54:55.048  7647 31760 D gaia-GaiaConnectChecker: start connect check++
02-27 19:54:55.215   646   646 E lowmemorykiller: device memory 487994 free 75335 file 397910
02-27 19:54:55.216  2026  3795 I Osense-PsiDetector: 1906,294,2536,7679,67,436,220,1207,1884,761,792,0,8,7330
02-27 19:54:55.216 14128 17206 I metis_v2_OsenseCallBack: memLevel: 2 [Metis|com.oplus.metis|1.4.54-aa2067f]
02-27 19:54:55.247  4130  4583 D CommonApp-271-10497: transport layer data is invalid
02-27 19:54:55.345  1540  1540 D vendor.oplus.hardware.charger-V6-service: getChargerControl:sub_current=100
02-27 19:54:55.345  1540  1540 D vendor.oplus.hardware.charger-V6-service: sub_voltage=3800
02-27 19:54:55.345  1540  1540 D vendor.oplus.hardware.charger-V6-service: sub_soc=-1
02-27 19:54:55.345  1540  1540 D vendor.oplus.hardware.charger-V6-service: sub_temperature=250
02-27 19:54:55.345  1540  1540 D vendor.oplus.hardware.charger-V6-service: main_soc=13
02-27 19:54:55.487  1540  1753 D BatteryChargeControl: bcc get no support from charging protocol
02-27 19:54:55.579  2026  2678 D Theia.TransparentWindow: handleMessage CHECK_TRANS_WINDOW_ERROR_MSG
02-27 19:54:55.619  4248  4248 D SubsysEventListenerManager-SubsysTelephonyCallback[1]: onSignalStrengthsChanged
02-27 19:54:55.622  3736  3959 I SystemUi--Statusbar: MobileConnectionRepositoryImpl-->subId:3 isSoftSimCard:false slotId:1
02-27 19:54:55.632 14128 17206 I metis_v2_OsenseCallBack: memLevel: 1 [Metis|com.oplus.metis|1.4.54-aa2067f]
02-27 19:54:55.844  2026  4174 I OplusHansManager : uid=10350, pkg=com.happymod.apk cannot transition from R to M, importance=fg-service
02-27 19:54:56.132  1493  3607 I [UAH_CLIENT]: UahRelease, handle:507791
02-27 19:54:56.135  1493 17726 E ANDR-PERF-MPCTL: Active req limit reached, No optimizations performed
02-27 19:54:56.235   646   646 E lowmemorykiller: device memory 487968 free 75280 file 397971
02-27 19:54:56.261  2026  3795 I Osense-PsiDetector: 1906,294,2535,7679,67,436,220,1207,1884,762,792,0,8,7328
02-27 19:54:56.263 14128 17206 I metis_v2_OsenseCallBack: memLevel: 2 [Metis|com.oplus.metis|1.4.54-aa2067f]
02-27 19:54:56.271  4130  4583 D CommonApp-271-10497: transport layer data is invalid
02-27 19:54:56.337   646   646 E lowmemorykiller: device memory 488461 free 75730 file 398014
02-27 19:54:56.378  2026  3448 D WifiStaIfaceHidlImpl: getCachedScanData is not implemented by HIDL
02-27 19:54:56.394  4248  4248 D VendorWifiService: onEvent event:9,action:1
02-27 19:54:56.402  2026  3554 D OplusWifiPower_TriggerCenter: mComponentCallback: wifistat
02-27 19:54:56.490  1540  1753 D BatteryChargeControl: bcc get no support from charging protocol
02-27 19:54:56.677 14128 17206 I metis_v2_OsenseCallBack: memLevel: 1 [Metis|com.oplus.metis|1.4.54-aa2067f]
02-27 19:54:57.296  4130  4583 D CommonApp-271-10497: transport layer data is invalid
02-27 19:54:57.302  2026  3795 I Osense-PsiDetector: 1907,295,2535,7679,67,436,220,1205,1884,762,792,0,8,7328
02-27 19:54:57.302 14128 17206 I metis_v2_OsenseCallBack: memLevel: 2 [Metis|com.oplus.metis|1.4.54-aa2067f]
02-27 19:54:57.412  1540  1540 D vendor.oplus.hardware.charger-V6-service: get_ui_charge_icon_type 0 0 0 0 0
02-27 19:54:57.415  1540  1540 D vendor.oplus.hardware.charger-V6-service: oplus_chg_get_cpa_power 2500 charge_online 1 retention_topic 0
02-27 19:54:57.426  3736  3736 I SystemUi--Statusbar: BatteryControllerExt-->updateBatteryChangeIntent():broadcast=android.intent.action.BATTERY_CHANGED,level=14,scale=100
02-27 19:54:57.428  3736  3736 I SystemUi--Statusbar: BatteryRepository-->level: 14 -- isSavingMode: false
02-27 19:54:57.436  2026  2844 D OplusDisplayBrightnessBroadcastReceiver: onReceive action = android.intent.action.BATTERY_CHANGED , listeners = [com.android.server.display.OplusFeatureHDREnhanceBrightness$PhoneInfoReceiver@d078a20, com.android.server.display.OplusFeatureEdrEnhanceBrightness$PhoneInfoReceiver@d0bbfd9]
02-27 19:54:57.437  4248  4248 D SubsysBroadcastManager: onReceive action:android.intent.action.BATTERY_CHANGED
02-27 19:54:57.442 26084 26084 D DeviceStatisticsService: onReceive: action= android.intent.action.BATTERY_CHANGED
02-27 19:54:57.459  7792  9430 E Battery : ChargeProtectionUtils: mCanlendarTmp.isEmpty()!
02-27 19:54:57.461 26780 26780 D CustomLogManagerService: onReceive android.intent.action.BATTERY_CHANGED
02-27 19:54:57.479  1540  1540 D vendor.oplus.hardware.charger-V6-service: getChargerControl:sub_current=100
02-27 19:54:57.479  1540  1540 D vendor.oplus.hardware.charger-V6-service: sub_voltage=3800
02-27 19:54:57.479  1540  1540 D vendor.oplus.hardware.charger-V6-service: sub_soc=-1
02-27 19:54:57.479  1540  1540 D vendor.oplus.hardware.charger-V6-service: sub_temperature=250
02-27 19:54:57.479  1540  1540 D vendor.oplus.hardware.charger-V6-service: main_soc=13
02-27 19:54:57.492  1540  1753 D BatteryChargeControl: bcc get no support from charging protocol
02-27 19:54:57.557  1510 18624 I QC2Comp : [vp9D_3677] Stats: Pending(3) i/p-done(0) Works: Q: 26/Done 25|Work-Rate: Q(0.0/s Avg=0.0/s) Done(0.000/s Avg=0.000/s)| Stream: 25.00fps 328.6Kbps
02-27 19:54:57.557  1510 18624 I QC2Comp : Mem-usage:  [In-1D - 5 bufs 14.941 MB] [1D-0 - 15 bufs 0.234 MB] [2D-3534 - 23 bufs 51.750 MB]
02-27 19:54:57.557  1510 18624 I QC2Comp : Total Mem-usage: 66.926 MB
02-27 19:54:57.718 14128 17206 I metis_v2_OsenseCallBack: memLevel: 1 [Metis|com.oplus.metis|1.4.54-aa2067f]
02-27 19:54:57.903  1540  1717 D vendor.oplus.hardware.charger-V6-service: ret_value:127, read content:,383,371,3708,3708,-96,500,2200,13,14,1,4,-1,4908,13,1,0,1,1,0,0,4425,0,2,0,2,0,0,0,381,0,1,1,0,0,61,61,61,0,0,0,0,0,0,0,0,0,0
02-27 19:54:57.903  1540  1717 D vendor.oplus.hardware.charger-V6-service: gmtime: 2026-02-27-19-54-57
02-27 19:54:57.904  1540  1717 D vendor.oplus.hardware.charger-V6-service: usb_online:1, ac_online:0, wireless_online:-2147483648
02-27 19:54:58.319  4130  4583 D CommonApp-271-10497: transport layer data is invalid
02-27 19:54:58.336  2026  3795 I Osense-PsiDetector: 1907,295,2534,7679,68,436,220,1206,1884,762,792,0,8,7328
02-27 19:54:58.337 14128 17206 I metis_v2_OsenseCallBack: memLevel: 2 [Metis|com.oplus.metis|1.4.54-aa2067f]
02-27 19:54:58.496  1540  1753 D BatteryChargeControl: bcc get no support from charging protocol
02-27 19:54:58.672  7270 29953 D ShellSubscriberWorkerThread: the first 8 bytes empty, and RestData length > 8 
02-27 19:54:58.720   646   646 E lowmemorykiller: device memory 488303 free 75375 file 398211
02-27 19:54:58.753 14128 17206 I metis_v2_OsenseCallBack: memLevel: 1 [Metis|com.oplus.metis|1.4.54-aa2067f]
02-27 19:54:58.824   646   646 E lowmemorykiller: device memory 488326 free 75312 file 398297
02-27 19:54:58.916 20407 20407 D BoundBrokerSvc: onUnbind: Intent { act=com.google.android.gms.common.telemetry.service.START dat=chimera-action:/... cmp=com.google.android.gms/.chimera.PersistentApiService mCallingUid=10116 }
02-27 19:54:59.071  1318 24659 E TetherController: property_get sys.radio.data.modem_share_flag return 0, 1!
02-27 19:54:59.125  1535  4281 E PerformanceService: storage_feature: open /sys/devices/platform/soc/112b0000.ufshci//virtualtlcbuff fail
02-27 19:54:59.229   646   646 E lowmemorykiller: device memory 488339 free 75249 file 398373
02-27 19:54:59.311  2026  4174 I OplusHansManager : uid=10310, pkg=com.google.android.apps.chromecast.app M enter(), R stay=6
02-27 19:54:59.343  4130  4583 D CommonApp-271-10497: transport layer data is invalid
02-27 19:54:59.377  2026  3795 I Osense-PsiDetector: 1907,293,2533,7679,68,436,220,1206,1885,762,793,0,8,7328
02-27 19:54:59.378 14128 17206 I metis_v2_OsenseCallBack: memLevel: 2 [Metis|com.oplus.metis|1.4.54-aa2067f]
02-27 19:54:59.405  2026  3448 D WifiStaIfaceHidlImpl: getCachedScanData is not implemented by HIDL
02-27 19:54:59.421  4248  4248 D VendorWifiService: onEvent event:9,action:1
02-27 19:54:59.428  2026  3554 D OplusWifiPower_TriggerCenter: mComponentCallback: wifistat
02-27 19:54:59.463 26780 23512 D CustomLogManagerService: WorkHandler msg.what :5
02-27 19:54:59.463 26780 23512 D CustomLogManagerService: user experience toggle off
02-27 19:54:59.498  1540  1753 D BatteryChargeControl: bcc get no support from charging protocol
02-27 19:54:59.584  7957 30927 I PTC.DISC.AndroidMultiLanServer: Watcher sysNif=[wlan0], userNif=[wlan0 state=(LISTEN JOIN(05A86A|11648)), ], clientNif=[wlan0 state=(LISTEN), ], tcpServer state=LISTEN, ipv4=**68.1.3
02-27 19:54:59.707   714 17764 I keystore2: system/security/keystore2/watchdog/src/lib.rs:319 - Watchdog thread idle -> terminating. Have a great day.
02-27 19:54:59.793 14128 17206 I metis_v2_OsenseCallBack: memLevel: 1 [Metis|com.oplus.metis|1.4.54-aa2067f]
02-27 19:54:59.819  1510  8349 I QC2Comp : [vp9D_3966] Stats: Pending(3) i/p-done(0) Works: Q: 26/Done 25|Work-Rate: Q(0.0/s Avg=0.0/s) Done(0.000/s Avg=0.001/s)| Stream: 30.30fps 174.6Kbps
02-27 19:54:59.819  1510  8349 I QC2Comp : Mem-usage:  [In-1D - 5 bufs 14.941 MB] [1D-0 - 15 bufs 0.234 MB] [2D-3823 - 23 bufs 17.250 MB]
02-27 19:54:59.819  1510  8349 I QC2Comp : Total Mem-usage: 32.426 MB
02-27 19:55:00.002  2026  3361 V AlarmManager: sending alarm Alarm{8e43835 type 3 origWhen 1200508323 whenElapsed 1200508323 android} uid 1000 whenElapsed 1200508323 windowLength 0 maxWhenElapsed 1200508323 repeatInterval 0 action null component null tag TIME_TICK flags 0x9 procName system_server
02-27 19:55:00.011  4248  4248 D SubsysBroadcastManager: onReceive action:android.intent.action.TIME_TICK
02-27 19:55:00.012  3736  3736 I SystemUi--SystemUi--: Clock-->smallTime: 19:55
02-27 19:55:00.014  3736  3736 I SystemUi--SystemUi--: Clock-->smallTime: 19:55
02-27 19:55:00.023  2026  2844 D OplusDisplayBrightnessBroadcastReceiver: onReceive action = android.intent.action.TIME_TICK , listeners = [com.android.server.display.ambience.events.event.TimeEvent$TimeChangeReceiver@5d77067]
02-27 19:55:00.024  7792  8951 D PhoneScreenOnTime: affairType:231
02-27 19:55:00.033  7792  8951 D PhoneUsageTime: affairType:231
02-27 19:55:00.364  1540  1540 D vendor.oplus.hardware.charger-V6-service: getChargerControl:sub_current=100
02-27 19:55:00.364  1540  1540 D vendor.oplus.hardware.charger-V6-service: sub_voltage=3800
02-27 19:55:00.364  1540  1540 D vendor.oplus.hardware.charger-V6-service: sub_soc=-1
02-27 19:55:00.364  1540  1540 D vendor.oplus.hardware.charger-V6-service: sub_temperature=250
02-27 19:55:00.364  1540  1540 D vendor.oplus.hardware.charger-V6-service: main_soc=13
02-27 19:55:00.367  4130  4583 D CommonApp-271-10497: transport layer data is invalid
02-27 19:55:00.392  4130  4583 D CommonApp-271-10497: DefaultState EVENT_SCENARIOS_CHANGE
02-27 19:55:00.392  4130  4583 D CommonApp-271-10497: scene=COMMON pn=com.esiri.esiriplus
02-27 19:55:00.416  2026  3795 I Osense-PsiDetector: 1909,294,2532,7679,68,436,218,1206,1885,762,793,0,8,7325
02-27 19:55:00.417 14128 17206 I metis_v2_OsenseCallBack: memLevel: 2 [Metis|com.oplus.metis|1.4.54-aa2067f]
02-27 19:55:00.500  1540  1753 D BatteryChargeControl: bcc get no support from charging protocol
02-27 19:55:00.694   646   646 E lowmemorykiller: device memory 488682 free 74737 file 398875
02-27 19:55:00.795   646   646 E lowmemorykiller: device memory 488581 free 74548 file 398963
02-27 19:55:00.829 14128 17206 I metis_v2_OsenseCallBack: memLevel: 1 [Metis|com.oplus.metis|1.4.54-aa2067f]
02-27 19:55:01.303   646   646 E lowmemorykiller: device memory 488563 free 74485 file 399008
02-27 19:55:01.391  4130  4583 D CommonApp-271-10497: transport layer data is invalid
02-27 19:55:01.453  2026  3795 I Osense-PsiDetector: 1908,290,2531,7679,68,436,218,1207,1887,763,795,0,8,7325
02-27 19:55:01.454 14128 17206 I metis_v2_OsenseCallBack: memLevel: 2 [Metis|com.oplus.metis|1.4.54-aa2067f]
02-27 19:55:01.503  1540  1753 D BatteryChargeControl: bcc get no support from charging protocol
02-27 19:55:01.869 14128 17206 I metis_v2_OsenseCallBack: memLevel: 1 [Metis|com.oplus.metis|1.4.54-aa2067f]
02-27 19:55:02.416  4130  4583 D CommonApp-271-10497: transport layer data is invalid
02-27 19:55:02.435  2026  3448 D WifiStaIfaceHidlImpl: getCachedScanData is not implemented by HIDL
02-27 19:55:02.457  4248  4248 D VendorWifiService: onEvent event:9,action:1
02-27 19:55:02.465  2026  3554 D OplusWifiPower_TriggerCenter: mComponentCallback: wifistat
02-27 19:55:02.491  2026  3795 I Osense-PsiDetector: 1908,290,2530,7679,68,436,218,1206,1888,763,795,0,8,7325
02-27 19:55:02.492 14128 17206 I metis_v2_OsenseCallBack: memLevel: 2 [Metis|com.oplus.metis|1.4.54-aa2067f]
02-27 19:55:02.504  1540  1753 D BatteryChargeControl: bcc get no support from charging protocol
02-27 19:55:02.557  1510 18624 I QC2Comp : [vp9D_3677] Stats: Pending(3) i/p-done(0) Works: Q: 26/Done 25|Work-Rate: Q(0.0/s Avg=0.0/s) Done(0.000/s Avg=0.000/s)| Stream: 25.00fps 328.6Kbps
02-27 19:55:02.557  1510 18624 I QC2Comp : Mem-usage:  [In-1D - 5 bufs 14.941 MB] [1D-0 - 15 bufs 0.234 MB] [2D-3534 - 23 bufs 51.750 MB]
02-27 19:55:02.557  1510 18624 I QC2Comp : Total Mem-usage: 66.926 MB
02-27 19:55:02.905  1540  1717 D vendor.oplus.hardware.charger-V6-service: ret_value:127, read content:,383,371,3708,3708,-77,500,2200,13,14,1,4,-1,4908,13,1,0,1,1,0,0,4425,0,2,0,2,0,0,0,381,0,1,1,0,0,61,61,61,0,0,0,0,0,0,0,0,0,0
02-27 19:55:02.906  1540  1717 D vendor.oplus.hardware.charger-V6-service: gmtime: 2026-02-27-19-55-02
02-27 19:55:02.906  1540  1717 D vendor.oplus.hardware.charger-V6-service: usb_online:1, ac_online:0, wireless_online:-2147483648
02-27 19:55:02.908 14128 17206 I metis_v2_OsenseCallBack: memLevel: 1 [Metis|com.oplus.metis|1.4.54-aa2067f]
02-27 19:55:03.302  1540  1540 D vendor.oplus.hardware.charger-V6-service: get_ui_charge_icon_type 0 0 0 0 0
02-27 19:55:03.305  1540  1540 D vendor.oplus.hardware.charger-V6-service: oplus_chg_get_cpa_power 2500 charge_online 1 retention_topic 0
02-27 19:55:03.321  3736  3736 I SystemUi--Statusbar: BatteryControllerExt-->updateBatteryChangeIntent():broadcast=android.intent.action.BATTERY_CHANGED,level=14,scale=100
02-27 19:55:03.322  3736  3736 I SystemUi--Statusbar: BatteryRepository-->level: 14 -- isSavingMode: false
02-27 19:55:03.322  2026  2844 D OplusDisplayBrightnessBroadcastReceiver: onReceive action = android.intent.action.BATTERY_CHANGED , listeners = [com.android.server.display.OplusFeatureHDREnhanceBrightness$PhoneInfoReceiver@d078a20, com.android.server.display.OplusFeatureEdrEnhanceBrightness$PhoneInfoReceiver@d0bbfd9]
02-27 19:55:03.323  4248  4248 D SubsysBroadcastManager: onReceive action:android.intent.action.BATTERY_CHANGED
02-27 19:55:03.328 26084 26084 D DeviceStatisticsService: onReceive: action= android.intent.action.BATTERY_CHANGED
02-27 19:55:03.346  7792  9430 E Battery : ChargeProtectionUtils: mCanlendarTmp.isEmpty()!
02-27 19:55:03.347 26780 26780 D CustomLogManagerService: onReceive android.intent.action.BATTERY_CHANGED
02-27 19:55:03.368  1540  1540 D vendor.oplus.hardware.charger-V6-service: getChargerControl:sub_current=100
02-27 19:55:03.368  1540  1540 D vendor.oplus.hardware.charger-V6-service: sub_voltage=3800
02-27 19:55:03.368  1540  1540 D vendor.oplus.hardware.charger-V6-service: sub_soc=-1
02-27 19:55:03.368  1540  1540 D vendor.oplus.hardware.charger-V6-service: sub_temperature=250
02-27 19:55:03.368  1540  1540 D vendor.oplus.hardware.charger-V6-service: main_soc=13
02-27 19:55:03.439  4130  4583 D CommonApp-271-10497: transport layer data is invalid
02-27 19:55:03.508  1540  1753 D BatteryChargeControl: bcc get no support from charging protocol
02-27 19:55:03.530  2026  3795 I Osense-PsiDetector: 1908,290,2529,7679,68,436,218,1206,1887,763,795,0,8,7325
02-27 19:55:03.531 14128 17206 I metis_v2_OsenseCallBack: memLevel: 2 [Metis|com.oplus.metis|1.4.54-aa2067f]
02-27 19:55:03.737  2026  2702 D CompatChangeReporter: Compat change id reported: 151861875; UID 10153; state: ENABLED
02-27 19:55:03.737  2026  2702 V GrammaticalInflectionUtils: AttributionSource: android.content.AttributionSource@6f0e3e17 does not have READ_SYSTEM_GRAMMATICAL_GENDER permission.
02-27 19:55:03.747  1318 24659 E TetherController: property_get sys.radio.data.modem_share_flag return 0, 1!
02-27 19:55:03.776  1319  1319 D Zygote  : Forked child process 17937
02-27 19:55:03.777  2026  2704 I ActivityManager: Start proc 17937:com.oplus.camera/u0a153 for service {com.oplus.camera/com.oplus.camera.aps.service.ApsService}
02-27 19:55:03.779  7270 29953 D ShellSubscriberWorkerThread: the first 8 bytes empty, and RestData length > 8 
02-27 19:55:03.805 17937 17937 E om.oplus.camera: Unknown bits set in runtime_flags: 0x40000000
02-27 19:55:03.806 17937 17937 I om.oplus.camera: Using CollectorTypeCC GC.
02-27 19:55:03.817 17937 17937 D nativeloader: Load libframework-connectivity-tiramisu-jni.so using APEX ns com_android_tethering for caller /apex/com.android.tethering/javalib/framework-connectivity-t.jar: ok
02-27 19:55:03.821 17937 17937 D OplusActivityThreadExtImpl: java.lang.NoSuchMethodException: dalvik.system.VMRuntime.SupressionGC [int, int]
02-27 19:55:03.821 17937 17937 W libc    : Access denied finding property "persist.vendor.sys.activitylog"
02-27 19:55:03.821 17937 17937 I OneTrace: Mark active for pid=17937? true
02-27 19:55:03.821 17937 17937 D cutils-dev: otrace_set_tracing_enabled? true tag:0
02-27 19:55:03.822 17937 17946 D cutils-dev: properties changed in otrace_seq_number_changed!
02-27 19:55:03.829  2026  7706 D ActivityTaskManagerServiceExtImpl: preBindApplication record is null
02-27 19:55:03.829  2026  7706 D RGBNormalizeServer: OplusRGBNormalize feature enabled ? false
02-27 19:55:03.829  2026  7706 D ResourcesManagerCache: For package com.oplus.camera we got cacheList [null] appInfoExt is null ? false hasFeature ? false
02-27 19:55:03.836 17937 17937 D OplusActivityManager: get AMS extension: android.os.BinderProxy@b4cb17f
02-27 19:55:03.841 17937 17946 D OplusAppHeapManager: java.lang.NoSuchMethodException: dalvik.system.VMRuntime.updateProcessValue [int, int, int]
02-27 19:55:03.843 17937 17937 D callGcSupression: java.lang.NullPointerException: Attempt to invoke virtual method 'java.lang.Object java.lang.reflect.Method.invoke(java.lang.Object, java.lang.Object[])' on a null object reference
02-27 19:55:03.845 13218 13218 D BoundBrokerSvc: onUnbind: Intent { act=com.google.android.gms.measurement.START pkg=com.google.android.gms mCallingUid=10497 }
02-27 19:55:03.848 17937 17937 D CompactWindowAppManager: initCompactApplicationInfo CompactMode: , NormalMode: 
02-27 19:55:03.854 17937 17937 D OplusScrollToTopManager: setIsInWhiteList false
02-27 19:55:03.855 17937 17937 D OplusViewDebugManager: OplusViewDebugManager Constructor android.view.debug.OplusViewDebugManager@9754995 [mHasViewDebugProperty true] [mHasMsgDebugProperty false] [DEBUG false] [EXTRAINFOENABLE false] [LIGHT_OS false]
02-27 19:55:03.866 17937 17937 W libc    : Access denied finding property "ro.odm.prev.product.name"
02-27 19:55:03.869 17937 17937 D ApplicationLoaders: Returning zygote-cached class loader: /system/framework/org.apache.http.legacy.jar
02-27 19:55:03.881 17937 17937 D nativeloader: InitLlndkLibrariesProduct: libEGL.so:libGLESv1_CM.so:libGLESv2.so:libGLESv3.so:libRS.so:libandroid_net.so:libapexsupport.so:libbinder_ndk.so:libc.so:libcgrouprc.so:libclang_rt.asan-aarch64-android.so:libclang_rt.asan-arm-android.so:libclang_rt.hwasan-aarch64-android.so:libcom.android.tethering.connectivity_native.so:libdl.so:libft2.so:liblog.so:libm.so:libmediandk.so:libnativewindow.so:libneuralnetworks.so:libselinux.so:libsync.so:libvendorsupport.so:libvndksupport.so:libvulkan.so
02-27 19:55:03.881 17937 17937 D nativeloader: Configuring product-clns-7 for unbundled product apk /product/framework/com.oplus.camera.unit.sdk.jar. target_sdk_version=35, uses_libraries=ALL, library_path=/product/app/OplusCamera/lib/arm64:/product/app/OplusCamera/OplusCamera.apk!/lib/arm64-v8a:/product/lib64:/system/product/lib64, permitted_path=/data:/mnt/expand:/data/user/0/com.oplus.camera:/product/lib64:/system/product/lib64
02-27 19:55:03.882 17937 17937 D nativeloader: Extending system_exposed_libraries: libbinauralrenderer_wrapper.qti.so:libhoaeffects.qti.so:libSloganJni.oplus.so:libsuperNight.oplus.so:libAPSClient-cmd-jni-extension.oplus.so:libsatellite_audio_jni.oplus.so:libortc_so.oplus.so:libsoundtouch.oplus.so:libsoundtouch_jni.oplus.so:libOplusStringJNI-extension.oplus.so:libapssuspend-jni.oplus.so:libupdateprof.qti.so:libthermalclient.qti.so:libqape.qti.so:libqesdk_ndk_platform.qti.so:liblistenjni.qti.so
02-27 19:55:03.884 17937 17937 D nativeloader: InitVndkspLibrariesProduct: VNDK is deprecated with product
02-27 19:55:03.884 17937 17937 D ApplicationLoaders: Returning zygote-cached class loader: /system_ext/framework/androidx.window.extensions.jar
02-27 19:55:03.884 17937 17937 D ApplicationLoaders: Returning zygote-cached class loader: /system_ext/framework/androidx.window.sidecar.jar
02-27 19:55:03.893 17817 17913 E GoogleApiManager: Failed to get service from broker. 
02-27 19:55:03.893 17817 17913 E GoogleApiManager: java.lang.SecurityException: Unknown calling package name 'com.google.android.gms'.
02-27 19:55:03.893 17817 17913 E GoogleApiManager: 	at android.os.Parcel.createExceptionOrNull(Parcel.java:3271)
02-27 19:55:03.893 17817 17913 E GoogleApiManager: 	at android.os.Parcel.createException(Parcel.java:3255)
02-27 19:55:03.893 17817 17913 E GoogleApiManager: 	at android.os.Parcel.readException(Parcel.java:3238)
02-27 19:55:03.893 17817 17913 E GoogleApiManager: 	at android.os.Parcel.readException(Parcel.java:3180)
02-27 19:55:03.893 17817 17913 E GoogleApiManager: 	at bfbc.a(:com.google.android.gms@260632035@26.06.32 (260400-869789857):36)
02-27 19:55:03.893 17817 17913 E GoogleApiManager: 	at bezd.z(:com.google.android.gms@260632035@26.06.32 (260400-869789857):143)
02-27 19:55:03.893 17817 17913 E GoogleApiManager: 	at befj.run(:com.google.android.gms@260632035@26.06.32 (260400-869789857):42)
02-27 19:55:03.893 17817 17913 E GoogleApiManager: 	at android.os.Handler.handleCallback(Handler.java:973)
02-27 19:55:03.893 17817 17913 E GoogleApiManager: 	at android.os.Handler.dispatchMessage(Handler.java:100)
02-27 19:55:03.893 17817 17913 E GoogleApiManager: 	at ctlu.ms(:com.google.android.gms@260632035@26.06.32 (260400-869789857):1)
02-27 19:55:03.893 17817 17913 E GoogleApiManager: 	at ctlu.dispatchMessage(:com.google.android.gms@260632035@26.06.32 (260400-869789857):5)
02-27 19:55:03.893 17817 17913 E GoogleApiManager: 	at android.os.Looper.loopOnce(Looper.java:282)
02-27 19:55:03.893 17817 17913 E GoogleApiManager: 	at android.os.Looper.loop(Looper.java:387)
02-27 19:55:03.893 17817 17913 E GoogleApiManager: 	at android.os.HandlerThread.run(HandlerThread.java:85)
02-27 19:55:03.894 17817 17913 W GoogleApiManager: Not showing notification since connectionResult is not user-facing: ConnectionResult{statusCode=DEVELOPER_ERROR, resolution=null, message=null, clientMethodKey=null}
02-27 19:55:03.933   646   646 E lowmemorykiller: device memory 485696 free 70638 file 399859
02-27 19:55:03.945 14128 17206 I metis_v2_OsenseCallBack: memLevel: 1 [Metis|com.oplus.metis|1.4.54-aa2067f]
02-27 19:55:03.951 17937 17937 D nativeloader: Configuring product-clns-8 for unbundled product apk /product/app/OplusCamera/OplusCamera.apk. target_sdk_version=35, uses_libraries=, library_path=/product/app/OplusCamera/lib/arm64:/product/app/OplusCamera/OplusCamera.apk!/lib/arm64-v8a:/product/lib64:/system/product/lib64, permitted_path=/data:/mnt/expand:/data/user/0/com.oplus.camera:/product/lib64:/system/product/lib64
02-27 19:55:03.954 17937 17937 D CompatChangeReporter: Compat change id reported: 202956589; UID 10153; state: ENABLED
02-27 19:55:03.955 17273 17273 I Finsky  : [2] Memory trim requested to level 40
02-27 19:55:03.956 17273 17273 I Finsky  : [2] Flushing in-memory image cache
02-27 19:55:03.967 17937 17937 V GraphicsEnvironment: Currently set values for:
02-27 19:55:03.967 17937 17937 V GraphicsEnvironment:   angle_gl_driver_selection_pkgs=[]
02-27 19:55:03.967 17937 17937 V GraphicsEnvironment:   angle_gl_driver_selection_values=[]
02-27 19:55:03.967 17937 17937 V GraphicsEnvironment: Global.Settings values are invalid: number of packages: 0, number of values: 0
02-27 19:55:03.967 17937 17937 V GraphicsEnvironment: Neither updatable production driver nor prerelease driver is supported.
02-27 19:55:03.970 17937 17937 D ResourcesManagerExtImpl: applyConfigurationToAppResourcesLocked app.getDisplayId() return callback.displayId:-1
02-27 19:55:03.972 17937 17937 V OCAM_MyApplication: attachBaseContext, E
02-27 19:55:03.972 17937 17937 V OCAM_OppoCamera_TRACE: traceBeginSection, msg: CameraStartupPerformance.attachBaseContext
02-27 19:55:03.974 17937 17950 D OCAM_ThreadManager: setUxThreadValue: pid is: 17937, tid is 17950 value is 130, keyThreadTag: TaskBusThread
02-27 19:55:03.974 17937 17953 D OCAM_ThreadManager: setUxThreadValue: pid is: 17937, tid is 17953 value is 130, keyThreadTag: TaskBusThread
02-27 19:55:03.974 17937 17951 D OCAM_ThreadManager: setUxThreadValue: pid is: 17937, tid is 17951 value is 130, keyThreadTag: TaskBusThread
02-27 19:55:03.974 17937 17949 D OCAM_ThreadManager: setUxThreadValue: pid is: 17937, tid is 17949 value is 130, keyThreadTag: TaskBusThread
02-27 19:55:03.974 17937 17950 E OCAM_AppOsenseResClientHelper: init, sbKeyThreadFeatureOpen: false
02-27 19:55:03.975 17937 17937 V OCAM_OppoCamera_TRACE: traceBeginSection, msg: CameraStartupPerformance.preloadClassForDlOpen
02-27 19:55:03.977 17937 17950 D nativeloader: Load libSchedAssistJni.so using system ns (caller=/system/framework/oplus-framework.jar): ok
02-27 19:55:03.977 17937 17950 D ExtensionsLoader: createInstance(64bit) : createExtendedFactory
02-27 19:55:03.979 17937 17950 D ExtensionsLoader: Opened libSchedAssistExtImpl.so
02-27 19:55:03.979 17937 17950 E SchedAssist: ofbOpen failed with error=No such file or directory
02-27 19:55:03.979 17937 17950 E SchedAssist: sysOpen failed with error=No such file or directory
02-27 19:55:03.980 17937 17950 E SchedAssist: open sharedFd failed with error=Permission denied
02-27 19:55:03.980 17937 17950 E SchedAssist: open sharedFd failed with error=Permission denied
02-27 19:55:03.980 17937 17950 E SchedAssist: open sharedFd failed with error=Permission denied
02-27 19:55:03.980 17937 17950 E SchedAssist: open sharedFd failed with error=Permission denied
02-27 19:55:03.980 17937 17950 D OsenseResManager: uaf enabled=false, uaf key thread enabled=false
02-27 19:55:03.982 17937 17937 D nativeloader: Load liboplushwui_jni.so using system ns (caller=/system/framework/oplus-framework.jar): ok
02-27 19:55:03.984 17937 17937 W Sensors : Cannot get virtualdevice_native service
02-27 19:55:03.984 17937 17950 V OCAM_OppoCamera_TRACE: traceBeginSection, msg: initCoreThread
02-27 19:55:03.985 17937 17950 V OCAM_OppoCamera_TRACE: traceEndSection, msg: initCoreThread
02-27 19:55:03.986 17937 17951 V OCAM_OppoCamera_TRACE: traceBeginSection, msg: initCoreThread
02-27 19:55:03.986 17937 17949 V OCAM_OppoCamera_TRACE: traceBeginSection, msg: initCoreThread
02-27 19:55:03.986 17937 17949 V OCAM_OppoCamera_TRACE: traceEndSection, msg: initCoreThread
02-27 19:55:03.986 17937 17951 V OCAM_OppoCamera_TRACE: traceEndSection, msg: initCoreThread
02-27 19:55:03.986 17937 17953 V OCAM_OppoCamera_TRACE: traceBeginSection, msg: initCoreThread
