02-27 19:29:48.330  2026  4236 I ActivityManager: Flag disabled. Ignoring finishAttachApplication from uid: 10116. pid: 3086
02-27 19:29:48.591  2026  4236 W SettingsStatsUtil: Can not parse value to float: +network
02-27 19:29:48.729  2026  3235 D CompatChangeReporter: Compat change id reported: 311208629; UID 10116; state: ENABLED
02-27 19:29:49.009  2026  3382 D PowerManagerService: userActivityNoUpdateLocked: groupId=0, eventTime=833455614, event=touch, flags=0x0, uid=1000
02-27 19:29:49.044  2026  4236 I VibratorManagerServiceExtImpl: vibrate is uid=10272, pid=0, opPkg=com.google.android.inputmethod.latin, effect=Mono{mEffect=Composed{segments=[Prebaked{effect=CLICK, strength=MEDIUM, fallback=true}], repeat=-1}}, attributes=VibrationAttributes{mUsage=TOUCH, mAudioUsage= USAGE_UNKNOWN, mCategory=KEYBOARD, mFlags=0}, reason=performHapticFeedback(constant=3): View#performHapticFeedback, token=209420963
02-27 19:29:49.128  2026  4236 W PresentationStatsEventLogger: Bad view state for: -1
02-27 19:29:49.409  2026  3382 D PowerManagerService: userActivityNoUpdateLocked: groupId=0, eventTime=833456014, event=touch, flags=0x0, uid=1000
02-27 19:29:49.427  2026  4236 I VibratorManagerServiceExtImpl: vibrate is uid=10272, pid=0, opPkg=com.google.android.inputmethod.latin, effect=Mono{mEffect=Composed{segments=[Prebaked{effect=CLICK, strength=MEDIUM, fallback=true}], repeat=-1}}, attributes=VibrationAttributes{mUsage=TOUCH, mAudioUsage= USAGE_UNKNOWN, mCategory=KEYBOARD, mFlags=0}, reason=performHapticFeedback(constant=3): View#performHapticFeedback, token=209420963
02-27 19:29:49.483  2026  4236 W PresentationStatsEventLogger: Bad view state for: -1
02-27 19:29:50.569  2026  3382 D PowerManagerService: userActivityNoUpdateLocked: groupId=0, eventTime=833457175, event=touch, flags=0x0, uid=1000
02-27 19:29:50.575  2026  4236 I VibratorManagerServiceExtImpl: vibrate is uid=10272, pid=0, opPkg=com.google.android.inputmethod.latin, effect=Mono{mEffect=Composed{segments=[Prebaked{effect=CLICK, strength=MEDIUM, fallback=true}], repeat=-1}}, attributes=VibrationAttributes{mUsage=TOUCH, mAudioUsage= USAGE_UNKNOWN, mCategory=KEYBOARD, mFlags=0}, reason=performHapticFeedback(constant=3): View#performHapticFeedback, token=209420963
02-27 19:29:50.664  2026  4236 W PresentationStatsEventLogger: Bad view state for: -1
02-27 19:29:51.022  2217  2217 W wificond: Failed to get NL80211_ATTR_MAX_NUM_AKM_SUITES
02-27 19:29:51.024  2217  2217 W wificond: Failed to get NL80211_ATTR_MAX_NUM_AKM_SUITES
02-27 19:29:51.027  2217  2217 W wificond: Failed to get NL80211_ATTR_MAX_NUM_AKM_SUITES
02-27 19:29:51.489  2026  3382 D PowerManagerService: userActivityNoUpdateLocked: groupId=0, eventTime=833458094, event=touch, flags=0x0, uid=1000
02-27 19:29:51.496  2026  3235 I VibratorManagerServiceExtImpl: vibrate is uid=10272, pid=0, opPkg=com.google.android.inputmethod.latin, effect=Mono{mEffect=Composed{segments=[Prebaked{effect=CLICK, strength=MEDIUM, fallback=true}], repeat=-1}}, attributes=VibrationAttributes{mUsage=TOUCH, mAudioUsage= USAGE_UNKNOWN, mCategory=KEYBOARD, mFlags=0}, reason=performHapticFeedback(constant=3): View#performHapticFeedback, token=209420963
02-27 19:29:51.598  2026  4114 W PresentationStatsEventLogger: Bad view state for: -1
02-27 19:29:51.678  2026  3361 V AlarmManager: sending alarm Alarm{701b242 type 3 origWhen 1199000000 whenElapsed 1199000000 android} uid 1000 whenElapsed 1199000000 windowLength 0 maxWhenElapsed 1199000000 repeatInterval 0 action null component null tag StatsCompanionService.periodic flags 0x9 procName system_server
02-27 19:29:51.987  2026  3382 D PowerManagerService: userActivityNoUpdateLocked: groupId=0, eventTime=833458592, event=touch, flags=0x0, uid=1000
02-27 19:29:52.109  2026  3400 D InputMethodManagerService: isSecurity: attribute.packageName = com.esiri.esiriplus mCurMethodId = com.google.android.inputmethod.latin/com.android.inputmethod.latin.LatinIME isSecurity = false ( enable = true needShow = false inBlackList = false isExist = true )
02-27 19:29:52.112  2026  3400 I FlexibleTaskController: onShowImeRequested
02-27 19:29:52.114  2026  4114 W PackageConfigPersister: App-specific configuration not found for packageName: com.esiri.esiriplus and userId: 0
02-27 19:29:52.137  2026  3822 I AppsFilter: interaction: PackageSetting{62f9e04 com.esiri.esiriplus/10497} -> PackageSetting{d3e4ce0 com.google.android.inputmethod.latin/10272} BLOCKED
02-27 19:29:52.137  2026  3822 W PresentationStatsEventLogger: Couldn't find packageName: com.google.android.inputmethod.latin
02-27 19:29:52.141  2026  3400 I FlexibleTaskController: onShowImeRequested
02-27 19:29:52.299  4434  4434 I Quality : GetResourcesInfo:57794792,/data/app/~~bhruEKpUUmRzXmRr7WeoGA==/com.google.android.inputmethod.latin-QGzxnYGDgN75zaMI6CwqJw==/base.apk
02-27 19:29:52.325  2026  7703 W WindowManager: Requires INTERNAL_SYSTEM_WINDOW permission if assign type to input. New type will be 0.
02-27 19:29:52.354  2026  7703 W WindowManager: Requires INTERNAL_SYSTEM_WINDOW permission if assign type to input. New type will be 0.
02-27 19:29:52.487  2026  2609 D AutofillSession: onShown(): 2, 1
02-27 19:29:52.506  2026  3822 D OplusStartingWindowManager: updateRecordSurfaceViewState windowToken = android.os.BinderProxy@adab76, surfaceState = true, attachedToWindow = true, inList = false, win = Window{7742577 u0 InputMethod}
02-27 19:29:52.523  2026  7703 D OplusStartingWindowManager: updateRecordSurfaceViewState windowToken = android.os.BinderProxy@adab76, surfaceState = true, attachedToWindow = true, inList = false, win = Window{7742577 u0 InputMethod}
02-27 19:29:52.741  2026  7703 W WindowManager: Failed looking up window session=Session{3a118e2 4434:u0a10281} callers=com.android.server.wm.WindowManagerService.removeClientToken:2214 com.android.server.wm.Session.remove:292 android.view.IWindowSession$Stub.onTransact:685 
02-27 19:29:53.086  2026  2026 I ServiceConnector.Impl: unbindJobThread: connection = ServiceConnector@459(Intent { act=android.service.autofill.AutofillService cmp=com.google.android.gms/.autofill.service.AutofillService mCallingUid=1000 }, user: 0)[Unbinding...]service = android.service.autofill.IAutoFillService$Stub$Proxy@f98f75f mBinding = false
02-27 19:29:53.409  2026  2844 D OplusDisplayBrightnessBroadcastReceiver: onReceive action = android.intent.action.BATTERY_CHANGED , listeners = [com.android.server.display.OplusFeatureHDREnhanceBrightness$PhoneInfoReceiver@d078a20, com.android.server.display.OplusFeatureEdrEnhanceBrightness$PhoneInfoReceiver@d0bbfd9]
02-27 19:29:53.885  2026  3382 D PowerManagerService: userActivityNoUpdateLocked: groupId=0, eventTime=833460490, event=touch, flags=0x0, uid=1000
02-27 19:29:53.894  2026  4235 D OplusStartingWindowManager: updateRecordSurfaceViewState windowToken = android.os.BinderProxy@adab76, surfaceState = true, attachedToWindow = true, inList = false, win = Window{7742577 u0 InputMethod}
02-27 19:29:53.898  2026  4235 D OplusStartingWindowManager: updateRecordSurfaceViewState windowToken = android.os.BinderProxy@adab76, surfaceState = true, attachedToWindow = true, inList = false, win = Window{7742577 u0 InputMethod}
02-27 19:29:53.902  2026  3822 I VibratorManagerServiceExtImpl: vibrate is uid=10272, pid=0, opPkg=com.google.android.inputmethod.latin, effect=Mono{mEffect=Composed{segments=[Prebaked{effect=CLICK, strength=MEDIUM, fallback=true}], repeat=-1}}, attributes=VibrationAttributes{mUsage=TOUCH, mAudioUsage= USAGE_UNKNOWN, mCategory=KEYBOARD, mFlags=0}, reason=performHapticFeedback(constant=3): View#performHapticFeedback, token=209420963
02-27 19:29:53.962  2026  4235 D OplusStartingWindowManager: updateRecordSurfaceViewState windowToken = android.os.BinderProxy@adab76, surfaceState = false, attachedToWindow = true, inList = false, win = Window{7742577 u0 InputMethod}
02-27 19:29:53.979  2026  4235 D OplusStartingWindowManager: updateRecordSurfaceViewState windowToken = android.os.BinderProxy@adab76, surfaceState = true, attachedToWindow = true, inList = false, win = Window{7742577 u0 InputMethod}
02-27 19:29:54.027  2026  4235 D OplusStartingWindowManager: updateRecordSurfaceViewState windowToken = android.os.BinderProxy@adab76, surfaceState = false, attachedToWindow = true, inList = false, win = Window{7742577 u0 InputMethod}
02-27 19:29:54.197  2026  4235 W WindowManager: Failed looking up window session=Session{3a118e2 4434:u0a10281} callers=com.android.server.wm.WindowManagerService.removeClientToken:2214 com.android.server.wm.Session.remove:292 android.view.IWindowSession$Stub.onTransact:685 
02-27 19:29:54.302  2026  3382 D PowerManagerService: userActivityNoUpdateLocked: groupId=0, eventTime=833460908, event=touch, flags=0x0, uid=1000
02-27 19:29:54.365  2026  4235 I VibratorManagerServiceExtImpl: vibrate is uid=10272, pid=0, opPkg=com.google.android.inputmethod.latin, effect=Mono{mEffect=Composed{segments=[Prebaked{effect=CLICK, strength=MEDIUM, fallback=true}], repeat=-1}}, attributes=VibrationAttributes{mUsage=TOUCH, mAudioUsage= USAGE_UNKNOWN, mCategory=KEYBOARD, mFlags=0}, reason=performHapticFeedback(constant=3): View#performHapticFeedback, token=209420963
02-27 19:29:54.370  2026  4235 D WindowManagerServiceExtImpl: extractConfigInfoAndRealFlags rotation=0, screenDp=360, residentWS:0, win=Window{7742577 u0 InputMethod}
02-27 19:29:54.370  2026  4235 V WindowManager: Relayout Window{7742577 u0 InputMethod}: viewVisibility=0, oldvis=0, req=1080x2293, vsysui=, x=0, y=0
02-27 19:29:54.373 19788 19788 W VRI[InputMethod]: updateBlastSurfaceIfNeeded, surfaceSize:Point(1080, 2293), lastSurfaceSize:Point(1080, 2293), format:-2, blastBufferQueue:android.graphics.BLASTBufferQueue@b19d5
02-27 19:29:54.776  2026  3382 D PowerManagerService: userActivityNoUpdateLocked: groupId=0, eventTime=833461382, event=touch, flags=0x0, uid=1000
02-27 19:29:54.785  2026  4235 I VibratorManagerServiceExtImpl: vibrate is uid=10272, pid=0, opPkg=com.google.android.inputmethod.latin, effect=Mono{mEffect=Composed{segments=[Prebaked{effect=CLICK, strength=MEDIUM, fallback=true}], repeat=-1}}, attributes=VibrationAttributes{mUsage=TOUCH, mAudioUsage= USAGE_UNKNOWN, mCategory=KEYBOARD, mFlags=0}, reason=performHapticFeedback(constant=3): View#performHapticFeedback, token=209420963
02-27 19:29:55.346  2026  3382 D PowerManagerService: userActivityNoUpdateLocked: groupId=0, eventTime=833461951, event=touch, flags=0x0, uid=1000
02-27 19:29:55.403  2026  4235 I VibratorManagerServiceExtImpl: vibrate is uid=10272, pid=0, opPkg=com.google.android.inputmethod.latin, effect=Mono{mEffect=Composed{segments=[Prebaked{effect=CLICK, strength=MEDIUM, fallback=true}], repeat=-1}}, attributes=VibrationAttributes{mUsage=TOUCH, mAudioUsage= USAGE_UNKNOWN, mCategory=KEYBOARD, mFlags=0}, reason=performHapticFeedback(constant=3): View#performHapticFeedback, token=209420963
02-27 19:29:55.782  2026  3487 W ContextImpl: Calling a method in the system process without a qualified user: android.app.ContextImpl.sendBroadcast:1261 com.android.server.job.controllers.OplusCpuController.notifyHighCpuEventForApp:387 com.android.server.job.controllers.OplusCpuController.handleCpuUpdate:333 com.android.server.job.controllers.OplusCpuController.-$$Nest$mhandleCpuUpdate:0 com.android.server.job.controllers.OplusCpuController$CpuTrackerHandler.handleMessage:257 
02-27 19:29:55.935  2026  3382 D PowerManagerService: userActivityNoUpdateLocked: groupId=0, eventTime=833462541, event=touch, flags=0x0, uid=1000
02-27 19:29:55.944  2026  4235 I VibratorManagerServiceExtImpl: vibrate is uid=10272, pid=0, opPkg=com.google.android.inputmethod.latin, effect=Mono{mEffect=Composed{segments=[Prebaked{effect=CLICK, strength=MEDIUM, fallback=true}], repeat=-1}}, attributes=VibrationAttributes{mUsage=TOUCH, mAudioUsage= USAGE_UNKNOWN, mCategory=KEYBOARD, mFlags=0}, reason=performHapticFeedback(constant=3): View#performHapticFeedback, token=209420963
02-27 19:29:56.408  2026  3382 D PowerManagerService: userActivityNoUpdateLocked: groupId=0, eventTime=833463010, event=touch, flags=0x0, uid=1000
02-27 19:29:56.415  2026  4235 I VibratorManagerServiceExtImpl: vibrate is uid=10272, pid=0, opPkg=com.google.android.inputmethod.latin, effect=Mono{mEffect=Composed{segments=[Prebaked{effect=CLICK, strength=MEDIUM, fallback=true}], repeat=-1}}, attributes=VibrationAttributes{mUsage=TOUCH, mAudioUsage= USAGE_UNKNOWN, mCategory=KEYBOARD, mFlags=0}, reason=performHapticFeedback(constant=3): View#performHapticFeedback, token=209420963
02-27 19:29:57.129  2026  3382 D PowerManagerService: userActivityNoUpdateLocked: groupId=0, eventTime=833463735, event=touch, flags=0x0, uid=1000
02-27 19:29:57.137  2026  4235 I VibratorManagerServiceExtImpl: vibrate is uid=10272, pid=0, opPkg=com.google.android.inputmethod.latin, effect=Mono{mEffect=Composed{segments=[Prebaked{effect=CLICK, strength=MEDIUM, fallback=true}], repeat=-1}}, attributes=VibrationAttributes{mUsage=TOUCH, mAudioUsage= USAGE_UNKNOWN, mCategory=KEYBOARD, mFlags=0}, reason=performHapticFeedback(constant=3): View#performHapticFeedback, token=209420963
02-27 19:29:57.492  2026  3382 D PowerManagerService: userActivityNoUpdateLocked: groupId=0, eventTime=833464096, event=touch, flags=0x0, uid=1000
02-27 19:29:57.515  2026  7703 I VibratorManagerServiceExtImpl: vibrate is uid=10272, pid=0, opPkg=com.google.android.inputmethod.latin, effect=Mono{mEffect=Composed{segments=[Prebaked{effect=CLICK, strength=MEDIUM, fallback=true}], repeat=-1}}, attributes=VibrationAttributes{mUsage=TOUCH, mAudioUsage= USAGE_UNKNOWN, mCategory=KEYBOARD, mFlags=0}, reason=performHapticFeedback(constant=3): View#performHapticFeedback, token=209420963
02-27 19:29:57.929  2026  3382 D PowerManagerService: userActivityNoUpdateLocked: groupId=0, eventTime=833464535, event=touch, flags=0x0, uid=1000
02-27 19:29:57.936  2026  7703 I VibratorManagerServiceExtImpl: vibrate is uid=10272, pid=0, opPkg=com.google.android.inputmethod.latin, effect=Mono{mEffect=Composed{segments=[Prebaked{effect=CLICK, strength=MEDIUM, fallback=true}], repeat=-1}}, attributes=VibrationAttributes{mUsage=TOUCH, mAudioUsage= USAGE_UNKNOWN, mCategory=KEYBOARD, mFlags=0}, reason=performHapticFeedback(constant=3): View#performHapticFeedback, token=209420963
02-27 19:29:58.226  2026  2715 W BatteryExternalStatsWorker: error reading Bluetooth stats: 9
02-27 19:29:58.332  2026  3382 D PowerManagerService: userActivityNoUpdateLocked: groupId=0, eventTime=833464938, event=touch, flags=0x0, uid=1000
02-27 19:29:58.337  2026  7703 I VibratorManagerServiceExtImpl: vibrate is uid=10272, pid=0, opPkg=com.google.android.inputmethod.latin, effect=Mono{mEffect=Composed{segments=[Prebaked{effect=CLICK, strength=MEDIUM, fallback=true}], repeat=-1}}, attributes=VibrationAttributes{mUsage=TOUCH, mAudioUsage= USAGE_UNKNOWN, mCategory=KEYBOARD, mFlags=0}, reason=performHapticFeedback(constant=3): View#performHapticFeedback, token=209420963
02-27 19:29:58.418  2026  4114 D WindowManager: setFrameRateStart invalid typeId return!
02-27 19:29:58.425 31664 31664 W VRI[MainActivity]: handleResized abandoned!
02-27 19:29:58.425  3736  3736 W VRI[StatusBar]: handleResized abandoned!
02-27 19:29:58.425  3736  3736 W VRI[NavigationBar_displayId_0]: handleResized abandoned!
02-27 19:29:58.425  8027  8027 W VRI[OplusOSEdgeFloatBar]: handleResized abandoned!
02-27 19:29:58.425  3736  4019 W VRI[ScreenDecorOverlay]: handleResized abandoned!
02-27 19:29:58.426  3736  4019 W VRI[ScreenDecorOverlayBottom]: handleResized abandoned!
02-27 19:29:58.426  3736  3838 D WindowManagerShell: onKeepClearAreasChanged: restricted={}, unrestricted={}
02-27 19:29:58.428  2026  2615 V WindowStateExtImpl: notifyWindowStateChange input show
02-27 19:29:58.431  2026  7782 D WindowManagerServiceExtImpl: extractConfigInfoAndRealFlags rotation=0, screenDp=360, residentWS:0, win=Window{7742577 u0 InputMethod}
02-27 19:29:58.432  2026  7782 V WindowManager: Relayout Window{7742577 u0 InputMethod}: viewVisibility=0, oldvis=0, req=1080x2293, vsysui=, x=0, y=0
02-27 19:29:58.435  2026  7782 D WindowManager: NFW_findFocusedWindowIfNeeded:Window{cc97d4 u0 com.esiri.esiriplus/com.esiri.esiriplus.MainActivity} mCurrentFocus:Window{cc97d4 u0 com.esiri.esiriplus/com.esiri.esiriplus.MainActivity}
02-27 19:29:58.436 19788 19788 W VRI[InputMethod]: updateBlastSurfaceIfNeeded, surfaceSize:Point(1080, 2293), lastSurfaceSize:Point(1080, 2293), format:-2, blastBufferQueue:android.graphics.BLASTBufferQueue@b19d5
02-27 19:29:59.232  2026  4114 D WindowManagerServiceExtImpl: extractConfigInfoAndRealFlags rotation=0, screenDp=360, residentWS:0, win=Window{7742577 u0 InputMethod}
02-27 19:29:59.233  2026  4114 V WindowManager: Relayout Window{7742577 u0 InputMethod}: viewVisibility=8, oldvis=0, req=1080x2293, vsysui=
02-27 19:29:59.234  2026  4114 I WindowManager: Window{7742577 u0 InputMethod} state from HAS_DRAWN to NO_SURFACE; reason: destroySurface
02-27 19:29:59.245  2026  4114 D WindowManager: NFW_findFocusedWindowIfNeeded:Window{cc97d4 u0 com.esiri.esiriplus/com.esiri.esiriplus.MainActivity} mCurrentFocus:Window{cc97d4 u0 com.esiri.esiriplus/com.esiri.esiriplus.MainActivity}
02-27 19:29:59.246 31664 31664 W VRI[MainActivity]: handleResized abandoned!
02-27 19:29:59.250  3736  3736 W VRI[StatusBar]: handleResized abandoned!
02-27 19:29:59.250  3736  3736 W VRI[NavigationBar_displayId_0]: handleResized abandoned!
02-27 19:29:59.251  8027  8027 W VRI[OplusOSEdgeFloatBar]: handleResized abandoned!
02-27 19:29:59.252  3736  4019 W VRI[ScreenDecorOverlay]: handleResized abandoned!
02-27 19:29:59.252  3736  4019 W VRI[ScreenDecorOverlayBottom]: handleResized abandoned!
02-27 19:29:59.259  8027  8027 W VRI[OplusOSEdgeFloatBar]: handleResized abandoned!
02-27 19:29:59.259 31664 31664 W VRI[MainActivity]: handleResized abandoned!
02-27 19:29:59.260  3736  3736 W VRI[StatusBar]: handleResized abandoned!
02-27 19:29:59.260  3736  3736 W VRI[NavigationBar_displayId_0]: handleResized abandoned!
02-27 19:29:59.261  3736  4019 W VRI[ScreenDecorOverlay]: handleResized abandoned!
02-27 19:29:59.261  3736  4019 W VRI[ScreenDecorOverlayBottom]: handleResized abandoned!
02-27 19:29:59.293  2026  2844 D OplusDisplayBrightnessBroadcastReceiver: onReceive action = android.intent.action.BATTERY_CHANGED , listeners = [com.android.server.display.OplusFeatureHDREnhanceBrightness$PhoneInfoReceiver@d078a20, com.android.server.display.OplusFeatureEdrEnhanceBrightness$PhoneInfoReceiver@d0bbfd9]
02-27 19:29:59.566  2026  3382 D PowerManagerService: userActivityNoUpdateLocked: groupId=0, eventTime=833466172, event=touch, flags=0x0, uid=1000
02-27 19:30:00.001  2026  3361 V AlarmManager: sending alarm Alarm{905460e type 3 origWhen 1199008323 whenElapsed 1199008323 android} uid 1000 whenElapsed 1199008323 windowLength 0 maxWhenElapsed 1199008323 repeatInterval 0 action null component null tag TIME_TICK flags 0x9 procName system_server
02-27 19:30:00.013  2026  3361 V AlarmManager: sending alarm Alarm{c06f7c5 type 1 origWhen 1772209800000 whenElapsed 1199008323 com.oplus.battery} uid 1000 whenElapsed 1199008323 windowLength 0 maxWhenElapsed 1199008323 repeatInterval 0 action save_battery_stats_action component ComponentInfo{com.oplus.battery/com.oplus.powermanager.powercurve.SaveBatteryStatsReceiver} flags 0x9 procName com.oplus.battery
02-27 19:30:00.036  2026  2844 D OplusDisplayBrightnessBroadcastReceiver: onReceive action = android.intent.action.TIME_TICK , listeners = [com.android.server.display.ambience.events.event.TimeEvent$TimeChangeReceiver@8175d0d]
02-27 19:30:01.083  2026  3382 D PowerManagerService: userActivityNoUpdateLocked: groupId=0, eventTime=833467688, event=touch, flags=0x0, uid=1000
02-27 19:30:01.885  2026  3382 D PowerManagerService: userActivityNoUpdateLocked: groupId=0, eventTime=833468491, event=touch, flags=0x0, uid=1000
02-27 19:30:02.707  2026  3382 D PowerManagerService: userActivityNoUpdateLocked: groupId=0, eventTime=833469311, event=touch, flags=0x0, uid=1000
02-27 19:30:04.410  2026  2844 D OplusDisplayBrightnessBroadcastReceiver: onReceive action = android.intent.action.BATTERY_CHANGED , listeners = [com.android.server.display.OplusFeatureHDREnhanceBrightness$PhoneInfoReceiver@d078a20, com.android.server.display.OplusFeatureEdrEnhanceBrightness$PhoneInfoReceiver@d0bbfd9]
02-27 19:30:05.641  2026  4236 D BiometricService: canAuthenticate: User=0, Caller=0, Authenticators=15, opPackageName=com.esiri.esiriplus
02-27 19:30:05.656  2026  4236 E OplusCustomizeRestrictionManagerService: isBiometricDisabled start
02-27 19:30:05.657  2026  4236 D BiometricService/PreAuthInfo: Package: com.esiri.esiriplus Sensor ID: 0 Modality: 2 Status: 1
02-27 19:30:05.657  2026  4236 E OplusCustomizeRestrictionManagerService: isBiometricDisabled start
02-27 19:30:05.663  2026  4236 D BiometricService/PreAuthInfo: Package: com.esiri.esiriplus Sensor ID: 4 Modality: 8 Status: 4
02-27 19:30:05.663  2026  4236 D BiometricService/PreAuthInfo: getCanAuthenticateInternal Modality: 2 AuthenticatorStatus: 1
02-27 19:30:05.664  2026  4236 D AuthService: canAuthenticate, userId: 0, callingUserId: 0, authenticators: 15, result: 0
02-27 19:30:05.703  2026  4236 D BiometricUtils: callingUid = 10497, importance = 100
02-27 19:30:05.705  2026  3428 E OplusCustomizeRestrictionManagerService: isBiometricDisabled start
02-27 19:30:05.705  2026  3428 D BiometricService/PreAuthInfo: Package: com.esiri.esiriplus Sensor ID: 0 Modality: 2 Status: 1
02-27 19:30:05.705  2026  3428 E OplusCustomizeRestrictionManagerService: isBiometricDisabled start
02-27 19:30:05.707  2026  3428 D BiometricService/PreAuthInfo: Package: com.esiri.esiriplus Sensor ID: 4 Modality: 8 Status: 4
02-27 19:30:05.707  2026  3428 D BiometricService/PreAuthInfo: getCanAuthenticateInternal Modality: 2 AuthenticatorStatus: 1
02-27 19:30:05.707  2026  3428 D BiometricService: handleAuthenticate: modality(2), status(0), preAuthInfo: BiometricRequested: true, StrengthRequested: 15, CredentialRequested: false, Eligible:{0 }, Ineligible:{ID(4), oemStrength: 4095, updatedStrength: 4095, modality 8, state: 0, cookie: 0:4 }, CredentialAvailable: true,  requestId: 310 promptInfo.isIgnoreEnrollmentState: false
02-27 19:30:05.708  2026  3428 D BiometricService: Creating authSession with authRequest: BiometricRequested: true, StrengthRequested: 15, CredentialRequested: false, Eligible:{0 }, Ineligible:{ID(4), oemStrength: 4095, updatedStrength: 4095, modality 8, state: 0, cookie: 0:4 }, CredentialAvailable: true, 
02-27 19:30:05.708  2026  3428 D BiometricService/AuthSession: Creating AuthSession with: BiometricRequested: true, StrengthRequested: 15, CredentialRequested: false, Eligible:{0 }, Ineligible:{ID(4), oemStrength: 4095, updatedStrength: 4095, modality 8, state: 0, cookie: 0:4 }, CredentialAvailable: true, 
02-27 19:30:05.708  2026  3428 V BiometricService/AuthSession: set to unknown state sensor: 0
02-27 19:30:05.709  2026  3428 V BiometricService/AuthSession: waiting for cooking for sensor: 0
02-27 19:30:05.709  2026  3428 D Biometrics/FingerprintProvider/FingerprintServiceProviderExtImpl: authPreOperation opPackageName = com.esiri.esiriplus, passedInToken = android.os.BinderProxy@8508a0f
02-27 19:30:05.713  2026  3502 D BiometricScheduler: [Added] {[2061] com.android.server.biometrics.sensors.fingerprint.aidl.FingerprintAuthenticationClient, proto=3, owner=com.esiri.esiriplus, cookie=663133548, requestId=310, userId=0}, new queue size: 1, interruptable: true
02-27 19:30:05.713  2026  3502 D BiometricScheduler: [Polled] {[2061] com.android.server.biometrics.sensors.fingerprint.aidl.FingerprintAuthenticationClient, proto=3, owner=com.esiri.esiriplus, cookie=663133548, requestId=310, userId=0}, State: 0
02-27 19:30:05.713  2026  3502 D GestureAvailabilityTracker: Notifying gesture availability, active=false
02-27 19:30:05.713  2026  3502 D BiometricScheduler: Waiting for cookie before starting: {[2061] com.android.server.biometrics.sensors.fingerprint.aidl.FingerprintAuthenticationClient, proto=3, owner=com.esiri.esiriplus, cookie=663133548, requestId=310, userId=0}, State: 4
02-27 19:30:05.713  2026  3428 D BiometricService/Sensor: Sensor(0) matched cookie: 663133548
02-27 19:30:05.713  2026  3428 D BiometricService/AuthSession: Remaining cookies: 0
02-27 19:30:05.717  2026  4236 D WindowManagerServiceExtImpl: extractConfigInfoAndRealFlags rotation=0, screenDp=360, residentWS:0, win=Window{cc97d4 u0 com.esiri.esiriplus/com.esiri.esiriplus.MainActivity}
02-27 19:30:05.717 31664 31664 D VRI[MainActivity]: relayoutWindow result, sizeChanged:false, surfaceControlChanged:false, transformHintChanged:false, mSurfaceSize:Point(1080, 2400), mLastSurfaceSize:Point(1080, 2400), mWidth:1080, mHeight:2400, requestedWidth:1080, requestedHeight:2400, transformHint:0, installOrientation:0, displayRotation:0, isSurfaceValid:true, attr.flag:-2122243840, tmpFrames:ClientWindowFrames{frame=[0,0][1080,2400] display=[0,0][1080,2400] parentFrame=[0,0][1080,2400]}, relayoutAsync:true, mSyncSeqId:0
02-27 19:30:05.717 31664 31664 W VRI[MainActivity]: updateBlastSurfaceIfNeeded, surfaceSize:Point(1080, 2400), lastSurfaceSize:Point(1080, 2400), format:-1, blastBufferQueue:android.graphics.BLASTBufferQueue@43309c1
02-27 19:30:05.719  2026  4236 V WindowManager: Relayout Window{cc97d4 u0 com.esiri.esiriplus/com.esiri.esiriplus.MainActivity}: viewVisibility=0, oldvis=0, req=1080x2400, vsysui=, x=0, y=0
02-27 19:30:05.723  2026  4236 I OplusScreenSecurityMask: add WindowsName list: Window{cc97d4 u0 com.esiri.esiriplus/com.esiri.esiriplus.MainActivity} list size: 1 isFromSetSecure: true , surfaceShown = true , displayId = 0
02-27 19:30:05.723  2026  4236 I OplusScreenSecurityMask: onSecurityPageFlagChanged size: 0 , surfaceShown = true , displayId = 0
02-27 19:30:05.888   714 13623 E keystore2: system/security/keystore2/src/error.rs:171 - system/security/keystore2/src/operation.rs:847: KeystoreOperation::finish
02-27 19:30:05.888   714 13623 E keystore2: 
02-27 19:30:05.888   714 13623 E keystore2: Caused by:
02-27 19:30:05.888   714 13623 E keystore2:     0: system/security/keystore2/src/operation.rs:428: Finish failed.
02-27 19:30:05.888   714 13623 E keystore2:     1: Error::Km(r#VERIFICATION_FAILED)
02-27 19:30:05.901  2026  4236 D WindowManager: NFW_findFocusedWindowIfNeeded:Window{81eb488 u0 BiometricPrompt} mCurrentFocus:Window{cc97d4 u0 com.esiri.esiriplus/com.esiri.esiriplus.MainActivity}
02-27 19:30:05.902  2026  3545 E UAH-Framework: invalid window type -1, return
02-27 19:30:05.903  2026  4236 V WindowManager: Changing focus from Window{cc97d4 u0 com.esiri.esiriplus/com.esiri.esiriplus.MainActivity} to Window{81eb488 u0 BiometricPrompt},diplayid=0
02-27 19:30:05.904  2026  4236 D WindowManager: setFrameRateStart invalid typeId return!
02-27 19:30:05.906  2026  4236 D WindowManager: setFrameRateStart invalid typeId return!
02-27 19:30:05.908  2026  4236 I WindowManager: addWindow: New client android.os.BinderProxy@6abc87a : window=Window{81eb488 u0 BiometricPrompt}
--------- beginning of crash
02-27 19:30:05.919 31664 31664 E AndroidRuntime: FATAL EXCEPTION: main
02-27 19:30:05.919 31664 31664 E AndroidRuntime: Process: com.esiri.esiriplus, PID: 31664
02-27 19:30:05.919 31664 31664 E AndroidRuntime: javax.crypto.AEADBadTagException
02-27 19:30:05.919 31664 31664 E AndroidRuntime: 	at android.security.keystore2.AndroidKeyStoreCipherSpiBase.engineDoFinal(AndroidKeyStoreCipherSpiBase.java:632)
02-27 19:30:05.919 31664 31664 E AndroidRuntime: 	at javax.crypto.Cipher.doFinal(Cipher.java:2132)
02-27 19:30:05.919 31664 31664 E AndroidRuntime: 	at com.google.crypto.tink.integration.android.AndroidKeystoreAesGcm.decryptInternal(AndroidKeystoreAesGcm.java:118)
02-27 19:30:05.919 31664 31664 E AndroidRuntime: 	at com.google.crypto.tink.integration.android.AndroidKeystoreAesGcm.decrypt(AndroidKeystoreAesGcm.java:101)
02-27 19:30:05.919 31664 31664 E AndroidRuntime: 	at com.google.crypto.tink.KeysetHandle.decrypt(KeysetHandle.java:919)
02-27 19:30:05.919 31664 31664 E AndroidRuntime: 	at com.google.crypto.tink.KeysetHandle.readWithAssociatedData(KeysetHandle.java:804)
02-27 19:30:05.919 31664 31664 E AndroidRuntime: 	at com.google.crypto.tink.KeysetHandle.read(KeysetHandle.java:785)
02-27 19:30:05.919 31664 31664 E AndroidRuntime: 	at com.google.crypto.tink.integration.android.AndroidKeysetManager$Builder.readMasterkeyDecryptAndParseKeyset(AndroidKeysetManager.java:381)
02-27 19:30:05.919 31664 31664 E AndroidRuntime: 	at com.google.crypto.tink.integration.android.AndroidKeysetManager$Builder.build(AndroidKeysetManager.java:297)
02-27 19:30:05.919 31664 31664 E AndroidRuntime: 	at androidx.security.crypto.EncryptedSharedPreferences.create(EncryptedSharedPreferences.java:169)
02-27 19:30:05.919 31664 31664 E AndroidRuntime: 	at androidx.security.crypto.EncryptedSharedPreferences.create(EncryptedSharedPreferences.java:130)
02-27 19:30:05.919 31664 31664 E AndroidRuntime: 	at com.esiri.esiriplus.core.network.fcm.FcmTokenRepositoryImpl.<init>(FcmTokenRepositoryImpl.kt:30)
02-27 19:30:05.919 31664 31664 E AndroidRuntime: 	at com.esiri.esiriplus.DaggerEsiriplusApp_HiltComponents_SingletonC$SingletonCImpl$SwitchingProvider.get(DaggerEsiriplusApp_HiltComponents_SingletonC.java:1339)
02-27 19:30:05.919 31664 31664 E AndroidRuntime: 	at dagger.internal.DoubleCheck.getSynchronized(DoubleCheck.java:54)
02-27 19:30:05.919 31664 31664 E AndroidRuntime: 	at dagger.internal.DoubleCheck.get(DoubleCheck.java:45)
02-27 19:30:05.919 31664 31664 E AndroidRuntime: 	at com.esiri.esiriplus.DaggerEsiriplusApp_HiltComponents_SingletonC$SingletonCImpl$SwitchingProvider.get(DaggerEsiriplusApp_HiltComponents_SingletonC.java:1336)
02-27 19:30:05.919 31664 31664 E AndroidRuntime: 	at dagger.internal.DoubleCheck.getSynchronized(DoubleCheck.java:54)
02-27 19:30:05.919 31664 31664 E AndroidRuntime: 	at dagger.internal.DoubleCheck.get(DoubleCheck.java:45)
02-27 19:30:05.919 31664 31664 E AndroidRuntime: 	at com.esiri.esiriplus.DaggerEsiriplusApp_HiltComponents_SingletonC$ViewModelCImpl$SwitchingProvider.get(DaggerEsiriplusApp_HiltComponents_SingletonC.java:816)
02-27 19:30:05.919 31664 31664 E AndroidRuntime: 	at dagger.hilt.android.internal.lifecycle.HiltViewModelFactory$2.createViewModel(HiltViewModelFactory.java:133)
02-27 19:30:05.919 31664 31664 E AndroidRuntime: 	at dagger.hilt.android.internal.lifecycle.HiltViewModelFactory$2.create(HiltViewModelFactory.java:103)
02-27 19:30:05.919 31664 31664 E AndroidRuntime: 	at dagger.hilt.android.internal.lifecycle.HiltViewModelFactory.create(HiltViewModelFactory.java:171)
02-27 19:30:05.919 31664 31664 E AndroidRuntime: 	at androidx.lifecycle.ViewModelProvider$Factory.create(ViewModelProvider.android.kt:149)
02-27 19:30:05.919 31664 31664 E AndroidRuntime: 	at androidx.lifecycle.viewmodel.internal.ViewModelProviderImpl_androidKt.createViewModel(ViewModelProviderImpl.android.kt:35)
02-27 19:30:05.919 31664 31664 E AndroidRuntime: 	at androidx.lifecycle.viewmodel.internal.ViewModelProviderImpl.getViewModel$lifecycle_viewmodel(ViewModelProviderImpl.kt:59)
02-27 19:30:05.919 31664 31664 E AndroidRuntime: 	at androidx.lifecycle.viewmodel.internal.ViewModelProviderImpl.getViewModel$lifecycle_viewmodel$default(ViewModelProviderImpl.kt:43)
02-27 19:30:05.919 31664 31664 E AndroidRuntime: 	at androidx.lifecycle.ViewModelProvider.get(ViewModelProvider.android.kt:90)
02-27 19:30:05.919 31664 31664 E AndroidRuntime: 	at androidx.lifecycle.viewmodel.compose.ViewModelKt__ViewModelKt.get(ViewModel.kt:172)
02-27 19:30:05.919 31664 31664 E AndroidRuntime: 	at androidx.lifecycle.viewmodel.compose.ViewModelKt.get(Unknown Source:1)
02-27 19:30:05.919 31664 31664 E AndroidRuntime: 	at androidx.lifecycle.viewmodel.compose.ViewModelKt__ViewModel_androidKt.viewModel(ViewModel.android.kt:119)
02-27 19:30:05.919 31664 31664 E AndroidRuntime: 	at androidx.lifecycle.viewmodel.compose.ViewModelKt.viewModel(Unknown Source:1)
02-27 19:30:05.919 31664 31664 E AndroidRuntime: 	at com.esiri.esiriplus.feature.doctor.screen.DoctorDashboardScreenKt.DoctorDashboardScreen(DoctorDashboardScreen.kt:2500)
02-27 19:30:05.919 31664 31664 E AndroidRuntime: 	at com.esiri.esiriplus.feature.doctor.navigation.DoctorNavigationKt.doctorGraph$lambda$26$lambda$5(DoctorNavigation.kt:27)
02-27 19:30:05.919 31664 31664 E AndroidRuntime: 	at com.esiri.esiriplus.feature.doctor.navigation.DoctorNavigationKt$$ExternalSyntheticLambda13.invoke(D8$$SyntheticClass:0)
02-27 19:30:05.919 31664 31664 E AndroidRuntime: 	at androidx.compose.runtime.internal.ComposableLambdaImpl.invoke(ComposableLambda.kt:142)
02-27 19:30:05.919 31664 31664 E AndroidRuntime: 	at androidx.compose.runtime.internal.ComposableLambdaImpl.invoke(ComposableLambda.kt:51)
02-27 19:30:05.919 31664 31664 E AndroidRuntime: 	at androidx.navigation.compose.NavHostKt$NavHost$32$1.invoke(NavHost.kt:720)
02-27 19:30:05.919 31664 31664 E AndroidRuntime: 	at androidx.navigation.compose.NavHostKt$NavHost$32$1.invoke(NavHost.kt:719)
02-27 19:30:05.919 31664 31664 E AndroidRuntime: 	at androidx.compose.runtime.internal.ComposableLambdaImpl.invoke(ComposableLambda.kt:121)
02-27 19:30:05.919 31664 31664 E AndroidRuntime: 	at androidx.compose.runtime.internal.ComposableLambdaImpl.invoke(ComposableLambda.kt:51)
02-27 19:30:05.919 31664 31664 E AndroidRuntime: 	at androidx.compose.runtime.CompositionLocalKt.CompositionLocalProvider(CompositionLocal.kt:370)
02-27 19:30:05.919 31664 31664 E AndroidRuntime: 	at androidx.compose.runtime.saveable.SaveableStateHolderImpl.SaveableStateProvider(SaveableStateHolder.kt:82)
02-27 19:30:05.919 31664 31664 E AndroidRuntime: 	at androidx.navigation.compose.NavBackStackEntryProviderKt.SaveableStateProvider(NavBackStackEntryProvider.kt:69)
02-27 19:30:05.919 31664 31664 E AndroidRuntime: 	at androidx.navigation.compose.NavBackStackEntryProviderKt.access$SaveableStateProvider(NavBackStackEntryProvider.kt:1)
02-27 19:30:05.919 31664 31664 E AndroidRuntime: 	at androidx.navigation.compose.NavBackStackEntryProviderKt$LocalOwnersProvider$1.invoke(NavBackStackEntryProvider.kt:56)
02-27 19:30:05.919 31664 31664 E AndroidRuntime: 	at androidx.navigation.compose.NavBackStackEntryProviderKt$LocalOwnersProvider$1.invoke(NavBackStackEntryProvider.kt:55)
02-27 19:30:05.919 31664 31664 E AndroidRuntime: 	at androidx.compose.runtime.internal.ComposableLambdaImpl.invoke(ComposableLambda.kt:121)
02-27 19:30:05.919 31664 31664 E AndroidRuntime: 	at androidx.compose.runtime.internal.ComposableLambdaImpl.invoke(ComposableLambda.kt:51)
02-27 19:30:05.919 31664 31664 E AndroidRuntime: 	at androidx.compose.runtime.CompositionLocalKt.CompositionLocalProvider(CompositionLocal.kt:370)
02-27 19:30:05.919 31664 31664 E AndroidRuntime: 	at androidx.navigation.compose.NavBackStackEntryProviderKt.LocalOwnersProvider(NavBackStackEntryProvider.kt:51)
02-27 19:30:05.919 31664 31664 E AndroidRuntime: 	at androidx.navigation.compose.NavHostKt$NavHost$32.invoke(NavHost.kt:719)
02-27 19:30:05.919 31664 31664 E AndroidRuntime: 	at androidx.navigation.compose.NavHostKt$NavHost$32.invoke(NavHost.kt:699)
02-27 19:30:05.919 31664 31664 E AndroidRuntime: 	at androidx.compose.runtime.internal.ComposableLambdaImpl.invoke(ComposableLambda.kt:142)
02-27 19:30:05.919 31664 31664 E AndroidRuntime: 	at androidx.compose.runtime.internal.ComposableLambdaImpl.invoke(ComposableLambda.kt:51)
02-27 19:30:05.919 31664 31664 E AndroidRuntime: 	at androidx.compose.animation.AnimatedContentKt$AnimatedContent$6$1$5.invoke(AnimatedContent.kt:863)
02-27 19:30:05.919 31664 31664 E AndroidRuntime: 	at androidx.compose.animation.AnimatedContentKt$AnimatedContent$6$1$5.invoke(AnimatedContent.kt:853)
02-27 19:30:05.919 31664 31664 E AndroidRuntime: 	at androidx.compose.runtime.internal.ComposableLambdaImpl.invoke(ComposableLambda.kt:130)
02-27 19:30:05.919 31664 31664 E AndroidRuntime: 	at androidx.compose.runtime.internal.ComposableLambdaImpl.invoke(ComposableLambda.kt:51)
02-27 19:30:05.919 31664 31664 E AndroidRuntime: 	at androidx.compose.animation.AnimatedVisibilityKt.AnimatedEnterExitImpl(AnimatedVisibility.kt:752)
02-27 19:30:05.919 31664 31664 E AndroidRuntime: 	at androidx.compose.animation.AnimatedContentKt$AnimatedContent$6$1.invoke(AnimatedContent.kt:835)
02-27 19:30:05.919 31664 31664 E AndroidRuntime: 	at androidx.compose.animation.AnimatedContentKt$AnimatedContent$6$1.invoke(AnimatedContent.kt:818)
02-27 19:30:05.919 31664 31664 E AndroidRuntime: 	at androidx.compose.runtime.internal.ComposableLambdaImpl.invoke(ComposableLambda.kt:121)
02-27 19:30:05.919 31664 31664 E AndroidRuntime: 	at androidx.compose.runtime.internal.ComposableLambdaImpl.invoke(ComposableLambda.kt:51)
02-27 19:30:05.919 31664 31664 E AndroidRuntime: 	at androidx.compose.animation.AnimatedContentKt.AnimatedContent(AnimatedContent.kt:873)
02-27 19:30:05.919 31664 31664 E AndroidRuntime: 	at androidx.navigation.compose.NavHostKt.NavHost(NavHost.kt:671)
02-27 19:30:05.919 31664 31664 E AndroidRuntime: 	at androidx.navigation.compose.NavHostKt.NavHost$lambda$80(Unknown Source:25)
02-27 19:30:05.919 31664 31664 E AndroidRuntime: 	at androidx.navigation.compose.NavHostKt$$ExternalSyntheticLambda23.invoke(D8$$SyntheticClass:0)
02-27 19:30:05.919 31664 31664 E AndroidRuntime: 	at androidx.compose.runtime.RecomposeScopeImpl.compose(RecomposeScopeImpl.kt:196)
02-27 19:30:05.919 31664 31664 E AndroidRuntime: 	at androidx.compose.runtime.ComposerImpl.recomposeToGroupEnd(Composer.kt:2895)
02-27 19:30:05.919 31664 31664 E AndroidRuntime: 	at androidx.compose.runtime.ComposerImpl.skipCurrentGroup(Composer.kt:3231)
02-27 19:30:05.919 31664 31664 E AndroidRuntime: 	at androidx.compose.runtime.ComposerImpl.doCompose-aFTiNEg(Composer.kt:3855)
02-27 19:30:05.919 31664 31664 E AndroidRuntime: 	at androidx.compose.runtime.ComposerImpl.recompose-aFTiNEg$runtime(Composer.kt:3779)
02-27 19:30:05.919 31664 31664 E AndroidRuntime: 	at androidx.compose.runtime.CompositionImpl.recompose(Composition.kt:1075)
02-27 19:30:05.919 31664 31664 E AndroidRuntime: 	at androidx.compose.runtime.Recomposer.performRecompose(Recomposer.kt:1373)
02-27 19:30:05.919 31664 31664 E AndroidRuntime: 	at androidx.compose.runtime.Recomposer.access$performRecompose(Recomposer.kt:156)
02-27 19:30:05.919 31664 31664 E AndroidRuntime: 	at androidx.compose.runtime.Recomposer$runRecomposeAndApplyChanges$2.invokeSuspend$lambda$22(Recomposer.kt:627)
02-27 19:30:05.919 31664 31664 E AndroidRuntime: 	at androidx.compose.runtime.Recomposer$runRecomposeAndApplyChanges$2$$ExternalSyntheticLambda0.invoke(D8$$SyntheticClass:0)
02-27 19:30:05.919 31664 31664 E AndroidRuntime: 	at androidx.compose.ui.platform.AndroidUiFrameClock$withFrameNanos$2$callback$1.doFrame(AndroidUiFrameClock.android.kt:39)
02-27 19:30:05.919 31664 31664 E AndroidRuntime: 	at androidx.compose.ui.platform.AndroidUiDispatcher.performFrameDispatch(AndroidUiDispatcher.android.kt:108)
02-27 19:30:05.921  2026  4236 D CoreBackPreview: Window{81eb488 u0 BiometricPrompt}: Setting back callback OnBackInvokedCallbackInfo{mCallback=android.window.IOnBackInvokedCallback$Stub$Proxy@436ecd2, mPriority=0, mIsAnimationCallback=false}
02-27 19:30:05.921 31664 31664 E AndroidRuntime: 	at androidx.compose.ui.platform.AndroidUiDispatcher.access$performFrameDispatch(AndroidUiDispatcher.android.kt:41)
02-27 19:30:05.921 31664 31664 E AndroidRuntime: 	at androidx.compose.ui.platform.AndroidUiDispatcher$dispatchCallback$1.doFrame(AndroidUiDispatcher.android.kt:69)
02-27 19:30:05.921 31664 31664 E AndroidRuntime: 	at android.view.Choreographer$CallbackRecord.run(Choreographer.java:1619)
02-27 19:30:05.921 31664 31664 E AndroidRuntime: 	at android.view.Choreographer$CallbackRecord.run(Choreographer.java:1630)
02-27 19:30:05.921 31664 31664 E AndroidRuntime: 	at android.view.Choreographer.doCallbacks(Choreographer.java:1154)
02-27 19:30:05.921 31664 31664 E AndroidRuntime: 	at android.view.Choreographer.doFrame(Choreographer.java:1039)
02-27 19:30:05.921 31664 31664 E AndroidRuntime: 	at android.view.Choreographer$FrameDisplayEventReceiver.run(Choreographer.java:1604)
02-27 19:30:05.921 31664 31664 E AndroidRuntime: 	at android.os.Handler.handleCallback(Handler.java:973)
02-27 19:30:05.921 31664 31664 E AndroidRuntime: 	at android.os.Handler.dispatchMessage(Handler.java:100)
02-27 19:30:05.921 31664 31664 E AndroidRuntime: 	at android.os.Looper.loopOnce(Looper.java:282)
02-27 19:30:05.921 31664 31664 E AndroidRuntime: 	at android.os.Looper.loop(Looper.java:387)
02-27 19:30:05.921 31664 31664 E AndroidRuntime: 	at android.app.ActivityThread.main(ActivityThread.java:9500)
02-27 19:30:05.921 31664 31664 E AndroidRuntime: 	at java.lang.reflect.Method.invoke(Native Method)
02-27 19:30:05.921 31664 31664 E AndroidRuntime: 	at com.android.internal.os.RuntimeInit$MethodAndArgsCaller.run(RuntimeInit.java:600)
02-27 19:30:05.921 31664 31664 E AndroidRuntime: 	at com.android.internal.os.ZygoteInit.main(ZygoteInit.java:1005)
02-27 19:30:05.921 31664 31664 E AndroidRuntime: 	Suppressed: kotlinx.coroutines.internal.DiagnosticCoroutineContextException: [androidx.compose.runtime.PausableMonotonicFrameClock@2030c23, androidx.compose.ui.platform.MotionDurationScaleImpl@f110520, StandaloneCoroutine{Cancelling}@8f1ed9, AndroidUiDispatcher@d2c709e]
02-27 19:30:05.921 31664 31664 E AndroidRuntime: Caused by: android.security.KeyStoreException: Signature/MAC verification failed (internal Keystore code: -30 message: system/security/keystore2/src/operation.rs:847: KeystoreOperation::finish
02-27 19:30:05.921 31664 31664 E AndroidRuntime: 
02-27 19:30:05.921 31664 31664 E AndroidRuntime: Caused by:
02-27 19:30:05.921 31664 31664 E AndroidRuntime:     0: system/security/keystore2/src/operation.rs:428: Finish failed.
02-27 19:30:05.921 31664 31664 E AndroidRuntime:     1: Error::Km(r#VERIFICATION_FAILED)) (public error code: 10 internal Keystore code: -30)
02-27 19:30:05.921 31664 31664 E AndroidRuntime: 	at android.security.KeyStore2.getKeyStoreException(KeyStore2.java:416)
02-27 19:30:05.921 31664 31664 E AndroidRuntime: 	at android.security.KeyStoreOperation.handleExceptions(KeyStoreOperation.java:79)
02-27 19:30:05.921 31664 31664 E AndroidRuntime: 	at android.security.KeyStoreOperation.finish(KeyStoreOperation.java:132)
02-27 19:30:05.921 31664 31664 E AndroidRuntime: 	at android.security.keystore2.KeyStoreCryptoOperationChunkedStreamer$MainDataStream.finish(KeyStoreCryptoOperationChunkedStreamer.java:228)
02-27 19:30:05.921 31664 31664 E AndroidRuntime: 	at android.security.keystore2.KeyStoreCryptoOperationChunkedStreamer.doFinal(KeyStoreCryptoOperationChunkedStreamer.java:181)
02-27 19:30:05.921 31664 31664 E AndroidRuntime: 	at android.security.keystore2.AndroidKeyStoreAuthenticatedAESCipherSpi$BufferAllOutputUntilDoFinalStreamer.doFinal(AndroidKeyStoreAuthenticatedAESCipherSpi.java:396)
02-27 19:30:05.921 31664 31664 E AndroidRuntime: 	at android.security.keystore2.AndroidKeyStoreCipherSpiBase.engineDoFinal(AndroidKeyStoreCipherSpiBase.java:624)
02-27 19:30:05.921 31664 31664 E AndroidRuntime: 	... 93 more
02-27 19:30:05.942  2026  4236 W OplusEapManager handleErrorInfo sendEvent: : com.esiri.esiriplus happenedcrash
02-27 19:30:05.944  2026  4114 D WindowManagerServiceExtImpl: extractConfigInfoAndRealFlags rotation=0, screenDp=360, residentWS:0, win=Window{81eb488 u0 BiometricPrompt}
02-27 19:30:05.945  2026  4114 V WindowManager: Relayout Window{81eb488 u0 BiometricPrompt}: viewVisibility=0, oldvis=0, req=1080x2400, vsysui=, x=0, y=0
02-27 19:30:05.945  2026  4114 I WindowManager: Window{81eb488 u0 BiometricPrompt} state from NO_SURFACE to DRAW_PENDING; reason: resetDrawState
02-27 19:30:05.950  2026  9305 D CompatChangeReporter: Compat change id reported: 151861875; UID 1000; state: ENABLED
02-27 19:30:05.952  2026  4114 D WindowManager: NFW_findFocusedWindowIfNeeded:Window{81eb488 u0 BiometricPrompt} mCurrentFocus:Window{81eb488 u0 BiometricPrompt}
02-27 19:30:05.952  2026  4114 D WindowManager: rotation(ROTATION_0) no changed  displayId = 0, lastOrientation = 1
02-27 19:30:05.959  3736  3736 W VRI[BiometricPrompt]: updateBlastSurfaceIfNeeded, surfaceSize:Point(1080, 2400), lastSurfaceSize:Point(0, 0), format:-3, blastBufferQueue:null
02-27 19:30:05.961  2026  3282 I DropBoxManagerService: add tag=data_app_crash isTagEnabled=true flags=0x2
02-27 19:30:05.963  2026  3282 D DropBoxManagerService: file :: /data/system/dropbox/data_app_crash@1772209805962.txt
02-27 19:30:05.976  2026  4236 W ActivityTaskManager:   Force finishing activity com.esiri.esiriplus/.MainActivity
02-27 19:30:05.979  3736  3838 V WindowManagerShell: Transition requested (#7837): android.os.BinderProxy@f379f4a TransitionRequestInfo { type = CLOSE, triggerTask = null, pipTask = null, remoteTransition = null, displayChange = null, flags = 16, debugId = 7837 }
02-27 19:30:05.981  2026  4236 D ActivityRecordExtImpl: skipPrepareAppTransitionForZoom false
02-27 19:30:05.982  2026  4236 D ActivityTaskManager: setAppVisibility(Token{22ac9cf ActivityRecord{788aad u0 com.esiri.esiriplus/.MainActivity t8067 f}}}, visible=false): mNextAppTransitionRequests=[], mNextAppTransitionFlags=,mAppTransitionState=APP_STATE_IDLE visible=true mVisibleRequested=true
02-27 19:30:05.982  2026  4236 D ActivityTaskManager: setVisibility(Token{22ac9cf ActivityRecord{788aad u0 com.esiri.esiriplus/.MainActivity t8067 f}}}, visible=false) defer commitVisibility for transition collecting
02-27 19:30:05.994  2026  4236 D TaskFragmentExtImpl: resumeTopActivity Launcher ,resume while pausing ActivityRecord{381b9ce u0 com.android.launcher/.Launcher t5}
02-27 19:30:05.996  2026  4236 I OplusAccessController: enter isIgnoreAppSwitchActivity
02-27 19:30:05.996  2026  4236 I OplusAccessController: enter isIgnoreAppSwitchActivity and intent != null
02-27 19:30:05.996  2026  4236 I OplusAccessController: enter isIgnoreAppSwitchActivity and componentName != null
02-27 19:30:05.996  2026  4236 I OplusAccessController: enter isIgnoreAppSwitchActivity and packageName&activity is not Empty
02-27 19:30:05.996  2026  4236 D RefreshRate: boostRefreshId choose max:currentRefreshRate:90.0 targetRefreshRate:120.0 mCurrentPickRate:0.0
02-27 19:30:05.996  2026  4236 D RefreshRate: Trigger app switch boost, ar=ActivityRecord{381b9ce u0 com.android.launcher/.Launcher t5},currDisplayRate=90.0,boostId=3
02-27 19:30:05.996  2026  4236 D RefreshRate: setDisplayConfigSpecs complete: targetMode={id=1, width=1080, height=2400, fps=120.00001, vsync=120.00001, synthetic=false, alternativeRefreshRates=[30.000002, 48.000004, 50.0, 60.000004, 90.0], supportedHdrTypes=[]},srcMode={id=1, width=1080, height=2400, fps=120.00001, vsync=120.00001, synthetic=false, alternativeRefreshRates=[30.000002, 48.000004, 50.0, 60.000004, 90.0], supportedHdrTypes=[]},sfModId=0,rate=120.00001
02-27 19:30:05.996  2026  4236 D RefreshRate: Refresh rate changing from 90.0 to 120.00001,maxRefreshRate=120.00001 FOR:{
02-27 19:30:05.996  2026  4236 D RefreshRate:     | COURSE[Trigger app switch boost, ar=ActivityRecord{381b9ce u0 com.android.launcher/.Launcher t5},currDisplayRate=90.0,boostId=3setDisplayConfigSpecs complete: targetMode={id=1, width=1080, height=2400, fps=120.00001, vsync=120.00001, synthetic=false, alternativeRefreshRates=[30.000002, 48.000004, 50.0, 60.000004, 90.0], supportedHdrTypes=[]},srcMode={id=1, width=1080, height=2400, fps=120.00001, vsync=120.00001, synthetic=false, alternativeRefreshRates=[30.000002, 48.000004, 50.0, 60.000004, 90.0], supportedHdrTypes=[]},sfModId=0,rate=120.00001]
02-27 19:30:05.996  2026  4236 D RefreshRate:     | VOTES[PRIORITY_START_ANIMATION_BOOST -> Vote{mRefreshRate=120.0, mMinRefreshRate=120.0, mRequestSource=null};]
02-27 19:30:05.996  2026  4236 D RefreshRate:     | TIME:2026-02-27 16:30:05}
02-27 19:30:05.996  2026  2886 D RefreshRate: do setDisplayConfigSpecs  
02-27 19:30:05.996  2026  4236 D ActivityTaskManager: setAppVisibility(Token{c61f532 ActivityRecord{381b9ce u0 com.android.launcher/.Launcher t5}}, visible=true): mNextAppTransitionRequests=[], mNextAppTransitionFlags=,mAppTransitionState=APP_STATE_IDLE visible=false mVisibleRequested=false
02-27 19:30:05.996  2026  4236 D WindowManager: NFW_setClientVisible:ActivityRecord{381b9ce u0 com.android.launcher/.Launcher t5} clientVisible:true
02-27 19:30:05.998  2026  4236 D ActivityTaskManager: setVisibility(Token{c61f532 ActivityRecord{381b9ce u0 com.android.launcher/.Launcher t5}}, visible=true) defer commitVisibility for transition collecting
02-27 19:30:05.998  2026  4236 D ActivityTaskManager: onWindowFocusChanged Task{8088a94 #5 type=home I=com.android.launcher/.Launcher} would transfer to compact
02-27 19:30:05.998  2026  4236 D ActivityTaskManager: NFW_setLastResumedActivityUncheckLocked:true r:ActivityRecord{381b9ce u0 com.android.launcher/.Launcher t5} currentFocus:Window{81eb488 u0 BiometricPrompt}
02-27 19:30:05.998  2026  4236 D WindowManager: NFW_findFocusedWindowIfNeeded:Window{81eb488 u0 BiometricPrompt} mCurrentFocus:Window{81eb488 u0 BiometricPrompt}
02-27 19:30:05.998  2026  4236 D FlexibleTaskController: onTaskFocusChanged prevTask:Task{14024a9 #8067 type=standard A=10497:com.esiri.esiriplus} ,currentTask:Task{8088a94 #5 type=home I=com.android.launcher/.Launcher}, reason: resumeTopActivity - onActivityStateChanged
02-27 19:30:05.998  2026  4236 D OplusFlexibleDCSManager: onNextPkgChanged pkg = com.android.launcher
02-27 19:30:05.999  2026  4236 D WindowManager: rotation(ROTATION_0) no changed  displayId = 0, lastOrientation = 1
02-27 19:30:05.999  2026  2886 D DisplayModeDirector: setAppRequest displayId : 0  modeId: 0  requestedRefreshRate: 120.00001  requestedMinRefreshRateRange: 120.00001  requestedMaxRefreshRateRange: 120.00001
02-27 19:30:06.004  2026  4236 D DisplayModeDirector: setAppRequest displayId : 0  modeId: 1  requestedRefreshRate: 0.0  requestedMinRefreshRateRange: 0.0  requestedMaxRefreshRateRange: 120.00001
