02-27 19:55:03.986 17937 17953 V OCAM_OppoCamera_TRACE: traceEndSection, msg: initCoreThread
02-27 19:55:03.986 17937 17937 D ExtensionsLoader: createInstance(64bit) : createExtendedFactory
02-27 19:55:03.987 17937 17937 D ExtensionsLoader: Opened libsensorextimpl.so
02-27 19:55:03.988 17937 17937 V OCAM_OppoCamera_TRACE: traceEndSection, msg: CameraStartupPerformance.preloadClassForDlOpen
02-27 19:55:03.988 17937 17937 V OCAM_OppoCamera_TRACE: traceBeginSection, msg: CameraStartupPerformance.preloadSharedPreferences
02-27 19:55:03.991 17937 17937 V OCAM_OppoCamera_TRACE: traceEndSection, msg: CameraStartupPerformance.preloadSharedPreferences
02-27 19:55:03.992 20407 20407 D BoundBrokerSvc: onUnbind: Intent { act=com.google.android.gms.presencemanager.service.START dat=chimera-action:/... cmp=com.google.android.gms/.chimera.PersistentApiService mCallingUid=10116 }
02-27 19:55:03.995 20407 20407 D BoundBrokerSvc: onUnbind: Intent { act=com.google.android.gms.presencemanager.service.INTERNAL_IDENTITY dat=chimera-action:/... cmp=com.google.android.gms/.chimera.PersistentApiService mCallingUid=10116 }
02-27 19:55:04.004 17937 17937 D nativeloader: Load /product/app/OplusCamera/OplusCamera.apk!/lib/arm64-v8a/libpreview_show.so using class loader ns product-clns-8 (caller=/product/app/OplusCamera/OplusCamera.apk!classes12.dex): ok
02-27 19:55:04.005 17937 17937 V OCAM_Util: attachBaseContext, context: android.app.ContextImpl@e2dd7b9
02-27 19:55:04.005 17937 17937 V OCAM_CommonUtil: attachBaseContext, context: android.app.ContextImpl@e2dd7b9
02-27 19:55:04.006 17937 17937 I MMKV    : Disable checkProcessMode()
02-27 19:55:04.011 17937 17937 D nativeloader: Load /product/app/OplusCamera/OplusCamera.apk!/lib/arm64-v8a/libmmkv.so using class loader ns product-clns-8 (caller=/product/app/OplusCamera/OplusCamera.apk!classes21.dex): ok
02-27 19:55:04.011 17937 17937 I MMKV    : <native-bridge.cpp:104::JNI_OnLoad> current API level = 35, libc++_shared=0
02-27 19:55:04.011 17937 17937 I MMKV    : <MMKV.cpp:156::initialize> version v1.2.10, page size 4096, arch arm64-v8a
02-27 19:55:04.012 17937 17937 I MMKV    : <MMKV.cpp:167::initialize> armv8 AES instructions is supported
02-27 19:55:04.012 17937 17937 I MMKV    : <MMKV.cpp:175::initialize> armv8 CRC32 instructions is supported
02-27 19:55:04.012 17937 17937 I MMKV    : <MMKV.cpp:198::initializeMMKV> root dir: /data/user/0/com.oplus.camera/files/mmkv
02-27 19:55:04.016 17937 17937 D OCAM_SPDataBuffer: SPDataBuffer: create SPDataBuffer at com.oplus.camera_preferences
02-27 19:55:04.016 17937 17937 V OCAM_OppoCamera_TRACE: traceEndSection, msg: CameraStartupPerformance.attachBaseContext
02-27 19:55:04.016 17937 17950 V OCAM_OppoCamera_TRACE: traceBeginSection, msg: InitCameraUnitTask
02-27 19:55:04.016 17937 17950 D OCAM_CameraUnitProxy: initCameraUnit
02-27 19:55:04.017 17937 17937 V OCAM_MyApplication: attachBaseContext X, config parse ver2: false
02-27 19:55:04.017 17937 17950 D OCAM_CameraUnitProxy: checkCameraPermission, permissionGranted: true
02-27 19:55:04.024 17937 17950 W CameraUnitLog: initLog, autoTestLogOn:false, isLogOn:false, isTrialVersion():false, isConfigForceOpen:false, isPanic:false, isMpVersion:true
02-27 19:55:04.024 17937 17950 W CameraUnit, CameraUnitImpl: checkAuthenticationPermission, api {versionName: 1.1.174, versionCode: 100004}; SdkConfig: {version name: 5.020.386, version code: 341000, type: release}
02-27 19:55:04.025 17937 17937 D CompatChangeReporter: Compat change id reported: 312399441; UID 10153; state: ENABLED
02-27 19:55:04.026 17937 17937 D OCAM_CameraInfoProvider: onCreate
02-27 19:55:04.027 17937 17965 I CameraUnit, CameraUnitImpl: setDeathRecipient
02-27 19:55:04.027 17937 17950 E CapabilityBase.a: Unable to fetch metadata from teh manifest com.oplus.ocs
02-27 19:55:04.027 17937 17965 E OplusCameraManagerGlobal: setDeathRecipient
02-27 19:55:04.027 17937 17965 I OplusCameraManagerGlobal: Connecting to camera service
02-27 19:55:04.029 17937 17937 D CompatChangeReporter: Compat change id reported: 279646685; UID 10153; state: ENABLED
02-27 19:55:04.034   646   646 E lowmemorykiller: device memory 486371 free 71137 file 400029
02-27 19:55:04.034 17937 17937 D OplusGraphicsEvent: OplusGraphicsEventListener create now!
02-27 19:55:04.036 17937 17967 D ApsAdapter, CameraPerformance: setUxThreadValue, pid is: 17937, tid is 17967 value is 136, keyThreadTag: ConfigInitThread
02-27 19:55:04.037 17937 17967 E ApsAdapter, OsenseResClientHelper: init, sbKeyThreadFeatureOpen: false
02-27 19:55:04.037 17937 17966 D ApsAdapter, CameraPerformance: setUxThreadValue, pid is: 17937, tid is 17966 value is 136, keyThreadTag: ConfigInitThread
02-27 19:55:04.037 17937 17937 D OplusGraphicsEvent: addEventListener success!
02-27 19:55:04.038 17937 17937 E ScrollOptim [ConfigManager]: getOplusPerfService: can't get service binder: IOplusPerfService
02-27 19:55:04.038 17937 17937 E ScrollOptim [ConfigManager]: getOplusPerfService: can't get service interface: IOplusPerfService
02-27 19:55:04.039 17937 17937 D CardWidget.Utils: Utils sIsDebug sync ret: false
02-27 19:55:04.039 17937 17937 I Utils   : Utils sIsDebug sync ret: false
02-27 19:55:04.042 17937 17937 D CardWidget.GlobalDIConfig: initial... 
02-27 19:55:04.048 17937 17937 D DataChannel.ClientChannel: initClientImpl serverAuthority = [com.oplus.cardservice.repository.provider.CardServiceServerProvider], clientName = [com.oplus.camera.card.HomeCardWidgetProvider], client = [com.oplus.camera.card.HomeCardWidgetProvider@e89f510]
02-27 19:55:04.048 17937 17966 D CameraUnit, Util: checkCameraPermission, permissionGranted: true
02-27 19:55:04.048 17937 17966 E CameraUnitLog: setIsVendorTagConfigInitialize : false > false
02-27 19:55:04.049 17937 17970 D ApsAdapter, CameraPerformance: setUxThreadValue, pid is: 17937, tid is 17970 value is 129, keyThreadTag: PreviewImageThread
02-27 19:55:04.049 17937 17973 D ApsAdapter, CameraPerformance: setUxThreadValue, pid is: 17937, tid is 17973 value is 132, keyThreadTag: CaptureImageThread
02-27 19:55:04.050 17937 17971 D ApsAdapter, CameraPerformance: setUxThreadValue, pid is: 17937, tid is 17971 value is 136, keyThreadTag: PreviewFrameThread
02-27 19:55:04.050 17937 17972 D DataChannel.ClientProxy.HomeCardWidgetProvider: tryRegisterContentObserver
02-27 19:55:04.052 17937 17967 D ApsAdapter, CameraPerformance: setUxThreadValue, pid is: 17937, tid is 17979 value is 129, keyThreadTag: UnitHandlerThread
02-27 19:55:04.052 17937 17967 D ApsAdapter, CameraPerformance: setUxThreadValue, pid is: 17937, tid is 17980 value is 129, keyThreadTag: UnitHandlerThread
02-27 19:55:04.053 17937 17950 I CameraUnitClient: handleAuthenticate, isAuthed: true, supportAsyncAuth: false
02-27 19:55:04.053 17937 17950 V OCAM_CameraCharacteristicsUtil: initialize
02-27 19:55:04.054 17937 17950 V OCAM_CameraThreadExector: thread name: initCameraInfo
02-27 19:55:04.054 17937 17950 V OCAM_CameraCharacteristicsUtil: initialize, X
02-27 19:55:04.055 17937 17950 V OCAM_OppoCamera_TRACE: traceEndSection, msg: InitCameraUnitTask
02-27 19:55:04.056 17937 17981 V OCAM_OppoCamera_TRACE: traceBeginSection, msg: initCameraInfo
02-27 19:55:04.056 17937 17981 D OCAM_ThreadManager: setUxThreadValue: pid is: 17937, tid is 17981 value is 130, keyThreadTag: TemporaryThread
02-27 19:55:04.056 17937 17976 D ApsAdapter, CameraPerformance: setUxThreadValue, pid is: 17937, tid is 17976 value is 136, keyThreadTag: ConfigInitThread
02-27 19:55:04.057 17937 17981 E CameraUnit_TRACE: traceBeginSection, msg: getAllSupportCameraType
02-27 19:55:04.057 17937 17976 I CameraUnit, CameraConfigHelper: initialize config, justParseVendorTag: false
02-27 19:55:04.057 17937 17976 E OplusCameraManagerGlobal: setCallInfo
02-27 19:55:04.060 17937 17937 V OCAM_MyApplication: onCreate, E
02-27 19:55:04.060 17937 17937 V OCAM_OppoCamera_TRACE: traceBeginSection, msg: CameraStartupPerformance.onCameraApplicationCreated
02-27 19:55:04.060 17937 17937 D OCAM_MyApplication: monitorActivityLifeCycle E
02-27 19:55:04.060 17937 17937 D OCAM_MyApplication: monitorActivityLifeCycle X
02-27 19:55:04.067 17937 17937 D nativeloader: Load /product/app/OplusCamera/OplusCamera.apk!/lib/arm64-v8a/libFormatConverter.so using class loader ns product-clns-8 (caller=/product/app/OplusCamera/OplusCamera.apk!classes12.dex): ok
02-27 19:55:04.068 17937 17937 I OCAM_MemoryUtils: init, appContext: com.oplus.camera.MyApplication@256e035
02-27 19:55:04.068 17937 17937 I OCAM_DeviceUtil: init,applicationContext: com.oplus.camera.MyApplication@256e035
02-27 19:55:04.068 17937 17937 I OCAM_DisplayDensityUtil: init,applicationContext: com.oplus.camera.MyApplication@256e035
02-27 19:55:04.071 17937 17976 D nativeloader: Load libOplusStringJNI.so using class loader ns product-clns-7 (caller=/product/framework/com.oplus.camera.unit.sdk.jar): ok
02-27 19:55:04.072 17937 17976 W OplusString: [WARNING] string_util.cpp: 324  OplusStringJNI_needGetString() length: 15950, flag: 123, 10, 10
02-27 19:55:04.074 17937 17937 V OCAM_LocationManager: registerLocationListener, listener: yf.a@4f89958
02-27 19:55:04.074  7757 30161 I UMS.CardServiceServerProvider: call, method=pullCommand, arg=com.oplus.camera.card.HomeCardWidgetProvider, extras=Bundle[{key_callingPackage=com.oplus.camera, key_callingPid=17937}] callingPackage=com.oplus.c***a, callingPid=17937,
02-27 19:55:04.075 17937 17937 I MMKV    : Disable checkProcessMode()
02-27 19:55:04.075  7757 30161 I Channel.Server[1000036].ums.IServerImpl: getCommandList, clientName=com.oplus.camera.card.HomeCardWidgetProvider, clientProxy=null
02-27 19:55:04.075  7757 30161 I CardService[1006130].CardServiceServerProviderProxy: call: method = pullCommand, callingPackageName = *om.op*us.ca*era, callingPid = 17937
02-27 19:55:04.075  7757 30161 I Channel.Server[1000036].ums.ChannelServerProvider: call, method=[pullCommand], clientName=[com.oplus.camera.card.HomeCardWidgetProvider], resultCallBackId=[null]
02-27 19:55:04.075 17937 17937 I MMKV    : <MMKV.cpp:198::initializeMMKV> root dir: /data/user/0/com.oplus.camera/files/mmkv
02-27 19:55:04.076 17937 17976 I CameraUnit, JsonParser: loadConfigFile, path: /odm/etc/camera/config/camera_unit_config
02-27 19:55:04.076 17937 17983 D OCAM_ThreadManager: setUxThreadValue: pid is: 17937, tid is 17983 value is 130, keyThreadTag: TaskBusThread
02-27 19:55:04.076 17937 17972 D DataChannel.ClientProxy.HomeCardWidgetProvider: pullAndRunCommand commandList = [] 
02-27 19:55:04.076 17937 17972 D DataChannel.ClientProxy.HomeCardWidgetProvider: processCommandList: distinct processCommands = []
02-27 19:55:04.076 17937 17972 D DataChannel.ClientProxy.HomeCardWidgetProvider: processCommandList: detail processCommands = []
02-27 19:55:04.077 17937 17937 V OCAM_OppoCamera_TRACE: traceEndSection, msg: CameraStartupPerformance.onCameraApplicationCreated
02-27 19:55:04.077 17937 17983 I OCAM_TaskBusRunnable: TaskBusRunable.run setUx for 17983
02-27 19:55:04.077 17937 17983 V OCAM_OppoCamera_TRACE: traceBeginSection, msg: InitDcsTask
02-27 19:55:04.077 17937 17937 D OCAM_LottieUtil: hookThreadPool success
02-27 19:55:04.077 17937 17937 V OCAM_MyApplication: onCreate, X
02-27 19:55:04.077 17937 17985 D OCAM_ThreadManager: setUxThreadValue: pid is: 17937, tid is 17985 value is 130, keyThreadTag: TaskBusThread
02-27 19:55:04.077 17937 17983 D OCAM_DcsReporter: init app context
02-27 19:55:04.077 17937 17976 I CameraUnit, JsonParser: parserDefaultSupportPreviewSizes, values: ["1920X1080","1280X720"]
02-27 19:55:04.078 17937 17976 I CameraUnit, JsonParser: parserDefaultSupportVideoSizes, values: ["4000X3000","3840X2160","2752X1548","1920X1080","1280X720"]
02-27 19:55:04.078 17937 17985 I OCAM_TaskBusRunnable: TaskBusRunable.run setUx for 17985
02-27 19:55:04.078 17937 17985 V OCAM_OppoCamera_TRACE: traceBeginSection, msg: initStoragePathTask
02-27 19:55:04.078 17937 17976 E CameraUnit, JsonParser: parserCaptureStreamNumberConfig, don't have config in the camera_unit_config file, parseKey: capture_stream_number
02-27 19:55:04.079 17937 17976 E CameraUnit, JsonParser: parserDngDescription, Dng description is not available
02-27 19:55:04.079 17937 17984 D OCAM_ThreadManager: setUxThreadValue: pid is: 17937, tid is 17984 value is 130, keyThreadTag: TaskBusThread
02-27 19:55:04.079 17937 17976 I CameraUnit, JsonParser: initAllModeFeatures
02-27 19:55:04.080  2026  7706 I ActivityManager: Flag disabled. Ignoring finishAttachApplication from uid: 10153. pid: 17937
02-27 19:55:04.080 17937 17976 I CameraUnit, FeatureImpl: initCategoryAndValueType, do not have matching category featureName: fovc
02-27 19:55:04.081 17937 17985 D OCAM_Storage: initializeStoragePath()
02-27 19:55:04.082 17937 17937 D OCAM_ApsService: onCreate
02-27 19:55:04.082 17937 17983 D OplusTrack-OplusTrack: packageName:com.oplus.camera,isDebug:true
02-27 19:55:04.082 17937 17976 I CameraUnit, FeatureImpl: initCategoryAndValueType, do not have matching category featureName: fovc
02-27 19:55:04.082 17937 17983 D OplusTrack-OplusTrack: setSession timeout is 10
02-27 19:55:04.082 17937 17983 V OCAM_OppoCamera_TRACE: traceEndSection, msg: InitDcsTask
02-27 19:55:04.083 17937 17983 D OCAM_TaskBusRunnable: TaskBusRunable.run executeTask: InitDcsTask, cost time: 5ms.
02-27 19:55:04.083 17937 17985 D OppoUsbEnvironmentSys: getVolumes: sInternalSdDir=/storage/emulated/0
02-27 19:55:04.083 17937 17937 W OCAM_MemoryUtils: getMemoryInfo, mi.totalMem7744225280, mi.availMem: 2470694912
02-27 19:55:04.083 17937 17983 D OCAM_TaskBus: needDisableUx: false corePoolSize: 4 mDoneTasks: 1 mAllTasksCls: 12 this:fh.b@68a9e9c
02-27 19:55:04.083 17937 17983 V OCAM_OppoCamera_TRACE: traceEndSection, msg: InitDcsTask
02-27 19:55:04.083 17937 17976 I CameraUnit, FeatureImpl: initCategoryAndValueType, do not have matching category featureName: fovc
02-27 19:55:04.083 17937 17983 V OCAM_OppoCamera_TRACE: traceBeginSection, msg: InitThreadMonitorTask
02-27 19:55:04.083 17937 17983 W OCAM_ThreadMonitor: prepare()
02-27 19:55:04.083 17937 17937 D OCAM_ApsService: onStartCommand
02-27 19:55:04.083 17937 17976 I CameraUnit, FeatureImpl: initCategoryAndValueType, do not have matching category featureName: fovc
02-27 19:55:04.084 17937 17983 V OCAM_OppoCamera_TRACE: traceEndSection, msg: InitThreadMonitorTask
02-27 19:55:04.084 17937 17983 D OCAM_TaskBusRunnable: TaskBusRunable.run executeTask: InitThreadMonitorTask, cost time: 1ms.
02-27 19:55:04.084 17937 17983 D OCAM_TaskBus: needDisableUx: false corePoolSize: 4 mDoneTasks: 2 mAllTasksCls: 12 this:fh.b@68a9e9c
02-27 19:55:04.084 17937 17983 V OCAM_OppoCamera_TRACE: traceEndSection, msg: InitThreadMonitorTask
02-27 19:55:04.084 17937 17985 D OppoUsbEnvironmentSys: update: hasPerm WRITE_MEDIA_STORAGE=false, contextApp=com.oplus.camera.MyApplication@256e035
02-27 19:55:04.084 17937 17983 V OCAM_OppoCamera_TRACE: traceBeginSection, msg: InitAlgoListModelTask
02-27 19:55:04.084 17937 17983 V OCAM_OppoCamera_TRACE: traceEndSection, msg: InitAlgoListModelTask
02-27 19:55:04.084 17937 17983 D OCAM_TaskBusRunnable: TaskBusRunable.run executeTask: InitAlgoListModelTask, cost time: 0ms.
02-27 19:55:04.084 17937 17983 D OCAM_TaskBus: needDisableUx: false corePoolSize: 4 mDoneTasks: 3 mAllTasksCls: 12 this:fh.b@68a9e9c
02-27 19:55:04.084 17937 17983 V OCAM_OppoCamera_TRACE: traceEndSection, msg: InitAlgoListModelTask
02-27 19:55:04.084 17937 17983 V OCAM_OppoCamera_TRACE: traceBeginSection, msg: InitActivityContextUtil
02-27 19:55:04.084 17937 17983 V OCAM_OppoCamera_TRACE: traceEndSection, msg: InitActivityContextUtil
02-27 19:55:04.084 17937 17983 D OCAM_TaskBusRunnable: TaskBusRunable.run executeTask: InitActivityContextUtil, cost time: 0ms.
02-27 19:55:04.084 17937 17983 D OCAM_TaskBus: needDisableUx: false corePoolSize: 4 mDoneTasks: 4 mAllTasksCls: 12 this:fh.b@68a9e9c
02-27 19:55:04.084 17937 17983 V OCAM_OppoCamera_TRACE: traceEndSection, msg: InitActivityContextUtil
02-27 19:55:04.084 17937 17983 V OCAM_OppoCamera_TRACE: traceBeginSection, msg: InitCameraConfigHeavyTask
02-27 19:55:04.085 17937 17984 I OCAM_TaskBusRunnable: TaskBusRunable.run setUx for 17984
02-27 19:55:04.085 17937 17976 I CameraUnit, FeatureImpl: initCategoryAndValueType, do not have matching category featureName: portrait_body_type
02-27 19:55:04.085 17937 17984 V OCAM_OppoCamera_TRACE: traceBeginSection, msg: InitCameraConfigTask
02-27 19:55:04.085 17937 17984 V OCAM_CameraConfig: initialize, sbInit: false
02-27 19:55:04.086 17937 17987 W OCAM_ThreadMonitor: ***** Monitor thread start *****
02-27 19:55:04.086 17937 17985 D OppoUsbEnvironmentSys: update: registerListener sStorageListener
02-27 19:55:04.086 17937 17976 I CameraUnit, FeatureImpl: initCategoryAndValueType, do not have matching category featureName: fovc
02-27 19:55:04.086 17937 17984 V ApsAdapter, UpdateHelper: getRusUpdatePath, updatePath: /data/user/0/com.oplus.camera/files/odm/etc/camera/config/oplus_camera_config
02-27 19:55:04.087 17937 17976 I CameraUnit, FeatureImpl: initCategoryAndValueType, do not have matching category featureName: fovc
02-27 19:55:04.087 17937 17937 E DynamicFramerate [DynamicFrameRateController]: getOplusRefreshRateService: can't get service binder: IOPlusRefreshRate
02-27 19:55:04.087 17937 17937 E DynamicFramerate [DynamicFrameRateController]: getOplusRefreshRateService: can't get service interface: IOPlusRefreshRate
02-27 19:55:04.088 17937 17976 I CameraUnit, FeatureImpl: initCategoryAndValueType, do not have matching category featureName: nightVideo
02-27 19:55:04.088 17937 17937 E DynamicFramerate [FRTCConfigManager]: getFRTCInfo: error on OplusRefreshRateService.getFRTCInfo mOplusRefreshRateService is null!
02-27 19:55:04.088 17937 17937 I DynamicFramerate [FRTCConfigManager]: initFrameRateConfig: 
02-27 19:55:04.088 17937 17937 I DynamicFramerate [FRTCConfigManager]: 	levels: [120]
02-27 19:55:04.088 17937 17937 I DynamicFramerate [FRTCConfigManager]: 	thresholds: []
02-27 19:55:04.088 17937 17937 I DynamicFramerate [FRTCConfigManager]: FRTCConfigManager: FRTC_CAPABILITY = 0, package name = com.oplus.camera, WINDOW_ANIMATION_SPEED_RATE = 10, SCROLL_ANIMATION_SPEED_RATE = 20, PACKAGE_ENABLE = false
02-27 19:55:04.088 17937 17937 I DynamicFramerate [DynamicFrameRateController]: init info: mPackageName = com.oplus.camera, mIsEnabled = false
02-27 19:55:04.088 17937 17976 I CameraUnit, FeatureImpl: initCategoryAndValueType, do not have matching category featureName: beauty
02-27 19:55:04.089 17937 17976 I CameraUnit, FeatureImpl: initCategoryAndValueType, do not have matching category featureName: fovc
02-27 19:55:04.090 17937 17976 I CameraUnit, FeatureImpl: initCategoryAndValueType, do not have matching category featureName: nightVideo
02-27 19:55:04.090 17937 17985 D OCAM_SPDataBuffer: SPDataBuffer: create SPDataBuffer at com.oplus.camera_preferences_0
02-27 19:55:04.090 17937 17985 E OCAM_Storage: initializeCachedDeletedMediaIds, sCachedMediaIds: []
02-27 19:55:04.090 17937 17976 I CameraUnit, FeatureImpl: initCategoryAndValueType, do not have matching category featureName: fovc
02-27 19:55:04.095 17937 17976 I CameraUnit, JsonParser: initAllModeFeatures X, spend time: 16
02-27 19:55:04.095 17937 17984 W OplusString: [WARNING] string_util.cpp: 324  OplusStringJNI_needGetString() length: 18164, flag: 123, 34, 125
02-27 19:55:04.095 17937 17976 E CameraUnit_TRACE: traceBeginSection, msg: CameraCharacteristicsHelper.initialize
02-27 19:55:04.095 17937 17985 V OCAM_OppoCamera_TRACE: traceEndSection, msg: initStoragePathTask
02-27 19:55:04.095 17937 17985 D OCAM_TaskBusRunnable: TaskBusRunable.run executeTask: initStoragePathTask, cost time: 17ms.
02-27 19:55:04.095 17937 17985 D OCAM_TaskBus: needDisableUx: false corePoolSize: 4 mDoneTasks: 5 mAllTasksCls: 12 this:fh.b@68a9e9c
02-27 19:55:04.096 17937 17985 V OCAM_OppoCamera_TRACE: traceEndSection, msg: initStoragePathTask
02-27 19:55:04.096 17937 17976 I CameraManagerExtImpl: packagename is com.oplus.camera
02-27 19:55:04.096 17937 17985 V OCAM_OppoCamera_TRACE: traceBeginSection, msg: InitCameraConfigAsyncTask
02-27 19:55:04.096 17937 17984 W OplusString: [WARNING] string_util.cpp: 324  OplusStringJNI_needGetString() length: 21542, flag: 123, 10, 10
02-27 19:55:04.096 17937 17976 I OplusCameraManager: saveOpPackageName, mOpPackageName: com.oplus.camera
02-27 19:55:04.096 17937 17985 I OCAM_Task: initCameraConfig
02-27 19:55:04.096 17937 17985 V OCAM_CameraThreadExector: thread name: feature_init
02-27 19:55:04.096 17937 17985 V OCAM_CameraThreadExector: thread name: Camera Initialize
02-27 19:55:04.096 17937 17985 V OCAM_CameraThreadExector: thread name: init MyRegionAdapter
02-27 19:55:04.096 17937 17985 V OCAM_OppoCamera_TRACE: traceEndSection, msg: InitCameraConfigAsyncTask
02-27 19:55:04.096 17937 17985 D OCAM_TaskBusRunnable: TaskBusRunable.run executeTask: InitCameraConfigAsyncTask, cost time: 0ms.
02-27 19:55:04.096 17937 17985 D OCAM_TaskBus: needDisableUx: false corePoolSize: 4 mDoneTasks: 6 mAllTasksCls: 12 this:fh.b@68a9e9c
02-27 19:55:04.096 17937 17985 V OCAM_OppoCamera_TRACE: traceEndSection, msg: InitCameraConfigAsyncTask
02-27 19:55:04.096 17937 17985 V OCAM_OppoCamera_TRACE: traceBeginSection, msg: InitActivityUtilTask
02-27 19:55:04.096 17937 17985 V OCAM_OppoCamera_TRACE: traceEndSection, msg: InitActivityUtilTask
02-27 19:55:04.096 17937 17985 D OCAM_TaskBusRunnable: TaskBusRunable.run executeTask: InitActivityUtilTask, cost time: 0ms.
02-27 19:55:04.096 17937 17985 D OCAM_TaskBus: needDisableUx: false corePoolSize: 4 mDoneTasks: 7 mAllTasksCls: 12 this:fh.b@68a9e9c
02-27 19:55:04.096 17937 17985 V OCAM_OppoCamera_TRACE: traceEndSection, msg: InitActivityUtilTask
02-27 19:55:04.097 17937 17985 V OCAM_OppoCamera_TRACE: traceBeginSection, msg: InitVibrateManagerTask
02-27 19:55:04.097 17937 17985 V OCAM_OppoCamera_TRACE: traceEndSection, msg: InitVibrateManagerTask
02-27 19:55:04.097 17937 17985 D OCAM_TaskBusRunnable: TaskBusRunable.run executeTask: InitVibrateManagerTask, cost time: 0ms.
02-27 19:55:04.098 17937 17985 D OCAM_TaskBus: needDisableUx: false corePoolSize: 4 mDoneTasks: 8 mAllTasksCls: 12 this:fh.b@68a9e9c
02-27 19:55:04.098 17937 17985 V OCAM_OppoCamera_TRACE: traceEndSection, msg: InitVibrateManagerTask
02-27 19:55:04.099 17937 17984 D ApsAdapter, UpdateHelper: getValidConfigData, use ota config with new version, path: /odm/etc/camera/config/oplus_camera_config
02-27 19:55:04.099 17937 17976 D ApsAdapter, CameraPerformance: setUxThreadValue, pid is: 17937, tid is 17988 value is 129, keyThreadTag: UnitHandlerThread
02-27 19:55:04.099 14092 14504 I DCS>ContentProvider[1239]: support
02-27 19:55:04.101 17937 17976 D CameraUnit, CameraCharacteristicsWrapper: ROM version: oplus/ossi/ossi:15/AP3A.240617.008/1766769895910:user/release-keys
02-27 19:55:04.101 17937 17988 D CameraUnit, CameraCharacteristicsWrapper: start getting camera characteristics, camera: 0
02-27 19:55:04.101 17937 17976 D CameraUnit, CameraCharacteristicsWrapper: no need to wait for getting characteristics, camera: 0
02-27 19:55:04.102 17937 17988 I OplusCameraManagerGlobal: setClientInfo, packageName: com.oplus.camera, uid: 10153, pid: 17937
02-27 19:55:04.102 17937 17988 I CameraManagerGlobal: Connecting to camera service
02-27 19:55:04.103 17937 17984 D ApsAdapter, ApsUtils: initConfigData, new format with version: 13.001
02-27 19:55:04.103 17937 17984 V OCAM_CameraConfig: initialize X
02-27 19:55:04.103 17937 17983 I OCAM_CameraConfig: confirmInitCompleted cost: 17996us.
02-27 19:55:04.103 17937 17984 V OCAM_OppoCamera_TRACE: traceEndSection, msg: InitCameraConfigTask
02-27 19:55:04.103 17937 17984 D OCAM_TaskBusRunnable: TaskBusRunable.run executeTask: InitCameraConfigTask, cost time: 18ms.
02-27 19:55:04.103 17937 17984 D OCAM_TaskBus: needDisableUx: true corePoolSize: 4 mDoneTasks: 9 mAllTasksCls: 12 this:fh.b@68a9e9c
02-27 19:55:04.103 17937 17984 V OCAM_OppoCamera_TRACE: traceBeginSection, msg: disableKeyThreadValue_17984
02-27 19:55:04.104 17937 17985 V OCAM_OppoCamera_TRACE: traceBeginSection, msg: InitPerformanceTask
02-27 19:55:04.104 17937 17984 V OCAM_OppoCamera_TRACE: traceEndSection, msg: disableKeyThreadValue_17984
02-27 19:55:04.104 17937 17984 V OCAM_OppoCamera_TRACE: traceEndSection, msg: InitCameraConfigTask
02-27 19:55:04.104 17937 17984 V OCAM_OppoCamera_TRACE: traceBeginSection, msg: InitCaptureDeferTask
02-27 19:55:04.104 17937 17984 V OCAM_CameraThreadExector: thread name: Capture Defer Init
02-27 19:55:04.104 17937 17984 V OCAM_OppoCamera_TRACE: traceEndSection, msg: InitCaptureDeferTask
02-27 19:55:04.104 17937 17984 D OCAM_TaskBusRunnable: TaskBusRunable.run executeTask: InitCaptureDeferTask, cost time: 0ms.
02-27 19:55:04.104 17937 17984 D OCAM_TaskBus: needDisableUx: true corePoolSize: 4 mDoneTasks: 10 mAllTasksCls: 12 this:fh.b@68a9e9c
02-27 19:55:04.104 17937 17984 V OCAM_OppoCamera_TRACE: traceBeginSection, msg: disableKeyThreadValue_17984
02-27 19:55:04.104  4321  4327 W lus.appplatform: Reducing the number of considered missed Gc histogram windows from 129 to 100
02-27 19:55:04.105 17937 17976 D CameraUnit, CameraCharacteristicsWrapper: 23 cached value(s) built, camera: 0
02-27 19:55:04.105 17937 17984 V OCAM_OppoCamera_TRACE: traceEndSection, msg: disableKeyThreadValue_17984
02-27 19:55:04.105 17937 17984 V OCAM_OppoCamera_TRACE: traceEndSection, msg: InitCaptureDeferTask
02-27 19:55:04.105 17937 17984 D OCAM_ThreadManager: setUxThreadValue: pid is: 17937, tid is 17984 value is 130, keyThreadTag: TemporaryThread
02-27 19:55:04.105 17937 17976 V CameraUnit, CameraCharacteristicsHelper: initialize, cameraId: 0, cameraIdType: 0, cameraType: rear_main, availableStreamFpsRanges: null
02-27 19:55:04.106 17937 17984 E CameraUnit_TRACE: traceBeginSection, msg: parseFromProtobuf
02-27 19:55:04.106 17937 17976 D CameraUnit, CameraCharacteristicsWrapper: no need to wait for getting characteristics, camera: 1
02-27 19:55:04.107 17937 17983 V OCAM_CamCmdUtil: initialize, sSupportCamCmdValue: 0
02-27 19:55:04.107 17937 17985 V OCAM_Performance: init
02-27 19:55:04.108 17937 17983 V CameraUnit, PowerDebugUtil: updatePWDebugSysPropVal, PW_DEBUG pwVal: 0, captureVal: 0
02-27 19:55:04.108 17937 17983 E PowerDebugUtil: updatePWDebugVal, PW_DEBUG sPWVal: 0, sCaptureFlow: 0
02-27 19:55:04.108 17937 17983 V OCAM_CameraSettingsConfig: initialize, sbInit: false
02-27 19:55:04.108 17937 17985 W OCAM_QualityReport: /data/persist_log is readable
02-27 19:55:04.108 17937 17985 I OCAM_QualityReport: isTraceSupported, isPreVersion: false, accessPermission: true
02-27 19:55:04.108 17937 17985 D OCAM_QualityReport: init, mbIsTraceSupported: false
02-27 19:55:04.108 17937 17985 V OCAM_OppoCamera_TRACE: traceEndSection, msg: InitPerformanceTask
02-27 19:55:04.109 17937 17976 D CameraUnit, CameraCharacteristicsWrapper: 20 cached value(s) built, camera: 1
02-27 19:55:04.109 17937 17985 D OCAM_TaskBusRunnable: TaskBusRunable.run executeTask: InitPerformanceTask, cost time: 4ms.
02-27 19:55:04.109 17937 17976 V CameraUnit, CameraCharacteristicsHelper: initialize, cameraId: 1, cameraIdType: 1, cameraType: front_main, availableStreamFpsRanges: null
02-27 19:55:04.109 17937 17985 D OCAM_TaskBus: needDisableUx: true corePoolSize: 4 mDoneTasks: 11 mAllTasksCls: 12 this:fh.b@68a9e9c
02-27 19:55:04.109 17937 17985 V OCAM_OppoCamera_TRACE: traceBeginSection, msg: disableKeyThreadValue_17985
02-27 19:55:04.109 17937 17976 D CameraUnit, CameraCharacteristicsWrapper: no need to wait for getting characteristics, camera: 2
02-27 19:55:04.109 17937 17983 D OCAM_CameraConfig: isCaptureDeferSupported, sCaptureDeferSupported: null
02-27 19:55:04.109 17937 17976 D CameraUnit, CameraCharacteristicsWrapper: 3 cached value(s) built, camera: 2
02-27 19:55:04.109 17937 17976 V CameraUnit, CameraCharacteristicsHelper: initialize, cameraId: 2, cameraIdType: 13, cameraType: rear_mono_1, availableStreamFpsRanges: null
02-27 19:55:04.109 17937 17976 D CameraUnit, CameraCharacteristicsWrapper: no need to wait for getting characteristics, camera: 3
02-27 19:55:04.109 17937 17985 V OCAM_OppoCamera_TRACE: traceEndSection, msg: disableKeyThreadValue_17985
02-27 19:55:04.109 17937 17985 V OCAM_OppoCamera_TRACE: traceEndSection, msg: InitPerformanceTask
02-27 19:55:04.109 17937 17976 D CameraUnit, CameraCharacteristicsWrapper: 3 cached value(s) built, camera: 3
02-27 19:55:04.109 17937 17985 E OCAM_CameraConfig: isScreenFoldInwardLeftAndRight, sDeviceScreenForm: normal
02-27 19:55:04.109 17937 17976 V CameraUnit, CameraCharacteristicsHelper: initialize, cameraId: 3, cameraIdType: 17, cameraType: rear_macro, availableStreamFpsRanges: null
02-27 19:55:04.109 17937 17976 D CameraUnit, CameraCharacteristicsWrapper: no need to wait for getting characteristics, camera: 4
02-27 19:55:04.109 17937 17985 D OCAM_TuningParameterUpgradeUtil: checkTuningUpgrade
02-27 19:55:04.110 17937 17985 V OCAM_MyApplication: checkDataManagerStatus X
02-27 19:55:04.112 17937 17976 D CameraUnit, CameraCharacteristicsWrapper: 18 cached value(s) built, camera: 4
02-27 19:55:04.112 17937 17976 V CameraUnit, CameraCharacteristicsHelper: initialize, cameraId: 4, cameraIdType: 8, cameraType: rear_portrait, availableStreamFpsRanges: null
02-27 19:55:04.112 17937 17976 E CameraUnit_TRACE: traceEndSection, msg: CameraCharacteristicsHelper.initialize
02-27 19:55:04.112 17937 17981 E CameraUnit_TRACE: traceEndSection, msg: getAllSupportCameraType
02-27 19:55:04.115 17937 17976 W OplusString: [WARNING] string_util.cpp: 324  OplusStringJNI_needGetString() length: 86751, flag: 123, 10, 10
02-27 19:55:04.116  1534  1534 E vendor.oplus.hardware.OplusMisc-V1-service: nodeFlag is not support
02-27 19:55:04.116  2026  7706 D ColorMiscNodeManagerService: isMiscNodeSupport, nodeFlag: 140, dId:0, result:-1
02-27 19:55:04.116 17937 17983 D OCAM_SpruceUtil: sIsSupportSpruceNode: false
02-27 19:55:04.117 17937 17976 D ApsAdapter, UpdateHelper: getValidConfigData, no rus, use ota, path: /odm/etc/camera/config/oplus_camera_algo_switch_config
02-27 19:55:04.117 17937 17984 D CameraUnit, CameraConfigure: decodeConfigFileVersion1, rusVersionNum: 1, odmVersionNum: 1
02-27 19:55:04.117 17937 17984 E CameraUnit_TRACE: traceBeginSection, msg: FeatureApi.parse
02-27 19:55:04.117 17937 17981 I CameraUnit, ModeFactory: createMode, name: video_mode
02-27 19:55:04.119 17937 17981 D CameraUnit, ModeFactory: getMode, mode name: video_mode
02-27 19:55:04.119 17937 17981 I CameraUnit, BaseMode: updateAllParameterRange, featureName: nightVideo, parameterName: nightVideo, configValue: [normal_night_video, ultra_night_video], after convert: [null, null]
02-27 19:55:04.119 17937 17981 I CameraUnit, BaseMode: updateAllParameterRange, featureName: beauty, parameterName: beauty, configValue: [com.oplus.preview.video.beauty.exfoliating, com.oplus.preview.video.beauty.thin_face], after convert: [null, null]
02-27 19:55:04.120 17937 17981 I CameraUnit, BaseMode: updateAllParameterRange, featureName: fovc, parameterName: fovc, configValue: [on, off], after convert: [null, null]
02-27 19:55:04.120 17937 17981 I CameraUnit, BaseMode: updateAllParameterRange, featureName: com.oplus.configure.video.stabilization, parameterName: com.oplus.configure.video.stabilization, configValue: [super_stabilization, video_stabilization], after convert: [super_stabilization, video_stabilization]
02-27 19:55:04.120 17937 17981 I CameraUnit, BaseMode: updateAllParameterRange, featureName: com.oplus.video.stabilization.mode, parameterName: com.oplus.video.stabilization.mode, configValue: [0, 1], after convert: [0, 1]
02-27 19:55:04.120 17937 17981 I CameraUnit, BaseMode: updateAllParameterRange, featureName: com.oplus.configure.video.fps, parameterName: com.oplus.configure.video.fps, configValue: [video_30fps, video_60fps], after convert: [video_30fps, video_60fps]
02-27 19:55:04.120 17937 17981 I CameraUnit, BaseMode: updateAllParameterRange, featureName: com.oplus.preview.focus.mode, parameterName: com.oplus.preview.focus.mode, configValue: [2, 3, 4], after convert: [2, 3, 4]
02-27 19:55:04.120 17937 17981 I CameraUnit, BaseMode: updateAllParameterRange, featureName: com.oplus.preview.flash.mode, parameterName: com.oplus.preview.flash.mode, configValue: [off, torch], after convert: [off, torch]
02-27 19:55:04.121 17937 17976 D ApsAdapter, AlgoSwitchConfig: parseConfigData, sApsVersion: 3, sApsMode: 1
02-27 19:55:04.122 17937 17983 V OCAM_CameraSettingsConfig: initialize X
02-27 19:55:04.122 17937 17983 V OCAM_SizeUtils: initialize, sbInit: false
02-27 19:55:04.123 17937 17976 D ApsAdapter, AlgoSwitchConfig: parsePreviewConfig, config: common@0, pipeline: video, e1: No value for master_input_width
02-27 19:55:04.123 17937 17983 V OCAM_SizeUtils: displaycontent, getDefaultDisplay().getHeight(): 2400 wm.getDefaultDisplay().getWidth(): 1080 metrics.density: 3.0 metrics.densityDpi: 480
02-27 19:55:04.123 17937 17983 V OCAM_Task: startDaemonService, stopService and startForegroundService
02-27 19:55:04.123 17937 17976 D ApsAdapter, AlgoSwitchConfig: parsePreviewConfig, config: common@1, pipeline: video, e1: No value for master_input_width
02-27 19:55:04.123 17937 17976 D ApsAdapter, AlgoSwitchConfig: parsePreviewConfig, config: commonDummy@0, pipeline: video, e1: No value for master_input_width
02-27 19:55:04.123 17937 17976 D ApsAdapter, AlgoSwitchConfig: parsePreviewConfig, config: commonDummy@1, pipeline: video, e1: No value for master_input_width
02-27 19:55:04.123 17937 17976 D ApsAdapter, AlgoSwitchConfig: parsePreviewConfig, config: commonDummy@1, pipeline: asd, e1: No value for master_input_width
02-27 19:55:04.123 17937 17976 D ApsAdapter, AlgoSwitchConfig: parsePreviewConfig, config: commonVideoDummy@0, pipeline: video, e1: No value for master_input_width
02-27 19:55:04.123 17937 17976 D ApsAdapter, AlgoSwitchConfig: parsePreviewConfig, config: commonVideoDummy@0, pipeline: asd, e1: No value for master_input_width
02-27 19:55:04.123 17937 17976 D ApsAdapter, AlgoSwitchConfig: parsePreviewConfig, config: commonVideoDummy@1, pipeline: video, e1: No value for master_input_width
02-27 19:55:04.123 17937 17976 D ApsAdapter, AlgoSwitchConfig: parsePreviewConfig, config: commonVideoDummy@1, pipeline: asd, e1: No value for master_input_width
02-27 19:55:04.123 17937 17976 D ApsAdapter, AlgoSwitchConfig: parsePreviewConfig, config: minimalDummy@0, pipeline: video, e1: No value for master_input_width
02-27 19:55:04.123 17937 17976 D ApsAdapter, AlgoSwitchConfig: parsePreviewConfig, config: minimalDummy@0, pipeline: asd, e1: No value for master_input_width
02-27 19:55:04.123 17937 17976 D ApsAdapter, AlgoSwitchConfig: parsePreviewConfig, config: minimalDummy@1, pipeline: video, e1: No value for master_input_width
02-27 19:55:04.123 17937 17976 D ApsAdapter, AlgoSwitchConfig: parsePreviewConfig, config: minimalDummy@1, pipeline: asd, e1: No value for master_input_width
02-27 19:55:04.123 17937 17976 D ApsAdapter, AlgoSwitchConfig: parsePreviewConfig, config: idPhoto@0, pipeline: video, e1: No value for master_input_width
02-27 19:55:04.123  1535  4282 E PerformanceService: storage_feature: open /sys/devices/platform/soc/112b0000.ufshci//virtualtlcbuff fail
02-27 19:55:04.123 17937 17976 D ApsAdapter, AlgoSwitchConfig: parsePreviewConfig, config: idPhoto@0, pipeline: asd, e1: No value for master_input_width
02-27 19:55:04.124 17937 17976 D ApsAdapter, AlgoSwitchConfig: parsePreviewConfig, config: idPhoto@1, pipeline: video, e1: No value for master_input_width
02-27 19:55:04.124 17937 17976 D ApsAdapter, AlgoSwitchConfig: parsePreviewConfig, config: idPhoto@1, pipeline: asd, e1: No value for master_input_width
02-27 19:55:04.124 17937 17976 D ApsAdapter, AlgoSwitchConfig: parsePreviewConfig, config: night@0, pipeline: video, e1: No value for master_input_width
02-27 19:55:04.124 17937 17976 D ApsAdapter, AlgoSwitchConfig: parsePreviewConfig, config: night@0, pipeline: asd, e1: No value for master_input_width
02-27 19:55:04.124 17937 17976 D ApsAdapter, AlgoSwitchConfig: parsePreviewConfig, config: night@1, pipeline: video, e1: No value for master_input_width
02-27 19:55:04.124  2026  3215 D CompatChangeReporter: Compat change id reported: 311208629; UID 10153; state: ENABLED
02-27 19:55:04.124 17937 17976 D ApsAdapter, AlgoSwitchConfig: parsePreviewConfig, config: portrait@0, pipeline: video, e1: No value for master_input_width
02-27 19:55:04.124 17937 17976 D ApsAdapter, AlgoSwitchConfig: parsePreviewConfig, config: portrait@0, pipeline: asd, e1: No value for master_input_width
02-27 19:55:04.124 17937 17976 D ApsAdapter, AlgoSwitchConfig: parsePreviewConfig, config: portrait@1, pipeline: video, e1: No value for master_input_width
02-27 19:55:04.124 17937 17976 D ApsAdapter, AlgoSwitchConfig: parsePreviewConfig, config: panorama@0, pipeline: video, e1: No value for master_input_width
02-27 19:55:04.124 17937 17976 D ApsAdapter, AlgoSwitchConfig: parsePreviewConfig, config: panorama@0, pipeline: asd, e1: No value for master_input_width
02-27 19:55:04.124 17937 17976 D ApsAdapter, AlgoSwitchConfig: parsePreviewConfig, config: panorama@1, pipeline: video, e1: No value for master_input_width
02-27 19:55:04.124 17937 17976 D ApsAdapter, AlgoSwitchConfig: parsePreviewConfig, config: panorama@1, pipeline: asd, e1: No value for master_input_width
02-27 19:55:04.124 17937 17976 D ApsAdapter, AlgoSwitchConfig: parsePreviewConfig, config: professional@0, pipeline: video, e1: No value for master_input_width
02-27 19:55:04.124 17937 17976 D ApsAdapter, AlgoSwitchConfig: parsePreviewConfig, config: professional@0, pipeline: asd, e1: No value for master_input_width
02-27 19:55:04.124 17937 17976 D ApsAdapter, AlgoSwitchConfig: parsePreviewConfig, config: sticker@0, pipeline: video, e1: No value for master_input_width
02-27 19:55:04.124 17937 17976 D ApsAdapter, AlgoSwitchConfig: parsePreviewConfig, config: sticker@0, pipeline: asd, e1: No value for master_input_width
02-27 19:55:04.125 17937 17976 D ApsAdapter, AlgoSwitchConfig: parsePreviewConfig, config: sticker@1, pipeline: video, e1: No value for master_input_width
02-27 19:55:04.125 17937 17976 D ApsAdapter, AlgoSwitchConfig: parsePreviewConfig, config: commonVideo@0, pipeline: asd, e1: No value for master_input_width
02-27 19:55:04.125 17937 17976 D ApsAdapter, AlgoSwitchConfig: parsePreviewConfig, config: commonVideo@1, pipeline: asd, e1: No value for master_input_width
02-27 19:55:04.126 17937 17976 D ApsAdapter, AlgoSwitchConfig: parsePreviewConfig, config: aiEnhancement@0, pipeline: asd, e1: No value for master_input_width
02-27 19:55:04.126 17937 17976 D ApsAdapter, AlgoSwitchConfig: parsePreviewConfig, config: aiEnhancement@1, pipeline: asd, e1: No value for master_input_width
02-27 19:55:04.126 17937 17976 D ApsAdapter, AlgoSwitchConfig: parsePreviewConfig, config: macro@0, pipeline: video, e1: No value for master_input_width
02-27 19:55:04.126 17937 17981 D CameraUnit, VideoMode: createCameraDeviceInfo, cameraType: rear_main
02-27 19:55:04.126 17937 17976 D ApsAdapter, AlgoSwitchConfig: parsePreviewConfig, config: macro@0, pipeline: asd, e1: No value for master_input_width
02-27 19:55:04.126 17937 17976 D ApsAdapter, AlgoSwitchConfig: parsePreviewConfig, config: superText@0, pipeline: video, e1: No value for master_input_width
02-27 19:55:04.126 17937 17976 D ApsAdapter, AlgoSwitchConfig: parsePreviewConfig, config: superText@0, pipeline: asd, e1: No value for master_input_width
02-27 19:55:04.126 17937 17976 D ApsAdapter, AlgoSwitchConfig: parsePreviewConfig, config: 4kVideo@0, pipeline: asd, e1: No value for master_input_width
02-27 19:55:04.126 17937 17976 D ApsAdapter, AlgoSwitchConfig: parsePreviewConfig, config: 4kVideo@1, pipeline: preview, e1: No value for master_input_width
02-27 19:55:04.126 17937 17976 D ApsAdapter, AlgoSwitchConfig: parsePreviewConfig, config: 4kVideo@1, pipeline: video, e1: No value for master_input_width
02-27 19:55:04.126 17937 17976 D ApsAdapter, AlgoSwitchConfig: parsePreviewConfig, config: 4kVideo@1, pipeline: asd, e1: No value for master_input_width
02-27 19:55:04.126 17937 17976 D ApsAdapter, AlgoSwitchConfig: parsePreviewConfig, config: superEISVideo@0, pipeline: asd, e1: No value for master_input_width
02-27 19:55:04.127 17937 17976 D ApsAdapter, AlgoSwitchConfig: parsePreviewConfig, config: superEISVideo@1, pipeline: preview, e1: No value for master_input_width
02-27 19:55:04.127 17937 17976 D ApsAdapter, AlgoSwitchConfig: parsePreviewConfig, config: superEISVideo@1, pipeline: video, e1: No value for master_input_width
02-27 19:55:04.127 17937 17976 D ApsAdapter, AlgoSwitchConfig: parsePreviewConfig, config: superEISVideo@1, pipeline: asd, e1: No value for master_input_width
02-27 19:55:04.127 17937 17976 D ApsAdapter, AlgoSwitchConfig: parsePreviewConfig, config: superEISProVideo@0, pipeline: asd, e1: No value for master_input_width
02-27 19:55:04.127 17937 17976 D ApsAdapter, AlgoSwitchConfig: parsePreviewConfig, config: superEISProVideo@1, pipeline: preview, e1: No value for master_input_width
02-27 19:55:04.127 17937 17976 D ApsAdapter, AlgoSwitchConfig: parsePreviewConfig, config: superEISProVideo@1, pipeline: video, e1: No value for master_input_width
02-27 19:55:04.127 17937 17976 D ApsAdapter, AlgoSwitchConfig: parsePreviewConfig, config: superEISProVideo@1, pipeline: asd, e1: No value for master_input_width
02-27 19:55:04.127 17937 17976 D ApsAdapter, AlgoSwitchConfig: parsePreviewConfig, config: hyperlapseVideo@0, pipeline: asd, e1: No value for master_input_width
02-27 19:55:04.127 17937 17976 D ApsAdapter, AlgoSwitchConfig: parsePreviewConfig, config: hyperlapseProVideo@0, pipeline: asd, e1: No value for master_input_width
02-27 19:55:04.127 17937 17976 D ApsAdapter, AlgoSwitchConfig: parsePreviewConfig, config: fastVideo@0, pipeline: asd, e1: No value for master_input_width
02-27 19:55:04.127 17937 17976 D ApsAdapter, AlgoSwitchConfig: parsePreviewConfig, config: fastVideo@1, pipeline: asd, e1: No value for master_input_width
02-27 19:55:04.127  2026  7699 D CompatChangeReporter: Compat change id reported: 319471980; UID 10153; state: ENABLED
02-27 19:55:04.127 17937 17976 D ApsAdapter, AlgoSwitchConfig: parsePreviewConfig, config: slowVideo@0, pipeline: video, e1: No value for master_input_width
02-27 19:55:04.127 17937 17976 D ApsAdapter, AlgoSwitchConfig: parsePreviewConfig, config: slowVideo@0, pipeline: asd, e1: No value for master_input_width
02-27 19:55:04.127 17937 17976 D ApsAdapter, AlgoSwitchConfig: parsePreviewConfig, config: commonSatHal@0, pipeline: video, e1: No value for master_input_width
02-27 19:55:04.127 17937 17976 D ApsAdapter, AlgoSwitchConfig: parsePreviewConfig, config: commonSatHal@1, pipeline: preview, e1: No value for master_input_width
02-27 19:55:04.127 17937 17976 D ApsAdapter, AlgoSwitchConfig: parsePreviewConfig, config: commonSatHal@1, pipeline: video, e1: No value for master_input_width
02-27 19:55:04.127 17937 17976 D ApsAdapter, AlgoSwitchConfig: parsePreviewConfig, config: commonSatHal@1, pipeline: asd, e1: No value for master_input_width
02-27 19:55:04.128 17937 17976 D ApsAdapter, AlgoSwitchConfig: parsePreviewConfig, config: ultraHD@0, pipeline: video, e1: No value for master_input_width
02-27 19:55:04.128 17937 17976 D ApsAdapter, AlgoSwitchConfig: parsePreviewConfig, config: ultraHD@0, pipeline: asd, e1: No value for master_input_width
02-27 19:55:04.128 17937 17981 I OCAM_CameraCharacteristicsUtil: initCameraInfo, cameraType: rear_main, cameraId: 0, isFront: false
02-27 19:55:04.128 17937 17976 D ApsAdapter, AlgoSwitchConfig: parsePreviewConfig, config: commonVideoSatHal@0, pipeline: asd, e1: No value for master_input_width
02-27 19:55:04.128 17937 17976 D ApsAdapter, AlgoSwitchConfig: parsePreviewConfig, config: commonVideoSatHal@1, pipeline: preview, e1: No value for master_input_width
02-27 19:55:04.128 17937 17976 D ApsAdapter, AlgoSwitchConfig: parsePreviewConfig, config: commonVideoSatHal@1, pipeline: video, e1: No value for master_input_width
02-27 19:55:04.128 17937 17976 D ApsAdapter, AlgoSwitchConfig: parsePreviewConfig, config: commonVideoSatHal@1, pipeline: asd, e1: No value for master_input_width
02-27 19:55:04.128 17937 17976 D ApsAdapter, AlgoSwitchConfig: parsePreviewConfig, config: liveHDR@0, pipeline: asd, e1: No value for master_input_width
02-27 19:55:04.128 17937 17981 I CameraUnit, BaseMode: updateAllParameterRange, featureName: com.oplus.configure.video.fps, parameterName: com.oplus.configure.video.fps, configValue: [video_30fps], after convert: [video_30fps]
02-27 19:55:04.128 17937 17981 I CameraUnit, BaseMode: updateAllParameterRange, featureName: fovc, parameterName: fovc, configValue: [on, off], after convert: [null, null]
02-27 19:55:04.128 17937 17976 D ApsAdapter, AlgoSwitchConfig: parsePreviewConfig, config: ultraNight@0, pipeline: asd, e1: No value for master_input_width
02-27 19:55:04.128 17937 17981 I CameraUnit, BaseMode: updateAllParameterRange, featureName: com.oplus.configure.video.stabilization, parameterName: com.oplus.configure.video.stabilization, configValue: [super_stabilization_front], after convert: [super_stabilization_front]
02-27 19:55:04.128 17937 17976 D ApsAdapter, AlgoSwitchConfig: parsePreviewConfig, config: movie@0, pipeline: video, e1: No value for master_input_width
02-27 19:55:04.128 17937 17976 D ApsAdapter, AlgoSwitchConfig: parsePreviewConfig, config: movie@0, pipeline: asd, e1: No value for master_input_width
02-27 19:55:04.128 17937 17976 D ApsAdapter, AlgoSwitchConfig: parsePreviewConfig, config: movieNoEis@0, pipeline: video, e1: No value for master_input_width
02-27 19:55:04.128 17937 17981 D CameraUnit, VideoMode: createCameraDeviceInfo, cameraType: front_main
02-27 19:55:04.128 17937 17976 D ApsAdapter, AlgoSwitchConfig: parsePreviewConfig, config: movieNoEis@0, pipeline: asd, e1: No value for master_input_width
02-27 19:55:04.128 17937 17981 I OCAM_CameraCharacteristicsUtil: initCameraInfo, cameraType: front_main, cameraId: 1, isFront: true
02-27 19:55:04.128 17937 17981 E OCAM_CameraCharacteristicsUtil: initCameraInfo, cameraType: rear_mono_1, cameraId: 13
02-27 19:55:04.129 17937 17981 I CameraUnit, ModeFactory: createMode, name: macro_mode
02-27 19:55:04.129 17937 17985 D OCAM_CaptureDeferTaskUtils: init, capture defer is not supported
02-27 19:55:04.129 17937 17981 D CameraUnit, ModeFactory: getMode, mode name: macro_mode
02-27 19:55:04.129 17937 17981 V CameraUnit, BaseMode: updateAllParameterRange, no need update
02-27 19:55:04.129 17937 17981 I OCAM_CameraCharacteristicsUtil: initCameraInfo, cameraType: rear_macro, cameraId: 17, isFront: false
02-27 19:55:04.129 17937 17981 I CameraUnit, ModeFactory: createMode, name: portrait_mode
02-27 19:55:04.129 17937 17981 D CameraUnit, ModeFactory: getMode, mode name: portrait_mode
02-27 19:55:04.130 17937 17981 I CameraUnit, BaseMode: updateAllParameterRange, featureName: portrait_body_type, parameterName: portrait_body_type, configValue: [full_body], after convert: [null]
02-27 19:55:04.130 17937 17981 I CameraUnit, BaseMode: updateAllParameterRange, featureName: com.oplus.preview.focus.mode, parameterName: com.oplus.preview.focus.mode, configValue: [1, 3, 4], after convert: [1, 3, 4]
02-27 19:55:04.130 17937 17981 D CameraUnit, PortraitMode: getConfigPortraitSize, zoomRatio: 1.0
02-27 19:55:04.130 17937 17981 I CameraUnit, PortraitMode: getConfigPortraitSize, null
02-27 19:55:04.131 17937 17981 D CameraUnit, PortraitMode: getBokehSizes, cameraType: rear_portrait, surfaceType: rear_main, size: 4000x3000
02-27 19:55:04.131 17937 17937 D OCAM_ApsService: onDestroy
02-27 19:55:04.131 17937 17981 D CameraUnit, CameraConfigHelper: getSupportPreviewSizeByFeature, configTypeFeatureValues: {rear_portrait={dual_bokeh=[1280X960, 1280X960]}}, featureName: bokeh_type, parameterValue: dual_bokeh, jsonConfigValues: null
02-27 19:55:04.131 17937 17981 I CameraUnit, CameraConfigHelper: getSupportPreviewSizeByFeature, feature: {com.oplus.portrait.bokeh.type=dual_bokeh}, jsonConfigValues: [1280X960, 1280X960]
02-27 19:55:04.131 17937 17981 I OCAM_CameraCharacteristicsUtil: initCameraInfo, cameraType: rear_portrait, cameraId: 8, isFront: false
02-27 19:55:04.131 17937 17981 I CameraUnit, ModeFactory: createMode, name: multi_camera_mode
02-27 19:55:04.131 17937 17981 D CameraUnit, ModeFactory: getMode, mode name: multi_camera_mode
02-27 19:55:04.131 17937 17981 V CameraUnit, BaseMode: updateAllParameterRange, no need update
02-27 19:55:04.132 17937 17937 D OCAM_ApsService: onCreate
02-27 19:55:04.132 17937 17981 D CameraUnit, CameraCharacteristicsWrapper: get, wait for camera characteristics, camera: 1, key: android.scaler.streamConfigurationMap
02-27 19:55:04.132 17937 17937 D OCAM_ApsService: onStartCommand
02-27 19:55:04.132 17937 17983 V OCAM_Util: initialize, sbInit: false
02-27 19:55:04.132 17937 17983 D OCAM_CameraCharacteristicsUtil: waitForInitialization() - start
02-27 19:55:04.133 17937 17991 D ApsAdapter, CameraPerformance: setUxThreadValue, pid is: 17937, tid is 17991 value is 129, keyThreadTag: ImageProcessThread
02-27 19:55:04.133 17937 17976 V ApsAdapter, ApsAdapterImpl: createProcessThread, thread id: 17991
02-27 19:55:04.134 17937 17976 V ApsAdapter, ApsAdapterImpl: connectAps
02-27 19:55:04.134 17937 17991 V ApsAdapter, ApsAdapterImpl: ImageProcessHandler, handleMessage, what: 1
02-27 19:55:04.135 17937 17988 V CameraManagerGlobal: Failed to register device state listener!
02-27 19:55:04.135 17937 17988 V CameraManagerGlobal: Device state dependent characteristics updates will not befunctional!
02-27 19:55:04.135 17937 17988 D CameraUnit, CameraCharacteristicsWrapper: complete getting camera characteristics, camera: 0
02-27 19:55:04.135 17937 17988 D CameraUnit, CameraCharacteristicsWrapper: start getting camera characteristics, camera: 1
02-27 19:55:04.135 17937 17988 I OplusCameraManagerGlobal: setClientInfo, packageName: com.oplus.camera, uid: 10153, pid: 17937
