02-27 19:55:20.200   688   699 D QC-time-services: Lib:time_genoff_operation: Send to server  passed!!
02-27 19:55:20.200  1266  1278 D QC-time-services: Daemon: Connection accepted:time_genoff
02-27 19:55:20.201  1266 18495 D QC-time-services: Daemon:Received base = 13, unit = 1, operation = 2,value = 0
02-27 19:55:20.202  1266 18495 D QC-time-services: Daemon:genoff_opr: Base = 13, val = 0, operation = 2
02-27 19:55:20.202  1266 18495 D QC-time-services: offset is: 1 for base: 13
02-27 19:55:20.203  1266  1278 E QC-time-services: Daemon: Time-services: Waiting to acceptconnection
02-27 19:55:20.203   688   699 E QC-time-services: Receive Passed == base = 13, unit = 1, operation = 2, result = 0
02-27 19:55:20.203   688   699 D DrmLibTime: QSEE Time Listener: ATS_MODEM is set. Try to retrieve it.
02-27 19:55:20.203  1266  1278 D QC-time-services: Daemon: Connection accepted:time_genoff
02-27 19:55:20.204  1266 18496 D QC-time-services: Daemon:Received base = 13, unit = 1, operation = 1,value = 0
02-27 19:55:20.204  1266 18496 D QC-time-services: Daemon:genoff_opr: Base = 13, val = 0, operation = 1
02-27 19:55:20.204  1266 18496 D QC-time-services: Daemon: genoff get for 13
02-27 19:55:20.204  1266 18496 D QC-time-services: Daemon:Value read from QTimer mseconds = 1200534608
02-27 19:55:20.205  1266 18496 D QC-time-services: Daemon:Value read from RTC mseconds on boot = 86934018000
02-27 19:55:20.205  1266 18496 D QC-time-services: Daemon:Value read from QTimer mseconds = 1200534608
02-27 19:55:20.205  1266 18496 D QC-time-services: Daemon:Value read from generic offset = 1684076853494
02-27 19:55:20.205  1266 18496 D QC-time-services: Daemon:Delta read on boot mseconds = 86933931863
02-27 19:55:20.205  1266 18496 D QC-time-services: Daemon:Final Time = 1772211319965
02-27 19:55:20.205   688   699 D DrmLibTime: QSEE Time Listener: Time GenOff - seconds: 1772211319
02-27 19:55:20.205   688   699 D DrmLibTime: time_getutcsec returns 0, sec = 1772211319; nsec = 0
02-27 19:55:20.205   688   699 D DrmLibTime: time_getutcsec finished! 
02-27 19:55:20.205   688   699 D DrmLibTime: iotcl_continue_command finished! and return 0 
02-27 19:55:20.206   688   699 D DrmLibTime: before calling ioctl to read the next time_cmd
02-27 19:55:20.206  1266  1278 E QC-time-services: Daemon: Time-services: Waiting to acceptconnection
02-27 19:55:20.309  1473 27034 I QCOM-OEMCrypto: Allocated all scratch buffers
02-27 19:55:20.309  1473 27034 I QCOM-OEMCrypto: LibOEMCrypto version 1.56
02-27 19:55:20.309  1473 27034 I QCOM-OEMCrypto: TA   version 1.122
02-27 19:55:20.309  1473 27034 I QCOM-OEMCrypto: Api  version 16.3
02-27 19:55:20.309  1473 27034 D WVCdm   : [oemcrypto_adapter_dynamic.cpp(817):Initialize] OEMCrypto_Initialize Level 1 success. I will use level 1.
02-27 19:55:20.310  1473 27034 I QCOM-OEMCrypto: Created OEMCrypto idle_thread
02-27 19:55:20.310  1473 27034 I WVCdm   : [oemcrypto_adapter_dynamic.cpp(820):Initialize] Level 1 Build Info (v16): Build Information: API_Version: 16.3 LibOEMCrypto_Version: 1.56 TA_Version: 1.122
02-27 19:55:20.313  1473 27034 I WVCdm   : [file_utils.cpp(40):Exists] stat failed: ENOENT
02-27 19:55:20.313  1473 27034 D WVCdm   : [crypto_session.cpp(371):CacheVersion] OEMCrypto version (default security level): 16.3
02-27 19:55:20.313  1473 27034 D WVCdm   : [crypto_session.cpp(380):CacheVersion] OEMCrypto version (L3 security level): 16.3
02-27 19:55:20.313  1473  1532 I WVCdm   : [cdm_engine.cpp(573):QueryStatus] Querying status
02-27 19:55:20.314  1473  1532 D WVCdm   : [crypto_session.cpp(805):Open] Opening crypto session: requested_security_level = Default
02-27 19:55:20.317  1473  1532 I QCOM-OEMCrypto: Open session: 1000
02-27 19:55:20.317  1473  1532 I WVCdm   : [file_utils.cpp(40):Exists] stat failed: ENOENT
02-27 19:55:20.319  1473  1532 I WVCdm   : [usage_table_header.cpp(159):Init] Initializing usage table header: security_level = 1
02-27 19:55:20.319  1473  1532 D WVCdm   : [usage_table_header.cpp(197):Init] Usage table capacity: 320, security_level = 1
02-27 19:55:20.319  1473  1532 I WVCdm   : [usage_table_header.cpp(212):Init] Number of usage entries: 0
02-27 19:55:20.422  1473  1532 I WVCdm   : [file_utils.cpp(40):Exists] stat failed: ENOENT
02-27 19:55:20.423  1473  1532 I QCOM-OEMCrypto: Closed session: 1000
02-27 19:55:20.428  1473 26082 E WVCdm   : [wv_content_decryption_module.cpp(398):GetMetricsInternal] Cdm Identifier not found
02-27 19:55:20.434  1473  1532 E WVCdm   : [wv_content_decryption_module.cpp(457):CloseCdm] Cdm Identifier not found
02-27 19:55:20.434  1473  1532 E WVCdm   : Failed to close cdm. status 12
02-27 19:55:20.443  1473  1532 I WVCdm   : [(0):] L3 Terminate.
02-27 19:55:20.443  1473 18497 I QCOM-OEMCrypto: Exit OEMCrypto idle_thread
02-27 19:55:20.443  1540  1540 D vendor.oplus.hardware.charger-V6-service: getChargerControl:sub_current=100
02-27 19:55:20.443  1540  1540 D vendor.oplus.hardware.charger-V6-service: sub_voltage=3800
02-27 19:55:20.443  1540  1540 D vendor.oplus.hardware.charger-V6-service: sub_soc=-1
02-27 19:55:20.443  1540  1540 D vendor.oplus.hardware.charger-V6-service: sub_temperature=250
02-27 19:55:20.443  1540  1540 D vendor.oplus.hardware.charger-V6-service: main_soc=13
02-27 19:55:20.443  1473  1532 I QCOM-OEMCrypto: OEMCrypto_Terminate
02-27 19:55:20.443  1473  1532 I QCOM-OEMCrypto: Cleanup OEMCrypto library
02-27 19:55:20.446  1473  1532 I QCOM-OEMCrypto: Freed all scratch buffers
02-27 19:55:20.543   646   646 E lowmemorykiller: device memory 447406 free 66615 file 378369
02-27 19:55:20.553  1540  1753 D BatteryChargeControl: bcc get no support from charging protocol
02-27 19:55:20.561 14128 14497 I metis_v2_OsenseCallBack: memLevel: 1 [Metis|com.oplus.metis|1.4.54-aa2067f]
02-27 19:55:20.595  2026  3448 D WifiStaIfaceHidlImpl: getCachedScanData is not implemented by HIDL
02-27 19:55:20.617  4248  4248 D VendorWifiService: onEvent event:9,action:1
02-27 19:55:20.621  2026  3554 D OplusWifiPower_TriggerCenter: mComponentCallback: wifistat
02-27 19:55:20.823 18002 18491 W System.err: java.lang.NumberFormatException: For input string: ""
02-27 19:55:20.823 18002 18491 W System.err: 	at java.lang.Integer.parseInt(Integer.java:791)
02-27 19:55:20.824 18002 18491 W System.err: 	at java.lang.Integer.parseInt(Integer.java:897)
02-27 19:55:20.824 18002 18491 W System.err: 	at com.vega.launcher.network.interceptors.CrackingInterceptor.intercept(Native Method)
02-27 19:55:20.824 18002 18491 W System.err: 	at com.bytedance.retrofit2.intercept.RealInterceptorChain.proceed(Unknown Source:17236130)
02-27 19:55:20.824 18002 18491 W System.err: 	at com.vega.launcher.network.interceptors.TimeOutSettingInterceptor.intercept(Unknown Source:17301918)
02-27 19:55:20.824 18002 18491 W System.err: 	at com.bytedance.retrofit2.intercept.RealInterceptorChain.proceed(Unknown Source:17236130)
02-27 19:55:20.824 18002 18491 W System.err: 	at com.vega.launcher.network.interceptors.LynxSignVerifyInterceptor.intercept(Unknown Source:17170503)
02-27 19:55:20.824 18002 18491 W System.err: 	at com.bytedance.retrofit2.intercept.RealInterceptorChain.proceed(Unknown Source:17236130)
02-27 19:55:20.824 18002 18491 W System.err: 	at com.vega.launcher.network.interceptors.SignVerifyInterceptor.intercept(Unknown Source:17104974)
02-27 19:55:20.824 18002 18491 W System.err: 	at com.bytedance.retrofit2.intercept.RealInterceptorChain.proceed(Unknown Source:17236130)
02-27 19:55:20.824 18002 18491 W System.err: 	at com.vega.launcher.network.interceptors.AssistInterceptor.intercept(Unknown Source:17236332)
02-27 19:55:20.824 18002 18491 W System.err: 	at com.bytedance.retrofit2.intercept.RealInterceptorChain.proceed(Unknown Source:17236130)
02-27 19:55:20.824 18002 18491 W System.err: 	at com.vega.effectplatform.artist.net.ArtistCollectInterceptor.intercept(Unknown Source:17105003)
02-27 19:55:20.824 18002 18491 W System.err: 	at com.bytedance.retrofit2.intercept.RealInterceptorChain.proceed(Unknown Source:17236130)
02-27 19:55:20.824 18002 18491 W System.err: 	at com.vega.launcher.network.interceptors.RetrofitHeaderInterceptor.intercept(Unknown Source:17367930)
02-27 19:55:20.824 18002 18491 W System.err: 	at com.bytedance.retrofit2.intercept.RealInterceptorChain.proceed(Unknown Source:17236130)
02-27 19:55:20.824 18002 18491 W System.err: 	at com.vega.libeffectapi.util.VimoNetHeaderInterceptor.intercept(Unknown Source:17170582)
02-27 19:55:20.824 18002 18491 W System.err: 	at com.bytedance.retrofit2.intercept.RealInterceptorChain.proceed(Unknown Source:17236130)
02-27 19:55:20.824 18002 18491 W System.err: 	at com.lm.components.network.extra.HttpHeaderInterceptor.intercept(Unknown Source:17302063)
02-27 19:55:20.824 18002 18491 W System.err: 	at com.bytedance.retrofit2.intercept.RealInterceptorChain.proceed(Unknown Source:17236130)
02-27 19:55:20.824 18002 18491 W System.err: 	at ms.bd.o.b3$a.intercept(Unknown Source:17170438)
02-27 19:55:20.824 18002 18491 W System.err: 	at com.bytedance.retrofit2.intercept.RealInterceptorChain.proceed(Unknown Source:17236130)
02-27 19:55:20.824 18002 18491 W System.err: 	at com.bytedance.privacy.dispatch.monitor.BootDomainInterceptor.intercept(Unknown Source:17170460)
02-27 19:55:20.825 18002 18491 W System.err: 	at com.bytedance.retrofit2.intercept.RealInterceptorChain.proceed(Unknown Source:17236130)
02-27 19:55:20.825 18002 18491 W System.err: 	at com.bytedance.privacy.region.CdnRegionInterceptor.intercept(Unknown Source:17235977)
02-27 19:55:20.825 18002 18491 W System.err: 	at com.bytedance.retrofit2.intercept.RealInterceptorChain.proceed(Unknown Source:17236130)
02-27 19:55:20.825 18002 18491 W System.err: 	at com.bytedance.frameworks.baselib.network.http.retrofit.BaseSsInterceptor.intercept(Unknown Source:16973846)
02-27 19:55:20.825 18002 18491 W System.err: 	at com.bytedance.retrofit2.intercept.RealInterceptorChain.proceed(Unknown Source:17236130)
02-27 19:55:20.825 18002 18491 W System.err: 	at com.bytedance.retrofit2.SsHttpCall.getResponseWithInterceptorChain(Unknown Source:327790)
02-27 19:55:20.825 18002 18491 W System.err: 	at com.bytedance.retrofit2.SsHttpCall.execute(Unknown Source:327713)
02-27 19:55:20.825 18002 18491 W System.err: 	at com.bytedance.retrofit2.ExecutorCallAdapterFactory$ExecutorCallbackCall.execute(Unknown Source:65538)
02-27 19:55:20.825 18002 18491 W System.err: 	at com.lm.components.network.extra.AppLogNetworkClient.post(Unknown Source:67436618)
02-27 19:55:20.825 18002 18491 W System.err: 	at com.ss.android.common.applog.NetUtilWrapper.sendEncryptLog(Unknown Source:168231174)
02-27 19:55:20.825 18002 18491 W System.err: 	at com.ss.android.common.applog.LogReaper.sendLog(Unknown Source:67699435)
02-27 19:55:20.825 18002 18491 W System.err: 	at com.ss.android.common.applog.LogReaper.sendBatchLog(Unknown Source:50593834)
02-27 19:55:20.825 18002 18491 W System.err: 	at com.ss.android.common.applog.LogReaper.switchSession(Unknown Source:101187854)
02-27 19:55:20.825 18002 18491 W System.err: 	at com.ss.android.common.applog.LogReaper.switchSession(Unknown Source:67239943)
02-27 19:55:20.825 18002 18491 W System.err: 	at com.ss.android.common.applog.LogReaper.processItem(Unknown Source:17170482)
02-27 19:55:20.825 18002 18491 W System.err: 	at com.ss.android.common.applog.LogReaper.bpea_origin_run(Unknown Source:458812)
02-27 19:55:20.825 18002 18491 W System.err: 	at com.ss.android.common.applog.LogReaper.run(Unknown Source:8)
02-27 19:55:20.847  4130  4583 D CommonApp-271-10497: transport layer data is invalid
02-27 19:55:21.035  2026  7705 V GrammaticalInflectionUtils: AttributionSource: android.content.AttributionSource@742cc7f4 does not have READ_SYSTEM_GRAMMATICAL_GENDER permission.
02-27 19:55:21.046   646   646 E lowmemorykiller: device memory 447111 free 66562 file 378602
02-27 19:55:21.051  1318 24659 E TetherController: property_get sys.radio.data.modem_share_flag return 0, 1!
02-27 19:55:21.061  1319  1319 D Zygote  : Forked child process 18498
02-27 19:55:21.064  2026  2704 I ActivityManager: Start proc 18498:com.android.chrome/u0a156 for service {com.android.chrome/org.chromium.chrome.browser.customtabs.CustomTabsConnectionService}
02-27 19:55:21.064  7270 29953 D ShellSubscriberWorkerThread: the first 8 bytes empty, and RestData length > 8 
02-27 19:55:21.090 18498 18498 E .android.chrome: Unknown bits set in runtime_flags: 0x40000000
02-27 19:55:21.090 18498 18498 I .android.chrome: Using CollectorTypeCC GC.
02-27 19:55:21.097 18498 18498 D nativeloader: Load libframework-connectivity-tiramisu-jni.so using APEX ns com_android_tethering for caller /apex/com.android.tethering/javalib/framework-connectivity-t.jar: ok
02-27 19:55:21.100 18498 18498 D OplusActivityThreadExtImpl: java.lang.NoSuchMethodException: dalvik.system.VMRuntime.SupressionGC [int, int]
02-27 19:55:21.100 18498 18498 W libc    : Access denied finding property "persist.vendor.sys.activitylog"
02-27 19:55:21.100 18498 18498 I OneTrace: Mark active for pid=18498? true
02-27 19:55:21.100 18498 18498 D cutils-dev: otrace_set_tracing_enabled? true tag:0
02-27 19:55:21.101 18498 18498 D cutils-dev: properties changed in otrace_seq_number_changed!
02-27 19:55:21.104  2026  7706 D ActivityTaskManagerServiceExtImpl: preBindApplication record is null
02-27 19:55:21.105  2026  7706 D RGBNormalizeServer: OplusRGBNormalize feature enabled ? false
02-27 19:55:21.105  2026  7706 D ResourcesManagerCache: For package com.android.chrome we got cacheList [null] appInfoExt is null ? false hasFeature ? false
02-27 19:55:21.108 18498 18498 D OplusActivityManager: get AMS extension: android.os.BinderProxy@b4cb17f
02-27 19:55:21.112 18498 18508 D OplusAppHeapManager: java.lang.NoSuchMethodException: dalvik.system.VMRuntime.updateProcessValue [int, int, int]
02-27 19:55:21.113 18498 18498 D callGcSupression: java.lang.NullPointerException: Attempt to invoke virtual method 'java.lang.Object java.lang.reflect.Method.invoke(java.lang.Object, java.lang.Object[])' on a null object reference
02-27 19:55:21.115 18498 18498 D CompactWindowAppManager: initCompactApplicationInfo CompactMode: , NormalMode: 
02-27 19:55:21.115 18498 18508 W OplusExSystemServiceHelper: checkOplusExSystemService intent getComponent is null
02-27 19:55:21.117 18498 18498 D OplusScrollToTopManager: setIsInWhiteList false
02-27 19:55:21.117 18498 18498 D OplusViewDebugManager: OplusViewDebugManager Constructor android.view.debug.OplusViewDebugManager@9754995 [mHasViewDebugProperty true] [mHasMsgDebugProperty false] [DEBUG false] [EXTRAINFOENABLE false] [LIGHT_OS false]
02-27 19:55:21.121 18498 18498 W libc    : Access denied finding property "ro.odm.prev.product.name"
02-27 19:55:21.123 18498 18498 W .android.chrome: Failed to find entry 'classes.dex': Entry not found
02-27 19:55:21.129 18498 18498 D nativeloader: Configuring clns-7 for other apk /data/app/~~sQPKa9cFW1IFdX2tRGsrdA==/com.google.android.trichromelibrary_763212033-ppBWBxmTKYGjUK7ecEz3Dg==/base.apk. target_sdk_version=36, uses_libraries=ALL, library_path=/data/app/~~iAC1qGlGC665f3pnctwQzg==/com.android.chrome-ZRXzs5OQW62_aGhhuW-w4A==/lib/arm64:/data/app/~~iAC1qGlGC665f3pnctwQzg==/com.android.chrome-ZRXzs5OQW62_aGhhuW-w4A==/base.apk!/lib/arm64-v8a:/data/app/~~sQPKa9cFW1IFdX2tRGsrdA==/com.google.android.trichromelibrary_763212033-ppBWBxmTKYGjUK7ecEz3Dg==/base.apk!/lib/arm64-v8a, permitted_path=/data:/mnt/expand:/data/user/0/com.android.chrome
02-27 19:55:21.129 18498 18498 D nativeloader: Extending system_exposed_libraries: libbinauralrenderer_wrapper.qti.so:libhoaeffects.qti.so:libSloganJni.oplus.so:libsuperNight.oplus.so:libAPSClient-cmd-jni-extension.oplus.so:libsatellite_audio_jni.oplus.so:libortc_so.oplus.so:libsoundtouch.oplus.so:libsoundtouch_jni.oplus.so:libOplusStringJNI-extension.oplus.so:libapssuspend-jni.oplus.so:libupdateprof.qti.so:libthermalclient.qti.so:libqape.qti.so:libqesdk_ndk_platform.qti.so:liblistenjni.qti.so
02-27 19:55:21.132 18498 18498 D ApplicationLoaders: Returning zygote-cached class loader: /system_ext/framework/androidx.window.extensions.jar
02-27 19:55:21.132 18498 18498 D ApplicationLoaders: Returning zygote-cached class loader: /system_ext/framework/androidx.window.sidecar.jar
02-27 19:55:21.145   646   646 E lowmemorykiller: device memory 445799 free 65823 file 379514
02-27 19:55:21.146 18498 18498 D nativeloader: Configuring clns-8 for other apk /data/app/~~iAC1qGlGC665f3pnctwQzg==/com.android.chrome-ZRXzs5OQW62_aGhhuW-w4A==/base.apk. target_sdk_version=36, uses_libraries=, library_path=/data/app/~~iAC1qGlGC665f3pnctwQzg==/com.android.chrome-ZRXzs5OQW62_aGhhuW-w4A==/lib/arm64:/data/app/~~iAC1qGlGC665f3pnctwQzg==/com.android.chrome-ZRXzs5OQW62_aGhhuW-w4A==/base.apk!/lib/arm64-v8a:/data/app/~~sQPKa9cFW1IFdX2tRGsrdA==/com.google.android.trichromelibrary_763212033-ppBWBxmTKYGjUK7ecEz3Dg==/base.apk!/lib/arm64-v8a, permitted_path=/data:/mnt/expand:/data/user/0/com.android.chrome
02-27 19:55:21.160 18498 18498 V GraphicsEnvironment: Currently set values for:
02-27 19:55:21.160 18498 18498 V GraphicsEnvironment:   angle_gl_driver_selection_pkgs=[]
02-27 19:55:21.160 18498 18498 V GraphicsEnvironment:   angle_gl_driver_selection_values=[]
02-27 19:55:21.160 18498 18498 V GraphicsEnvironment: Global.Settings values are invalid: number of packages: 0, number of values: 0
02-27 19:55:21.160 18498 18498 V GraphicsEnvironment: Neither updatable production driver nor prerelease driver is supported.
02-27 19:55:21.162 18498 18498 I LoadedApk: No resource references to update in package com.google.android.trichromelibrary
02-27 19:55:21.162 18498 18498 D ResourcesManagerExtImpl: applyConfigurationToAppResourcesLocked app.getDisplayId() return callback.displayId:-1
02-27 19:55:21.164 18498 18498 I cr_SplitCompatApp: version=145.0.7632.120 (763212033) minSdkVersion=29 processName=com.android.chrome isIsolatedProcess=false splits=chrome,config.en,dev_ui,on_demand,stack_unwinder,test_dummy
02-27 19:55:21.188   646   646 E lowmemorykiller: device memory 445612 free 65658 file 379642
02-27 19:55:21.188  2026  3795 I Osense-PsiDetector: 1740,256,2471,7679,68,436,208,1354,1813,737,744,0,8,7686
02-27 19:55:21.189 14128 14497 I metis_v2_OsenseCallBack: memLevel: 2 [Metis|com.oplus.metis|1.4.54-aa2067f]
02-27 19:55:21.221 18498 18516 I cr_LibraryLoader: Loading monochrome_64 from within /data/app/~~iAC1qGlGC665f3pnctwQzg==/com.android.chrome-ZRXzs5OQW62_aGhhuW-w4A==/base.apk
02-27 19:55:21.231  2026  7706 I ActivityManager: Flag disabled. Ignoring finishAttachApplication from uid: 10156. pid: 18498
02-27 19:55:21.239 18498 18516 D nativeloader: Load /data/app/~~iAC1qGlGC665f3pnctwQzg==/com.android.chrome-ZRXzs5OQW62_aGhhuW-w4A==/base.apk!/lib/arm64-v8a/libchromium_android_linker.so using class loader ns clns-8 (caller=/data/app/~~iAC1qGlGC665f3pnctwQzg==/com.android.chrome-ZRXzs5OQW62_aGhhuW-w4A==/base.apk): ok
02-27 19:55:21.240 18498 18516 I cr_Linker: loadLibraryImplLocked: monochrome_64, relroMode=1
02-27 19:55:21.244   646   646 E lowmemorykiller: device memory 445284 free 65141 file 379869
02-27 19:55:21.292 14128 14497 I metis_v2_OsenseCallBack: memLevel: 0 [Metis|com.oplus.metis|1.4.54-aa2067f]
02-27 19:55:21.300 18498 18516 D nativeloader: Load /data/app/~~sQPKa9cFW1IFdX2tRGsrdA==/com.google.android.trichromelibrary_763212033-ppBWBxmTKYGjUK7ecEz3Dg==/base.apk!/lib/arm64-v8a/libmonochrome_64.so using class loader ns clns-8 (caller=/data/app/~~iAC1qGlGC665f3pnctwQzg==/com.android.chrome-ZRXzs5OQW62_aGhhuW-w4A==/base.apk): ok
02-27 19:55:21.322 18498 18516 I cr_LibraryLoader: Successfully loaded native library
02-27 19:55:21.326 18498 18516 I cr_CachingUmaRecorder: Flushed 13 samples from 12 histograms, 0 samples were dropped.
02-27 19:55:21.347   646   646 E lowmemorykiller: device memory 444201 free 62621 file 381306
02-27 19:55:21.417  4130  4583 D CommonApp-271-10497: DefaultState EVENT_SCENARIOS_CHANGE
02-27 19:55:21.419  4130  4583 D CommonApp-271-10497: scene=COMMON pn=com.esiri.esiriplus
02-27 19:55:21.474  1540  1540 D vendor.oplus.hardware.charger-V6-service: get_ui_charge_icon_type 0 0 0 0 0
02-27 19:55:21.478  1540  1540 D vendor.oplus.hardware.charger-V6-service: oplus_chg_get_cpa_power 2500 charge_online 1 retention_topic 0
02-27 19:55:21.493  2026  2844 D OplusDisplayBrightnessBroadcastReceiver: onReceive action = android.intent.action.BATTERY_CHANGED , listeners = [com.android.server.display.OplusFeatureHDREnhanceBrightness$PhoneInfoReceiver@d078a20, com.android.server.display.OplusFeatureEdrEnhanceBrightness$PhoneInfoReceiver@d0bbfd9]
02-27 19:55:21.495  4248  4248 D SubsysBroadcastManager: onReceive action:android.intent.action.BATTERY_CHANGED
02-27 19:55:21.498 26084 26084 D DeviceStatisticsService: onReceive: action= android.intent.action.BATTERY_CHANGED
02-27 19:55:21.502  7792  9430 E Battery : ChargeProtectionUtils: mCanlendarTmp.isEmpty()!
02-27 19:55:21.503 26780 26780 D CustomLogManagerService: onReceive android.intent.action.BATTERY_CHANGED
02-27 19:55:21.504  3736  3736 I SystemUi--Statusbar: BatteryControllerExt-->updateBatteryChangeIntent():broadcast=android.intent.action.BATTERY_CHANGED,level=14,scale=100
02-27 19:55:21.505  3736  3736 I SystemUi--Statusbar: BatteryRepository-->level: 14 -- isSavingMode: false
02-27 19:55:21.523  1540  1540 D vendor.oplus.hardware.charger-V6-service: getChargerControl:sub_current=100
02-27 19:55:21.523  1540  1540 D vendor.oplus.hardware.charger-V6-service: sub_voltage=3800
02-27 19:55:21.523  1540  1540 D vendor.oplus.hardware.charger-V6-service: sub_soc=-1
02-27 19:55:21.523  1540  1540 D vendor.oplus.hardware.charger-V6-service: sub_temperature=250
02-27 19:55:21.523  1540  1540 D vendor.oplus.hardware.charger-V6-service: main_soc=13
02-27 19:55:21.555  1540  1753 D BatteryChargeControl: bcc get no support from charging protocol
02-27 19:55:21.720 17704 17783 I Supabase-Realtime: Heartbeat received
02-27 19:55:21.817 18277 18295 I Bugle   : TelephonyManagerFactory: Returning per-subscription TelephonyManager (>= N) subscription{id:3}
02-27 19:55:21.839 18277 18295 I RcsAvailabilityCache: Cached availability not found for simId: redacted-pii:sim_id[chars:19,last3:521]
02-27 19:55:21.842 20407 20407 D BoundBrokerSvc: onRebind: Intent { act=com.google.android.gms.time.trustedtime.service.START dat=chimera-action:/... cmp=com.google.android.gms/.chimera.PersistentApiService mCallingUid=10116 }
02-27 19:55:21.845 18277 18295 I RcsAvailabilityCache: Cached availability not found for simId: redacted-pii:sim_id[chars:19,last3:691]
02-27 19:55:21.859 20407 20407 D BoundBrokerSvc: onBind: Intent { act=com.google.android.gms.time.trustedtime.singleuserapi.service.START dat=chimera-action:/... cmp=com.google.android.gms/.chimera.PersistentSingleUserInternalApiService mCallingUid=10116 }
02-27 19:55:21.859 20407 20407 D BoundBrokerSvc: Loading bound service for intent: Intent { act=com.google.android.gms.time.trustedtime.singleuserapi.service.START dat=chimera-action:/... cmp=com.google.android.gms/.chimera.PersistentSingleUserInternalApiService mCallingUid=10116 }
02-27 19:55:21.871  4130  4583 D CommonApp-271-10497: commonScoreStrategy scenarios low package
02-27 19:55:21.886 20407 20407 D BoundBrokerSvc: onRebind: Intent { act=com.google.android.gms.common.telemetry.service.START dat=chimera-action:/... cmp=com.google.android.gms/.chimera.PersistentApiService mCallingUid=10116 }
02-27 19:55:21.904 18277 18292 V ClearcutMetricXmitter: Transmission is done.
02-27 19:55:21.907 18277 18292 V ClearcutMetricXmitter: Transmission is done.
02-27 19:55:21.912  2026  3584 D OplusNetKit: in getLpByInterface name from LP: [wlan0]
02-27 19:55:21.929  2026  3584 D OplusNetRttKit: getIcmpEchoRtt addr:192.168.1.*** avgRtt: 3
02-27 19:55:21.955   646   646 E lowmemorykiller: device memory 443867 free 62227 file 381366
02-27 19:55:21.994  2026  7705 W BroadcastQueue: Ignoring finishReceiverLocked; no active broadcast for BroadcastProcessQueue{1697adf 18002:com.lemon.lvoverseas/u0a343}
02-27 19:55:22.229  2026  3795 I Osense-PsiDetector: 1733,243,2469,7679,68,436,208,1359,1821,739,749,0,8,7693
02-27 19:55:22.230 14128 14497 I metis_v2_OsenseCallBack: memLevel: 2 [Metis|com.oplus.metis|1.4.54-aa2067f]
02-27 19:55:22.434  1540  1540 D vendor.oplus.hardware.charger-V6-service: get_ui_charge_icon_type 0 0 0 0 0
02-27 19:55:22.436  1540  1540 D vendor.oplus.hardware.charger-V6-service: oplus_chg_get_cpa_power 2500 charge_online 1 retention_topic 0
02-27 19:55:22.557  1540  1753 D BatteryChargeControl: bcc get no support from charging protocol
02-27 19:55:22.561  1510 18624 I QC2Comp : [vp9D_3677] Stats: Pending(3) i/p-done(0) Works: Q: 26/Done 25|Work-Rate: Q(0.0/s Avg=0.0/s) Done(0.000/s Avg=0.000/s)| Stream: 25.00fps 328.6Kbps
02-27 19:55:22.561  1510 18624 I QC2Comp : Mem-usage:  [In-1D - 5 bufs 14.941 MB] [1D-0 - 15 bufs 0.234 MB] [2D-3534 - 23 bufs 51.750 MB]
02-27 19:55:22.561  1510 18624 I QC2Comp : Total Mem-usage: 66.926 MB
02-27 19:55:22.632   646   646 E lowmemorykiller: device memory 443565 free 62109 file 381182
02-27 19:55:22.644 14128 14497 I metis_v2_OsenseCallBack: memLevel: 1 [Metis|com.oplus.metis|1.4.54-aa2067f]
02-27 19:55:22.734   646   646 E lowmemorykiller: device memory 443693 free 62109 file 381310
02-27 19:55:22.895  4130  4583 D CommonApp-271-10497: transport layer data is invalid
02-27 19:55:22.916  1540  1717 D vendor.oplus.hardware.charger-V6-service: ret_value:125, read content:,384,372,3703,3703,0,500,2200,13,14,1,4,-1,4912,13,1,0,1,1,0,0,4425,0,2,0,2,0,0,0,381,0,1,1,0,0,61,61,61,0,0,0,0,0,0,0,0,0,0
02-27 19:55:22.917  1540  1717 D vendor.oplus.hardware.charger-V6-service: gmtime: 2026-02-27-19-55-22
02-27 19:55:22.917  1540  1717 D vendor.oplus.hardware.charger-V6-service: usb_online:1, ac_online:0, wireless_online:-2147483648
02-27 19:55:23.042   646   646 E lowmemorykiller: device memory 443696 free 61928 file 381494
02-27 19:55:23.143   646   646 E lowmemorykiller: device memory 443197 free 61183 file 381736
02-27 19:55:23.210  1483  1483 I android.hardware.thermal@2.0-service.qti: Sensor Name:skintemp: 40.232. prev severity:0. cur severity:3 New severity:3
02-27 19:55:23.217  1483  1483 I android.hardware.thermal@2.0-service.qti: Sensor Name:skintemp: 40.232. prev severity:0. cur severity:3 New severity:3
02-27 19:55:23.223  1483  1483 I android.hardware.thermal@2.0-service.qti: Sensor Name:skintemp: 40.232. prev severity:0. cur severity:3 New severity:3
02-27 19:55:23.228  1483  1483 I android.hardware.thermal@2.0-service.qti: Sensor Name:skintemp: 40.232. prev severity:0. cur severity:3 New severity:3
02-27 19:55:23.230  5236  5397 I midasd  : OplusObrainService::notifyEventInt eventId:21 iParam:0
02-27 19:55:23.231  7270 19649 I OplusObrain: OplusObrainClientInvoke.nativeGetTelephonyInfo
02-27 19:55:23.235  7270 19649 I OplusObrain: OplusObrainClientInvoke.nativeGetTrafficTypeInfoForNetworkType networkType 0
02-27 19:55:23.235  2026  3924 D KernelStatsHelper: getKernelStats start!
02-27 19:55:23.238  2026  3531 D OplusNetlinkSocket: handleNetlinkRecvKernelMessage:nlmsghdr:StructNlMsgHdr{ nlmsg_len{3004}, nlmsg_type{33()}, nlmsg_flags{0()}, nlmsg_seq{0}, nlmsg_pid{132779467} }
02-27 19:55:23.238  2026  3531 D KernelStatsHelper: get magic :[-1, -1, -1, 77, 65, 71, 73, 67]
02-27 19:55:23.238  2026  3531 D KernelStatsHelper: magic matched count:441 data_len:22932
02-27 19:55:23.239  2026  3531 D OplusNetlinkSocket: handleNetlinkRecvKernelMessage:nlmsghdr:StructNlMsgHdr{ nlmsg_len{2988}, nlmsg_type{33()}, nlmsg_flags{0()}, nlmsg_seq{0}, nlmsg_pid{132779467} }
02-27 19:55:23.239  2026  3531 D OplusNetlinkSocket: handleNetlinkRecvKernelMessage:nlmsghdr:StructNlMsgHdr{ nlmsg_len{2988}, nlmsg_type{33()}, nlmsg_flags{0()}, nlmsg_seq{0}, nlmsg_pid{132779467} }
02-27 19:55:23.239  2026  3531 D OplusNetlinkSocket: handleNetlinkRecvKernelMessage:nlmsghdr:StructNlMsgHdr{ nlmsg_len{2988}, nlmsg_type{33()}, nlmsg_flags{0()}, nlmsg_seq{0}, nlmsg_pid{132779467} }
02-27 19:55:23.239  2026  3531 D OplusNetlinkSocket: handleNetlinkRecvKernelMessage:nlmsghdr:StructNlMsgHdr{ nlmsg_len{2988}, nlmsg_type{33()}, nlmsg_flags{0()}, nlmsg_seq{0}, nlmsg_pid{132779467} }
02-27 19:55:23.239  2026  3531 D OplusNetlinkSocket: handleNetlinkRecvKernelMessage:nlmsghdr:StructNlMsgHdr{ nlmsg_len{2988}, nlmsg_type{33()}, nlmsg_flags{0()}, nlmsg_seq{0}, nlmsg_pid{132779467} }
02-27 19:55:23.239  2026  3531 D OplusNetlinkSocket: handleNetlinkRecvKernelMessage:nlmsghdr:StructNlMsgHdr{ nlmsg_len{2988}, nlmsg_type{33()}, nlmsg_flags{0()}, nlmsg_seq{0}, nlmsg_pid{132779467} }
02-27 19:55:23.239  2026  3531 D OplusNetlinkSocket: handleNetlinkRecvKernelMessage:nlmsghdr:StructNlMsgHdr{ nlmsg_len{2208}, nlmsg_type{33()}, nlmsg_flags{0()}, nlmsg_seq{0}, nlmsg_pid{132779467} }
02-27 19:55:23.239  2026  3531 D KernelStatsHelper: data over! check: true
02-27 19:55:23.243  5236 13430 E midasd  : Read file /sys/class/power_supply/usb/current_now failed.(No data available)
02-27 19:55:23.244   646   646 E lowmemorykiller: device memory 443033 free 60540 file 381879
02-27 19:55:23.253  2026  3924 D ActivityManager: freezer override set to true
02-27 19:55:23.267  2026  3795 I Osense-PsiDetector: 1730,236,2465,7679,68,436,208,1360,1823,739,752,0,8,7699
02-27 19:55:23.268 14128 14497 I metis_v2_OsenseCallBack: memLevel: 2 [Metis|com.oplus.metis|1.4.54-aa2067f]
02-27 19:55:23.332  2026  3924 D ProcessCpuTrackerExtImpl: mContext is already set, return now! 
02-27 19:55:23.340  2026  3924 D ActivityManager: freezer override set to false
02-27 19:55:23.445   646   646 E lowmemorykiller: device memory 442789 free 60110 file 381939
02-27 19:55:23.476  2026  3782 I Osense-BaseDecisionMaker: notifySceneToAthenaPolicy: SCENE_RES_IO_PSI, bundle: Bundle[{ioLevel=3}]
02-27 19:55:23.476  2026  3782 I Osense-BaseDecisionMaker: OSense not supported scene! SCENE_RES_IO_PSI
02-27 19:55:23.477 14128 14497 I metis_v2_OsenseCallBack: memLevel: 0 [Metis|com.oplus.metis|1.4.54-aa2067f]
02-27 19:55:23.504 26780 23512 D CustomLogManagerService: WorkHandler msg.what :5
02-27 19:55:23.506 26780 23512 D CustomLogManagerService: user experience toggle off
02-27 19:55:23.560  1540  1753 D BatteryChargeControl: bcc get no support from charging protocol
02-27 19:55:23.628  2026  3448 D WifiStaIfaceHidlImpl: getCachedScanData is not implemented by HIDL
02-27 19:55:23.658  4248  4248 D VendorWifiService: onEvent event:9,action:1
02-27 19:55:23.660  2026  3554 D OplusWifiPower_TriggerCenter: mComponentCallback: wifistat
02-27 19:55:23.670  7270 29953 D ShellSubscriberWorkerThread: the first 8 bytes empty, and RestData length > 8 
02-27 19:55:23.868  9934  8347 I OplusFeedbackInfo: 0xb4000078a9acaf00 c2.qti.vp9.decoder codec[0xb40000786d867000] 640x360 inputFps=0 outputFps=0 renderFps=0, discardFps=0
02-27 19:55:23.920  4130  4583 D CommonApp-271-10497: transport layer data is invalid
02-27 19:55:24.125  1535  4282 E PerformanceService: storage_feature: open /sys/devices/platform/soc/112b0000.ufshci//virtualtlcbuff fail
02-27 19:55:24.305  2026  3795 I Osense-PsiDetector: 1732,237,2461,7679,68,436,208,1354,1823,739,751,0,8,7691
02-27 19:55:24.305 14128 14497 I metis_v2_OsenseCallBack: memLevel: 2 [Metis|com.oplus.metis|1.4.54-aa2067f]
02-27 19:55:24.562  1540  1753 D BatteryChargeControl: bcc get no support from charging protocol
02-27 19:55:24.722 14128 14497 I metis_v2_OsenseCallBack: memLevel: 1 [Metis|com.oplus.metis|1.4.54-aa2067f]
02-27 19:55:24.824  1510  8349 I QC2Comp : [vp9D_3966] Stats: Pending(3) i/p-done(0) Works: Q: 26/Done 25|Work-Rate: Q(0.0/s Avg=0.0/s) Done(0.000/s Avg=0.001/s)| Stream: 30.30fps 174.6Kbps
02-27 19:55:24.824  1510  8349 I QC2Comp : Mem-usage:  [In-1D - 5 bufs 14.941 MB] [1D-0 - 15 bufs 0.234 MB] [2D-3823 - 23 bufs 17.250 MB]
02-27 19:55:24.824  1510  8349 I QC2Comp : Total Mem-usage: 32.426 MB
02-27 19:55:24.856  2026  4174 I OplusHansManager : uid=10343, pkg=com.lemon.lvoverseas F enter(), M stay=5
02-27 19:55:24.878  2026  4174 I OplusHansManager : freeze uid: 10343 com.lemon.lvoverseas pids: [18002, 18407] IsolatedUid: [99465] scene: LcdOn
02-27 19:55:24.880  2026  4192 I OplusHansManager : p_BC uid=10343 pkg=com.lemon.lvoverseas
02-27 19:55:24.881  2026  4192 I OplusCameraManagerGlobal: reportAppFreeze E
02-27 19:55:24.884  2026  4192 I OplusBinderProxy: proxyBinder uid: 10343 pkg: com.lemon.lvoverseas proxy: true calling: OFreezer
02-27 19:55:24.944  4130  4583 D CommonApp-271-10497: transport layer data is invalid
02-27 19:55:25.046  7647 31827 D gaia-GaiaConnectChecker: start connect check++
02-27 19:55:25.050  7647 31760 D gaia-GaiaConnectChecker: start connect check++
02-27 19:55:25.345  2026  3795 I Osense-PsiDetector: 1734,239,2458,7679,68,436,208,1351,1823,739,751,0,8,7690
02-27 19:55:25.345 14128 14497 I metis_v2_OsenseCallBack: memLevel: 2 [Metis|com.oplus.metis|1.4.54-aa2067f]
02-27 19:55:25.464  1540  1540 D vendor.oplus.hardware.charger-V6-service: getChargerControl:sub_current=100
02-27 19:55:25.464  1540  1540 D vendor.oplus.hardware.charger-V6-service: sub_voltage=3800
02-27 19:55:25.464  1540  1540 D vendor.oplus.hardware.charger-V6-service: sub_soc=-1
02-27 19:55:25.464  1540  1540 D vendor.oplus.hardware.charger-V6-service: sub_temperature=250
02-27 19:55:25.464  1540  1540 D vendor.oplus.hardware.charger-V6-service: main_soc=13
02-27 19:55:25.567  1540  1753 D BatteryChargeControl: bcc get no support from charging protocol
02-27 19:55:25.763 14128 14497 I metis_v2_OsenseCallBack: memLevel: 1 [Metis|com.oplus.metis|1.4.54-aa2067f]
02-27 19:55:25.883 10532 10537 D IHansComunication: HANS sendMessageToKernel: threadId = 526745844848, netLinkSetup = 1, type = FROZEN_TRANS, targetUid = 10343, pkgCmd = PKG_CMD_MAX
02-27 19:55:25.968  4130  4583 D CommonApp-271-10497: transport layer data is invalid
02-27 19:55:26.181  2026  3782 I Osense-BaseDecisionMaker: notifySceneToAthenaPolicy: SCENE_RES_IO_PSI, bundle: Bundle[{ioLevel=3}]
02-27 19:55:26.182  2026  3782 I Osense-BaseDecisionMaker: OSense not supported scene! SCENE_RES_IO_PSI
02-27 19:55:26.390  2026  3795 I Osense-PsiDetector: 1735,240,2455,7679,69,436,208,1348,1822,739,751,0,8,7689
02-27 19:55:26.391 14128 14497 I metis_v2_OsenseCallBack: memLevel: 2 [Metis|com.oplus.metis|1.4.54-aa2067f]
02-27 19:55:26.569  1540  1753 D BatteryChargeControl: bcc get no support from charging protocol
02-27 19:55:26.663  2026  3448 D WifiStaIfaceHidlImpl: getCachedScanData is not implemented by HIDL
02-27 19:55:26.681  4248  4248 D VendorWifiService: onEvent event:9,action:1
02-27 19:55:26.690  2026  3554 D OplusWifiPower_TriggerCenter: mComponentCallback: wifistat
02-27 19:55:26.805 14128 14497 I metis_v2_OsenseCallBack: memLevel: 1 [Metis|com.oplus.metis|1.4.54-aa2067f]
02-27 19:55:26.907 20407 20407 D BoundBrokerSvc: onUnbind: Intent { act=com.google.android.gms.common.telemetry.service.START dat=chimera-action:/... cmp=com.google.android.gms/.chimera.PersistentApiService mCallingUid=10116 }
02-27 19:55:26.991  4130  4583 D CommonApp-271-10497: transport layer data is invalid
02-27 19:55:27.354  1540  1540 D vendor.oplus.hardware.charger-V6-service: get_ui_charge_icon_type 0 0 0 0 0
02-27 19:55:27.355  1540  1540 D vendor.oplus.hardware.charger-V6-service: oplus_chg_get_cpa_power 2500 charge_online 1 retention_topic 0
02-27 19:55:27.366  3736  3736 I SystemUi--Statusbar: BatteryControllerExt-->updateBatteryChangeIntent():broadcast=android.intent.action.BATTERY_CHANGED,level=14,scale=100
02-27 19:55:27.367  3736  3736 I SystemUi--Statusbar: BatteryRepository-->level: 14 -- isSavingMode: false
02-27 19:55:27.367  4248  4248 D SubsysBroadcastManager: onReceive action:android.intent.action.BATTERY_CHANGED
02-27 19:55:27.368  2026  2844 D OplusDisplayBrightnessBroadcastReceiver: onReceive action = android.intent.action.BATTERY_CHANGED , listeners = [com.android.server.display.OplusFeatureHDREnhanceBrightness$PhoneInfoReceiver@d078a20, com.android.server.display.OplusFeatureEdrEnhanceBrightness$PhoneInfoReceiver@d0bbfd9]
02-27 19:55:27.370 26084 26084 D DeviceStatisticsService: onReceive: action= android.intent.action.BATTERY_CHANGED
02-27 19:55:27.383 26780 26780 D CustomLogManagerService: onReceive android.intent.action.BATTERY_CHANGED
02-27 19:55:27.383  7792  9430 E Battery : ChargeProtectionUtils: mCanlendarTmp.isEmpty()!
02-27 19:55:27.400  1540  1540 D vendor.oplus.hardware.charger-V6-service: getChargerControl:sub_current=100
02-27 19:55:27.400  1540  1540 D vendor.oplus.hardware.charger-V6-service: sub_voltage=3800
02-27 19:55:27.400  1540  1540 D vendor.oplus.hardware.charger-V6-service: sub_soc=-1
02-27 19:55:27.400  1540  1540 D vendor.oplus.hardware.charger-V6-service: sub_temperature=250
02-27 19:55:27.400  1540  1540 D vendor.oplus.hardware.charger-V6-service: main_soc=13
02-27 19:55:27.428  2026  3795 I Osense-PsiDetector: 1737,242,2452,7679,69,436,208,1346,1822,740,751,0,8,7686
02-27 19:55:27.429 14128 14497 I metis_v2_OsenseCallBack: memLevel: 2 [Metis|com.oplus.metis|1.4.54-aa2067f]
02-27 19:55:27.563  1510 18624 I QC2Comp : [vp9D_3677] Stats: Pending(3) i/p-done(0) Works: Q: 26/Done 25|Work-Rate: Q(0.0/s Avg=0.0/s) Done(0.000/s Avg=0.000/s)| Stream: 25.00fps 328.6Kbps
02-27 19:55:27.563  1510 18624 I QC2Comp : Mem-usage:  [In-1D - 5 bufs 14.941 MB] [1D-0 - 15 bufs 0.234 MB] [2D-3534 - 23 bufs 51.750 MB]
02-27 19:55:27.563  1510 18624 I QC2Comp : Total Mem-usage: 66.926 MB
02-27 19:55:27.572  1540  1753 D BatteryChargeControl: bcc get no support from charging protocol
02-27 19:55:27.850 14128 14497 I metis_v2_OsenseCallBack: memLevel: 1 [Metis|com.oplus.metis|1.4.54-aa2067f]
02-27 19:55:27.867  4074  4074 D OplusTelephonyController: onSignalStrengthChanged: SignalStrength=SignalStrength:{mCdma=CellSignalStrengthCdma: cdmaDbm=2147483647 cdmaEcio=2147483647 evdoDbm=2147483647 evdoEcio=2147483647 evdoSnr=2147483647 level=0,mGsm=CellSignalStrengthGsm: rssi=2147483647 ber=2147483647 mTa=2147483647 mLevel=0,mWcdma=CellSignalStrengthWcdma: ss=2147483647 ber=2147483647 rscp=2147483647 ecno=2147483647 level=0,mTdscdma=CellSignalStrengthTdscdma: rssi=2147483647 ber=2147483647 rscp=2147483647 level=0,mLte=CellSignalStrengthLte: rssi=-65 rsrp=-95 rsrq=-14 rssnr=13 cqiTableIndex=2147483647 cqi=2147483647 ta=2147483647 level=4 parametersUseForLevel=0,mNr=CellSignalStrengthNr:{ csiRsrp = 2147483647 csiRsrq = 2147483647 csiCqiTableIndex = 2147483647 csiCqiReport = [] ssRsrp = 2147483647 ssRsrq = 2147483647 ssSinr = 2147483647 level = 0 parametersUseForLevel = 0 timingAdvance = 2147483647 },primary=CellSignalStrengthLte}
02-27 19:55:27.868  4248  4248 D SubsysEventListenerManager-SubsysTelephonyCallback[0]: onSignalStrengthsChanged
02-27 19:55:27.879  2026  3924 I OplusBinderProxy: pb uid: 10300 pid: 10619 desc: com.android.internal.telephony.IPhoneStateListener/10
02-27 19:55:27.884  3736  3959 I SystemUi--Statusbar: MobileConnectionRepositoryImpl-->subId:2 isSoftSimCard:false slotId:0
02-27 19:55:27.918  1540  1717 D vendor.oplus.hardware.charger-V6-service: ret_value:128, read content:,384,373,3709,3709,-102,500,2200,13,14,1,4,-1,4912,13,1,0,1,1,0,0,4425,0,2,0,2,0,0,0,381,0,1,1,0,0,61,61,61,0,0,0,0,0,0,0,0,0,0
02-27 19:55:27.919  1540  1717 D vendor.oplus.hardware.charger-V6-service: gmtime: 2026-02-27-19-55-27
02-27 19:55:27.920  1540  1717 D vendor.oplus.hardware.charger-V6-service: usb_online:1, ac_online:0, wireless_online:-2147483648
02-27 19:55:28.015  4130  4583 D CommonApp-271-10497: transport layer data is invalid
02-27 19:55:28.426  4130  4583 D CommonApp-271-10497: DefaultState EVENT_SCENARIOS_CHANGE
02-27 19:55:28.426  4130  4583 D CommonApp-271-10497: scene=COMMON pn=com.esiri.esiriplus
02-27 19:55:28.473  2026  3795 I Osense-PsiDetector: 1739,244,2449,7679,69,436,208,1344,1821,740,751,0,8,7686
02-27 19:55:28.474 14128 14497 I metis_v2_OsenseCallBack: memLevel: 2 [Metis|com.oplus.metis|1.4.54-aa2067f]
02-27 19:55:28.505  4074  4074 D OplusTelephonyController: onSignalStrengthChanged: SignalStrength=SignalStrength:{mCdma=CellSignalStrengthCdma: cdmaDbm=2147483647 cdmaEcio=2147483647 evdoDbm=2147483647 evdoEcio=2147483647 evdoSnr=2147483647 level=0,mGsm=CellSignalStrengthGsm: rssi=2147483647 ber=2147483647 mTa=2147483647 mLevel=0,mWcdma=CellSignalStrengthWcdma: ss=2147483647 ber=2147483647 rscp=2147483647 ecno=2147483647 level=0,mTdscdma=CellSignalStrengthTdscdma: rssi=2147483647 ber=2147483647 rscp=2147483647 level=0,mLte=CellSignalStrengthLte: rssi=-61 rsrp=-96 rsrq=-17 rssnr=11 cqiTableIndex=2147483647 cqi=2147483647 ta=2147483647 level=4 parametersUseForLevel=0,mNr=CellSignalStrengthNr:{ csiRsrp = 2147483647 csiRsrq = 2147483647 csiCqiTableIndex = 2147483647 csiCqiReport = [] ssRsrp = 2147483647 ssRsrq = 2147483647 ssSinr = 2147483647 level = 0 parametersUseForLevel = 0 timingAdvance = 2147483647 },primary=CellSignalStrengthLte}
02-27 19:55:28.505  4248  4248 D SubsysEventListenerManager-SubsysTelephonyCallback[0]: onSignalStrengthsChanged
02-27 19:55:28.516  3736  3959 I SystemUi--Statusbar: MobileConnectionRepositoryImpl-->subId:2 isSoftSimCard:false slotId:0
02-27 19:55:28.575  1540  1753 D BatteryChargeControl: bcc get no support from charging protocol
02-27 19:55:28.889 14128 14497 I metis_v2_OsenseCallBack: memLevel: 1 [Metis|com.oplus.metis|1.4.54-aa2067f]
02-27 19:55:29.040  4130  4583 D CommonApp-271-10497: transport layer data is invalid
02-27 19:55:29.125  1535  4282 E PerformanceService: storage_feature: open /sys/devices/platform/soc/112b0000.ufshci//virtualtlcbuff fail
02-27 19:55:29.386 26780 23512 D CustomLogManagerService: WorkHandler msg.what :5
02-27 19:55:29.387 26780 23512 D CustomLogManagerService: user experience toggle off
02-27 19:55:29.512  2026  3795 I Osense-PsiDetector: 1739,245,2446,7679,69,436,208,1342,1821,740,751,0,8,7685
02-27 19:55:29.513 14128 14497 I metis_v2_OsenseCallBack: memLevel: 2 [Metis|com.oplus.metis|1.4.54-aa2067f]
02-27 19:55:29.577  1540  1753 D BatteryChargeControl: bcc get no support from charging protocol
02-27 19:55:29.597  7957 30927 I PTC.DISC.AndroidMultiLanServer: Watcher sysNif=[wlan0], userNif=[wlan0 state=(LISTEN JOIN(05A86A|11648)), ], clientNif=[wlan0 state=(LISTEN), ], tcpServer state=LISTEN, ipv4=**68.1.3
02-27 19:55:29.692  2026  3448 D WifiStaIfaceHidlImpl: getCachedScanData is not implemented by HIDL
02-27 19:55:29.707  4248  4248 D VendorWifiService: onEvent event:9,action:1
02-27 19:55:29.713  2026  3554 D OplusWifiPower_TriggerCenter: mComponentCallback: wifistat
02-27 19:55:29.826  1510  8349 I QC2Comp : [vp9D_3966] Stats: Pending(3) i/p-done(0) Works: Q: 26/Done 25|Work-Rate: Q(0.0/s Avg=0.0/s) Done(0.000/s Avg=0.001/s)| Stream: 30.30fps 174.6Kbps
02-27 19:55:29.826  1510  8349 I QC2Comp : Mem-usage:  [In-1D - 5 bufs 14.941 MB] [1D-0 - 15 bufs 0.234 MB] [2D-3823 - 23 bufs 17.250 MB]
02-27 19:55:29.826  1510  8349 I QC2Comp : Total Mem-usage: 32.426 MB
02-27 19:55:29.829 18277 18320 I Bugle   : BugleStartup: Registering SIM change receiver...
02-27 19:55:29.832 18277 18320 I Bugle   : BugleStartup: Updating app config...
02-27 19:55:29.837  2026  3924 W PackageManager: package com.google.android.apps.messaging uid 10267 pid 18277 call SetEnabledSetting(com.google.android.apps.messaging component = com.google.android.apps.messaging.shared.receiver.SmsReceiver, 2, 0)
02-27 19:55:29.840  2026  3924 W PackageManager: package com.google.android.apps.messaging uid 10267 pid 18277 call SetEnabledSetting(com.google.android.apps.messaging component = com.google.android.apps.messaging.shared.receiver.TelephonyChangeReceiver, 1, 0)
02-27 19:55:29.842  2026  3924 W PackageManager: package com.google.android.apps.messaging uid 10267 pid 18277 call SetEnabledSetting(com.google.android.apps.messaging component = com.google.android.apps.messaging.shared.receiver.DefaultSmsPackageChangedReceiver, 1, 0)
02-27 19:55:29.843  2026  3924 W PackageManager: package com.google.android.apps.messaging uid 10267 pid 18277 call SetEnabledSetting(com.google.android.apps.messaging component = com.google.android.apps.messaging.shared.receiver.RestoreReceiver, 1, 0)
02-27 19:55:29.845  2026  3924 W PackageManager: package com.google.android.apps.messaging uid 10267 pid 18277 call SetEnabledSetting(com.google.android.apps.messaging component = com.google.android.apps.messaging.shared.receiver.SmsRejectedReceiver, 2, 0)
02-27 19:55:29.846  2026  3924 W PackageManager: package com.google.android.apps.messaging uid 10267 pid 18277 call SetEnabledSetting(com.google.android.apps.messaging component = com.google.android.apps.messaging.ui.conversationlist.VideoShareIntentActivity, 1, 0)
02-27 19:55:29.848 18277 18320 I Bugle   : BugleStartup: Done with SIM change receiver & app config.
02-27 19:55:29.848 18277 18320 I Bugle   : BugleStartup: Handling shared prefs upgrade & Load MMS Configuration...
02-27 19:55:29.875 18277 18320 I BugleDataModel: Scheduling country code detector action, because a subscription changed its state.
02-27 19:55:29.877 18277 18320 I BugleDataModel: Scheduling self participants refresh action, because a subscription changed its state.
02-27 19:55:29.885 18277 18296 I BugleRcsEngine: Unexpected action: android.intent.action.SIM_STATE_CHANGED [CONTEXT log_prefix="(Sim)" thread_id=1239 ]
02-27 19:55:29.892 18277 18530 I BugleRcsEngine: do not delay first event [CONTEXT thread_id=1264 ]
02-27 19:55:29.892 18277 18531 I Bugle   : BugleStartup: Initializing RCS availability...
02-27 19:55:29.892 18277 18532 I RcsProvisioningFlow: Received intent action: android.intent.action.SIM_STATE_CHANGED with extra SIM_STATE: LOADED
02-27 19:55:29.895 18277 18532 I RcsProvisioningFlow: Sending sim state update work request to scheduler due to LOADED.
02-27 19:55:29.896 18277 18531 I Bugle   : BugleStartup: Done with RCS availability.
02-27 19:55:29.897 18277 18531 I Bugle   : BugleStartup: Done initializing with enabled individual init failures.
02-27 19:55:29.901 18277 18530 I BugleRcsEngine: Processing an intent [CONTEXT log_prefix="(Sim)" thread_id=1264 ]
02-27 19:55:29.902 18277 18532 I RcsProvisioningFlow: Scheduling 3 using PWQ with updateTrigger: 6, scheduledAt: 2026-02-27T16:55:29.895Z, initialDelaySeconds: 0.
02-27 19:55:29.903 18277 18530 I BugleRcsEngine: SIM state LOADED [CONTEXT log_prefix="(Sim)" thread_id=1264 ]
02-27 19:55:29.908 18277 18318 I RcsProvisioningFlow: Beginning update task for phone SIMs state scheduledAt: 2026-02-27T16:55:29.895Z
02-27 19:55:29.911 18277 18319 W Bugle   : BuglePhoneNumberUtils: canonicalizeMccMnc: invalid mccmnc. mcc: null, mnc: null
02-27 19:55:29.915 18277 18530 I BugleRcsEngine: SIM changed: false. current id: redacted-pii:sim_id[chars:19,last3:521]; stored id: redacted-pii:sim_id[chars:19,last3:521]; isFiDevice: false; subId: 2; slotIndex: 0 [CONTEXT log_prefix="(Sim)" thread_id=1264 ]
02-27 19:55:29.922 18277 18318 I RcsProvisioningFlow: Lock acquired for updatng phone SIMs state with update trigger: 1.
02-27 19:55:29.927 14128 14497 I metis_v2_OsenseCallBack: memLevel: 1 [Metis|com.oplus.metis|1.4.54-aa2067f]
02-27 19:55:29.928 18277 18318 I BugleSimStateTracker: Looking up Fi through package names.
02-27 19:55:29.935 18277 18532 I Bugle   : BroadcastReceiverAsyncWorkTracker: Acknowledging broadcast of cwrh@6577d73
02-27 19:55:29.940 18277 18530 I BugleRcsEngine: Skipping writing subId because this is main bugle process. [CONTEXT log_prefix="(Sim)" thread_id=1264 ]
02-27 19:55:29.941 18277 18302 D WM-SystemJobScheduler: Scheduling work ID 69f692ba-9683-4ac0-9387-86ca15a5e4e0Job ID 1572
02-27 19:55:29.943 18277 18302 D WM-GreedyScheduler: Ignoring {WorkSpec: 197afa56-904c-44a1-a9c5-b29895385559}. Requires device idle.
02-27 19:55:29.944 18277 18302 D WM-GreedyScheduler: Ignoring {WorkSpec: 873a4df6-4f25-4d70-b242-aa993a4fdbd7}. Requires device idle.
02-27 19:55:29.944 18277 18302 D WM-GreedyScheduler: Ignoring {WorkSpec: 2d5ca064-5560-412e-8c11-821a923e3307}. Requires ContentUri triggers.
02-27 19:55:29.944 18277 18302 D WM-GreedyScheduler: Ignoring {WorkSpec: 92085800-754e-4d67-bb34-fb20a5bfe655}. Requires ContentUri triggers.
02-27 19:55:29.944 18277 18302 D WM-GreedyScheduler: Starting work for 69f692ba-9683-4ac0-9387-86ca15a5e4e0
02-27 19:55:29.945 18277 18530 I BugleRcsEngine: Updated SIM info: currentSimId: redacted-pii:sim_id[chars:19,last3:521]; imsi: redacted-pii:imsi[chars:15]; rawMsisdn: redacted-pii:phone_number[chars:10,last2:50]; formattedMsisdn: redacted-pii:phone_number[chars:13,last2:50]; mccmnc: redacted-pii:sim_operator[chars:5]; gid1: redacted-pii:sim_gid[chars:2]; isFiDevice: false; subId: 2; slotIndex: 0 [CONTEXT log_prefix="(Sim)" thread_id=1264 ]
02-27 19:55:29.947 18277 18318 I BugleSimStateTracker: Looking up Fi through package names.
02-27 19:55:29.953 18277 18319 W Bugle   : BuglePhoneNumberUtils: canonicalizeMccMnc: invalid mccmnc. mcc: null, mnc: null
02-27 19:55:29.954 18277 18530 I BugleRcsEngine: Handling SIM_LOADED in PhoneSimsStateUpdater. [CONTEXT log_prefix="(Sim)" thread_id=1264 ]
02-27 19:55:29.959 18277 18318 I BugleSimStateTracker: default call SIM: redacted-pii:sim_id[chars:19,last3:521], default sms SIM redacted-pii:sim_id[chars:19,last3:521]. default data SIM redacted-pii:sim_id[chars:19,last3:691].
02-27 19:55:29.969 18277 18534 D WM-Processor: shc: processing WorkGenerationalId(workSpecId=69f692ba-9683-4ac0-9387-86ca15a5e4e0, generation=0)
02-27 19:55:29.973 18277 18328 I TableContentChangeObser: Starts to observe table change.
02-27 19:55:29.974 18277 18304 I BugleConnectivity: isOnSatellite(2): false [CONTEXT ratelimit_period="1 SECONDS" ]
02-27 19:55:29.975 18277 18304 I BugleConnectivity: 2 is not on satellite and no other subscriptions are on satellite [CONTEXT ratelimit_period="1 SECONDS" ]
02-27 19:55:29.978 18277 18317 D MddListenableWorkerFactory: createWorker for class: com.google.android.apps.messaging.shared.datamodel.workqueue.WorkQueueWorkerShim
02-27 19:55:29.988   646   646 E lowmemorykiller: device memory 444962 free 62116 file 382058
