02-27 19:55:14.065 18002 18124 W System.err: java.lang.UnsupportedOperationException: CronetEngine has not been initialized.
02-27 19:55:14.065 18002 18124 W System.err: 	at org.chromium.CronetClient.setAlogFuncAddr(Unknown Source:16973840)
02-27 19:55:14.065 18002 18124 W System.err: 	at com.bytedance.frameworks.baselib.network.http.cronet.impl.SsCronetHttpClient.setAlogFuncAddr(Unknown Source:16908293)
02-27 19:55:14.065 18002 18124 W System.err: 	at com.bytedance.ttnet.TTALog.lambda$ensureALogInitialized$0(Unknown Source:17039384)
02-27 19:55:14.065 18002 18124 W System.err: 	at X.3JJ.onNativeFuncReady(Unknown Source:16777216)
02-27 19:55:14.065 18002 18124 W System.err: 	at com.ss.android.agilelogger.ALog$4.run(Unknown Source:262188)
02-27 19:55:14.065 18002 18124 W System.err: 	at java.lang.Thread.run(Thread.java:1564)
02-27 19:55:14.065 18002 18124 W System.err: 	at com.bytedance.bpea.transmit.delegate.BPEAThread.run(Unknown Source:196617)
02-27 19:55:14.066 18002 18023 D nativeloader: Load /data/app/~~vnIfcsQa41W2IkOoVy0L5A==/com.lemon.lvoverseas-4p0gZ5gqO0iuDdlPsoKgdg==/lib/arm64/libgodzilla-touphic.so using class loader ns clns-9 (caller=/data/app/~~vnIfcsQa41W2IkOoVy0L5A==/com.lemon.lvoverseas-4p0gZ5gqO0iuDdlPsoKgdg==/base.apk!classes9.dex): ok
02-27 19:55:14.069 18002 18115 D OplusGraphicsEvent: OplusGraphicsEventListener create now!
02-27 19:55:14.071 18002 18120 E ActivityThread: Failed to find provider info for com.facebook.katana.provider.PlatformProvider
02-27 19:55:14.071 18002 18127 I stune   : init succeed:ffffecfc
02-27 19:55:14.075 18002 18127 I AdrenoGLES-0: QUALCOMM build                   : 923a446bf8, I23d7d7df15
02-27 19:55:14.075 18002 18127 I AdrenoGLES-0: Build Date                       : 09/05/24
02-27 19:55:14.075 18002 18127 I AdrenoGLES-0: OpenGL ES Shader Compiler Version: EV031.35.01.12
02-27 19:55:14.075 18002 18127 I AdrenoGLES-0: Local Branch                     : 
02-27 19:55:14.075 18002 18127 I AdrenoGLES-0: Remote Branch                    : refs/tags/AU_LINUX_ANDROID_LA.UM.9.14.11.00.00.571.148
02-27 19:55:14.075 18002 18127 I AdrenoGLES-0: Remote Branch                    : NONE
02-27 19:55:14.075 18002 18127 I AdrenoGLES-0: Reconstruct Branch               : NOTHING
02-27 19:55:14.075 18002 18127 I AdrenoGLES-0: Build Config                     : S P 10.0.7 AArch64
02-27 19:55:14.075 18002 18127 I AdrenoGLES-0: Driver Path                      : /vendor/lib64/egl/libGLESv2_adreno.so
02-27 19:55:14.078 18002 18115 D OplusGraphicsEvent: addEventListener success!
02-27 19:55:14.078 18002 18115 D ExtensionsLoader: createInstance(64bit) : createExtendedFactory
02-27 19:55:14.078 18002 18054 W art_sym : GetClassLinkerIndex by intern_table, intern_table_index: 78
02-27 19:55:14.078 18002 18054 W art_sym : art runtime: 0xb400007b98210c00, class_linker index: 150, java_vm_ext index: 158
02-27 19:55:14.078 18002 18054 E art_sym : art ThreadListInstance index: 146
02-27 19:55:14.078 18002 18054 E offset_utils: cannot found heap address.
02-27 19:55:14.078 18002 18054 I jato    : large object threshold address: 0x0, 1
02-27 19:55:14.079 18002 18050 W System.err: java.lang.ClassNotFoundException: com.bytedance.bdturing.verify.IdentityService
02-27 19:55:14.080 18002 18050 W System.err: 	at java.lang.Class.classForName(Native Method)
02-27 19:55:14.080 18002 18050 W System.err: 	at java.lang.Class.forName(Class.java:591)
02-27 19:55:14.080 18002 18050 W System.err: 	at java.lang.Class.forName(Class.java:496)
02-27 19:55:14.080 18002 18050 W System.err: 	at com.bytedance.bdturing.BdTuring.initService(Unknown Source:262164)
02-27 19:55:14.080 18002 18050 W System.err: 	at com.bytedance.bdturing.BdTuring.init(Unknown Source:17104931)
02-27 19:55:14.080 18002 18050 W System.err: 	at com.lemon.account.BdTuringServiceImp.init(Unknown Source:17170614)
02-27 19:55:14.080 18002 18050 W System.err: 	at com.vega.launcher.init.InitManager.d(Unknown Source:524309)
02-27 19:55:14.080 18002 18050 W System.err: 	at com.vega.launcher.start.schedule.tasks.InitAccountTask.run(Unknown Source:262174)
02-27 19:55:14.080 18002 18050 W System.err: 	at com.bytedance.lego.init.InitTaskDispatcher.c(Unknown Source:17236030)
02-27 19:55:14.080 18002 18050 W System.err: 	at com.bytedance.lego.init.InitTaskDispatcher$run$runnable$1.run(Unknown Source:131079)
02-27 19:55:14.080 18002 18050 W System.err: 	at java.util.concurrent.ThreadPoolExecutor.runWorker(ThreadPoolExecutor.java:1154)
02-27 19:55:14.080 18002 18050 W System.err: 	at java.util.concurrent.ThreadPoolExecutor$Worker.run(ThreadPoolExecutor.java:652)
02-27 19:55:14.080 18002 18050 W System.err: 	at java.lang.Thread.run(Thread.java:1564)
02-27 19:55:14.080 18002 18050 W System.err: 	at com.bytedance.lego.init.LaunchBoostExecutor$executorFactory$1$newThread$thread$1.run(Unknown Source:65540)
02-27 19:55:14.080 18002 18050 W System.err: Caused by: java.lang.ClassNotFoundException: com.bytedance.bdturing.verify.IdentityService
02-27 19:55:14.080 18002 18050 W System.err: 	... 14 more
02-27 19:55:14.080 18002 18115 D ExtensionsLoader: Opened libSchedAssistExtImpl.so
02-27 19:55:14.080 18002 18115 E SchedAssist: ofbOpen failed with error=No such file or directory
02-27 19:55:14.080 18002 18115 E SchedAssist: sysOpen failed with error=No such file or directory
02-27 19:55:14.080 18002 18115 E SchedAssist: open sharedFd failed with error=Permission denied
02-27 19:55:14.081 18002 18115 E SchedAssist: open sharedFd failed with error=Permission denied
02-27 19:55:14.081 18002 18115 E SchedAssist: open sharedFd failed with error=Permission denied
02-27 19:55:14.081 18002 18115 E SchedAssist: open sharedFd failed with error=No such file or directory
02-27 19:55:14.084 18002 18050 I KEVA.NATIVE: byte array do not exist
02-27 19:55:14.085 18002 18050 I KEVA.NATIVE: byte array do not exist
02-27 19:55:14.087 18002 18127 I AdrenoGLES-0: PFP: 0x016ee201, ME: 0x00000000
02-27 19:55:14.091  2026  3215 W PackageManager: package com.lemon.lvoverseas uid 10343 pid 18002 call SetEnabledSetting(com.lemon.lvoverseas component = com.ss.android.deviceregister.AActivity, 2, 0)
02-27 19:55:14.094 18002 18054 D nativeloader: Load /data/app/~~vnIfcsQa41W2IkOoVy0L5A==/com.lemon.lvoverseas-4p0gZ5gqO0iuDdlPsoKgdg==/lib/arm64/libosfix.so using class loader ns clns-9 (caller=/data/app/~~vnIfcsQa41W2IkOoVy0L5A==/com.lemon.lvoverseas-4p0gZ5gqO0iuDdlPsoKgdg==/base.apk!classes9.dex): ok
02-27 19:55:14.095 18002 18002 D nativeloader: Load libSchedAssistJni.so using system ns (caller=/system/framework/oplus-framework.jar): ok
02-27 19:55:14.103 18002 18126 I WebViewFactory: Loading com.google.android.webview version 145.0.7632.79 (code 763207903)
02-27 19:55:14.104 18002 18025 D TTM/TTM_CORE: TTMCore_init commonConfig: 115, multiInstConfig: 7700,ttmHostStaticCache:4294967295
02-27 19:55:14.104 18002 18025 D TTM/TTM_CORE: TTM init core_state:0,--- general_state:0,  ---open_jni:1, --monitor_exception:0  -- core_report_enable:1, -- is_local_test:0
02-27 19:55:14.104   646   646 E lowmemorykiller: device memory 472984 free 54602 file 400534
02-27 19:55:14.105 18002 18115 D HWUI    : failed overriding property  to 
02-27 19:55:14.109 18002 18126 D ApplicationLoaders: Returning zygote-cached class loader: /system/framework/android.test.base.jar
02-27 19:55:14.110 18002 18126 D ApplicationLoaders: Returning zygote-cached class loader: /system_ext/framework/androidx.window.extensions.jar
02-27 19:55:14.114 18002 18126 D nativeloader: Configuring clns-10 for other apk /data/app/~~lNNKxFB3Fvnm2c5MjQG91g==/com.google.android.webview-WU0FvPI27V71XHc-mVu1nQ==/base.apk. target_sdk_version=36, uses_libraries=, library_path=/data/app/~~lNNKxFB3Fvnm2c5MjQG91g==/com.google.android.webview-WU0FvPI27V71XHc-mVu1nQ==/lib/arm64:/data/app/~~lNNKxFB3Fvnm2c5MjQG91g==/com.google.android.webview-WU0FvPI27V71XHc-mVu1nQ==/base.apk!/lib/arm64-v8a, permitted_path=/data:/mnt/expand
02-27 19:55:14.117 18002 18002 D ExtensionsLoader: createInstance(64bit) : createExtendedFactory
02-27 19:55:14.122 18002 18122 I oplus.android.OplusFrameworkFactoryImpl: get feature:IOplusDynamicVsyncFeature
02-27 19:55:14.122 18002 18122 I oplus.android.OplusFrameworkFactoryImpl: get feature:IOplusDynamicVsyncFeature
02-27 19:55:14.122 18002 18122 I oplus.android.OplusFrameworkFactoryImpl: get feature:IOplusDynamicVsyncFeature
02-27 19:55:14.125  2026  4013 D ConnectivityService: requestNetwork for uid/pid:10343/18002 activeRequest: null callbackRequest: 105852 [NetworkRequest [ REQUEST id=105853, [ Capabilities: INTERNET&NOT_RESTRICTED&TRUSTED&NOT_VCN_MANAGED&NOT_BANDWIDTH_CONSTRAINED Uid: 10343 RequestorUid: 10343 RequestorPkg: com.lemon.lvoverseas UnderlyingNetworks: Null] ]] callback flags: 0 order: 2147483647 isUidTracked: false declaredMethods: AVAIL|LOST|NC|LP
02-27 19:55:14.129  2026  4107 D CompatChangeReporter: Compat change id reported: 319212206; UID 10343; state: ENABLED
02-27 19:55:14.133 18002 18114 I NPTH    : npth_anr_monitor_loop s_sig_catcher_tid = 18003
02-27 19:55:14.133  2026  3448 D OemPaidWifiNetworkFactory: got request NetworkRequest [ REQUEST id=105853, [ Capabilities: INTERNET&NOT_RESTRICTED&TRUSTED&NOT_VCN_MANAGED&NOT_BANDWIDTH_CONSTRAINED Uid: 10343 RequestorUid: 10343 RequestorPkg: com.lemon.lvoverseas UnderlyingNetworks: Null] ]
02-27 19:55:14.135  1535  4282 E PerformanceService: storage_feature: open /sys/devices/platform/soc/112b0000.ufshci//virtualtlcbuff fail
02-27 19:55:14.140 18002 18044 D AppLovinSdk: [AppLovinSdkInitializationConfiguration] Initializing with key: hvpk3fAA6i7Zqp-bBM9Wbms87Gh8tX1qqUfhJKGoH3L-BSebwfkDONdLsoeayTZZrJrV1D3k2Ju8OtDaVSDq6k
02-27 19:55:14.140 18002 18044 D AppLovinSdk: [AppLovinSdkInitializationConfiguration] setMediationProvider(mediationProvider=max)
02-27 19:55:14.141 18002 18122 I oplus.android.OplusFrameworkFactoryImpl: get feature:IOplusDynamicVsyncFeature
02-27 19:55:14.141 18002 18122 I oplus.android.OplusFrameworkFactoryImpl: get feature:IOplusDynamicVsyncFeature
02-27 19:55:14.141 18002 18122 I oplus.android.OplusFrameworkFactoryImpl: get feature:IOplusDynamicVsyncFeature
02-27 19:55:14.144  2026  7706 D ConnectivityService: requestNetwork for uid/pid:10343/18002 activeRequest: null callbackRequest: 105856 [NetworkRequest [ REQUEST id=105857, [ Capabilities: INTERNET&NOT_RESTRICTED&TRUSTED&NOT_VCN_MANAGED&NOT_BANDWIDTH_CONSTRAINED Uid: 10343 RequestorUid: 10343 RequestorPkg: com.lemon.lvoverseas UnderlyingNetworks: Null] ]] callback flags: 0 order: 2147483647 isUidTracked: false declaredMethods: AVAIL|LOST
02-27 19:55:14.145 18002 18044 D AppLovinSdk: [AppLovinSdkInitializationConfiguration] setAdUnitIds(adUnitIds=[3f4c65acf94c61a0])
02-27 19:55:14.146  2026  3448 D MultiInternetWifiNetworkFactory: got request NetworkRequest [ REQUEST id=105853, [ Capabilities: INTERNET&NOT_RESTRICTED&TRUSTED&NOT_VCN_MANAGED&NOT_BANDWIDTH_CONSTRAINED Uid: 10343 RequestorUid: 10343 RequestorPkg: com.lemon.lvoverseas UnderlyingNetworks: Null] ]
02-27 19:55:14.146  2026  3448 D WifiNetworkFactory: got request NetworkRequest [ REQUEST id=105853, [ Capabilities: INTERNET&NOT_RESTRICTED&TRUSTED&NOT_VCN_MANAGED&NOT_BANDWIDTH_CONSTRAINED Uid: 10343 RequestorUid: 10343 RequestorPkg: com.lemon.lvoverseas UnderlyingNetworks: Null] ]
02-27 19:55:14.147  2026  3448 D UntrustedWifiNetworkFactory: got request NetworkRequest [ REQUEST id=105853, [ Capabilities: INTERNET&NOT_RESTRICTED&TRUSTED&NOT_VCN_MANAGED&NOT_BANDWIDTH_CONSTRAINED Uid: 10343 RequestorUid: 10343 RequestorPkg: com.lemon.lvoverseas UnderlyingNetworks: Null] ]
02-27 19:55:14.148  2026  3455 D ConnectivityService: NetReassign [105853 : null → 271] [c 1] [a 1] [i 20]
02-27 19:55:14.151 18002 18044 D AppLovinSdk: [AppLovinSdkInitializationConfiguration] setSegmentCollection(segmentCollection=MaxSegmentColletionImpl{segments=[]})
02-27 19:55:14.161 18002 18044 D AppLovinSdk: [AppLovinSdk] 
02-27 19:55:14.161 18002 18044 D AppLovinSdk: ========================================
02-27 19:55:14.161 18002 18044 D AppLovinSdk: SDK Session Begin
02-27 19:55:14.161 18002 18044 D AppLovinSdk: ========================================
02-27 19:55:14.162  2026  3455 D ConnectivityService: NetReassign [no changes] [c 0] [a 7] [i 6]
02-27 19:55:14.169 18002 18044 D AppLovinSdk: [AppLovinSdkSettings] setUserIdentifier(userIdentifier=7584466625866532353)
02-27 19:55:14.169 18002 18044 D AppLovinSdk: [AppLovinPrivacySettings] setHasUserConsent()
02-27 19:55:14.170  2026  3455 D ConnectivityService: NetReassign [no changes] [c 0] [a 2] [i 4]
02-27 19:55:14.174  2026  3448 D OemPaidWifiNetworkFactory: got request NetworkRequest [ REQUEST id=105857, [ Capabilities: INTERNET&NOT_RESTRICTED&TRUSTED&NOT_VCN_MANAGED&NOT_BANDWIDTH_CONSTRAINED Uid: 10343 RequestorUid: 10343 RequestorPkg: com.lemon.lvoverseas UnderlyingNetworks: Null] ]
02-27 19:55:14.175 18002 18002 D ExtensionsLoader: Opened libSchedAssistExtImpl.so
02-27 19:55:14.178  2026  3448 D MultiInternetWifiNetworkFactory: got request NetworkRequest [ REQUEST id=105857, [ Capabilities: INTERNET&NOT_RESTRICTED&TRUSTED&NOT_VCN_MANAGED&NOT_BANDWIDTH_CONSTRAINED Uid: 10343 RequestorUid: 10343 RequestorPkg: com.lemon.lvoverseas UnderlyingNetworks: Null] ]
02-27 19:55:14.178  2026  3448 D WifiNetworkFactory: got request NetworkRequest [ REQUEST id=105857, [ Capabilities: INTERNET&NOT_RESTRICTED&TRUSTED&NOT_VCN_MANAGED&NOT_BANDWIDTH_CONSTRAINED Uid: 10343 RequestorUid: 10343 RequestorPkg: com.lemon.lvoverseas UnderlyingNetworks: Null] ]
02-27 19:55:14.178  2026  3448 D UntrustedWifiNetworkFactory: got request NetworkRequest [ REQUEST id=105857, [ Capabilities: INTERNET&NOT_RESTRICTED&TRUSTED&NOT_VCN_MANAGED&NOT_BANDWIDTH_CONSTRAINED Uid: 10343 RequestorUid: 10343 RequestorPkg: com.lemon.lvoverseas UnderlyingNetworks: Null] ]
02-27 19:55:14.178  2026  3455 D ConnectivityService: NetReassign [105857 : null → 271] [c 0] [a 2] [i 6]
02-27 19:55:14.180  2026  4107 E ScrollOptim [OplusPerfService]: isScrollOptimEnable: mSoptBean = ScrollOptimBean, mOptEnable=true, mCommonOnly=false, mPreAnimStrategy=1, mPreAnimBlacklist=[com.shopify.arrive, com.max.xiaoheihe, com.heytap.themestore, com.quark.browser, org.telegram.messenger, org.telegram.messenger.web, com.kyk.world, uz.unnarsx.cherrygram, com.android.launcher], mPreAnimWhitelist=[], mInsertNum=1, mFrameInsertList={com.shopify.arrive={}, com.sankuai.meituan={com.sankuai.waimai.business.page.kingkong.KingKongActivity=0, com.sankuai.waimai.business.page.homepage.TakeoutActivity=3}, com.xueqiu.android={com.xueqiu.android.common.imagebrowse.inner.ui.ImageBrowseActivity=0}, com.max.xiaoheihe={com.max.xiaoheihe.module.bbs.post.ui.activitys.WebNewsPostPageActivity=0}, com.heytap.themestore={}, com.sina.weibo={com.sina.weibo.VisitorMainTabActivity=3}, com.tencent.mm={com.tencent.mm.ui.AlbumUI=3, com.tencent.mm.plugin.sns.ui.SnsTimeLineUI=3, com.tencent.mm.plugin.sns.ui.improve.ImproveSnsTimelineUI=3}, com.netease.newsreader.activity={com.netease.newsreader.article.framework.view.NewsPageActivity=0}, com.taobao.idlefish={}, uz.unnarsx.cherrygram={uz.unnarsx.cherrygram.CG_Icon_Cherry=0}, com.kyk.world={}, com.android.launcher={}}, mSCEnableList={com.ss.android.ugc.aweme=[com.ss.android.ugc.aweme.splash.SplashActivity], com.sankuai.meituan=[com.meituan.android.pt.homepage.activity.MainActivity, com.sankuai.waimai.business.restaurant.poicontainer.WMRestaurantActivity, com.sankuai.waimai.business.page.homepage.TakeoutActivity], com.dragon.read=[com.dragon.read.pages.main.MainFragmentActivity], com.sina.weibo=[com.sina.weibo.VisitorMainTabActivity], com.xunmeng.pinduoduo=[com.xunmeng.pinduoduo.activity.NewPageActivity], com.tencent.qqmusic=[com.tencent.qqmusic.activity.AppStarterActivity], com.tencent.mobileqq=[com.qzone.feed.ui.activity.QZoneFriendFeedActivity], com.tencent.qqlive=[com.tencent.qqlive.ona.activity.SplashHomeActivity], com.ct.client=[com.ct.client.activity.MainActivity]}
02-27 19:55:14.180  2026  4107 E ScrollOptim [OplusPerfService]: isScrollOptimEnable: pkgName = com.lemon.lvoverseas, output = Bundle[{pre_anim_enable=true, frame_insert_list=null, frame_insert_default_num=1, scroll_changed_enable_list=null}]
02-27 19:55:14.180 18002 18002 D ScrollOptim [ConfigManager]: initOptConfig: pkg= com.lemon.lvoverseas, mOptEnable= true, mAnimAheadEnable= true, mInsertDefaultNum= 1, mFrameInsertEnableList= {}, mSCEnableList= []
02-27 19:55:14.181  2026  3215 I ActivityManager: Flag disabled. Ignoring finishAttachApplication from uid: 10343. pid: 18002
02-27 19:55:14.183 18002 18002 D Carrier_Cache_Entry: receive broadcast >> android.intent.action.SIM_STATE_CHANGED  isInitialStickyBroadcast:true
02-27 19:55:14.185 18002 18002 D Carrier_Cache_Entry: receive broadcast >> android.net.conn.CONNECTIVITY_CHANGE  isInitialStickyBroadcast:true
02-27 19:55:14.192 18002 18126 I cr_WVCFactoryProvider: version=145.0.7632.79 (763207903) minSdkVersion=29 multiprocess=true packageId=2 splits=config.arm64_v8a,config.en,config.xxhdpi
02-27 19:55:14.196 18002 18148 D nativeloader: Load /data/app/~~vnIfcsQa41W2IkOoVy0L5A==/com.lemon.lvoverseas-4p0gZ5gqO0iuDdlPsoKgdg==/lib/arm64/libmonitorcollector-lib.so using class loader ns clns-9 (caller=/data/app/~~vnIfcsQa41W2IkOoVy0L5A==/com.lemon.lvoverseas-4p0gZ5gqO0iuDdlPsoKgdg==/base.apk!classes9.dex): ok
02-27 19:55:14.204   646   646 E lowmemorykiller: device memory 465047 free 46331 file 400869
02-27 19:55:14.205 18002 18130 E ActivityThread: Failed to find provider info for com.facebook.katana.provider.AttributionIdProvider
02-27 19:55:14.218 18002 18130 D CompatChangeReporter: Compat change id reported: 312399441; UID 10343; state: ENABLED
02-27 19:55:14.223 13218 13218 D BoundBrokerSvc: onRebind: Intent { act=com.google.android.gms.appset.service.START dat=chimera-action:/... cmp=com.google.android.gms/.chimera.GmsApiService mCallingUid=10343 }
02-27 19:55:14.224 18002 18025 D nativeloader: Load /data/app/~~vnIfcsQa41W2IkOoVy0L5A==/com.lemon.lvoverseas-4p0gZ5gqO0iuDdlPsoKgdg==/lib/arm64/libpns_ttmachine_adapter.so using class loader ns clns-9 (caller=/data/app/~~vnIfcsQa41W2IkOoVy0L5A==/com.lemon.lvoverseas-4p0gZ5gqO0iuDdlPsoKgdg==/base.apk!classes9.dex): ok
02-27 19:55:14.227 18002 18197 E InputAnrOpt: new InputChannel15
02-27 19:55:14.227 18002 18197 D InputAnrOpt: SOCKET0:237  SOCKET1:238, outServerChannel addr:0x7b6cc7a280, apiLevel111:35
02-27 19:55:14.227 18002 18197 E InputAnrOpt: getSocketFd start
02-27 19:55:14.229 18002 18140 D nativeloader: Load /data/app/~~vnIfcsQa41W2IkOoVy0L5A==/com.lemon.lvoverseas-4p0gZ5gqO0iuDdlPsoKgdg==/lib/arm64/libvcbasekit.so using class loader ns clns-9 (caller=/data/app/~~vnIfcsQa41W2IkOoVy0L5A==/com.lemon.lvoverseas-4p0gZ5gqO0iuDdlPsoKgdg==/base.apk!classes9.dex): ok
02-27 19:55:14.231  2026  4107 W PackageManager: package com.lemon.lvoverseas uid 10343 pid 18002 call SetEnabledSetting(com.lemon.lvoverseas component = androidx.work.impl.background.systemjob.SystemJobService, 1, 0)
02-27 19:55:14.234 18002 18126 D nativeloader: Load /data/app/~~lNNKxFB3Fvnm2c5MjQG91g==/com.google.android.webview-WU0FvPI27V71XHc-mVu1nQ==/base.apk!/lib/arm64-v8a/libwebviewchromium.so using class loader ns clns-10 (caller=/data/app/~~lNNKxFB3Fvnm2c5MjQG91g==/com.google.android.webview-WU0FvPI27V71XHc-mVu1nQ==/base.apk): ok
02-27 19:55:14.235 18002 18197 E InputAnrOpt: startopt step1: hook sendMessage sucess
02-27 19:55:14.246 18002 18209 D nativeloader: Load /data/app/~~vnIfcsQa41W2IkOoVy0L5A==/com.lemon.lvoverseas-4p0gZ5gqO0iuDdlPsoKgdg==/lib/arm64/liblynx_markdown.so using class loader ns clns-9 (caller=/data/app/~~vnIfcsQa41W2IkOoVy0L5A==/com.lemon.lvoverseas-4p0gZ5gqO0iuDdlPsoKgdg==/base.apk!classes9.dex): ok
02-27 19:55:14.247 18002 18140 D nativeloader: Load /data/app/~~vnIfcsQa41W2IkOoVy0L5A==/com.lemon.lvoverseas-4p0gZ5gqO0iuDdlPsoKgdg==/lib/arm64/libttcrypto.so using class loader ns clns-9 (caller=/data/app/~~vnIfcsQa41W2IkOoVy0L5A==/com.lemon.lvoverseas-4p0gZ5gqO0iuDdlPsoKgdg==/base.apk!classes9.dex): ok
02-27 19:55:14.251 18002 18047 D nativeloader: Load /data/app/~~vnIfcsQa41W2IkOoVy0L5A==/com.lemon.lvoverseas-4p0gZ5gqO0iuDdlPsoKgdg==/lib/arm64/libquick.so using class loader ns clns-9 (caller=/data/app/~~vnIfcsQa41W2IkOoVy0L5A==/com.lemon.lvoverseas-4p0gZ5gqO0iuDdlPsoKgdg==/base.apk!classes9.dex): ok
02-27 19:55:14.255 18002 18047 D nativeloader: Load /data/app/~~vnIfcsQa41W2IkOoVy0L5A==/com.lemon.lvoverseas-4p0gZ5gqO0iuDdlPsoKgdg==/lib/arm64/liblynx.so using class loader ns clns-9 (caller=/data/app/~~vnIfcsQa41W2IkOoVy0L5A==/com.lemon.lvoverseas-4p0gZ5gqO0iuDdlPsoKgdg==/base.apk!classes9.dex): ok
02-27 19:55:14.256 18002 18047 D nativeloader: Load /data/app/~~vnIfcsQa41W2IkOoVy0L5A==/com.lemon.lvoverseas-4p0gZ5gqO0iuDdlPsoKgdg==/lib/arm64/liblynxtrace.so using class loader ns clns-9 (caller=/data/app/~~vnIfcsQa41W2IkOoVy0L5A==/com.lemon.lvoverseas-4p0gZ5gqO0iuDdlPsoKgdg==/base.apk!classes9.dex): ok
02-27 19:55:14.257 18002 18140 D nativeloader: Load /data/app/~~vnIfcsQa41W2IkOoVy0L5A==/com.lemon.lvoverseas-4p0gZ5gqO0iuDdlPsoKgdg==/lib/arm64/libttboringssl.so using class loader ns clns-9 (caller=/data/app/~~vnIfcsQa41W2IkOoVy0L5A==/com.lemon.lvoverseas-4p0gZ5gqO0iuDdlPsoKgdg==/base.apk!classes9.dex): ok
02-27 19:55:14.261 18002 18118 W System.err: java.lang.NullPointerException: Parameter specified as non-null is null: method com.vega.kv.keva.KevaSpAopHook.getSharedPreferences, parameter 
02-27 19:55:14.261 18002 18118 W System.err: 	at com.vega.kv.keva.KevaSpAopHook.getSharedPreferences(Unknown Source:50855938)
02-27 19:55:14.261 18002 18118 W System.err: 	at com.bytedance.ttnet.config.ImageStrategyController.INVOKEVIRTUAL_com_bytedance_ttnet_config_ImageStrategyController_com_vega_launcher_lancet_SharedPreferencesLancet_getSharedPreferences(Unknown Source:50593851)
02-27 19:55:14.261 18002 18118 W System.err: 	at com.bytedance.ttnet.config.ImageStrategyController.getSP(Unknown Source:196617)
02-27 19:55:14.261 18002 18118 W System.err: 	at com.bytedance.ttnet.config.ImageStrategyController.updateConfig(Unknown Source:17104932)
02-27 19:55:14.261 18002 18118 W System.err: 	at com.bytedance.ttnet.config.AppConfig.handleResponse(Unknown Source:67699950)
02-27 19:55:14.261 18002 18118 W System.err: 	at com.bytedance.ttnet.config.AppConfig.handleConfigUpdate(Unknown Source:33882128)
02-27 19:55:14.261 18002 18118 W System.err: 	at com.bytedance.ttnet.cronet.AbsCronetDependAdapter$3.run(Unknown Source:327748)
02-27 19:55:14.261 18002 18118 W System.err: 	at java.util.concurrent.Executors$RunnableAdapter.call(Executors.java:520)
02-27 19:55:14.261 18002 18118 W System.err: 	at java.util.concurrent.FutureTask.run(FutureTask.java:317)
02-27 19:55:14.261 18002 18118 W System.err: 	at java.util.concurrent.ThreadPoolExecutor.runWorker(ThreadPoolExecutor.java:1154)
02-27 19:55:14.261 18002 18118 W System.err: 	at java.util.concurrent.ThreadPoolExecutor$Worker.run(ThreadPoolExecutor.java:652)
02-27 19:55:14.261 18002 18118 W System.err: 	at java.lang.Thread.run(Thread.java:1564)
02-27 19:55:14.261 18002 18118 W System.err: 	at com.bytedance.bpea.transmit.delegate.BPEAThread.run(Unknown Source:196617)
02-27 19:55:14.261 18002 18118 W System.err: 	at com.ss.android.ugc.bytex.pthread.base.convergence.hook.ThreadProxy$start$1.invoke(Unknown Source:23)
02-27 19:55:14.261 18002 18118 W System.err: 	at com.ss.android.ugc.bytex.pthread.base.convergence.hook.ThreadProxy$start$1.invoke(Unknown Source:2)
02-27 19:55:14.261 18002 18118 W System.err: 	at com.ss.android.ugc.bytex.pthread.base.convergence.helper.ThreadWorker.run(Unknown Source:98)
02-27 19:55:14.261 18002 18118 W System.err: 	at java.util.concurrent.ThreadPoolExecutor.runWorker(ThreadPoolExecutor.java:1154)
02-27 19:55:14.261 18002 18118 W System.err: 	at java.util.concurrent.ThreadPoolExecutor$Worker.run(ThreadPoolExecutor.java:652)
02-27 19:55:14.261 18002 18118 W System.err: 	at java.lang.Thread.run(Thread.java:1564)
02-27 19:55:14.284 18002 18140 D nativeloader: Load /data/app/~~vnIfcsQa41W2IkOoVy0L5A==/com.lemon.lvoverseas-4p0gZ5gqO0iuDdlPsoKgdg==/lib/arm64/libvcn.so using class loader ns clns-9 (caller=/data/app/~~vnIfcsQa41W2IkOoVy0L5A==/com.lemon.lvoverseas-4p0gZ5gqO0iuDdlPsoKgdg==/base.apk!classes9.dex): ok
02-27 19:55:14.285 18002 18140 D nativeloader: Load /data/app/~~vnIfcsQa41W2IkOoVy0L5A==/com.lemon.lvoverseas-4p0gZ5gqO0iuDdlPsoKgdg==/lib/arm64/libvcnverify.so using class loader ns clns-9 (caller=/data/app/~~vnIfcsQa41W2IkOoVy0L5A==/com.lemon.lvoverseas-4p0gZ5gqO0iuDdlPsoKgdg==/base.apk!classes9.dex): ok
02-27 19:55:14.285 18002 18140 D vcnnetwork: <0x0,custom_verify.c,JNI_OnLoad,55>-----compiled native library  Dec 20 2024 04:51:21-----
02-27 19:55:14.285 18002 18140 D vcnnetwork: <0x0,custom_verify.c,JNI_OnLoad,63>register verify call start
02-27 19:55:14.285 18002 18140 D vcnnetwork: <0x0,custom_verify.c,JNI_OnLoad,67>register verify call end
02-27 19:55:14.285 18002 18140 D vcnnetwork: <0x0,custom_verify.c,JNI_OnLoad,70><JNI_OnLoad,70> JNI_OnLoad (result=65540)
02-27 19:55:14.287 18002 18140 D nativeloader: Load /data/app/~~vnIfcsQa41W2IkOoVy0L5A==/com.lemon.lvoverseas-4p0gZ5gqO0iuDdlPsoKgdg==/lib/arm64/libavmdlbase.so using class loader ns clns-9 (caller=/data/app/~~vnIfcsQa41W2IkOoVy0L5A==/com.lemon.lvoverseas-4p0gZ5gqO0iuDdlPsoKgdg==/base.apk!classes9.dex): ok
02-27 19:55:14.294 18002 18047 D nativeloader: Load /data/app/~~vnIfcsQa41W2IkOoVy0L5A==/com.lemon.lvoverseas-4p0gZ5gqO0iuDdlPsoKgdg==/lib/arm64/libanimax.so using class loader ns clns-9 (caller=/data/app/~~vnIfcsQa41W2IkOoVy0L5A==/com.lemon.lvoverseas-4p0gZ5gqO0iuDdlPsoKgdg==/base.apk!classes9.dex): ok
02-27 19:55:14.295 18002 18219 I primjs  : RC: HEAP_TAG_OUTER: 0x0, HEAP_TAG_INNER: 0x0
02-27 19:55:14.296 18002 18126 D nativeloader: Load /system/lib64/libwebviewchromium_plat_support.so using class loader ns clns-10 (caller=/data/app/~~lNNKxFB3Fvnm2c5MjQG91g==/com.google.android.webview-WU0FvPI27V71XHc-mVu1nQ==/base.apk): ok
02-27 19:55:14.297 18002 18219 I primjs  : RC: HEAP_TAG_OUTER: 0x0, HEAP_TAG_INNER: 0x0
02-27 19:55:14.298 18002 18219 I primjs  : RC: HEAP_TAG_OUTER: 0x0, HEAP_TAG_INNER: 0x0
02-27 19:55:14.299 18002 18219 I primjs  : RC: HEAP_TAG_OUTER: 0x0, HEAP_TAG_INNER: 0x0
02-27 19:55:14.301 18002 18219 I primjs  : RC: HEAP_TAG_OUTER: 0x0, HEAP_TAG_INNER: 0x0
02-27 19:55:14.301 18002 18140 D nativeloader: Load /data/app/~~vnIfcsQa41W2IkOoVy0L5A==/com.lemon.lvoverseas-4p0gZ5gqO0iuDdlPsoKgdg==/lib/arm64/libavmdlv2.so using class loader ns clns-9 (caller=/data/app/~~vnIfcsQa41W2IkOoVy0L5A==/com.lemon.lvoverseas-4p0gZ5gqO0iuDdlPsoKgdg==/base.apk!classes9.dex): ok
02-27 19:55:14.302 18002 18140 E ttmio   : <0x0,JNI_OnLoad,MDLJniBase.cpp:64>-----compiled native library  Apr 10 2025 05:13:11 (2.1.227.25)-----
02-27 19:55:14.302 18002 18140 E ttmio   : <0x0,JNI_OnLoad,MDLJniBase.cpp:74><JNI_OnLoad,74> JNI_OnLoad (result=65540)
02-27 19:55:14.304   646   646 E lowmemorykiller: device memory 413216 free 36503 file 400775
02-27 19:55:14.305 18002 18140 D nativeloader: Load /data/app/~~vnIfcsQa41W2IkOoVy0L5A==/com.lemon.lvoverseas-4p0gZ5gqO0iuDdlPsoKgdg==/lib/arm64/libmdlttkmedianetloader.so using class loader ns clns-9 (caller=/data/app/~~vnIfcsQa41W2IkOoVy0L5A==/com.lemon.lvoverseas-4p0gZ5gqO0iuDdlPsoKgdg==/base.apk!classes9.dex): ok
02-27 19:55:14.305 18002 18140 E ttmio   : <0x0,JNI_OnLoad,MDLTTKMediaNetJniBase.cpp:55>-----compiled native library  Apr 10 2025 05:13:12 (2.1.227.25)-----
02-27 19:55:14.305 18002 18140 E ttmio   : <0x0,JNI_OnLoad,MDLTTKMediaNetJniBase.cpp:70><JNI_OnLoad,70> JNI_OnLoad (result=65540)
02-27 19:55:14.309 18002 18232 E chromium: [0227/195514.309563:ERROR:android_webview/browser/variations/variations_seed_loader.cc:39] Seed missing signature.
02-27 19:55:14.310 18002 18140 D nativeloader: Load /data/app/~~vnIfcsQa41W2IkOoVy0L5A==/com.lemon.lvoverseas-4p0gZ5gqO0iuDdlPsoKgdg==/lib/arm64/libc++_shared.so using class loader ns clns-9 (caller=/data/app/~~vnIfcsQa41W2IkOoVy0L5A==/com.lemon.lvoverseas-4p0gZ5gqO0iuDdlPsoKgdg==/base.apk!classes9.dex): ok
02-27 19:55:14.311 18002 18140 D nativeloader: Load /data/app/~~vnIfcsQa41W2IkOoVy0L5A==/com.lemon.lvoverseas-4p0gZ5gqO0iuDdlPsoKgdg==/lib/arm64/libnpth_dl.so using class loader ns clns-9 (caller=/data/app/~~vnIfcsQa41W2IkOoVy0L5A==/com.lemon.lvoverseas-4p0gZ5gqO0iuDdlPsoKgdg==/base.apk!classes9.dex): ok
02-27 19:55:14.314 18002 18140 D nativeloader: Load /data/app/~~vnIfcsQa41W2IkOoVy0L5A==/com.lemon.lvoverseas-4p0gZ5gqO0iuDdlPsoKgdg==/lib/arm64/libcybertron_base.so using class loader ns clns-9 (caller=/data/app/~~vnIfcsQa41W2IkOoVy0L5A==/com.lemon.lvoverseas-4p0gZ5gqO0iuDdlPsoKgdg==/base.apk!classes9.dex): ok
02-27 19:55:14.315 14128 14497 I metis_v2_OsenseCallBack: memLevel: 1 [Metis|com.oplus.metis|1.4.54-aa2067f]
02-27 19:55:14.336 18002 18140 D bytenn-cpu: V   bytenn espresso version: 3.11.60
02-27 19:55:14.337 18002 18140 D nativeloader: Load /data/app/~~vnIfcsQa41W2IkOoVy0L5A==/com.lemon.lvoverseas-4p0gZ5gqO0iuDdlPsoKgdg==/lib/arm64/libpreload.so using class loader ns clns-9 (caller=/data/app/~~vnIfcsQa41W2IkOoVy0L5A==/com.lemon.lvoverseas-4p0gZ5gqO0iuDdlPsoKgdg==/base.apk!classes9.dex): ok
02-27 19:55:14.337 18002 18140 D MediaStrategy: <ManagerBridge.cpp,JNI_OnLoad,1255>-----compiled native library  Apr 10 2025 06:51:27-----
02-27 19:55:14.338 18002 18140 D MediaStrategy: <vc_log.cpp,event,147>[center][event] on event, id = , key = 3038, value = 33, info = , jsonLog = null
02-27 19:55:14.338 18002 18140 D MediaStrategy: <vc_log.cpp,event,147>[center][event] on event, id = , key = 2018, value = 0, info = engine_default, jsonLog = null
02-27 19:55:14.339 18002 18140 D nativeloader: Load /data/app/~~vnIfcsQa41W2IkOoVy0L5A==/com.lemon.lvoverseas-4p0gZ5gqO0iuDdlPsoKgdg==/lib/arm64/libaudioeffect.so using class loader ns clns-9 (caller=/data/app/~~vnIfcsQa41W2IkOoVy0L5A==/com.lemon.lvoverseas-4p0gZ5gqO0iuDdlPsoKgdg==/base.apk!classes9.dex): ok
02-27 19:55:14.340 18002 18248 D MediaStrategy: <vc_log.cpp,event,147>[center][event] on event, id = , key = 3042, value = 2, info = 0, jsonLog = null
02-27 19:55:14.340 18002 18248 D MediaStrategy: <vc_log.cpp,event,147>[center][event] on event, id = , key = 2001, value = -1, info = default, jsonLog = null
02-27 19:55:14.341 18002 18140 D nativeloader: Load /data/app/~~vnIfcsQa41W2IkOoVy0L5A==/com.lemon.lvoverseas-4p0gZ5gqO0iuDdlPsoKgdg==/lib/arm64/libByteVC1_dec.so using class loader ns clns-9 (caller=/data/app/~~vnIfcsQa41W2IkOoVy0L5A==/com.lemon.lvoverseas-4p0gZ5gqO0iuDdlPsoKgdg==/base.apk!classes9.dex): ok
02-27 19:55:14.342 18002 18209 D nativeloader: Load /data/app/~~vnIfcsQa41W2IkOoVy0L5A==/com.lemon.lvoverseas-4p0gZ5gqO0iuDdlPsoKgdg==/lib/arm64/libtttext_lite.so using class loader ns clns-9 (caller=/data/app/~~vnIfcsQa41W2IkOoVy0L5A==/com.lemon.lvoverseas-4p0gZ5gqO0iuDdlPsoKgdg==/base.apk!classes9.dex): ok
02-27 19:55:14.343  2026  3215 D SensorServiceExtImpl: isAllowOplusAMD opPackageName = com.lemon.lvoverseas
02-27 19:55:14.343 18002 18140 D nativeloader: Load /data/app/~~vnIfcsQa41W2IkOoVy0L5A==/com.lemon.lvoverseas-4p0gZ5gqO0iuDdlPsoKgdg==/lib/arm64/libbyteVC2dec.so using class loader ns clns-9 (caller=/data/app/~~vnIfcsQa41W2IkOoVy0L5A==/com.lemon.lvoverseas-4p0gZ5gqO0iuDdlPsoKgdg==/base.apk!classes9.dex): ok
02-27 19:55:14.343 18002 18137 D ExtensionsLoader: createInstance(64bit) : createExtendedFactory
02-27 19:55:14.344 18002 18140 D nativeloader: Load /data/app/~~vnIfcsQa41W2IkOoVy0L5A==/com.lemon.lvoverseas-4p0gZ5gqO0iuDdlPsoKgdg==/lib/arm64/libttffmpeg.so using class loader ns clns-9 (caller=/data/app/~~vnIfcsQa41W2IkOoVy0L5A==/com.lemon.lvoverseas-4p0gZ5gqO0iuDdlPsoKgdg==/base.apk!classes9.dex): ok
02-27 19:55:14.345 18002 18137 D ExtensionsLoader: Opened libsensorextimpl.so
02-27 19:55:14.347 18002 18126 I cr_LibraryLoader: Successfully loaded native library
02-27 19:55:14.348 18002 18140 D nativeloader: Load /data/app/~~vnIfcsQa41W2IkOoVy0L5A==/com.lemon.lvoverseas-4p0gZ5gqO0iuDdlPsoKgdg==/lib/arm64/libttdemux.so using class loader ns clns-9 (caller=/data/app/~~vnIfcsQa41W2IkOoVy0L5A==/com.lemon.lvoverseas-4p0gZ5gqO0iuDdlPsoKgdg==/base.apk!classes9.dex): ok
02-27 19:55:14.351 18002 18140 D nativeloader: Load /data/app/~~vnIfcsQa41W2IkOoVy0L5A==/com.lemon.lvoverseas-4p0gZ5gqO0iuDdlPsoKgdg==/lib/arm64/libttr.so using class loader ns clns-9 (caller=/data/app/~~vnIfcsQa41W2IkOoVy0L5A==/com.lemon.lvoverseas-4p0gZ5gqO0iuDdlPsoKgdg==/base.apk!classes9.dex): ok
02-27 19:55:14.352 18002 18140 D nativeloader: Load /data/app/~~vnIfcsQa41W2IkOoVy0L5A==/com.lemon.lvoverseas-4p0gZ5gqO0iuDdlPsoKgdg==/lib/arm64/libttmplayer.so using class loader ns clns-9 (caller=/data/app/~~vnIfcsQa41W2IkOoVy0L5A==/com.lemon.lvoverseas-4p0gZ5gqO0iuDdlPsoKgdg==/base.apk!classes9.dex): ok
02-27 19:55:14.352 18002 18126 I cr_CachingUmaRecorder: Flushed 18 samples from 18 histograms, 0 samples were dropped.
02-27 19:55:14.371 18002 18140 I EnginePreloader: checkInit: start
02-27 19:55:14.371 18002 18140 D lazy_init_mdl: EnginePreloader : checkInit !
02-27 19:55:14.372 18002 18209 D nativeloader: Load /data/app/~~vnIfcsQa41W2IkOoVy0L5A==/com.lemon.lvoverseas-4p0gZ5gqO0iuDdlPsoKgdg==/lib/arm64/liblynxservice.so using class loader ns clns-9 (caller=/data/app/~~vnIfcsQa41W2IkOoVy0L5A==/com.lemon.lvoverseas-4p0gZ5gqO0iuDdlPsoKgdg==/base.apk!classes9.dex): ok
02-27 19:55:14.372 18002 18140 D EnginePreloader: p2p lib isapplied: 0, loadertype: 0
02-27 19:55:14.380 18002 18140 D free_mode: EnginePreloader setDataFreeMode Enable:false
02-27 19:55:14.383 18002 18140 D getCacheDirInfoArray: dir = /data/user/0/com.lemon.lvoverseas/cache/feed-cold-cache ; size = 209715200
02-27 19:55:14.383 18002 18140 D getCacheDirInfoArray: dir = /data/user/0/com.lemon.lvoverseas/cache/offline-mode ; size = 2097152000
02-27 19:55:14.383 18002 18140 D getCacheDirInfoArray: dir = /data/user/0/com.lemon.lvoverseas/cache/g-house ; size = 31457280
02-27 19:55:14.383 18002 18140 D getCacheDirInfoArray: dir = /data/user/0/com.lemon.lvoverseas/cache/often ; size = 10485760
02-27 19:55:14.383 18002 18140 D getCacheDirInfoArray: dir = /data/user/0/com.lemon.lvoverseas/cache/fixed-list-cache ; size = 52428800
02-27 19:55:14.383 18002 18140 D protectCacheDir: config dir = offline-mode ; result protect dir = /data/user/0/com.lemon.lvoverseas/cache/offline-mode
02-27 19:55:14.385 18002 18140 I EnginePreloader: checkInit: end
02-27 19:55:14.404   646   646 E lowmemorykiller: device memory 413747 free 66076 file 382114
02-27 19:55:14.405  4130  4583 D CommonApp-271-10497: DefaultState EVENT_SCENARIOS_CHANGE
02-27 19:55:14.406  4130  4583 D CommonApp-271-10497: scene=COMMON pn=com.esiri.esiriplus
02-27 19:55:14.505   646   646 E lowmemorykiller: device memory 415719 free 73277 file 376872
02-27 19:55:14.523 14128 14497 I metis_v2_OsenseCallBack: memLevel: 3 [Metis|com.oplus.metis|1.4.54-aa2067f]
02-27 19:55:14.523  2026  3795 I Osense-PsiDetector: 1626,288,2491,7679,68,436,208,1346,1801,729,742,0,8,7537
02-27 19:55:14.523  2026  3784 I Osense-BaseDecisionMaker: notifySceneToAthenaPolicy: SCENE_RES_MEM_PSI_NORMAL, bundle: Bundle[{memLevel=3}]
02-27 19:55:14.533  1540  1753 D BatteryChargeControl: bcc get no support from charging protocol
02-27 19:55:14.544  2026  3448 D WifiStaIfaceHidlImpl: getCachedScanData is not implemented by HIDL
02-27 19:55:14.548  2026  3448 W WifiNetworkFactory: Connected to unknown network * ID: 10 SSID: "TUSOME" PROVIDER-NAME: null BSSID: null FQDN: null HOME-PROVIDER-NETWORK: false PRIO: 0 HIDDEN: false PMF: false CarrierId: -1 SubscriptionId: -1 SubscriptionGroup: null Currently Connected: true User Selected: false
02-27 19:55:14.548  2026  3448 W WifiNetworkFactory:  NetworkSelectionStatus NETWORK_SELECTION_ENABLED
02-27 19:55:14.548  2026  3448 W WifiNetworkFactory:  hasEverConnected: true
02-27 19:55:14.548  2026  3448 W WifiNetworkFactory:  hasNeverDetectedCaptivePortal: true
02-27 19:55:14.548  2026  3448 W WifiNetworkFactory:  hasEverValidatedInternetAccess: true
02-27 19:55:14.548  2026  3448 W WifiNetworkFactory:  mCandidateSecurityParams: Security Parameters:
02-27 19:55:14.548  2026  3448 W WifiNetworkFactory:  Type: 2
02-27 19:55:14.548  2026  3448 W WifiNetworkFactory:  Enabled: true
02-27 19:55:14.548  2026  3448 W WifiNetworkFactory:  KeyMgmt: WPA_PSK
02-27 19:55:14.548  2026  3448 W WifiNetworkFactory:  Protocols: WPA RSN
02-27 19:55:14.548  2026  3448 W WifiNetworkFactory:  AuthAlgorithms:
02-27 19:55:14.548  2026  3448 W WifiNetworkFactory:  PairwiseCiphers: TKIP CCMP
02-27 19:55:14.548  2026  3448 W WifiNetworkFactory:  GroupCiphers: WEP40 WEP104 TKIP CCMP
02-27 19:55:14.548  2026  3448 W WifiNetworkFactory:  GroupMgmtCiphers:
02-27 19:55:14.548  2026  3448 W WifiNetworkFactory:  SuiteBCiphers:
02-27 19:55:14.548  2026  3448 W WifiNetworkFactory:  RequirePmf: false
02-27 19:55:14.548  2026  3448 W WifiNetworkFactory:  IsAddedByAutoUpgrade: false
02-27 19:55:14.548  2026  3448 W WifiNetworkFactory:  IsSaeH2eOnlyMode: false
02-27 19:55:14.548  2026  3448 W WifiNetworkFactory:  IsSaePkOnlyMode: false
02-27 19:55:14.548  2026  3448 W WifiNetworkFactory:  mLastUsedSecurityParams: Security Parameters:
02-27 19:55:14.548  2026  3448 W WifiNetworkFactory:  Type: 2
02-27 19:55:14.548  2026  3448 W WifiNetworkFactory:  Enabled: true
02-27 19:55:14.548  2026  3448 W WifiNetworkFactory:  KeyMgmt: WPA_PSK
02-27 19:55:14.548  2026  3448 W WifiNetworkFactory:  Protocols: WPA RSN
02-27 19:55:14.548  2026  3448 W WifiNetworkFactory:  AuthAlgorithms:
02-27 19:55:14.548  2026  3448 W WifiNetworkFactory:  PairwiseCiphers: TKIP CCMP
02-27 19:55:14.548  2026  3448 W WifiNetworkFactory:  GroupCiphers: WEP40 WEP104 TKIP CCMP
02-27 19:55:14.548  2026  3448 W WifiNetworkFactory:  GroupMgmtCiphers:
02-27 19:55:14.548  2026  3448 W WifiNetworkFactory:  SuiteBCiphers:
02-27 19:55:14.548  2026  3448 W WifiNetworkFactory:  RequirePmf: false
02-27 19:55:14.548  2026  3448 W WifiNetworkFactory:  IsAddedByAutoUpgrade: false
02-27 19:55:14.548  2026  3448 W WifiNetworkFactory:  IsSaeH2eOnlyMode: false
02-27 19:55:14.548  2026  3448 W WifiNetworkFactory:  IsSaePkOnlyMode: false
02-27 19:55:14.548  2026  3448 W WifiNetworkFactory:  numAssociation 40
02-27 19:55:14.548  2026  3448 W WifiNetworkFactory:  validatedInternetAccess shared trusted
02-27 19:55:14.548  2026  3448 W WifiNetworkFactory:  macRandomizationSetting: 3
02-27 19:55:14.548  2026  3448 W WifiNetworkFactory:  mRandomizedMacAddress: 26:58:e3:76:66:31
02-27 19:55:14.548  2026  3448 W WifiNetworkFactory:  randomizedMacExpirationTimeMs: 2026-02-28T14:29:11.685
02-27 19:55:14.548  2026  3448 W WifiNetworkFactory:  randomizedMacLastModifiedTimeMs: <none>
02-27 19:55:14.548  2026  3448 W WifiNetworkFactory:  persistentMacRandomizationSeed: 0
02-27 19:55:14.548  2026  3448 W WifiNetworkFactory:  mIsSendDhcpHostnameEnabled: true
02-27 19:55:14.548  2026  3448 W WifiNetworkFactory:  deletionPriority: 0
02-27 19:55:14.548  2026  3448 W WifiNetworkFactory:  KeyMgmt: WPA_PSK Protocols: WPA RSN
02-27 19:55:14.548  2026  3448 W WifiNetworkFactory:  AuthAlgorithms:
02-27 19:55:14.548  2026  3448 W WifiNetworkFactory:  PairwiseCiphers: TKIP CCMP
02-27 19:55:14.548  2026  3448 W WifiNetworkFactory:  GroupCiphers: WEP40 WEP104 TKIP CCMP
02-27 19:55:14.548  2026  3448 W WifiNetworkFactory:  GroupMgmtCiphers:
02-27 19:55:14.548  2026  3448 W WifiNetworkFactory:  SuiteBCiphers:
02-27 19:55:14.548  2026  3448 W WifiNetworkFactory:  PSK/SAE: *
02-27 19:55:14.548  2026  3448 W WifiNetworkFactory: SecurityParams List:
02-27 19:55:14.548  2026  3448 W WifiNetworkFactory: Security Parameters:
02-27 19:55:14.548  2026  3448 W WifiNetworkFactory:  Type: 2
02-27 19:55:14.548  2026  3448 W WifiNetworkFactory:  Enabled: true
02-27 19:55:14.548  2026  3448 W WifiNetworkFactory:  KeyMgmt: WPA_PSK
02-27 19:55:14.548  2026  3448 W WifiNetworkFactory:  Protocols: WPA RSN
02-27 19:55:14.548  2026  3448 W WifiNetworkFactory:  AuthAlgorithms:
02-27 19:55:14.548  2026  3448 W WifiNetworkFactory:  PairwiseCiphers: TKIP CCMP
02-27 19:55:14.548  2026  3448 W WifiNetworkFactory:  GroupCiphers: WEP40 WEP104 TKIP CCMP
02-27 19:55:14.548  2026  3448 W WifiNetworkFactory:  GroupMgmtCiphers:
02-27 19:55:14.548  2026  3448 W WifiNetworkFactory:  SuiteBCiphers:
02-27 19:55:14.548  2026  3448 W WifiNetworkFactory:  RequirePmf: false
02-27 19:55:14.548  2026  3448 W WifiNetworkFactory:  IsAddedByAutoUpgrade: false
02-27 19:55:14.548  2026  3448 W WifiNetworkFactory:  IsSaeH2eOnlyMode: false
02-27 19:55:14.548  2026  3448 W WifiNetworkFactory:  IsSaePkOnlyMode: false
02-27 19:55:14.548  2026  3448 W WifiNetworkFactory: Security Parameters:
02-27 19:55:14.548  2026  3448 W WifiNetworkFactory:  Type: 4
02-27 19:55:14.548  2026  3448 W WifiNetworkFactory:  Enabled: true
02-27 19:55:14.548  2026  3448 W WifiNetworkFactory:  KeyMgmt: SAE
02-27 19:55:14.548  2026  3448 W WifiNetworkFactory:  Protocols: RSN
02-27 19:55:14.548  2026  3448 W WifiNetworkFactory:  AuthAlgorithms:
02-27 19:55:14.548  2026  3448 W WifiNetworkFactory:  PairwiseCiphers: CCMP GCMP_256 GCMP_128
02-27 19:55:14.548  2026  3448 W WifiNetworkFactory:  GroupCiphers: CCMP GCMP_256 GCMP_128
02-27 19:55:14.548  2026  3448 W WifiNetworkFactory:  GroupMgmtCiphers:
02-27 19:55:14.548  2026  3448 W WifiNetworkFactory:  SuiteBCiphers:
02-27 19:55:14.548  2026  3448 W WifiNetworkFactory:  RequirePmf: true
02-27 19:55:14.548  2026  3448 W WifiNetworkFactory:  IsAddedByAutoUpgrade: true
02-27 19:55:14.548  2026  3448 W WifiNetworkFactory:  IsSaeH2eOnlyMode: false
02-27 19:55:14.548  2026  3448 W WifiNetworkFactory:  IsSaePkOnlyMode: false
02-27 19:55:14.548  2026  3448 W WifiNetworkFactory: 
02-27 19:55:14.548  2026  3448 W WifiNetworkFactory: Enterprise config:
02-27 19:55:14.548  2026  3448 W WifiNetworkFactory:  ocsp: 0
02-27 19:55:14.548  2026  3448 W WifiNetworkFactory:  trust_on_first_use: false
02-27 19:55:14.548  2026  3448 W WifiNetworkFactory:  user_approve_no_ca_cert: false
02-27 19:55:14.548  2026  3448 W WifiNetworkFactory:  selected_rcoi: 0
02-27 19:55:14.548  2026  3448 W WifiNetworkFactory:  minimum_tls_version: 0
02-27 19:55:14.548  2026  3448 W WifiNetworkFactory:  enable_conservative_peer_mode: false
02-27 19:55:14.548  2026  3448 W WifiNetworkFactory:  tofu_dialog_state: 0
02-27 19:55:14.548  2026  3448 W WifiNetworkFactory:  tofu_connection_state: 0
02-27 19:55:14.548  2026  3448 W WifiNetworkFactory: IP config:
02-27 19:55:14.548  2026  3448 W WifiNetworkFactory: IP assignment: DHCP
02-27 19:55:14.548  2026  3448 W WifiNetworkFactory: Proxy settings: NONE
02-27 19:55:14.548  2026  3448 W WifiNetworkFactory:  cuid=1000 cname=android.uid.system:1000 luid=1000 lname=android.uid.system:1000 lcuid=1000 allowAutojoin=true noInternetAccessExpected=false mostRecentlyConnected=false 
02-27 19:55:14.548  2026  3448 W WifiNetworkFactory: lastConnected: 2026-02-27T14:29:11.704 
02-27 19:55:14.548  2026  3448 W WifiNetworkFactory: 
02-27 19:55:14.548  2026  3448 W WifiNetworkFactory: lastUpdated: 2026-02-18T22:05:15.638 
02-27 19:55:14.548  2026  3448 W WifiNetworkFactory: numRebootsSinceLastUse: 0
02-27 19:55:14.548  2026  3448 W WifiNetworkFactory: recentFailure: Association Rejection code: 0, last update time: 0
02-27 19:55:14.548  2026  3448 W WifiNetworkFactory: bssidAllowlist unset
02-27 19:55:14.548  2026  3448 W WifiNetworkFactory: vendorData unset
02-27 19:55:14.548  2026  3448 W WifiNetworkFactory: IsDppConfigurator: true
02-27 19:55:14.548  2026  3448 W WifiNetworkFactory: HasEncryptedPreSharedKey: false
02-27 19:55:14.548  2026  3448 W WifiNetworkFactory:  setWifi7Enabled=true
02-27 19:55:14.548  2026  3448 W WifiNetworkFactory:  mIsAllowedToUpdateByOtherUsers=true
02-27 19:55:14.548  2026  3448 W WifiNetworkFactory:  mCreatorUserId=-2
02-27 19:55:14.548  2026  3448 W WifiNetworkFactory: :1c:61:d2:b0:6a:70. Ignoring...
02-27 19:55:14.553  2026  4107 W BroadcastQueue: Ignoring finishReceiverLocked; no active broadcast for BroadcastProcessQueue{1697adf 18002:com.lemon.lvoverseas/u0a343}
02-27 19:55:14.553  2026  3215 W BroadcastQueue: Ignoring finishReceiverLocked; no active broadcast for BroadcastProcessQueue{1697adf 18002:com.lemon.lvoverseas/u0a343}
02-27 19:55:14.554  2026  3215 W BroadcastQueue: Ignoring finishReceiverLocked; no active broadcast for BroadcastProcessQueue{1697adf 18002:com.lemon.lvoverseas/u0a343}
02-27 19:55:14.554  2026  3215 W BroadcastQueue: Ignoring finishReceiverLocked; no active broadcast for BroadcastProcessQueue{1697adf 18002:com.lemon.lvoverseas/u0a343}
02-27 19:55:14.554  2026  7706 W BroadcastQueue: Ignoring finishReceiverLocked; no active broadcast for BroadcastProcessQueue{1697adf 18002:com.lemon.lvoverseas/u0a343}
02-27 19:55:14.556  4248  4248 D VendorWifiService: onEvent event:9,action:1
02-27 19:55:14.561  2026  3554 D OplusWifiPower_TriggerCenter: mComponentCallback: wifistat
02-27 19:55:14.561  3736  3908 D WifiStatusTracker: mNetworkCallback onCapabilitiesChanged network:271 mPrimaryNetworkId:271
02-27 19:55:14.567  4248  4574 D SubsysEventListenerManager: onCapabilitiesChanged
02-27 19:55:14.567  4248  4574 D DataStateTracker: getCurDataChannel, channel:1
02-27 19:55:14.568  3736  3960 D WifiPickerTracker: handleNetworkCapabilitiesChanged network:271
02-27 19:55:14.568  2026  3554 D SystemNetworkObserver: wifi network 271 nc changed, primary=true
02-27 19:55:14.568  2026  3554 D SystemNetworkObserver: default network nc changed 271
02-27 19:55:14.569  2026  3590 D OplusSlaNetworkManager: isPrimaryWifi:true network:271
02-27 19:55:14.575  7757  9161 I CardConfig.RxNetworkMonitor: onNetworkStateChange, current:true, last:true
02-27 19:55:14.576  3736  3908 D WifiStatusTracker: mNetworkCallback onCapabilitiesChanged network:271 mPrimaryNetworkId:271
02-27 19:55:14.585 20407 23184 I NullBinder: NullBinder for android.net.action.RECOMMEND_NETWORKS triggering remote TransactionTooLargeException due to Service without Chimera impl, calling uid: 1000, calling pid: 0
02-27 19:55:14.585 20407 23184 W .gms.persistent: Large reply transaction of 2113536 bytes, interface descriptor , code 1
02-27 19:55:14.591  3736  3908 I SystemUi--Statusbar: NetworkController.WifiSignalController-->handleStatusUpdated state=3 enabled=true connected=true isDefaultNetwork=true rssi=-40 level=4 statusLabel=null isDirty=false
02-27 19:55:14.595  3736  3908 I SystemUi--Statusbar: NetworkController.WifiSignalController-->handleStatusUpdated state=3 enabled=true connected=true isDefaultNetwork=true rssi=-40 level=4 statusLabel=null isDirty=false
02-27 19:55:14.595  3736  3960 I WifiPickerTracker: wifi connected status realConnectedWifiEntry not null: true
02-27 19:55:14.595  3736  3908 I SystemUi--Statusbar: NetworkController.WifiSignalController-->handleStatusUpdated state=3 enabled=true connected=true isDefaultNetwork=true rssi=-40 level=4 statusLabel=null isDirty=false
02-27 19:55:14.605 20407 23184 I NullBinder: NullBinder for android.net.action.RECOMMEND_NETWORKS triggering remote TransactionTooLargeException due to Service without Chimera impl, calling uid: 1000, calling pid: 0
02-27 19:55:14.605 20407 23184 W .gms.persistent: Large reply transaction of 2113536 bytes, interface descriptor , code 1
02-27 19:55:14.606   646   646 E lowmemorykiller: device memory 440184 free 72466 file 378076
02-27 19:55:14.607 20407 23184 I NullBinder: NullBinder for android.net.action.RECOMMEND_NETWORKS triggering remote TransactionTooLargeException due to Service without Chimera impl, calling uid: 1000, calling pid: 0
02-27 19:55:14.607 20407 23184 W .gms.persistent: Large reply transaction of 2113536 bytes, interface descriptor , code 1
02-27 19:55:14.610 17121 17154 I BugleRcsEngine: Connected state: [1], networkType: [WIFI] [CONTEXT thread_id=1236 ]
02-27 19:55:14.615 20407 23184 I NullBinder: NullBinder for android.net.action.RECOMMEND_NETWORKS triggering remote TransactionTooLargeException due to Service without Chimera impl, calling uid: 1000, calling pid: 0
02-27 19:55:14.615 20407 23184 W .gms.persistent: Large reply transaction of 2113536 bytes, interface descriptor , code 1
02-27 19:55:14.618 17121 17160 I BugleRcsEngine: handleMessage processing message:[NOTIFY_UPTIME_IGNORE_STATE_CHANGED] with [non-null]:RcsEngineImpl reference [CONTEXT log_prefix="RcsEngineImpl[DUAL_REG]:[9864dbcc-45fb]>Handler" thread_id=1242 ]
02-27 19:55:14.651  1319  1319 D Zygote  : Forked child process 18277
02-27 19:55:14.652  2026  2704 I ActivityManager: Start proc 18277:com.google.android.apps.messaging/u0a267 for content provider {com.google.android.apps.messaging/com.google.android.apps.messaging.shared.datamodel.provider.sharedstorage.SharedStorageProvider}
02-27 19:55:14.673 18277 18277 E .apps.messaging: Unknown bits set in runtime_flags: 0x40000000
02-27 19:55:14.673 18277 18277 I .apps.messaging: Using CollectorTypeCC GC.
02-27 19:55:14.681 23076 23084 I adbd    : jdwp connection from 18277
02-27 19:55:14.684 18277 18277 D nativeloader: Load libframework-connectivity-tiramisu-jni.so using APEX ns com_android_tethering for caller /apex/com.android.tethering/javalib/framework-connectivity-t.jar: ok
02-27 19:55:14.688 18277 18277 D OplusActivityThreadExtImpl: java.lang.NoSuchMethodException: dalvik.system.VMRuntime.SupressionGC [int, int]
02-27 19:55:14.688 18277 18277 W libc    : Access denied finding property "persist.vendor.sys.activitylog"
02-27 19:55:14.688 18277 18277 I OneTrace: Mark active for pid=18277? true
02-27 19:55:14.688 18277 18277 D cutils-dev: otrace_set_tracing_enabled? true tag:0
02-27 19:55:14.689 18277 18277 D cutils-dev: properties changed in otrace_seq_number_changed!
02-27 19:55:14.693  2026  7706 D ActivityTaskManagerServiceExtImpl: preBindApplication record is null
02-27 19:55:14.693  2026  7706 D RGBNormalizeServer: OplusRGBNormalize feature enabled ? false
02-27 19:55:14.693  2026  7706 D ResourcesManagerCache: For package com.google.android.apps.messaging we got cacheList [null] appInfoExt is null ? false hasFeature ? false
