02-27 19:29:38.430  2026  3822 I WindowManager: Window{cc97d4 u0 com.esiri.esiriplus/com.esiri.esiriplus.MainActivity} state from DRAW_PENDING to COMMIT_DRAW_PENDING; reason: finishDrawingLocked
02-27 19:29:38.431  2026  3822 D OplusTransitionAnimationManager: skipFinishDrawingIfNeed clientRotation=0, currentRotation=0, hasFixedRotationApp=false, requestedOrientation=-1, win=Window{cc97d4 u0 com.esiri.esiriplus/com.esiri.esiriplus.MainActivity}, activity=ActivityRecord{788aad u0 com.esiri.esiriplus/.MainActivity t8067}, currentConfig={1.0 ??mcc??mnc [en_GB] ldltr sw360dp w360dp h800dp 480dpi nrml long widecg port night finger -keyb/v/h -nav/h winConfig={ mBounds=Rect(0, 0 - 1080, 2400) mAppBounds=Rect(0, 0 - 1080, 2400) mMaxBounds=Rect(0, 0 - 1080, 2400) mDisplayRotation=ROTATION_0 mWindowingMode=fullscreen mActivityType=standard mAlwaysOnTop=undefined mRotation=ROTATION_0} s.2 fontWeightAdjustment=0mThemeChanged= 0, mThemeChangedFlags= 0, mFlipFont= 0, mScenario= 0, mAccessibleChanged= -1, mUxIconConfig= 1174056180004684081, mMaterialColor= 0, mUserId= 0, mFontUserId= 0, mFontVariationSettings= 1226, mFoldingAngle = -1.0, mIconPackName= , mDarkModeBackgroundMaxL= 0.0, mDarkModeDialogBgMaxL= 27.0, mDarkModeForegroundMinL= 100.0, mOplusConfigType= 1, mOplusChangedConfigs= 0, OpSans= -1, mBurmeseFontFlag= 2, mFlag= 0, mFlexibleActivitySuitable= -1, mPuttDisplayFlag= -1}
02-27 19:29:38.435  2026  3822 D OplusStartingWindowManager: isLayerMatchToStartingWindow , activityHasSurfaceView:false, isLayerMatchToRecord:false, isSurfaceViewLayer:false, layerName:com.esiri.esiriplus/com.esiri.esiriplus.MainActivity#120517, mStartingRecords:[com.android.server.wm.OplusStartingWindowManager$UniqueWeakReference@e9370b9, com.android.server.wm.OplusStartingWindowManager$UniqueWeakReference@93bbe01]
02-27 19:29:38.436  2026  2618 I WindowManager: Window{cc97d4 u0 com.esiri.esiriplus/com.esiri.esiriplus.MainActivity} state from COMMIT_DRAW_PENDING to READY_TO_SHOW; reason: commitFinishDrawingLocked
02-27 19:29:38.436  2026  2618 D OplusAppQuickStart_AppQuickStartController: onFirstWindowDrawn ar=ActivityRecord{788aad u0 com.esiri.esiriplus/.MainActivity t8067}
02-27 19:29:38.436  2026  2618 D ActivityTaskManager: Finish StartingWindow: ActivityRecord{788aad u0 com.esiri.esiriplus/.MainActivity t8067}first real window is shown
02-27 19:29:38.437  2026  2618 D ActivityTaskManager: removeStartingWindowAnimation starting ActivityRecord{788aad u0 com.esiri.esiriplus/.MainActivity t8067} startingWindow=null ,startingView=com.android.server.wm.StartingSurfaceController$StartingSurface@baaceed,Callers=com.android.server.wm.ActivityRecord.removeStartingWindow:3563 com.android.server.wm.ActivityRecord.onFirstWindowDrawn:8581 com.android.server.wm.WindowState.performShowLocked:5071 com.android.server.wm.WindowStateAnimator.commitFinishDrawingLocked:342 com.android.server.wm.DisplayContent.lambda$new$8:1141 
02-27 19:29:38.437  2026  2618 D OplusStartingWindowManager: interceptRemoveStartingWindow: packageName=com.esiri.esiriplus,  componentName=com.esiri.esiriplus/.MainActivity, isSnapshot=true, startingSurfaceRunnable=null, isDrawCompleted=false, hasSurfaceView=false, inTransition=true
02-27 19:29:38.437  2026  2618 D OplusSplitScreenDnDUI: notifyRemoveStartingWindow isSpitScreenDrag = false mDropTargetSurface = null StartingWindowpkgName = com.esiri.esiriplus DragPkg = null isLauncherResume = false
02-27 19:29:38.437  2026  2618 D OplusStartingWindowManager: interceptRemoveStartingWindow: hasSplashWindowFlag() return false for activity=ActivityRecord{788aad u0 com.esiri.esiriplus/.MainActivity t8067}
02-27 19:29:38.439  2026  2618 I WindowManager: Window{cc97d4 u0 com.esiri.esiriplus/com.esiri.esiriplus.MainActivity} state from READY_TO_SHOW to HAS_DRAWN; reason: performShowLocked
02-27 19:29:38.448  2026  4009 I StatusBarManagerService: disableLocked, what:0, pkg:com.android.launcher userId: 0 token:android.os.BinderProxy@e9008f4 net1:0 net2:0
02-27 19:29:38.472  2026  3400 D InputMethodManagerService: isSecurity: attribute.packageName = com.esiri.esiriplus mCurMethodId = com.google.android.inputmethod.latin/com.android.inputmethod.latin.LatinIME isSecurity = false ( enable = true needShow = false inBlackList = false isExist = true )
02-27 19:29:38.476  3736  3838 V WindowManagerShell: Transition animation finished (aborted=false), notifying core (#7836) android.os.BinderProxy@f0e0fd2@0
02-27 19:29:38.476  3736  3838 D SplitScreen-->AppLockManager: setStartFromSafeControl mStartFromSafeControl=false
02-27 19:29:38.482  2026  3822 D Transition: finishTransition ar ActivityRecord{788aad u0 com.esiri.esiriplus/.MainActivity t8067}, isVisibleRequested=true, state=RESUMED, visibleAtTransitionEndTokens={ActivityRecord{788aad u0 com.esiri.esiriplus/.MainActivity t8067}, WallpaperWindowToken{11a3ce9 token=android.os.Binder@2e551c5 showWhenLocked=false}}, this=TransitionRecord{2d18840 id=7836 track=0 type=TO_FRONT flags=0x0 state=2}
02-27 19:29:38.482  2026  3822 D Transition: finishTransition ar ActivityRecord{381b9ce u0 com.android.launcher/.Launcher t5}, isVisibleRequested=false, state=PAUSED, visibleAtTransitionEndTokens={ActivityRecord{788aad u0 com.esiri.esiriplus/.MainActivity t8067}, WallpaperWindowToken{11a3ce9 token=android.os.Binder@2e551c5 showWhenLocked=false}}, this=TransitionRecord{2d18840 id=7836 track=0 type=TO_FRONT flags=0x0 state=2}
02-27 19:29:38.482  2026  3822 D ActivityTaskManager: commitVisibility: ActivityRecord{381b9ce u0 com.android.launcher/.Launcher t5}: visible=false visibleRequested=false, isInTransition=false, runningAnimation=false 
02-27 19:29:38.482  2026  3822 D WindowManager: NFW_setClientVisible:ActivityRecord{381b9ce u0 com.android.launcher/.Launcher t5} clientVisible:false
02-27 19:29:38.483  2026  3822 D WindowManager: NFW_setClientVisible:WallpaperWindowToken{11a3ce9 token=android.os.Binder@2e551c5 showWhenLocked=false} clientVisible:false
02-27 19:29:38.483  2026  3822 I OplusAppSwitchManagerService:  handleAppVisible , r = ActivityRecord{788aad u0 com.esiri.esiriplus/.MainActivity t8067}
02-27 19:29:38.484  2026  3822 D OplusTransitionController: finishTransition, transition: TransitionRecord{2d18840 id=7836 track=0 type=TO_FRONT flags=0x0 state=4}
02-27 19:29:38.484  2026  3822 I OplusRecentsAnimationController: finishTransition transition.mType=3,task=null
02-27 19:29:38.485  2026  3822 D SnapshotCache: removeRunningEntry id: 8067, callers=com.android.server.wm.SnapshotCache.onIdRemoved:96 com.android.server.wm.TaskSnapshotController.removeAndDeleteSnapshot:371 com.android.server.wm.SnapshotController.onTransitionFinish:223 
02-27 19:29:38.485  2026  3822 D RefreshRate: ***** request traversal for refresh rate change, reason is highTempRefreshRateChanged: false, windowRefreshRateChanged: true, flexibleWindowStateChanged: false, has float/zoom window *****
02-27 19:29:38.485  2026  3822 D TransitionController: NFW_send RECOMPUTE_FOCUS in finishTransition
02-27 19:29:38.485  3736  3838 D ShellTaskOrganizer: onTransitionFinish, isRecent:false
02-27 19:29:38.486  3736  3838 V WindowManagerShell: Track 0 became idle
02-27 19:29:38.490  2026  4009 D WindowManager: setFrameRateStart invalid typeId return!
02-27 19:29:38.491  2026  4235 D OplusStartingWindowManager: updateRecordSurfaceViewState windowToken = android.os.BinderProxy@4135fd2, surfaceState = false, attachedToWindow = true, inList = false, win = Window{1ddf8a3 u0 com.android.launcher/com.android.launcher.Launcher}
02-27 19:29:38.491  2026  2618 I WindowStateExtImpl: onSurfaceShowChange show = false mPackageName = com.android.launcher parentPkgName = com.android.launcher
02-27 19:29:38.493  2026  2618 I TaskOrganizerController: onTaskInfoChanged taskid 1 config { mBounds=Rect(0, 0 - 1080, 2400) mAppBounds=Rect(0, 0 - 1080, 2400) mMaxBounds=Rect(0, 0 - 1080, 2400) mDisplayRotation=ROTATION_0 mWindowingMode=fullscreen mActivityType=home mAlwaysOnTop=undefined mRotation=ROTATION_0}
02-27 19:29:38.494  2026  2618 D OplusFlexibleWindowMinimizedManagerHelper: onTaskInfoChanged taskInfo:TaskInfo{userId=0 taskId=1 displayId=0 isRunning=true baseIntent=Intent { act=android.intent.action.MAIN cat=[android.intent.category.HOME] flg=0x10000100 cmp=com.android.launcher/.Launcher mCallingUid=1000 } baseActivity=ComponentInfo{com.android.launcher/com.android.launcher.Launcher} topActivity=ComponentInfo{com.android.launcher/com.android.launcher.Launcher} origActivity=null realActivity=null numActivities=1 lastActiveTime=95634 supportsSplitScreenMultiWindow=false supportsMultiWindow=true supportsPocketStudioMultiWindow=false isInFlexibleEmbedded = false uid = 10212 pid = 3981 resizeMode=2 isResizeable=true minWidth=-1 minHeight=-1 defaultMinSize=220 token=WCT{RemoteToken{3b69a3 Task{13c7354 #1 type=home}}} topActivityType=2 pictureInPictureParams=null shouldDockBigOverlays=false launchIntoPipHostTaskId=-1 lastParentTaskIdBeforePip=-1 displayCutoutSafeInsets=Rect(0, 107 - 0, 0) topActivityInfo=ActivityInfo{f5c1356 com.android.launcher.Launcher} launchCookies=[] positionInParent=Point(0, 0) parentTaskId=-1 isFocused=false isVisible=false isVisibleRequested=false isSleeping=false locusId=LocusId[17_chars] displayAreaFeatureId=1 isTopActivityTransparent=false appCompatTaskInfo=AppCompatTaskInfo { topActivityInSizeCompat=false topActivityInOplusCompatMode=false topActivityEligibleForLetterboxEducation= falseisLetterboxEducationEnabled= false isLetterboxDoubleTapEnabled= false topActivityEligibleForUserAspectRatioButton= false topActivityBoundsLetterboxed= false isFromLetterboxDoubleTap= false topActivityLetterboxVerticalPosition= -1 topActivityLetterboxHorizontalPosition= -1 topActivityLetterboxWidth=1080 topActivityLetterboxHeight=2400 isUserFullscreenOverrideEnabled=false isSystemFullscreenOverrideEnabled=false cameraCompatTaskInfo=CameraCompatTaskInfo { cameraCompatControlState=hidden freeformCameraCompatMode=inactive}} topActivityLetterboxInsets=Rect(0, 0 - 0, 0) mOplusExtraBundle = Bundle[{androidx.flexible.taskFrame=Rect(0, 0 - 0, 0), key_flexible_task_state=0, androidx.activity.LaunchScenario=0, androidx.activity.LaunchScale=1.0}]} task:Task{13c7354 #1 type=home}
02-27 19:29:38.494  2026  2618 D OplusFlexibleDragToSplitAnimController: visibleFlexibleTaskInfos delete:1
02-27 19:29:38.495  2026  4235 D WindowManagerServiceExtImpl: extractConfigInfoAndRealFlags rotation=0, screenDp=360, residentWS:0, win=Window{1ddf8a3 u0 com.android.launcher/com.android.launcher.Launcher}
02-27 19:29:38.496  2026  4235 V WindowManager: Relayout Window{1ddf8a3 u0 com.android.launcher/com.android.launcher.Launcher}: viewVisibility=8, oldvis=0, req=1080x2400, vsysui=LAYOUT_STABLE LAYOUT_HIDE_NAVIGATION LAYOUT_FULLSCREEN
02-27 19:29:38.497  2026  7706 W PackageConfigPersister: App-specific configuration not found for packageName: com.esiri.esiriplus and userId: 0
02-27 19:29:38.497  2026  4235 D RefreshRate: Refresh rate changing from 120.00001 to 90.0,maxRefreshRate=0.0 FOR:{
02-27 19:29:38.497  2026  4235 D RefreshRate:     | COURSE[; Win preferred rateId=0, appReqFirst=false, data= RateData{} ;win name:SnapshotStartingWindow for taskId=8067]
02-27 19:29:38.497  2026  4235 D RefreshRate:     | VOTES[]
02-27 19:29:38.497  2026  4235 D RefreshRate:     | TIME:2026-02-27 16:29:38}
02-27 19:29:38.497  2026  4235 D DisplayModeDirector: setAppRequest displayId : 0  modeId: 0  requestedRefreshRate: 0.0  requestedMinRefreshRateRange: 0.0  requestedMaxRefreshRateRange: 0.0
02-27 19:29:38.502  2026  4235 D WindowManager: NFW_findFocusedWindowIfNeeded:Window{cc97d4 u0 com.esiri.esiriplus/com.esiri.esiriplus.MainActivity} mCurrentFocus:Window{cc97d4 u0 com.esiri.esiriplus/com.esiri.esiriplus.MainActivity}
02-27 19:29:38.503  8027  8027 W VRI[OplusOSEdgeFloatBar]: handleResized abandoned!
02-27 19:29:38.503  3981  3981 D VRI[Launcher]: relayoutWindow result, sizeChanged:false, surfaceControlChanged:true, transformHintChanged:false, mSurfaceSize:Point(1080, 2400), mLastSurfaceSize:Point(1080, 2400), mWidth:1080, mHeight:2400, requestedWidth:1080, requestedHeight:2400, transformHint:0, installOrientation:0, displayRotation:0, isSurfaceValid:false, attr.flag:-2121203456, tmpFrames:ClientWindowFrames{frame=[0,0][1080,2400] display=[0,0][1080,2400] parentFrame=[0,0][0,0]}, relayoutAsync:false, mSyncSeqId:0
02-27 19:29:38.512 31664 31664 W VRI[MainActivity]: handleResized abandoned!
02-27 19:29:38.514  2026  2615 D WindowManager: NFW_findFocusedWindowIfNeeded:Window{cc97d4 u0 com.esiri.esiriplus/com.esiri.esiriplus.MainActivity} mCurrentFocus:Window{cc97d4 u0 com.esiri.esiriplus/com.esiri.esiriplus.MainActivity}
02-27 19:29:38.514  2026  4113 D WindowManagerServiceExtImpl: extractConfigInfoAndRealFlags rotation=0, screenDp=360, residentWS:0, win=Window{d051e6f u0 com.android.launcher/com.android.launcher.Launcher}
02-27 19:29:38.515  2026  4113 V WindowManager: Relayout Window{d051e6f u0 com.android.launcher/com.android.launcher.Launcher}: viewVisibility=8, oldvis=0, req=1080x2400, vsysui=
02-27 19:29:38.521  2026  4113 D WindowManager: NFW_findFocusedWindowIfNeeded:Window{cc97d4 u0 com.esiri.esiriplus/com.esiri.esiriplus.MainActivity} mCurrentFocus:Window{cc97d4 u0 com.esiri.esiriplus/com.esiri.esiriplus.MainActivity}
02-27 19:29:38.526  2026  4009 I WindowManager: Window{d051e6f u0 com.android.launcher/com.android.launcher.Launcher} state from HAS_DRAWN to NO_SURFACE; reason: destroySurface
02-27 19:29:38.527  2026  4009 I WindowManager: Window{1ddf8a3 u0 com.android.launcher/com.android.launcher.Launcher} state from HAS_DRAWN to NO_SURFACE; reason: destroySurface
02-27 19:29:38.528  2026  4009 D ActivityTaskManager: Clearing startingData for activity=ActivityRecord{381b9ce u0 com.android.launcher/.Launcher t5} mStartingData=null mStartingSurface=null
02-27 19:29:38.531  2026  2615 D DisplayManagerServiceExtImpl: scheduleTraversalLocked intraversal=false
02-27 19:29:38.531  2026  2615 D DisplayManagerService: MSG_REQUEST_TRAVERSAL pendingCompleted=false
02-27 19:29:38.532  2026  2618 D DisplayManagerService: performTraversalInternal pendingTraversal
02-27 19:29:38.532  2026  2618 D DisplayDevice: setLayerStackLocked id=local:4630946896948975233 token=android.os.BinderProxy@97d7128 stack=0->0
02-27 19:29:38.533  2026  2886 D LocalDisplayAdapter: setDesiredDisplayModeSpecsAsync: display unique id = local:4630946896948975233, display mode specs = defaultMode=1 allowGroupSwitching=false primaryRanges=physical: (0.0 90.0) render:  (0.0 90.0) appRequestRanges=physical: (0.0 90.0) render:  (0.0 90.0) idleScreenRefreshRate=null
02-27 19:29:38.543  3736  3736 W VRI[StatusBar]: handleResized abandoned!
02-27 19:29:38.543  3736  3736 W VRI[NavigationBar_displayId_0]: handleResized abandoned!
02-27 19:29:38.543  2026  4113 D WindowManager: setFrameRateStart invalid typeId return!
02-27 19:29:38.544  2026  4113 D WindowManager: NFW_findFocusedWindowIfNeeded:Window{cc97d4 u0 com.esiri.esiriplus/com.esiri.esiriplus.MainActivity} mCurrentFocus:Window{cc97d4 u0 com.esiri.esiriplus/com.esiri.esiriplus.MainActivity}
02-27 19:29:38.547  3736  4019 W VRI[ScreenDecorOverlay]: handleResized abandoned!
02-27 19:29:38.547  3736  4019 W VRI[ScreenDecorOverlayBottom]: handleResized abandoned!
02-27 19:29:38.553  2026  2620 D SurfaceAnimationRunner: onAnimationStart:Surface(name=Surface(name=2a2f2e6 SnapshotStartingWindow for taskId=8067)/@0xa95dc46 - animation-leash of window_animation)/@0xf104e07
02-27 19:29:38.555  2026  2615 I DisplayDeviceRepository: Display device changed render timings: "Built-in Screen", renderFrameRate=90.0, presentationDeadlineNanos=17111110, appVsyncOffsetNanos=1000000
02-27 19:29:38.556  2026  2615 D LogicalDisplayExt: set displayInfo flag FLAG_ROTATES_WITH_CONTENT
02-27 19:29:38.557  2026  4009 W UserManagerService: Requested status bar icon for non-badged user 0
02-27 19:29:38.560  2026  4009 W UserManagerService: Requested status bar icon for non-badged user 0
02-27 19:29:38.561  2026  2615 D DisplayManagerServiceExtImpl: scheduleTraversalLocked intraversal=false
02-27 19:29:38.562  2026  2615 I DisplayManagerServiceExtImpl: handle logical display changed logicalDisplay=id=0,stack=0,content=true,displayInfo{stack=0,type=1,id=0,uId=local:4630946896948975233,state=ON,pkg=null}
02-27 19:29:38.562  2026  2731 D BrightnessThermalClamper: Thermal status observer already started
02-27 19:29:38.562  2026  2731 D BrightnessPowerClamper: Power throttling data is missing for configuration data.
02-27 19:29:38.562  2026  2615 D DisplayManagerService: Delivering display event: displayId=0, event=CHANGED
02-27 19:29:38.564  3684  3684 D CastManagerService: onDisplayChanged.
02-27 19:29:38.566  2026  2610 D OplusVFXScreenEffectFeature: notifySFCompatWindowStateChange entered false
02-27 19:29:38.567  2026  2610 D FSS_FoldScreenBlackCoverController: displayChangeToOn, dc:Display{#0 state=ON size=1080x2400 ROTATION_0}
02-27 19:29:38.572  2026  2610 D DisplayManagerService: performTraversalInternal pendingTraversal
02-27 19:29:38.573  2026  2610 D DisplayDevice: setLayerStackLocked id=local:4630946896948975233 token=android.os.BinderProxy@97d7128 stack=0->0
02-27 19:29:38.573  2026  2615 D DisplayManagerService: MSG_REQUEST_TRAVERSAL pendingCompleted=false
02-27 19:29:38.602  2026  2886 D VRR [OPlusRefreshRateService]: handleConfigIdChange physicalDisplayId: 4630946896948975233 configId: 1 renderPeriod: 11111111
02-27 19:29:38.704  2026  2620 D SurfaceAnimationRunner: onAnimationEnd:Surface(name=Surface(name=2a2f2e6 SnapshotStartingWindow for taskId=8067)/@0xa95dc46 - animation-leash of window_animation)/@0xf104e07
02-27 19:29:38.705  2026  2618 I WindowStateExtImpl: onSurfaceShowChange show = false mPackageName = com.esiri.esiriplus parentPkgName = com.esiri.esiriplus
02-27 19:29:38.705  2026  2618 I WindowManager: Window{2a2f2e6 u0 SnapshotStartingWindow for taskId=8067 EXITING} state from HAS_DRAWN to NO_SURFACE; reason: destroySurface
02-27 19:29:39.292  2026  3382 D PowerManagerService: userActivityNoUpdateLocked: groupId=0, eventTime=833445896, event=touch, flags=0x0, uid=1000
02-27 19:29:39.305  2026  2844 D Arc[ProximityEventHandler]: MSG_PROXIMITY_CHANGED, event = ProximityEvent{event:NEAR id:0}
02-27 19:29:39.389  2026  3382 D PowerManagerService: userActivityNoUpdateLocked: groupId=0, eventTime=833445998, event=touch, flags=0x0, uid=1000
02-27 19:29:39.421  2026  3214 D CoreBackPreview: Window{d5490e0 u0 NotificationShade}: Setting back callback OnBackInvokedCallbackInfo{mCallback=android.window.IOnBackInvokedCallback$Stub$Proxy@3f4e98a, mPriority=0, mIsAnimationCallback=false}
02-27 19:29:39.445  2026  4113 I VibratorManagerServiceExtImpl: cancelVibrate uid=1000, pid=2026, usageFilter=-15, token=107837394
02-27 19:29:39.447  3736  4398 V OplusCustomizeCacheManager: queryCache name: sys.cache.common_customize_cache18015 param: null
02-27 19:29:39.447  3736  4398 V OplusCustomizeCacheManager: queryCache name: sys.cache.common_customize_cache18017 param: Bundle[{SETTING=BLOCK, BUSINESS=NCT-DATA}]
02-27 19:29:39.447  3736  4398 V OplusCustomizeCacheManager: start recompute
02-27 19:29:39.447  3736  4398 V OplusCustomizeCacheManager: queryCache name: sys.cache.common_customize_cache18013 param: null
02-27 19:29:39.447  2026  4113 D OplusUserManagerServiceEnhance: getMultiSystemUserId  res = -10000
02-27 19:29:39.465  2026  4113 D WindowManagerServiceExtImpl: extractConfigInfoAndRealFlags rotation=0, screenDp=360, residentWS:0, win=Window{d5490e0 u0 NotificationShade}
02-27 19:29:39.465  2026  4113 V WindowManager: Relayout Window{d5490e0 u0 NotificationShade}: viewVisibility=0, oldvis=4, req=1080x2400, vsysui=, x=0, y=0
02-27 19:29:39.466  2026  4113 I WindowManager: Window{d5490e0 u0 NotificationShade} state from NO_SURFACE to DRAW_PENDING; reason: resetDrawState
02-27 19:29:39.468  2026  4113 D WindowManager: NFW_findFocusedWindowIfNeeded:Window{cc97d4 u0 com.esiri.esiriplus/com.esiri.esiriplus.MainActivity} mCurrentFocus:Window{cc97d4 u0 com.esiri.esiriplus/com.esiri.esiriplus.MainActivity}
02-27 19:29:39.470  3736  3736 W VRI[NotificationShade]: updateBlastSurfaceIfNeeded, surfaceSize:Point(1080, 2400), lastSurfaceSize:Point(1080, 2400), format:-3, blastBufferQueue:null
02-27 19:29:39.474  2026  3446 V NetworkPolicy: updateNetworkEnabledNL() return
02-27 19:29:39.474  2026  3446 V NetworkPolicy: updateNotificationsNL not process
02-27 19:29:39.517  2026  4009 I WindowManager: Window{d5490e0 u0 NotificationShade} state from DRAW_PENDING to COMMIT_DRAW_PENDING; reason: finishDrawingLocked
02-27 19:29:39.523  2026  2618 I WindowManager: Window{d5490e0 u0 NotificationShade} state from COMMIT_DRAW_PENDING to READY_TO_SHOW; reason: commitFinishDrawingLocked
02-27 19:29:39.523  2026  2618 I WindowManager: Window{d5490e0 u0 NotificationShade} state from READY_TO_SHOW to HAS_DRAWN; reason: performShowLocked
02-27 19:29:39.553  3736  4398 V OplusCustomizeCacheManager: queryCache name: sys.cache.common_customize_cache18015 param: null
02-27 19:29:39.553  3736  4398 V OplusCustomizeCacheManager: queryCache name: sys.cache.common_customize_cache18017 param: Bundle[{SETTING=BLOCK, BUSINESS=NCT-DATA}]
02-27 19:29:39.553  3736  4398 V OplusCustomizeCacheManager: start recompute
02-27 19:29:39.554  3736  4398 V OplusCustomizeCacheManager: queryCache name: sys.cache.common_customize_cache18013 param: null
02-27 19:29:39.558  3736  3736 W VRI[NotificationShade]: updateBlastSurfaceIfNeeded, surfaceSize:Point(1080, 2400), lastSurfaceSize:Point(1080, 2400), format:-3, blastBufferQueue:android.graphics.BLASTBufferQueue@5d40c9e
02-27 19:29:39.558  2026  7699 D WindowManagerServiceExtImpl: extractConfigInfoAndRealFlags rotation=0, screenDp=360, residentWS:0, win=Window{d5490e0 u0 NotificationShade}
02-27 19:29:39.559  2026  7699 V WindowManager: Relayout Window{d5490e0 u0 NotificationShade}: viewVisibility=0, oldvis=0, req=1080x2400, vsysui=, x=0, y=0
02-27 19:29:39.560  3736  4398 V OplusCustomizeCacheManager: queryCache name: sys.cache.common_customize_cache18015 param: null
02-27 19:29:39.560  3736  4398 V OplusCustomizeCacheManager: queryCache name: sys.cache.common_customize_cache18017 param: Bundle[{SETTING=BLOCK, BUSINESS=NCT-DATA}]
02-27 19:29:39.560  3736  4398 V OplusCustomizeCacheManager: start recompute
02-27 19:29:39.561  3736  4398 V OplusCustomizeCacheManager: queryCache name: sys.cache.common_customize_cache18013 param: null
02-27 19:29:39.562  2026  7699 D WindowManager: setFrameRateStart invalid typeId return!
02-27 19:29:39.564  2026  7699 D RefreshRate: Refresh rate changing from 90.0 to 120.00001,maxRefreshRate=120.00001 FOR:{
02-27 19:29:39.564  2026  7699 D RefreshRate:     | COURSE[;control panel:3,data= RateData{PreferredRefreshRateData{mPreferredRefreshRateId=[3, 3, 2, 3],isAnimBoost=true}}]
02-27 19:29:39.564  2026  7699 D RefreshRate:     | VOTES[PRIORITY_WINDOW_REQUEST -> Vote{mRefreshRate=120.0, mMinRefreshRate=120.0, mRequestSource=null};]
02-27 19:29:39.564  2026  7699 D RefreshRate:     | TIME:2026-02-27 16:29:39}
02-27 19:29:39.564  2026  7699 D DisplayModeDirector: setAppRequest displayId : 0  modeId: 1  requestedRefreshRate: 0.0  requestedMinRefreshRateRange: 0.0  requestedMaxRefreshRateRange: 120.00001
02-27 19:29:39.565  2026  7699 D WindowManager: NFW_findFocusedWindowIfNeeded:Window{d5490e0 u0 NotificationShade} mCurrentFocus:Window{cc97d4 u0 com.esiri.esiriplus/com.esiri.esiriplus.MainActivity}
02-27 19:29:39.565  2026  7699 V WindowManager: Changing focus from Window{cc97d4 u0 com.esiri.esiriplus/com.esiri.esiriplus.MainActivity} to Window{d5490e0 u0 NotificationShade},diplayid=0
02-27 19:29:39.565  3736  4398 V OplusCustomizeCacheManager: queryCache name: sys.cache.common_customize_cache18015 param: null
02-27 19:29:39.566  3736  4398 V OplusCustomizeCacheManager: queryCache name: sys.cache.common_customize_cache18017 param: Bundle[{SETTING=BLOCK, BUSINESS=NCT-DATA}]
02-27 19:29:39.566  3736  4398 V OplusCustomizeCacheManager: start recompute
02-27 19:29:39.566  2026  3545 E UAH-Framework: invalid window type -1, return
02-27 19:29:39.567  3736  4398 V OplusCustomizeCacheManager: queryCache name: sys.cache.common_customize_cache18013 param: null
02-27 19:29:39.567  2026  7699 D WindowManager: setFrameRateStart invalid typeId return!
02-27 19:29:39.569  2026  7699 D WindowManager: setFrameRateStart invalid typeId return!
02-27 19:29:39.569  3736  4398 V OplusCustomizeCacheManager: queryCache name: sys.cache.common_customize_cache18015 param: null
02-27 19:29:39.570  3736  4398 V OplusCustomizeCacheManager: queryCache name: sys.cache.common_customize_cache18017 param: Bundle[{SETTING=BLOCK, BUSINESS=NCT-DATA}]
02-27 19:29:39.570  2026  2615 D DisplayManagerServiceExtImpl: scheduleTraversalLocked intraversal=false
02-27 19:29:39.570  3736  4398 V OplusCustomizeCacheManager: start recompute
02-27 19:29:39.570  2026  2615 D DisplayManagerService: MSG_REQUEST_TRAVERSAL pendingCompleted=false
02-27 19:29:39.571  3736  4398 V OplusCustomizeCacheManager: queryCache name: sys.cache.common_customize_cache18013 param: null
02-27 19:29:39.579  2026  2618 D DisplayManagerService: performTraversalInternal pendingTraversal
02-27 19:29:39.579  2026  2618 D DisplayDevice: setLayerStackLocked id=local:4630946896948975233 token=android.os.BinderProxy@97d7128 stack=0->0
02-27 19:29:39.579  2026  2886 D LocalDisplayAdapter: setDesiredDisplayModeSpecsAsync: display unique id = local:4630946896948975233, display mode specs = defaultMode=0 allowGroupSwitching=false primaryRanges=physical: (0.0 120.00001) render:  (0.0 120.00001) appRequestRanges=physical: (0.0 120.00001) render:  (0.0 120.00001) idleScreenRefreshRate=null
02-27 19:29:39.600  2026  2615 I DisplayDeviceRepository: Display device changed render timings: "Built-in Screen", renderFrameRate=120.00001, presentationDeadlineNanos=12666666, appVsyncOffsetNanos=1000000
02-27 19:29:39.600  2026  2615 D LogicalDisplayExt: set displayInfo flag FLAG_ROTATES_WITH_CONTENT
02-27 19:29:39.602  2026  2615 D DisplayManagerServiceExtImpl: scheduleTraversalLocked intraversal=false
02-27 19:29:39.602  2026  2615 I DisplayManagerServiceExtImpl: handle logical display changed logicalDisplay=id=0,stack=0,content=true,displayInfo{stack=0,type=1,id=0,uId=local:4630946896948975233,state=ON,pkg=null}
02-27 19:29:39.602  2026  2615 D DisplayManagerService: Delivering display event: displayId=0, event=CHANGED
02-27 19:29:39.602  2026  2731 D BrightnessThermalClamper: Thermal status observer already started
02-27 19:29:39.602  2026  2731 D BrightnessPowerClamper: Power throttling data is missing for configuration data.
02-27 19:29:39.606  3684  3684 D CastManagerService: onDisplayChanged.
02-27 19:29:39.608  2026  2610 D OplusVFXScreenEffectFeature: notifySFCompatWindowStateChange entered false
02-27 19:29:39.608  2026  2610 D FSS_FoldScreenBlackCoverController: displayChangeToOn, dc:Display{#0 state=ON size=1080x2400 ROTATION_0}
02-27 19:29:39.617  2026  2610 D DisplayManagerService: performTraversalInternal pendingTraversal
02-27 19:29:39.617  2026  2610 D DisplayDevice: setLayerStackLocked id=local:4630946896948975233 token=android.os.BinderProxy@97d7128 stack=0->0
02-27 19:29:39.621  2026  2615 D DisplayManagerService: MSG_REQUEST_TRAVERSAL pendingCompleted=false
02-27 19:29:39.649  2026  2886 D VRR [OPlusRefreshRateService]: handleConfigIdChange physicalDisplayId: 4630946896948975233 configId: 0 renderPeriod: 8333333
02-27 19:29:39.755  2026  4109 D LockSettingsService: [getStrongAuthForUser]  userId = 0
02-27 19:29:39.773  2026  4109 D LockSettingsService: [getStrongAuthForUser]  userId = 0
02-27 19:29:40.215  2026  4385 D ActivityTaskManager: Skipping, invisible task: Task{8088a94 #5 type=home I=com.android.launcher/.Launcher}
02-27 19:29:40.215  2026  4385 D OplusSplitScreenManagerService: com.android.settings unSupportsSplitScreen by blockList or ForbidActivityList
02-27 19:29:40.215  2026  4385 D OplusSplitScreenManagerService: com.truecaller unSupportsSplitScreen by blockList or ForbidActivityList
02-27 19:29:40.216  2026  4385 D ActivityTaskManager: pre-Filtered:com.esiri.esiriplus # com.android.settings # com.oneplus.deskclock # com.google.android.apps.messaging # com.google.android.dialer # com.truecaller # com.microsoft.office.officehubrow # com.microsoft.office.officehubrow # com.whatsapp # org.videolan.vlc # com.oneplus.gallery # com.microsoft.office.word # com.zhiliaoapp.musically # com.coloros.assistantscreen # in.krosbits.musicolet # com.google.android.gm # com.whatsapp.w4b # com.cloudflare.onedotonedotonedotone # com.android.chrome # 
02-27 19:29:40.216  2026  4385 D ActivityTaskManager: after skip size 19
02-27 19:29:40.222  2026  3214 I ActivityManager: Death received, pid = 29097, processName = com.oplus.notificationmanager for thread android.os.BinderProxy@33a2951
02-27 19:29:40.224  2026  4385 E OplusAthenaAm: AthenaAmManagerInternal transact code hello:6,flags:0
02-27 19:29:40.224  2026  4385 E OplusAthenaAm: AthenaAmManagerInternal transact code hello:7,flags:0
02-27 19:29:40.224  2026  3898 I ActivityManager: Process com.oplus.notificationmanager (pid 29097) has died: cch+45 CEM 
02-27 19:29:40.227  2026  4385 E OplusAthenaAm: AthenaAmManagerInternal transact code hello:4,flags:0
02-27 19:29:40.227  2026  4385 E OplusAthenaAm: AthenaAmManagerInternal transact code hello:4,flags:0
02-27 19:29:40.227  2026  4385 E OplusAthenaAm: AthenaAmManagerInternal transact code hello:4,flags:0
02-27 19:29:40.238  2026  3822 I ActivityManager: Death received, pid = 30475, processName = com.oplus.dmp:main for thread android.os.BinderProxy@e0075b6
02-27 19:29:40.238  2026  3885 I ActivityManager: Process com.oplus.dmp:main (pid 30475) has died: cch+85 CEM 
02-27 19:29:40.243  2026  2610 D DisplayManagerService: Drop pending events for gone uid 10134
02-27 19:29:40.310 14163 14276 W ContextImpl: Calling a method in the system process without a qualified user: android.app.ContextImpl.bindService:2061 android.content.ContextWrapper.bindService:873 com.heytap.mcs.biz.message.g.b:8 com.heytap.mcs.biz.message.g.b:11 com.heytap.mcs.biz.message.g.f:1 
02-27 19:29:40.312  2026  3822 D CompatChangeReporter: Compat change id reported: 151861875; UID 1000; state: ENABLED
02-27 19:29:40.329  2026  2704 I ActivityManager: Start proc 2751:com.heytap.mcs.biz.message/1000 for service {com.heytap.mcs/com.heytap.mcs.biz.message.MessageDealService}
02-27 19:29:40.364  2026  7699 D ActivityTaskManagerServiceExtImpl: preBindApplication record is null
02-27 19:29:40.402  2026  2844 D Arc[ProximityEventHandler]: MSG_PROXIMITY_CHANGED, event = ProximityEvent{event:FAR id:1}
02-27 19:29:40.505  2026  3822 I ActivityManager: Flag disabled. Ignoring finishAttachApplication from uid: 1000. pid: 2751
02-27 19:29:41.084  2026  3822 W SettingsStatsUtil: Can not parse value to float: +network
02-27 19:29:41.362  2026  3382 D PowerManagerService: userActivityNoUpdateLocked: groupId=0, eventTime=833447969, event=touch, flags=0x0, uid=1000
02-27 19:29:42.057  2026  2704 I ActivityManager: Start proc 2856:com.heytap.mcs.statistics/1000 for content provider {com.heytap.mcs/com.heytap.mcs.biz.statistics.provider.StatisticsContentProvider}
02-27 19:29:42.088  2026  3822 D ActivityTaskManagerServiceExtImpl: preBindApplication record is null
02-27 19:29:42.128  2026  3822 I ActivityManager: Flag disabled. Ignoring finishAttachApplication from uid: 1000. pid: 2856
02-27 19:29:42.166  2026  7699 D CompatChangeReporter: Compat change id reported: 161145287; UID 1000; state: ENABLED
02-27 19:29:42.168  2026  4015 W ActivityManager: Receiver with filter android.content.IntentFilter@29ca1b5 already registered for pid 2856, callerPackage is com.heytap.mcs
02-27 19:29:42.187  2026  7699 W ActivityManager: Receiver with filter android.content.IntentFilter@cf4304a already registered for pid 2856, callerPackage is com.heytap.mcs
02-27 19:29:42.487  2026  2844 D OplusDisplayBrightnessBroadcastReceiver: onReceive action = android.intent.action.BATTERY_CHANGED , listeners = [com.android.server.display.OplusFeatureHDREnhanceBrightness$PhoneInfoReceiver@d078a20, com.android.server.display.OplusFeatureEdrEnhanceBrightness$PhoneInfoReceiver@d0bbfd9]
02-27 19:29:42.600  2026  2844 D OplusFeatureHDREnhanceBrightness: checkIsPlayingHDR isPlayingHDR=0 rotation=0 whiteApp=false battery=14
02-27 19:29:42.821  2026  3382 D PowerManagerService: userActivityNoUpdateLocked: groupId=0, eventTime=833449429, event=touch, flags=0x0, uid=1000
02-27 19:29:42.873  2026  4015 I VibratorManagerServiceExtImpl: vibrate is uid=10214, pid=3736, opPkg=com.android.systemui, effect=Mono{mEffect=Composed{segments=[Step{amplitude=0.0, frequencyHz=0.0, duration=0}, Step{amplitude=-1.0, frequencyHz=0.0, duration=65}], repeat=-1}}, attributes=VibrationAttributes{mUsage=TOUCH, mAudioUsage= USAGE_UNKNOWN, mCategory=UNKNOWN, mFlags=0}, reason=null, token=94583428
02-27 19:29:43.106  3736  3736 W VRI[NotificationShade]: updateBlastSurfaceIfNeeded, surfaceSize:Point(1080, 2400), lastSurfaceSize:Point(1080, 2400), format:-3, blastBufferQueue:android.graphics.BLASTBufferQueue@5d40c9e
02-27 19:29:43.106  2026  3822 D WindowManagerServiceExtImpl: extractConfigInfoAndRealFlags rotation=0, screenDp=360, residentWS:0, win=Window{d5490e0 u0 NotificationShade}
02-27 19:29:43.107  2026  3822 V WindowManager: Relayout Window{d5490e0 u0 NotificationShade}: viewVisibility=0, oldvis=0, req=1080x2400, vsysui=, x=0, y=0
02-27 19:29:43.111  2026  3822 D RefreshRate: Refresh rate changing from 120.00001 to 90.0,maxRefreshRate=0.0 FOR:{
02-27 19:29:43.111  2026  3822 D RefreshRate:     | COURSE[; Win preferred rateId=0, appReqFirst=false, data= RateData{} ;win name:com.esiri.esiriplus/com.esiri.esiriplus.MainActivity]
02-27 19:29:43.111  2026  3822 D RefreshRate:     | VOTES[]
02-27 19:29:43.111  2026  3822 D RefreshRate:     | TIME:2026-02-27 16:29:43}
02-27 19:29:43.111  2026  3822 D DisplayModeDirector: setAppRequest displayId : 0  modeId: 0  requestedRefreshRate: 0.0  requestedMinRefreshRateRange: 0.0  requestedMaxRefreshRateRange: 0.0
02-27 19:29:43.112  2026  3822 D WindowManager: NFW_findFocusedWindowIfNeeded:Window{cc97d4 u0 com.esiri.esiriplus/com.esiri.esiriplus.MainActivity} mCurrentFocus:Window{d5490e0 u0 NotificationShade}
02-27 19:29:43.113  2026  3822 V WindowManager: Changing focus from Window{d5490e0 u0 NotificationShade} to Window{cc97d4 u0 com.esiri.esiriplus/com.esiri.esiriplus.MainActivity},diplayid=0
02-27 19:29:43.115  2026  3822 D WindowManager: setFrameRateStart invalid typeId return!
02-27 19:29:43.117  2026  3822 D WindowManager: setFrameRateStart invalid typeId return!
02-27 19:29:43.119  2026  2615 D DisplayManagerServiceExtImpl: scheduleTraversalLocked intraversal=false
02-27 19:29:43.119  2026  2615 D DisplayManagerService: MSG_REQUEST_TRAVERSAL pendingCompleted=false
02-27 19:29:43.130  2026  2618 D DisplayManagerService: performTraversalInternal pendingTraversal
02-27 19:29:43.130  2026  2618 D DisplayDevice: setLayerStackLocked id=local:4630946896948975233 token=android.os.BinderProxy@97d7128 stack=0->0
02-27 19:29:43.130  2026  2886 D LocalDisplayAdapter: setDesiredDisplayModeSpecsAsync: display unique id = local:4630946896948975233, display mode specs = defaultMode=1 allowGroupSwitching=false primaryRanges=physical: (0.0 90.0) render:  (0.0 90.0) appRequestRanges=physical: (0.0 90.0) render:  (0.0 90.0) idleScreenRefreshRate=null
02-27 19:29:43.144  2026  2615 I DisplayDeviceRepository: Display device changed render timings: "Built-in Screen", renderFrameRate=90.0, presentationDeadlineNanos=17111110, appVsyncOffsetNanos=1000000
02-27 19:29:43.144  2026  2615 D LogicalDisplayExt: set displayInfo flag FLAG_ROTATES_WITH_CONTENT
02-27 19:29:43.148  2026  2615 D DisplayManagerServiceExtImpl: scheduleTraversalLocked intraversal=false
02-27 19:29:43.148  2026  2615 I DisplayManagerServiceExtImpl: handle logical display changed logicalDisplay=id=0,stack=0,content=true,displayInfo{stack=0,type=1,id=0,uId=local:4630946896948975233,state=ON,pkg=null}
02-27 19:29:43.148  2026  2615 D DisplayManagerService: Delivering display event: displayId=0, event=CHANGED
02-27 19:29:43.148  2026  2731 D BrightnessThermalClamper: Thermal status observer already started
02-27 19:29:43.148  2026  2731 D BrightnessPowerClamper: Power throttling data is missing for configuration data.
02-27 19:29:43.153  2026  7709 W PackageConfigPersister: App-specific configuration not found for packageName: com.esiri.esiriplus and userId: 0
02-27 19:29:43.158  2026  2615 D DisplayManagerService: MSG_REQUEST_TRAVERSAL pendingCompleted=false
02-27 19:29:43.161  2026  2610 D OplusVFXScreenEffectFeature: notifySFCompatWindowStateChange entered false
02-27 19:29:43.161  2026  2610 D FSS_FoldScreenBlackCoverController: displayChangeToOn, dc:Display{#0 state=ON size=1080x2400 ROTATION_0}
02-27 19:29:43.164  2026  2610 D DisplayManagerService: performTraversalInternal pendingTraversal
02-27 19:29:43.164  2026  2610 D DisplayDevice: setLayerStackLocked id=local:4630946896948975233 token=android.os.BinderProxy@97d7128 stack=0->0
02-27 19:29:43.164  3684  3684 D CastManagerService: onDisplayChanged.
02-27 19:29:43.194  2026  2886 D VRR [OPlusRefreshRateService]: handleConfigIdChange physicalDisplayId: 4630946896948975233 configId: 1 renderPeriod: 11111111
02-27 19:29:43.494  3736  3736 W VRI[NotificationShade]: updateBlastSurfaceIfNeeded, surfaceSize:Point(1080, 2400), lastSurfaceSize:Point(1080, 2400), format:-3, blastBufferQueue:android.graphics.BLASTBufferQueue@5d40c9e
02-27 19:29:43.498  2026  4236 D WindowManagerServiceExtImpl: extractConfigInfoAndRealFlags rotation=0, screenDp=360, residentWS:0, win=Window{d5490e0 u0 NotificationShade}
02-27 19:29:43.499  2026  4236 V WindowManager: Relayout Window{d5490e0 u0 NotificationShade}: viewVisibility=0, oldvis=0, req=1080x2400, vsysui=, x=0, y=0
02-27 19:29:43.502  2026  4236 D WindowManager: setFrameRateStart invalid typeId return!
02-27 19:29:43.510  2026  4236 D CoreBackPreview: Window{d5490e0 u0 NotificationShade}: Setting back callback null
02-27 19:29:43.533  2026  4236 D WindowManagerServiceExtImpl: extractConfigInfoAndRealFlags rotation=0, screenDp=360, residentWS:0, win=Window{d5490e0 u0 NotificationShade}
02-27 19:29:43.533  2026  4236 V WindowManager: Relayout Window{d5490e0 u0 NotificationShade}: viewVisibility=4, oldvis=0, req=1080x2400, vsysui=, x=0, y=0
02-27 19:29:43.534  2026  4236 I WindowManager: Window{d5490e0 u0 NotificationShade} state from HAS_DRAWN to NO_SURFACE; reason: destroySurface
02-27 19:29:43.536  2026  4236 D WindowManager: NFW_findFocusedWindowIfNeeded:Window{cc97d4 u0 com.esiri.esiriplus/com.esiri.esiriplus.MainActivity} mCurrentFocus:Window{cc97d4 u0 com.esiri.esiriplus/com.esiri.esiriplus.MainActivity}
02-27 19:29:44.359  2026  3382 D PowerManagerService: userActivityNoUpdateLocked: groupId=0, eventTime=833450966, event=touch, flags=0x0, uid=1000
02-27 19:29:44.410 31664 31664 D OplusInputMethodManagerInternal: get inputMethodManager extension: com.android.internal.view.IInputMethodManager$Stub$Proxy@21ed35c
02-27 19:29:45.910  2026  3382 D PowerManagerService: userActivityNoUpdateLocked: groupId=0, eventTime=833452518, event=touch, flags=0x0, uid=1000
02-27 19:29:46.144  2026  2844 D OplusFeatureHDREnhanceBrightness: checkIsPlayingHDR isPlayingHDR=0 rotation=0 whiteApp=false battery=14
02-27 19:29:47.185  2856  2856 W ContextImpl: Calling a method in the system process without a qualified user: android.app.ContextImpl.startService:1958 android.content.ContextWrapper.startService:837 com.heytap.mcs.biz.statistics.StaticProcessTrackStatusManager.exitCurrentProcess:11 com.heytap.mcs.biz.statistics.StaticProcessTrackStatusManager$1.handleMessage:3 android.os.Handler.dispatchMessage:103 
02-27 19:29:47.207  2026  4236 I ActivityManager: Death received, pid = 2856, processName = com.heytap.mcs.statistics for thread android.os.BinderProxy@73f2312
02-27 19:29:47.208  2026  3898 I ActivityManager: Process com.heytap.mcs.statistics (pid 2856) has died: vis IMPF
02-27 19:29:47.208 14163 14163 I ActivityThread: Removing dead content provider:android.content.ContentProviderProxy@8234241
02-27 19:29:47.228  2026  3382 D PowerManagerService: userActivityNoUpdateLocked: groupId=0, eventTime=833453834, event=touch, flags=0x0, uid=1000
02-27 19:29:47.310  2026  4236 V AutofillSession: Primary service component name: ComponentInfo{com.google.android.gms/com.google.android.gms.autofill.service.AutofillService}, secondary service component name: ComponentInfo{com.android.credentialmanager/com.android.credentialmanager.autofill.CredentialAutofillService}
02-27 19:29:47.310  2026  4236 V SecondaryProviderHandler: Creating a secondary provider handler with component name, ComponentInfo{com.android.credentialmanager/com.android.credentialmanager.autofill.CredentialAutofillService}
02-27 19:29:47.316  2026  4236 I AppsFilter: interaction: PackageSetting{62f9e04 com.esiri.esiriplus/10497} -> PackageSetting{d3e4ce0 com.google.android.inputmethod.latin/10272} BLOCKED
02-27 19:29:47.316  2026  4236 W FillRequestEventLogger: Couldn't find packageName: com.google.android.inputmethod.latin
02-27 19:29:47.320  2026 11541 W FillRequestEventLogger: Shouldn't be logging AutofillFillRequestReported again for same event
02-27 19:29:47.320  2026 11541 W FillResponseEventLogger: Shouldn't be logging AutofillFillRequestReported again for same event
02-27 19:29:47.320  2026 11541 W PresentationStatsEventLogger: Shouldn't be logging AutofillPresentationEventReported again for same event
02-27 19:29:47.320  2026 11541 D AutofillSession: clearPendingIntentLocked
02-27 19:29:47.321  2026  2026 I ServiceConnector.Impl: unbindJobThread: connection = ServiceConnector@419(Intent { act=android.service.autofill.AutofillService cmp=com.google.android.gms/.autofill.service.AutofillService mCallingUid=1000 }, user: 0)[Unbinding...]service = null mBinding = false
02-27 19:29:47.322  2026  2026 E ServiceConnector.Impl: Failed to unbind: java.lang.IllegalArgumentException: Service not registered: ServiceConnector@419(Intent { act=android.service.autofill.AutofillService cmp=com.google.android.gms/.autofill.service.AutofillService mCallingUid=1000 }, user: 0)[Unbinding...]
02-27 19:29:47.322  2026  2026 I ServiceConnector.Impl: unbindJobThread: connection = ServiceConnector@361(Intent { act=android.service.autofill.AutofillService cmp=com.android.credentialmanager/.autofill.CredentialAutofillService }, user: 0)[Unbinding...]service = null mBinding = false
02-27 19:29:47.322  2026  2026 E ServiceConnector.Impl: Failed to unbind: java.lang.IllegalArgumentException: Service not registered: ServiceConnector@361(Intent { act=android.service.autofill.AutofillService cmp=com.android.credentialmanager/.autofill.CredentialAutofillService }, user: 0)[Unbinding...]
02-27 19:29:47.376  2026  3400 D InputMethodManagerService: isSecurity: attribute.packageName = com.esiri.esiriplus mCurMethodId = com.google.android.inputmethod.latin/com.android.inputmethod.latin.LatinIME isSecurity = false ( enable = true needShow = false inBlackList = false isExist = true )
02-27 19:29:47.380  2026  3400 D InputMethodManagerService: isSecurity: attribute.packageName = com.esiri.esiriplus mCurMethodId = com.google.android.inputmethod.latin/com.android.inputmethod.latin.LatinIME isSecurity = false ( enable = true needShow = false inBlackList = false isExist = true )
02-27 19:29:47.403  2026  3400 I FlexibleTaskController: onShowImeRequested
02-27 19:29:47.411  2026  3822 D AutofillSession: createPendingIntent for request 1334
02-27 19:29:47.411  2026  3822 D ContentCapturePerUserService: Notified activity assist data for activity: Token{22ac9cf ActivityRecord{788aad u0 com.esiri.esiriplus/.MainActivity t8067}} without a session Id
02-27 19:29:47.433  2026  3400 I FlexibleTaskController: onShowImeRequested
02-27 19:29:47.466  2026  3822 W PackageConfigPersister: App-specific configuration not found for packageName: com.esiri.esiriplus and userId: 0
02-27 19:29:47.468  2026  3822 W PackageConfigPersister: App-specific configuration not found for packageName: com.esiri.esiriplus and userId: 0
02-27 19:29:47.484   714  2600 I keystore2: system/security/keystore2/watchdog/src/lib.rs:319 - Watchdog thread idle -> terminating. Have a great day.
02-27 19:29:47.674  2026  3235 D ImeInsetsSourceProvider: showImePostLayout cancelled, isScheduledAndReadyToShowIme: false, mImeRequester: Window{cc97d4 u0 com.esiri.esiriplus/com.esiri.esiriplus.MainActivity}, serverVisible: false, frozen: false, mWindowContainer is: non-null, windowState: Window{7742577 u0 InputMethod}, isDrawn: false, mGivenInsetsPending: false, dcTarget: Window{cc97d4 u0 com.esiri.esiriplus/com.esiri.esiriplus.MainActivity}, controlTarget: Window{cc97d4 u0 com.esiri.esiriplus/com.esiri.esiriplus.MainActivity}
02-27 19:29:47.674  2026  3235 D ImeInsetsSourceProvider: controlTarget == DisplayContent.controlTarget: true, hasPendingControls: false, leash is: non-null, isImeLayeringTarget: true, isAboveImeLayeringTarget: false, isImeFallbackTarget: false, isImeInputTarget: true, sameAsImeControlTarget: true
02-27 19:29:47.686  2026  3235 D WindowManagerServiceExtImpl: extractConfigInfoAndRealFlags rotation=0, screenDp=360, residentWS:0, win=Window{7742577 u0 InputMethod}
02-27 19:29:47.686  2026  3235 V WindowManager: Relayout Window{7742577 u0 InputMethod}: viewVisibility=0, oldvis=8, req=1080x2293, vsysui=, x=0, y=0
02-27 19:29:47.686  2026  3235 I WindowManager: Window{7742577 u0 InputMethod} state from NO_SURFACE to DRAW_PENDING; reason: resetDrawState
02-27 19:29:47.692  2026  3235 D WindowManager: NFW_findFocusedWindowIfNeeded:Window{cc97d4 u0 com.esiri.esiriplus/com.esiri.esiriplus.MainActivity} mCurrentFocus:Window{cc97d4 u0 com.esiri.esiriplus/com.esiri.esiriplus.MainActivity}
02-27 19:29:47.693  3736  3736 W VRI[StatusBar]: handleResized abandoned!
02-27 19:29:47.693  3736  3736 W VRI[NavigationBar_displayId_0]: handleResized abandoned!
02-27 19:29:47.693  8027  8027 W VRI[OplusOSEdgeFloatBar]: handleResized abandoned!
02-27 19:29:47.693  3736  4019 W VRI[ScreenDecorOverlay]: handleResized abandoned!
02-27 19:29:47.693  3736  4019 W VRI[ScreenDecorOverlayBottom]: handleResized abandoned!
02-27 19:29:47.693 19788 19788 W VRI[InputMethod]: updateBlastSurfaceIfNeeded, surfaceSize:Point(1080, 2293), lastSurfaceSize:Point(1080, 2293), format:-2, blastBufferQueue:null
02-27 19:29:47.694 31664 31664 W VRI[MainActivity]: handleResized abandoned!
02-27 19:29:47.707 31664 31664 W VRI[MainActivity]: handleResized abandoned!
02-27 19:29:47.708  8027  8027 W VRI[OplusOSEdgeFloatBar]: handleResized abandoned!
02-27 19:29:47.709  3736  3736 W VRI[StatusBar]: handleResized abandoned!
02-27 19:29:47.709  3736  3736 W VRI[NavigationBar_displayId_0]: handleResized abandoned!
02-27 19:29:47.709  3736  4019 W VRI[ScreenDecorOverlay]: handleResized abandoned!
02-27 19:29:47.710  3736  4019 W VRI[ScreenDecorOverlayBottom]: handleResized abandoned!
02-27 19:29:47.752  2026  3822 I WindowManager: Window{7742577 u0 InputMethod} state from DRAW_PENDING to COMMIT_DRAW_PENDING; reason: finishDrawingLocked
02-27 19:29:47.755  2026  2618 I WindowManager: Window{7742577 u0 InputMethod} state from COMMIT_DRAW_PENDING to READY_TO_SHOW; reason: commitFinishDrawingLocked
02-27 19:29:47.773  2026  3235 D OplusAppQuickStart_AppQuickStartController: reportImeDrawnOnTask taskid:8067 mCurrentAppStartingSurface:null
02-27 19:29:47.785  2026  3235 D WindowManager: setFrameRateStart invalid typeId return!
02-27 19:29:47.790  2026  2615 V WindowStateExtImpl: notifyWindowStateChange input show
02-27 19:29:47.796  2026  2615 I WindowManager: Window{7742577 u0 InputMethod} state from READY_TO_SHOW to HAS_DRAWN; reason: performShowLocked
02-27 19:29:47.804  3736  3736 W VRI[StatusBar]: handleResized abandoned!
02-27 19:29:47.804  3736  3736 W VRI[NavigationBar_displayId_0]: handleResized abandoned!
02-27 19:29:47.806 19788 19788 W VRI[InputMethod]: handleResized abandoned!
02-27 19:29:47.816  8027  8027 W VRI[OplusOSEdgeFloatBar]: handleResized abandoned!
02-27 19:29:47.816  3736  4019 W VRI[ScreenDecorOverlay]: handleResized abandoned!
02-27 19:29:47.817  3736  4019 W VRI[ScreenDecorOverlayBottom]: handleResized abandoned!
02-27 19:29:47.821  3736  3838 D WindowManagerShell: onKeepClearAreasChanged: restricted={}, unrestricted={Rect(0, 1503 - 1080, 2400)}
02-27 19:29:47.833 31664 31664 W VRI[MainActivity]: handleResized abandoned!
02-27 19:29:47.850  2026  2704 I ActivityManager: Start proc 3086:com.google.android.gms.ui/u0a116 for service {com.google.android.gms/com.google.android.gms.chimera.UiIntentOperationService}
02-27 19:29:47.898  2026  4236 D ActivityTaskManagerServiceExtImpl: preBindApplication record is null
02-27 19:29:47.926  3086  3086 E OplusCustomizePackageManager: mIOplusCustomizePackageManagerService is null
02-27 19:29:47.926  3086  3086 E OplusCustomizePackageManager: mIOplusCustomizePackageManagerService is null
02-27 19:29:47.927  3086  3086 E OplusCustomizePackageManager: isOplusCertificatePackage Errorjava.lang.NullPointerException: Attempt to invoke interface method 'boolean android.os.customize.IOplusCustomizePackageManagerService.isOplusCertificatePackage(java.lang.String)' on a null object reference
02-27 19:29:48.085  2026  2026 D AutofillSession: Service did not request to wait for delayed fill response.
02-27 19:29:48.146  3086  3086 D ResourcesManagerExtImpl: applyConfigurationToAppResourcesLocked app.getDisplayId() return callback.displayId:-1
02-27 19:29:48.279  2026  2844 D OplusDisplayBrightnessBroadcastReceiver: onReceive action = android.intent.action.BATTERY_CHANGED , listeners = [com.android.server.display.OplusFeatureHDREnhanceBrightness$PhoneInfoReceiver@d078a20, com.android.server.display.OplusFeatureEdrEnhanceBrightness$PhoneInfoReceiver@d0bbfd9]
