02-27 19:55:04.112 17937 17976 E CameraUnit_TRACE: traceEndSection, msg: CameraCharacteristicsHelper.initialize
02-27 19:55:04.112 17937 17981 E CameraUnit_TRACE: traceEndSection, msg: getAllSupportCameraType
02-27 19:55:04.115 17937 17976 W OplusString: [WARNING] string_util.cpp: 324  OplusStringJNI_needGetString() length: 86751, flag: 123, 10, 10
02-27 19:55:04.116  1534  1534 E vendor.oplus.hardware.OplusMisc-V1-service: nodeFlag is not support
02-27 19:55:04.116  2026  7706 D ColorMiscNodeManagerService: isMiscNodeSupport, nodeFlag: 140, dId:0, result:-1
02-27 19:55:04.116 17937 17983 D OCAM_SpruceUtil: sIsSupportSpruceNode: false
02-27 19:55:04.117 17937 17976 D ApsAdapter, UpdateHelper: getValidConfigData, no rus, use ota, path: /odm/etc/camera/config/oplus_camera_algo_switch_config
02-27 19:55:04.117 17937 17984 D CameraUnit, CameraConfigure: decodeConfigFileVersion1, rusVersionNum: 1, odmVersionNum: 1
02-27 19:55:04.117 17937 17984 E CameraUnit_TRACE: traceBeginSection, msg: FeatureApi.parse
02-27 19:55:04.117 17937 17981 I CameraUnit, ModeFactory: createMode, name: video_mode
02-27 19:55:04.119 17937 17981 D CameraUnit, ModeFactory: getMode, mode name: video_mode
02-27 19:55:04.119 17937 17981 I CameraUnit, BaseMode: updateAllParameterRange, featureName: nightVideo, parameterName: nightVideo, configValue: [normal_night_video, ultra_night_video], after convert: [null, null]
02-27 19:55:04.119 17937 17981 I CameraUnit, BaseMode: updateAllParameterRange, featureName: beauty, parameterName: beauty, configValue: [com.oplus.preview.video.beauty.exfoliating, com.oplus.preview.video.beauty.thin_face], after convert: [null, null]
02-27 19:55:04.120 17937 17981 I CameraUnit, BaseMode: updateAllParameterRange, featureName: fovc, parameterName: fovc, configValue: [on, off], after convert: [null, null]
02-27 19:55:04.120 17937 17981 I CameraUnit, BaseMode: updateAllParameterRange, featureName: com.oplus.configure.video.stabilization, parameterName: com.oplus.configure.video.stabilization, configValue: [super_stabilization, video_stabilization], after convert: [super_stabilization, video_stabilization]
02-27 19:55:04.120 17937 17981 I CameraUnit, BaseMode: updateAllParameterRange, featureName: com.oplus.video.stabilization.mode, parameterName: com.oplus.video.stabilization.mode, configValue: [0, 1], after convert: [0, 1]
02-27 19:55:04.120 17937 17981 I CameraUnit, BaseMode: updateAllParameterRange, featureName: com.oplus.configure.video.fps, parameterName: com.oplus.configure.video.fps, configValue: [video_30fps, video_60fps], after convert: [video_30fps, video_60fps]
02-27 19:55:04.120 17937 17981 I CameraUnit, BaseMode: updateAllParameterRange, featureName: com.oplus.preview.focus.mode, parameterName: com.oplus.preview.focus.mode, configValue: [2, 3, 4], after convert: [2, 3, 4]
02-27 19:55:04.120 17937 17981 I CameraUnit, BaseMode: updateAllParameterRange, featureName: com.oplus.preview.flash.mode, parameterName: com.oplus.preview.flash.mode, configValue: [off, torch], after convert: [off, torch]
02-27 19:55:04.121 17937 17976 D ApsAdapter, AlgoSwitchConfig: parseConfigData, sApsVersion: 3, sApsMode: 1
02-27 19:55:04.122 17937 17983 V OCAM_CameraSettingsConfig: initialize X
02-27 19:55:04.122 17937 17983 V OCAM_SizeUtils: initialize, sbInit: false
02-27 19:55:04.123 17937 17976 D ApsAdapter, AlgoSwitchConfig: parsePreviewConfig, config: common@0, pipeline: video, e1: No value for master_input_width
02-27 19:55:04.123 17937 17983 V OCAM_SizeUtils: displaycontent, getDefaultDisplay().getHeight(): 2400 wm.getDefaultDisplay().getWidth(): 1080 metrics.density: 3.0 metrics.densityDpi: 480
02-27 19:55:04.123 17937 17983 V OCAM_Task: startDaemonService, stopService and startForegroundService
02-27 19:55:04.123 17937 17976 D ApsAdapter, AlgoSwitchConfig: parsePreviewConfig, config: common@1, pipeline: video, e1: No value for master_input_width
02-27 19:55:04.123 17937 17976 D ApsAdapter, AlgoSwitchConfig: parsePreviewConfig, config: commonDummy@0, pipeline: video, e1: No value for master_input_width
02-27 19:55:04.123 17937 17976 D ApsAdapter, AlgoSwitchConfig: parsePreviewConfig, config: commonDummy@1, pipeline: video, e1: No value for master_input_width
02-27 19:55:04.123 17937 17976 D ApsAdapter, AlgoSwitchConfig: parsePreviewConfig, config: commonDummy@1, pipeline: asd, e1: No value for master_input_width
02-27 19:55:04.123 17937 17976 D ApsAdapter, AlgoSwitchConfig: parsePreviewConfig, config: commonVideoDummy@0, pipeline: video, e1: No value for master_input_width
02-27 19:55:04.123 17937 17976 D ApsAdapter, AlgoSwitchConfig: parsePreviewConfig, config: commonVideoDummy@0, pipeline: asd, e1: No value for master_input_width
02-27 19:55:04.123 17937 17976 D ApsAdapter, AlgoSwitchConfig: parsePreviewConfig, config: commonVideoDummy@1, pipeline: video, e1: No value for master_input_width
02-27 19:55:04.123 17937 17976 D ApsAdapter, AlgoSwitchConfig: parsePreviewConfig, config: commonVideoDummy@1, pipeline: asd, e1: No value for master_input_width
02-27 19:55:04.123 17937 17976 D ApsAdapter, AlgoSwitchConfig: parsePreviewConfig, config: minimalDummy@0, pipeline: video, e1: No value for master_input_width
02-27 19:55:04.123 17937 17976 D ApsAdapter, AlgoSwitchConfig: parsePreviewConfig, config: minimalDummy@0, pipeline: asd, e1: No value for master_input_width
02-27 19:55:04.123 17937 17976 D ApsAdapter, AlgoSwitchConfig: parsePreviewConfig, config: minimalDummy@1, pipeline: video, e1: No value for master_input_width
02-27 19:55:04.123 17937 17976 D ApsAdapter, AlgoSwitchConfig: parsePreviewConfig, config: minimalDummy@1, pipeline: asd, e1: No value for master_input_width
02-27 19:55:04.123 17937 17976 D ApsAdapter, AlgoSwitchConfig: parsePreviewConfig, config: idPhoto@0, pipeline: video, e1: No value for master_input_width
02-27 19:55:04.123  1535  4282 E PerformanceService: storage_feature: open /sys/devices/platform/soc/112b0000.ufshci//virtualtlcbuff fail
02-27 19:55:04.123 17937 17976 D ApsAdapter, AlgoSwitchConfig: parsePreviewConfig, config: idPhoto@0, pipeline: asd, e1: No value for master_input_width
02-27 19:55:04.124 17937 17976 D ApsAdapter, AlgoSwitchConfig: parsePreviewConfig, config: idPhoto@1, pipeline: video, e1: No value for master_input_width
02-27 19:55:04.124 17937 17976 D ApsAdapter, AlgoSwitchConfig: parsePreviewConfig, config: idPhoto@1, pipeline: asd, e1: No value for master_input_width
02-27 19:55:04.124 17937 17976 D ApsAdapter, AlgoSwitchConfig: parsePreviewConfig, config: night@0, pipeline: video, e1: No value for master_input_width
02-27 19:55:04.124 17937 17976 D ApsAdapter, AlgoSwitchConfig: parsePreviewConfig, config: night@0, pipeline: asd, e1: No value for master_input_width
02-27 19:55:04.124 17937 17976 D ApsAdapter, AlgoSwitchConfig: parsePreviewConfig, config: night@1, pipeline: video, e1: No value for master_input_width
02-27 19:55:04.124  2026  3215 D CompatChangeReporter: Compat change id reported: 311208629; UID 10153; state: ENABLED
02-27 19:55:04.124 17937 17976 D ApsAdapter, AlgoSwitchConfig: parsePreviewConfig, config: portrait@0, pipeline: video, e1: No value for master_input_width
02-27 19:55:04.124 17937 17976 D ApsAdapter, AlgoSwitchConfig: parsePreviewConfig, config: portrait@0, pipeline: asd, e1: No value for master_input_width
02-27 19:55:04.124 17937 17976 D ApsAdapter, AlgoSwitchConfig: parsePreviewConfig, config: portrait@1, pipeline: video, e1: No value for master_input_width
02-27 19:55:04.124 17937 17976 D ApsAdapter, AlgoSwitchConfig: parsePreviewConfig, config: panorama@0, pipeline: video, e1: No value for master_input_width
02-27 19:55:04.124 17937 17976 D ApsAdapter, AlgoSwitchConfig: parsePreviewConfig, config: panorama@0, pipeline: asd, e1: No value for master_input_width
02-27 19:55:04.124 17937 17976 D ApsAdapter, AlgoSwitchConfig: parsePreviewConfig, config: panorama@1, pipeline: video, e1: No value for master_input_width
02-27 19:55:04.124 17937 17976 D ApsAdapter, AlgoSwitchConfig: parsePreviewConfig, config: panorama@1, pipeline: asd, e1: No value for master_input_width
02-27 19:55:04.124 17937 17976 D ApsAdapter, AlgoSwitchConfig: parsePreviewConfig, config: professional@0, pipeline: video, e1: No value for master_input_width
02-27 19:55:04.124 17937 17976 D ApsAdapter, AlgoSwitchConfig: parsePreviewConfig, config: professional@0, pipeline: asd, e1: No value for master_input_width
02-27 19:55:04.124 17937 17976 D ApsAdapter, AlgoSwitchConfig: parsePreviewConfig, config: sticker@0, pipeline: video, e1: No value for master_input_width
02-27 19:55:04.124 17937 17976 D ApsAdapter, AlgoSwitchConfig: parsePreviewConfig, config: sticker@0, pipeline: asd, e1: No value for master_input_width
02-27 19:55:04.125 17937 17976 D ApsAdapter, AlgoSwitchConfig: parsePreviewConfig, config: sticker@1, pipeline: video, e1: No value for master_input_width
02-27 19:55:04.125 17937 17976 D ApsAdapter, AlgoSwitchConfig: parsePreviewConfig, config: commonVideo@0, pipeline: asd, e1: No value for master_input_width
02-27 19:55:04.125 17937 17976 D ApsAdapter, AlgoSwitchConfig: parsePreviewConfig, config: commonVideo@1, pipeline: asd, e1: No value for master_input_width
02-27 19:55:04.126 17937 17976 D ApsAdapter, AlgoSwitchConfig: parsePreviewConfig, config: aiEnhancement@0, pipeline: asd, e1: No value for master_input_width
02-27 19:55:04.126 17937 17976 D ApsAdapter, AlgoSwitchConfig: parsePreviewConfig, config: aiEnhancement@1, pipeline: asd, e1: No value for master_input_width
02-27 19:55:04.126 17937 17976 D ApsAdapter, AlgoSwitchConfig: parsePreviewConfig, config: macro@0, pipeline: video, e1: No value for master_input_width
02-27 19:55:04.126 17937 17981 D CameraUnit, VideoMode: createCameraDeviceInfo, cameraType: rear_main
02-27 19:55:04.126 17937 17976 D ApsAdapter, AlgoSwitchConfig: parsePreviewConfig, config: macro@0, pipeline: asd, e1: No value for master_input_width
02-27 19:55:04.126 17937 17976 D ApsAdapter, AlgoSwitchConfig: parsePreviewConfig, config: superText@0, pipeline: video, e1: No value for master_input_width
02-27 19:55:04.126 17937 17976 D ApsAdapter, AlgoSwitchConfig: parsePreviewConfig, config: superText@0, pipeline: asd, e1: No value for master_input_width
02-27 19:55:04.126 17937 17976 D ApsAdapter, AlgoSwitchConfig: parsePreviewConfig, config: 4kVideo@0, pipeline: asd, e1: No value for master_input_width
02-27 19:55:04.126 17937 17976 D ApsAdapter, AlgoSwitchConfig: parsePreviewConfig, config: 4kVideo@1, pipeline: preview, e1: No value for master_input_width
02-27 19:55:04.126 17937 17976 D ApsAdapter, AlgoSwitchConfig: parsePreviewConfig, config: 4kVideo@1, pipeline: video, e1: No value for master_input_width
02-27 19:55:04.126 17937 17976 D ApsAdapter, AlgoSwitchConfig: parsePreviewConfig, config: 4kVideo@1, pipeline: asd, e1: No value for master_input_width
02-27 19:55:04.126 17937 17976 D ApsAdapter, AlgoSwitchConfig: parsePreviewConfig, config: superEISVideo@0, pipeline: asd, e1: No value for master_input_width
02-27 19:55:04.127 17937 17976 D ApsAdapter, AlgoSwitchConfig: parsePreviewConfig, config: superEISVideo@1, pipeline: preview, e1: No value for master_input_width
02-27 19:55:04.127 17937 17976 D ApsAdapter, AlgoSwitchConfig: parsePreviewConfig, config: superEISVideo@1, pipeline: video, e1: No value for master_input_width
02-27 19:55:04.127 17937 17976 D ApsAdapter, AlgoSwitchConfig: parsePreviewConfig, config: superEISVideo@1, pipeline: asd, e1: No value for master_input_width
02-27 19:55:04.127 17937 17976 D ApsAdapter, AlgoSwitchConfig: parsePreviewConfig, config: superEISProVideo@0, pipeline: asd, e1: No value for master_input_width
02-27 19:55:04.127 17937 17976 D ApsAdapter, AlgoSwitchConfig: parsePreviewConfig, config: superEISProVideo@1, pipeline: preview, e1: No value for master_input_width
02-27 19:55:04.127 17937 17976 D ApsAdapter, AlgoSwitchConfig: parsePreviewConfig, config: superEISProVideo@1, pipeline: video, e1: No value for master_input_width
02-27 19:55:04.127 17937 17976 D ApsAdapter, AlgoSwitchConfig: parsePreviewConfig, config: superEISProVideo@1, pipeline: asd, e1: No value for master_input_width
02-27 19:55:04.127 17937 17976 D ApsAdapter, AlgoSwitchConfig: parsePreviewConfig, config: hyperlapseVideo@0, pipeline: asd, e1: No value for master_input_width
02-27 19:55:04.127 17937 17976 D ApsAdapter, AlgoSwitchConfig: parsePreviewConfig, config: hyperlapseProVideo@0, pipeline: asd, e1: No value for master_input_width
02-27 19:55:04.127 17937 17976 D ApsAdapter, AlgoSwitchConfig: parsePreviewConfig, config: fastVideo@0, pipeline: asd, e1: No value for master_input_width
02-27 19:55:04.127 17937 17976 D ApsAdapter, AlgoSwitchConfig: parsePreviewConfig, config: fastVideo@1, pipeline: asd, e1: No value for master_input_width
02-27 19:55:04.127  2026  7699 D CompatChangeReporter: Compat change id reported: 319471980; UID 10153; state: ENABLED
02-27 19:55:04.127 17937 17976 D ApsAdapter, AlgoSwitchConfig: parsePreviewConfig, config: slowVideo@0, pipeline: video, e1: No value for master_input_width
02-27 19:55:04.127 17937 17976 D ApsAdapter, AlgoSwitchConfig: parsePreviewConfig, config: slowVideo@0, pipeline: asd, e1: No value for master_input_width
02-27 19:55:04.127 17937 17976 D ApsAdapter, AlgoSwitchConfig: parsePreviewConfig, config: commonSatHal@0, pipeline: video, e1: No value for master_input_width
02-27 19:55:04.127 17937 17976 D ApsAdapter, AlgoSwitchConfig: parsePreviewConfig, config: commonSatHal@1, pipeline: preview, e1: No value for master_input_width
02-27 19:55:04.127 17937 17976 D ApsAdapter, AlgoSwitchConfig: parsePreviewConfig, config: commonSatHal@1, pipeline: video, e1: No value for master_input_width
02-27 19:55:04.127 17937 17976 D ApsAdapter, AlgoSwitchConfig: parsePreviewConfig, config: commonSatHal@1, pipeline: asd, e1: No value for master_input_width
02-27 19:55:04.128 17937 17976 D ApsAdapter, AlgoSwitchConfig: parsePreviewConfig, config: ultraHD@0, pipeline: video, e1: No value for master_input_width
02-27 19:55:04.128 17937 17976 D ApsAdapter, AlgoSwitchConfig: parsePreviewConfig, config: ultraHD@0, pipeline: asd, e1: No value for master_input_width
02-27 19:55:04.128 17937 17981 I OCAM_CameraCharacteristicsUtil: initCameraInfo, cameraType: rear_main, cameraId: 0, isFront: false
02-27 19:55:04.128 17937 17976 D ApsAdapter, AlgoSwitchConfig: parsePreviewConfig, config: commonVideoSatHal@0, pipeline: asd, e1: No value for master_input_width
02-27 19:55:04.128 17937 17976 D ApsAdapter, AlgoSwitchConfig: parsePreviewConfig, config: commonVideoSatHal@1, pipeline: preview, e1: No value for master_input_width
02-27 19:55:04.128 17937 17976 D ApsAdapter, AlgoSwitchConfig: parsePreviewConfig, config: commonVideoSatHal@1, pipeline: video, e1: No value for master_input_width
02-27 19:55:04.128 17937 17976 D ApsAdapter, AlgoSwitchConfig: parsePreviewConfig, config: commonVideoSatHal@1, pipeline: asd, e1: No value for master_input_width
02-27 19:55:04.128 17937 17976 D ApsAdapter, AlgoSwitchConfig: parsePreviewConfig, config: liveHDR@0, pipeline: asd, e1: No value for master_input_width
02-27 19:55:04.128 17937 17981 I CameraUnit, BaseMode: updateAllParameterRange, featureName: com.oplus.configure.video.fps, parameterName: com.oplus.configure.video.fps, configValue: [video_30fps], after convert: [video_30fps]
02-27 19:55:04.128 17937 17981 I CameraUnit, BaseMode: updateAllParameterRange, featureName: fovc, parameterName: fovc, configValue: [on, off], after convert: [null, null]
02-27 19:55:04.128 17937 17976 D ApsAdapter, AlgoSwitchConfig: parsePreviewConfig, config: ultraNight@0, pipeline: asd, e1: No value for master_input_width
02-27 19:55:04.128 17937 17981 I CameraUnit, BaseMode: updateAllParameterRange, featureName: com.oplus.configure.video.stabilization, parameterName: com.oplus.configure.video.stabilization, configValue: [super_stabilization_front], after convert: [super_stabilization_front]
02-27 19:55:04.128 17937 17976 D ApsAdapter, AlgoSwitchConfig: parsePreviewConfig, config: movie@0, pipeline: video, e1: No value for master_input_width
02-27 19:55:04.128 17937 17976 D ApsAdapter, AlgoSwitchConfig: parsePreviewConfig, config: movie@0, pipeline: asd, e1: No value for master_input_width
02-27 19:55:04.128 17937 17976 D ApsAdapter, AlgoSwitchConfig: parsePreviewConfig, config: movieNoEis@0, pipeline: video, e1: No value for master_input_width
02-27 19:55:04.128 17937 17981 D CameraUnit, VideoMode: createCameraDeviceInfo, cameraType: front_main
02-27 19:55:04.128 17937 17976 D ApsAdapter, AlgoSwitchConfig: parsePreviewConfig, config: movieNoEis@0, pipeline: asd, e1: No value for master_input_width
02-27 19:55:04.128 17937 17981 I OCAM_CameraCharacteristicsUtil: initCameraInfo, cameraType: front_main, cameraId: 1, isFront: true
02-27 19:55:04.128 17937 17981 E OCAM_CameraCharacteristicsUtil: initCameraInfo, cameraType: rear_mono_1, cameraId: 13
02-27 19:55:04.129 17937 17981 I CameraUnit, ModeFactory: createMode, name: macro_mode
02-27 19:55:04.129 17937 17985 D OCAM_CaptureDeferTaskUtils: init, capture defer is not supported
02-27 19:55:04.129 17937 17981 D CameraUnit, ModeFactory: getMode, mode name: macro_mode
02-27 19:55:04.129 17937 17981 V CameraUnit, BaseMode: updateAllParameterRange, no need update
02-27 19:55:04.129 17937 17981 I OCAM_CameraCharacteristicsUtil: initCameraInfo, cameraType: rear_macro, cameraId: 17, isFront: false
02-27 19:55:04.129 17937 17981 I CameraUnit, ModeFactory: createMode, name: portrait_mode
02-27 19:55:04.129 17937 17981 D CameraUnit, ModeFactory: getMode, mode name: portrait_mode
02-27 19:55:04.130 17937 17981 I CameraUnit, BaseMode: updateAllParameterRange, featureName: portrait_body_type, parameterName: portrait_body_type, configValue: [full_body], after convert: [null]
02-27 19:55:04.130 17937 17981 I CameraUnit, BaseMode: updateAllParameterRange, featureName: com.oplus.preview.focus.mode, parameterName: com.oplus.preview.focus.mode, configValue: [1, 3, 4], after convert: [1, 3, 4]
02-27 19:55:04.130 17937 17981 D CameraUnit, PortraitMode: getConfigPortraitSize, zoomRatio: 1.0
02-27 19:55:04.130 17937 17981 I CameraUnit, PortraitMode: getConfigPortraitSize, null
02-27 19:55:04.131 17937 17981 D CameraUnit, PortraitMode: getBokehSizes, cameraType: rear_portrait, surfaceType: rear_main, size: 4000x3000
02-27 19:55:04.131 17937 17937 D OCAM_ApsService: onDestroy
02-27 19:55:04.131 17937 17981 D CameraUnit, CameraConfigHelper: getSupportPreviewSizeByFeature, configTypeFeatureValues: {rear_portrait={dual_bokeh=[1280X960, 1280X960]}}, featureName: bokeh_type, parameterValue: dual_bokeh, jsonConfigValues: null
02-27 19:55:04.131 17937 17981 I CameraUnit, CameraConfigHelper: getSupportPreviewSizeByFeature, feature: {com.oplus.portrait.bokeh.type=dual_bokeh}, jsonConfigValues: [1280X960, 1280X960]
02-27 19:55:04.131 17937 17981 I OCAM_CameraCharacteristicsUtil: initCameraInfo, cameraType: rear_portrait, cameraId: 8, isFront: false
02-27 19:55:04.131 17937 17981 I CameraUnit, ModeFactory: createMode, name: multi_camera_mode
02-27 19:55:04.131 17937 17981 D CameraUnit, ModeFactory: getMode, mode name: multi_camera_mode
02-27 19:55:04.131 17937 17981 V CameraUnit, BaseMode: updateAllParameterRange, no need update
02-27 19:55:04.132 17937 17937 D OCAM_ApsService: onCreate
02-27 19:55:04.132 17937 17981 D CameraUnit, CameraCharacteristicsWrapper: get, wait for camera characteristics, camera: 1, key: android.scaler.streamConfigurationMap
02-27 19:55:04.132 17937 17937 D OCAM_ApsService: onStartCommand
02-27 19:55:04.132 17937 17983 V OCAM_Util: initialize, sbInit: false
02-27 19:55:04.132 17937 17983 D OCAM_CameraCharacteristicsUtil: waitForInitialization() - start
02-27 19:55:04.133 17937 17991 D ApsAdapter, CameraPerformance: setUxThreadValue, pid is: 17937, tid is 17991 value is 129, keyThreadTag: ImageProcessThread
02-27 19:55:04.133 17937 17976 V ApsAdapter, ApsAdapterImpl: createProcessThread, thread id: 17991
02-27 19:55:04.134 17937 17976 V ApsAdapter, ApsAdapterImpl: connectAps
02-27 19:55:04.134 17937 17991 V ApsAdapter, ApsAdapterImpl: ImageProcessHandler, handleMessage, what: 1
02-27 19:55:04.135 17937 17988 V CameraManagerGlobal: Failed to register device state listener!
02-27 19:55:04.135 17937 17988 V CameraManagerGlobal: Device state dependent characteristics updates will not befunctional!
02-27 19:55:04.135 17937 17988 D CameraUnit, CameraCharacteristicsWrapper: complete getting camera characteristics, camera: 0
02-27 19:55:04.135 17937 17988 D CameraUnit, CameraCharacteristicsWrapper: start getting camera characteristics, camera: 1
02-27 19:55:04.135 17937 17988 I OplusCameraManagerGlobal: setClientInfo, packageName: com.oplus.camera, uid: 10153, pid: 17937
02-27 19:55:04.138 17937 17991 D ApsAdapter, ApsUtils: loadLibrary, libName: APSClient-cmd-jni
02-27 19:55:04.139   646   646 E lowmemorykiller: device memory 483991 free 68623 file 400163
02-27 19:55:04.139 17937 17988 V CameraManagerGlobal: Failed to register device state listener!
02-27 19:55:04.139 17937 17988 V CameraManagerGlobal: Device state dependent characteristics updates will not befunctional!
02-27 19:55:04.139 17937 17988 D CameraUnit, CameraCharacteristicsWrapper: complete getting camera characteristics, camera: 1
02-27 19:55:04.139 17937 17988 D CameraUnit, CameraCharacteristicsWrapper: start getting camera characteristics, camera: 2
02-27 19:55:04.139 17937 17988 I OplusCameraManagerGlobal: setClientInfo, packageName: com.oplus.camera, uid: 10153, pid: 17937
02-27 19:55:04.141 17937 17976 D CameraUnit, StatisticsManager: report, mAppId: 20230, mEventId: start, params: {pack_name=com.oplus.camera, enter_time=1772211304141, rear_front=rear}
02-27 19:55:04.142 17937 17981 D CameraUnit, CameraCharacteristicsWrapper: get, camera characteristics ready
02-27 19:55:04.143 17937 17988 V CameraManagerGlobal: Failed to register device state listener!
02-27 19:55:04.143 17937 17988 V CameraManagerGlobal: Device state dependent characteristics updates will not befunctional!
02-27 19:55:04.143 17937 17988 D CameraUnit, CameraCharacteristicsWrapper: complete getting camera characteristics, camera: 2
02-27 19:55:04.143 17937 17988 D CameraUnit, CameraCharacteristicsWrapper: start getting camera characteristics, camera: 3
02-27 19:55:04.143 17937 17988 I OplusCameraManagerGlobal: setClientInfo, packageName: com.oplus.camera, uid: 10153, pid: 17937
02-27 19:55:04.144 17937 17976 I CameraUnit, CameraConfigHelper: initialize config X, spend time: 86
02-27 19:55:04.144 17937 17976 E CameraUnitLog: setIsVendorTagConfigInitialize : false > true
02-27 19:55:04.144 17937 17976 W CameraUnitLog: initLog, sbIsVendorTagConfigInitialize : true
02-27 19:55:04.144 17937 17976 W CameraUnitLog: initLog, autoTestLogOn:false, isLogOn:false, isTrialVersion():false, isConfigForceOpen:false, isPanic:false, isMpVersion:true
02-27 19:55:04.146 17937 17981 I OCAM_CameraCharacteristicsUtil: initCameraInfo, cameraType: rear_main_front_main, cameraId: 100, isFront: true
02-27 19:55:04.146 17937 17981 E OCAM_CameraCharacteristicsUtil: initCameraInfo, cameraType: rear_main_front_sub, cameraId: 101
02-27 19:55:04.147 17937 17991 D nativeloader: Load libAPSClient-cmd-jni.so using class loader ns product-clns-7 (caller=/product/framework/com.oplus.camera.unit.sdk.jar): ok
02-27 19:55:04.147 17937 17988 V CameraManagerGlobal: Failed to register device state listener!
02-27 19:55:04.147 17937 17988 V CameraManagerGlobal: Device state dependent characteristics updates will not befunctional!
02-27 19:55:04.147 17937 17988 I OplusCameraManagerGlobal: setClientInfo, packageName: com.oplus.camera, uid: 10153, pid: 17937
02-27 19:55:04.147 14092 14504 I DCS>ContentProvider[1239]: support
02-27 19:55:04.150 17937 17981 D OCAM_CameraCharacteristicsUtil: initCameraInfo, 2 front camera(s) found
02-27 19:55:04.150 17937 17981 V OCAM_OppoCamera_TRACE: traceBeginSection, msg: disableKeyThreadValue_17981
02-27 19:55:04.150 17937 17988 V CameraManagerGlobal: Failed to register device state listener!
02-27 19:55:04.150 17937 17988 V CameraManagerGlobal: Device state dependent characteristics updates will not befunctional!
02-27 19:55:04.150 17937 17981 V OCAM_OppoCamera_TRACE: traceEndSection, msg: disableKeyThreadValue_17981
02-27 19:55:04.150 17937 17981 V OCAM_OppoCamera_TRACE: traceEndSection, msg: initCameraInfo
02-27 19:55:04.150 17937 17981 V OCAM_CameraCharacteristicsUtil: initCameraInfo, sbInitializing: false
02-27 19:55:04.151 17937 17981 D OCAM_CameraCharacteristicsUtil: initialize, sAllCameraIdTypeMap's size is error, clear cache
02-27 19:55:04.151 17937 17981 D OCAM_CameraCharacteristicsUtil: clearCameraIdTypeCache
02-27 19:55:04.151 17937 17991 E ApsAdapter, APSClient: APSClient, classloaderdalvik.system.PathClassLoader[DexPathList[[zip file "/product/framework/com.oplus.camera.unit.sdk.jar"],nativeLibraryDirectories=[/product/app/OplusCamera/lib/arm64, /product/app/OplusCamera/OplusCamera.apk!/lib/arm64-v8a, /system/lib64, /system_ext/lib64]]], mbAPSClientJNICmdVersion: true, jniVersion: V002.000.000
02-27 19:55:04.152 17937 17983 D OCAM_CameraCharacteristicsUtil: waitForInitialization() - end
02-27 19:55:04.165 17937 17983 W AudioCapabilities: Unsupported mime audio/ffmpeg
02-27 19:55:04.177 17937 17983 W VideoCapabilities: Unsupported mime image/vnd.android.heic
02-27 19:55:04.177 17937 17983 W VideoCapabilities: Unsupported mime image/vnd.android.heic
02-27 19:55:04.183 17937 17983 W VideoCapabilities: Unsupported mime video/ffmpeg
02-27 19:55:04.183 17937 17983 V OCAM_Util: isSupportH265Encoder, width: 1920, height: 1080, support: true
02-27 19:55:04.184 17937 17983 V OCAM_DensityUtil: supportResolutionSwitch, getPhysicalWidth: 1080
02-27 19:55:04.185 17937 17983 D OCAM_DensityUtil: initializeDefaultDisplay, acquire sDefaultDensity: 480
02-27 19:55:04.190 17937 17983 V OCAM_DeviceUtil: getFolderAngle, folderAngle: -1
02-27 19:55:04.190 17937 17983 D OCAM_DeviceUtil: updateFolderAngle, sFoldAngle: -1, sSensorAngle: -1
02-27 19:55:04.190 17937 17983 V OCAM_UpdateUtil: setInitState, sbInit: true
02-27 19:55:04.191 17937 17983 W libc    : Access denied finding property "vendor.camera.simulation.debug.state"
02-27 19:55:04.191 17937 17983 V OCAM_Util: initialize X
02-27 19:55:04.191 17937 17983 V OCAM_OppoCamera_TRACE: traceEndSection, msg: InitCameraConfigHeavyTask
02-27 19:55:04.191 17937 17983 D OCAM_TaskBusRunnable: TaskBusRunable.run executeTask: InitCameraConfigHeavyTask, cost time: 107ms.
02-27 19:55:04.191 17937 17983 D OCAM_TaskBus: needDisableUx: true corePoolSize: 4 mDoneTasks: 12 mAllTasksCls: 12 this:fh.b@68a9e9c
02-27 19:55:04.191 17937 17983 V OCAM_OppoCamera_TRACE: traceBeginSection, msg: disableKeyThreadValue_17983
02-27 19:55:04.192 17937 17983 V OCAM_OppoCamera_TRACE: traceEndSection, msg: disableKeyThreadValue_17983
02-27 19:55:04.192 17937 17983 V OCAM_OppoCamera_TRACE: traceEndSection, msg: InitCameraConfigHeavyTask
02-27 19:55:04.207 17937 17984 E CameraUnit, CameraConfigure: protobuf version: 1b7e01d0c3c
02-27 19:55:04.207 17937 17984 E CameraUnit, CameraConfigure: protobuf parser cost time: 90
02-27 19:55:04.207 17937 17991 E APS_CORE: [ERROR][ ALGO_JNI ] APSInterface.cpp: 55  loadAPSAdapterLib()  libHeifEncoderWrapper.so dlopen failed!! dlerror:dlopen failed: library "libHeifEncoderWrapper.so" not found
02-27 19:55:04.209 17937 17991 E APS_CORE: [ERROR][ ALGO_JNI ] APSInterface.cpp: 62  loadAPSAdapterLib()  libNativeWinBuffExchange.so dlopen failed!! dlerror:dlopen failed: library "libNativeWinBuffExchange.so" not found
02-27 19:55:04.214 17937 17991 E APS_CORE: [ERROR][ ALGO_JNI ] APSInterface.cpp: 85  loadAPSAdapterLib()  gAPSAdapterOps.heifWinBufReflectJavaFlag: 1
02-27 19:55:04.215 17937 17991 W libc    : Access denied finding property "vendor.oplus.aps.refcount"
02-27 19:55:04.218 17937 17984 E CameraUnit, CameraConfigure: Conflict feature not config: portrait_mode/front_main/key_should_reopen_hdr_mode
02-27 19:55:04.218 17937 17984 E CameraUnit, CameraConfigure: Conflict feature not config: portrait_mode/front_main/key_should_reopen_hdr_mode
02-27 19:55:04.219 17937 17984 E CameraUnit, CameraConfigure: Conflict feature not config: super_text_mode/common/pref_camera_flashmode_key
02-27 19:55:04.219 17937 17984 E CameraUnit, CameraConfigure: Conflict feature not config: super_text_mode/common/pref_camera_flashmode_key
02-27 19:55:04.229 17937 17984 E CameraUnit, CameraConfigure: Conflict feature not config: night_mode/rear_main/pref_night_tripod_mode_key
02-27 19:55:04.239   646   646 E lowmemorykiller: device memory 482575 free 66802 file 400521
02-27 19:55:04.251 17937 17984 E CameraUnit, CameraConfigure: initialize, configParseVersion: 1, cost time: 145
02-27 19:55:04.251 17937 17984 V OCAM_OppoCamera_TRACE: traceBeginSection, msg: disableKeyThreadValue_17984
02-27 19:55:04.252 17937 17984 V OCAM_OppoCamera_TRACE: traceEndSection, msg: disableKeyThreadValue_17984
02-27 19:55:04.253 17937 17991 W libc    : Access denied finding property "vendor.oplus.camera.debug.memtracker.dump"
02-27 19:55:04.272 17937 17991 E APS_CORE: [ERROR][ LOGIC ] APSRefFrameSelector.cpp: 521  APSRefFrameSelector()  dlsym pClarityEvaluateRawCrop failed, error msg: undefined symbol: multi_img_clarity_evaluation_v2
02-27 19:55:04.272 17937 17991 E APS_CORE: [ERROR][ LOGIC ] APSRefFrameSelector.cpp: 527  APSRefFrameSelector()  dlsym pClarityEvaluateRawPickFrame failed, error msg: undefined symbol: multi_img_clarity_evaluation_pickframe
02-27 19:55:04.272 17937 17991 E APS_CORE: [ERROR][ LOGIC ] APSRefFrameSelector.cpp: 544  APSRefFrameSelector()  dlsym failed, error msg: dlopen failed: library "/odm/lib64/libarcsoft_turbo_hdr_grf.so" not found, try to load /odm/lib64/libarcsoft_turbo_fusion_raw_grf.so
02-27 19:55:04.273 17937 17991 W libc    : Access denied finding property "vendor.aps.logic.quick.jpeg.debug"
02-27 19:55:04.273 17937 17991 E APS_CORE: [ERROR][ LOGIC ] ODNNLoad.cpp: 61  ODNNLoad()  hDllLib is nullptr! no dlopen libODNN.so
02-27 19:55:04.273 17937 17991 E APS_CORE:  dlopen failed: library "/odm/lib64/libODNN.so" not found
02-27 19:55:04.273 17937 17991 E APS_CORE: [ERROR][ LOGIC ] ODNNLoad.cpp: 224  IsSkelUnLoadable()  skelway hDllLib is nullptr!
02-27 19:55:04.273 17937 17991 E APS_CORE: [ERROR][ LOGIC ] ODNNLoad.cpp: 134  InitSkel()  hDllLib is nullptr!
02-27 19:55:04.318  2026  4174 I OplusHansManager : uid=10310, pkg=com.google.android.apps.chromecast.app F enter(), M stay=5
02-27 19:55:04.324  2026  4174 I OplusHansManager : freeze uid: 10310 com.google.android.apps.chromecast.app pids: [17817] scene: LcdOn
02-27 19:55:04.324  2026  4192 I OplusHansManager : p_BC uid=10310 pkg=com.google.android.apps.chromecast.app
02-27 19:55:04.325  2026  4192 I OplusBinderProxy: proxyBinder uid: 10310 pkg: com.google.android.apps.chromecast.app proxy: true calling: OFreezer
02-27 19:55:04.340   646   646 E lowmemorykiller: device memory 481654 free 65794 file 400607
02-27 19:55:04.341 17937 17998 E APS_CORE: [ERROR][ LOGIC ] APSManager.cpp: 353  apsRoutine()  Enter APS Routine cmdtype: 0, cmdQueueSize: 0, procQueueSize: 0, semval: 0
02-27 19:55:04.341 17937 17991 W libc    : Access denied finding property "vendor.camera.mem.debug.enable"
02-27 19:55:04.341 17937 17991 W libc    : Access denied finding property "vendor.camera.autotime.debug.switch"
02-27 19:55:04.341 17937 17991 W libc    : Access denied finding property "vendor.oplus.aps.res.detect"
02-27 19:55:04.346 17937 17991 W libc    : Access denied finding property "vendor.aps.logic.preview.metadata.debug"
02-27 19:55:04.347 17937 17991 W libc    : Access denied finding property "vendor.aps.logic.quick.jpeg.debug"
02-27 19:55:04.467  4130  4583 D CommonApp-271-10497: transport layer data is invalid
02-27 19:55:04.510  1540  1753 D BatteryChargeControl: bcc get no support from charging protocol
02-27 19:55:04.565  2026  3795 I Osense-PsiDetector: 1881,257,2530,7679,68,436,218,1230,1893,764,800,0,8,7378
02-27 19:55:04.565 14128 14497 I metis_v2_OsenseCallBack: memLevel: 2 [Metis|com.oplus.metis|1.4.54-aa2067f]
02-27 19:55:04.821  1510  8349 I QC2Comp : [vp9D_3966] Stats: Pending(3) i/p-done(0) Works: Q: 26/Done 25|Work-Rate: Q(0.0/s Avg=0.0/s) Done(0.000/s Avg=0.001/s)| Stream: 30.30fps 174.6Kbps
02-27 19:55:04.821  1510  8349 I QC2Comp : Mem-usage:  [In-1D - 5 bufs 14.941 MB] [1D-0 - 15 bufs 0.234 MB] [2D-3823 - 23 bufs 17.250 MB]
02-27 19:55:04.821  1510  8349 I QC2Comp : Total Mem-usage: 32.426 MB
02-27 19:55:04.977 14128 14497 I metis_v2_OsenseCallBack: memLevel: 1 [Metis|com.oplus.metis|1.4.54-aa2067f]
02-27 19:55:05.045  7647 31827 D gaia-GaiaConnectChecker: start connect check++
02-27 19:55:05.049  7647 31760 D gaia-GaiaConnectChecker: start connect check++
02-27 19:55:05.253   646   646 E lowmemorykiller: device memory 481484 free 65605 file 400625
02-27 19:55:05.327 10532 10537 D IHansComunication: HANS sendMessageToKernel: threadId = 526745844848, netLinkSetup = 1, type = FROZEN_TRANS, targetUid = 10310, pkgCmd = PKG_CMD_MAX
02-27 19:55:05.350 26780 23512 D CustomLogManagerService: WorkHandler msg.what :5
02-27 19:55:05.354 26780 23512 D CustomLogManagerService: user experience toggle off
02-27 19:55:05.384  1540  1540 D vendor.oplus.hardware.charger-V6-service: getChargerControl:sub_current=100
02-27 19:55:05.384  1540  1540 D vendor.oplus.hardware.charger-V6-service: sub_voltage=3800
02-27 19:55:05.384  1540  1540 D vendor.oplus.hardware.charger-V6-service: sub_soc=-1
02-27 19:55:05.384  1540  1540 D vendor.oplus.hardware.charger-V6-service: sub_temperature=250
02-27 19:55:05.384  1540  1540 D vendor.oplus.hardware.charger-V6-service: main_soc=13
02-27 19:55:05.463  2026  3448 D WifiStaIfaceHidlImpl: getCachedScanData is not implemented by HIDL
02-27 19:55:05.487  4130  4583 D CommonApp-271-10497: transport layer data is invalid
02-27 19:55:05.487  4248  4248 D VendorWifiService: onEvent event:9,action:1
02-27 19:55:05.496  2026  3554 D OplusWifiPower_TriggerCenter: mComponentCallback: wifistat
02-27 19:55:05.512  1540  1753 D BatteryChargeControl: bcc get no support from charging protocol
02-27 19:55:05.601  2026  3795 I Osense-PsiDetector: 1890,256,2530,7679,68,436,208,1231,1894,764,800,0,8,7379
02-27 19:55:05.602 14128 14497 I metis_v2_OsenseCallBack: memLevel: 2 [Metis|com.oplus.metis|1.4.54-aa2067f]
02-27 19:55:06.018 14128 14497 I metis_v2_OsenseCallBack: memLevel: 1 [Metis|com.oplus.metis|1.4.54-aa2067f]
02-27 19:55:06.133 17937 17988 I OplusCameraManagerGlobal: setClientInfo, packageName: com.oplus.camera, uid: 10153, pid: 17937
02-27 19:55:06.136 17937 17988 V MandatoryStreamCombination: Device does not support preview stabilization
02-27 19:55:06.142 17937 17988 I OplusCameraManagerGlobal: setClientInfo, packageName: com.oplus.camera, uid: 10153, pid: 17937
02-27 19:55:06.153 17937 17988 I OplusCameraManagerGlobal: setClientInfo, packageName: com.oplus.camera, uid: 10153, pid: 17937
02-27 19:55:06.154 17937 17988 V MandatoryStreamCombination: Device is not able to output 10-bit!
02-27 19:55:06.158 17937 17988 I OplusCameraManagerGlobal: setClientInfo, packageName: com.oplus.camera, uid: 10153, pid: 17937
02-27 19:55:06.191 17937 17988 I OplusCameraManagerGlobal: setClientInfo, packageName: com.oplus.camera, uid: 10153, pid: 17937
02-27 19:55:06.192 17937 17988 V MandatoryStreamCombination: Device does not support preview stabilization
02-27 19:55:06.194 17937 17988 I OplusCameraManagerGlobal: setClientInfo, packageName: com.oplus.camera, uid: 10153, pid: 17937
02-27 19:55:06.199 17937 17988 I OplusCameraManagerGlobal: setClientInfo, packageName: com.oplus.camera, uid: 10153, pid: 17937
02-27 19:55:06.200 17937 17988 V MandatoryStreamCombination: Device is not able to output 10-bit!
02-27 19:55:06.202 17937 17988 I OplusCameraManagerGlobal: setClientInfo, packageName: com.oplus.camera, uid: 10153, pid: 17937
02-27 19:55:06.228 17937 17988 I OplusCameraManagerGlobal: setClientInfo, packageName: com.oplus.camera, uid: 10153, pid: 17937
02-27 19:55:06.229 17937 17988 V MandatoryStreamCombination: Device does not support preview stabilization
02-27 19:55:06.231 17937 17988 I OplusCameraManagerGlobal: setClientInfo, packageName: com.oplus.camera, uid: 10153, pid: 17937
02-27 19:55:06.235 17937 17988 I OplusCameraManagerGlobal: setClientInfo, packageName: com.oplus.camera, uid: 10153, pid: 17937
02-27 19:55:06.236 17937 17988 V MandatoryStreamCombination: Device is not able to output 10-bit!
02-27 19:55:06.238 17937 17988 I OplusCameraManagerGlobal: setClientInfo, packageName: com.oplus.camera, uid: 10153, pid: 17937
02-27 19:55:06.262 17937 17988 I OplusCameraManagerGlobal: setClientInfo, packageName: com.oplus.camera, uid: 10153, pid: 17937
02-27 19:55:06.263 17937 17988 V MandatoryStreamCombination: Device does not support preview stabilization
02-27 19:55:06.265 17937 17988 I OplusCameraManagerGlobal: setClientInfo, packageName: com.oplus.camera, uid: 10153, pid: 17937
02-27 19:55:06.269 17937 17988 I OplusCameraManagerGlobal: setClientInfo, packageName: com.oplus.camera, uid: 10153, pid: 17937
02-27 19:55:06.270 17937 17988 V MandatoryStreamCombination: Device is not able to output 10-bit!
02-27 19:55:06.272 17937 17988 I OplusCameraManagerGlobal: setClientInfo, packageName: com.oplus.camera, uid: 10153, pid: 17937
02-27 19:55:06.297 17937 17988 I OplusCameraManagerGlobal: setClientInfo, packageName: com.oplus.camera, uid: 10153, pid: 17937
02-27 19:55:06.299 17937 17988 V MandatoryStreamCombination: Device does not support preview stabilization
02-27 19:55:06.301 17937 17988 I OplusCameraManagerGlobal: setClientInfo, packageName: com.oplus.camera, uid: 10153, pid: 17937
02-27 19:55:06.309 17937 17988 I OplusCameraManagerGlobal: setClientInfo, packageName: com.oplus.camera, uid: 10153, pid: 17937
02-27 19:55:06.310 17937 17988 V MandatoryStreamCombination: Device is not able to output 10-bit!
02-27 19:55:06.313 17937 17988 I OplusCameraManagerGlobal: setClientInfo, packageName: com.oplus.camera, uid: 10153, pid: 17937
02-27 19:55:06.461 17704 17715 I esiri.esiriplus: Background concurrent copying GC freed 16MB AllocSpace bytes, 107(3440KB) LOS objects, 49% free, 11MB/22MB, paused 69us,30us total 110.654ms
02-27 19:55:06.512  4130  4583 D CommonApp-271-10497: commonScoreStrategy scenarios low package
02-27 19:55:06.514  1540  1753 D BatteryChargeControl: bcc get no support from charging protocol
02-27 19:55:06.560  2026  4174 I OplusHansManager : uid=10412, pkg=cn.xender cannot transition from R to M, importance=fg-service
02-27 19:55:06.642 14128 14497 I metis_v2_OsenseCallBack: memLevel: 2 [Metis|com.oplus.metis|1.4.54-aa2067f]
02-27 19:55:06.643  2026  3795 I Osense-PsiDetector: 1901,266,2530,7679,68,436,208,1219,1894,764,800,0,8,7378
02-27 19:55:06.776 17704 17783 I Supabase-Realtime: Heartbeat received
02-27 19:55:07.058 14128 14497 I metis_v2_OsenseCallBack: memLevel: 1 [Metis|com.oplus.metis|1.4.54-aa2067f]
02-27 19:55:07.400  4130  4583 D CommonApp-271-10497: DefaultState EVENT_SCENARIOS_CHANGE
02-27 19:55:07.400  4130  4583 D CommonApp-271-10497: scene=COMMON pn=com.esiri.esiriplus
02-27 19:55:07.516  1540  1753 D BatteryChargeControl: bcc get no support from charging protocol
02-27 19:55:07.536  4130  4583 D CommonApp-271-10497: commonScoreStrategy scenarios low package
02-27 19:55:07.558  1510 18624 I QC2Comp : [vp9D_3677] Stats: Pending(3) i/p-done(0) Works: Q: 26/Done 25|Work-Rate: Q(0.0/s Avg=0.0/s) Done(0.000/s Avg=0.000/s)| Stream: 25.00fps 328.6Kbps
02-27 19:55:07.558  1510 18624 I QC2Comp : Mem-usage:  [In-1D - 5 bufs 14.941 MB] [1D-0 - 15 bufs 0.234 MB] [2D-3534 - 23 bufs 51.750 MB]
02-27 19:55:07.558  1510 18624 I QC2Comp : Total Mem-usage: 66.926 MB
02-27 19:55:07.680  2026  3795 I Osense-PsiDetector: 1901,266,2529,7679,68,436,208,1218,1894,764,800,0,8,7379
02-27 19:55:07.681 14128 14497 I metis_v2_OsenseCallBack: memLevel: 2 [Metis|com.oplus.metis|1.4.54-aa2067f]
02-27 19:55:07.907  1540  1717 D vendor.oplus.hardware.charger-V6-service: ret_value:127, read content:,384,373,3707,3707,-36,500,2200,13,14,1,4,-1,4912,13,1,0,1,1,0,0,4425,0,2,0,2,0,0,0,381,0,1,1,0,0,61,61,61,0,0,0,0,0,0,0,0,0,0
02-27 19:55:07.908  1540  1717 D vendor.oplus.hardware.charger-V6-service: gmtime: 2026-02-27-19-55-07
02-27 19:55:07.909  1540  1717 D vendor.oplus.hardware.charger-V6-service: usb_online:1, ac_online:0, wireless_online:-2147483648
02-27 19:55:08.097 14128 14497 I metis_v2_OsenseCallBack: memLevel: 1 [Metis|com.oplus.metis|1.4.54-aa2067f]
02-27 19:55:08.504  2026  3448 D WifiStaIfaceHidlImpl: getCachedScanData is not implemented by HIDL
02-27 19:55:08.519  1540  1753 D BatteryChargeControl: bcc get no support from charging protocol
02-27 19:55:08.521  4248  4248 D VendorWifiService: onEvent event:9,action:1
02-27 19:55:08.525  2026  3554 D OplusWifiPower_TriggerCenter: mComponentCallback: wifistat
02-27 19:55:08.564  4130  4583 D CommonApp-271-10497: transport layer data is invalid
02-27 19:55:08.590   646   646 E lowmemorykiller: device memory 486718 free 67513 file 400700
02-27 19:55:08.717  2026  3795 I Osense-PsiDetector: 1901,266,2527,7679,68,436,208,1216,1894,764,800,0,8,7379
02-27 19:55:08.718 14128 14497 I metis_v2_OsenseCallBack: memLevel: 2 [Metis|com.oplus.metis|1.4.54-aa2067f]
02-27 19:55:08.865  3978 25348 D IpClient/wlan0: interfaceLinkStateChanged: ifindex 27 up
02-27 19:55:09.125  1535  4282 E PerformanceService: storage_feature: open /sys/devices/platform/soc/112b0000.ufshci//virtualtlcbuff fail
02-27 19:55:09.129 14128 14497 I metis_v2_OsenseCallBack: memLevel: 1 [Metis|com.oplus.metis|1.4.54-aa2067f]
02-27 19:55:09.229  2026  3795 I Osense-PsiDetector: 1901,267,2526,7679,68,436,208,1215,1893,763,800,0,8,7376
02-27 19:55:09.230  2026  3784 I Osense-BaseDecisionMaker: notifySceneToAthenaPolicy: SCENE_RES_MEM_PSI_NORMAL, bundle: Bundle[{memLevel=3}]
02-27 19:55:09.230 14128 14497 I metis_v2_OsenseCallBack: memLevel: 3 [Metis|com.oplus.metis|1.4.54-aa2067f]
02-27 19:55:09.442  1540  1540 D vendor.oplus.hardware.charger-V6-service: get_ui_charge_icon_type 0 0 0 0 0
02-27 19:55:09.444  1540  1540 D vendor.oplus.hardware.charger-V6-service: oplus_chg_get_cpa_power 2500 charge_online 1 retention_topic 0
02-27 19:55:09.461  3736  3736 I SystemUi--Statusbar: BatteryControllerExt-->updateBatteryChangeIntent():broadcast=android.intent.action.BATTERY_CHANGED,level=14,scale=100
02-27 19:55:09.463  3736  3736 I SystemUi--Statusbar: BatteryRepository-->level: 14 -- isSavingMode: false
02-27 19:55:09.464  4248  4248 D SubsysBroadcastManager: onReceive action:android.intent.action.BATTERY_CHANGED
02-27 19:55:09.465  2026  2844 D OplusDisplayBrightnessBroadcastReceiver: onReceive action = android.intent.action.BATTERY_CHANGED , listeners = [com.android.server.display.OplusFeatureHDREnhanceBrightness$PhoneInfoReceiver@d078a20, com.android.server.display.OplusFeatureEdrEnhanceBrightness$PhoneInfoReceiver@d0bbfd9]
02-27 19:55:09.470 26084 26084 D DeviceStatisticsService: onReceive: action= android.intent.action.BATTERY_CHANGED
02-27 19:55:09.477  7792  9430 E Battery : ChargeProtectionUtils: mCanlendarTmp.isEmpty()!
02-27 19:55:09.478 26780 26780 D CustomLogManagerService: onReceive android.intent.action.BATTERY_CHANGED
02-27 19:55:09.500  1540  1540 D vendor.oplus.hardware.charger-V6-service: getChargerControl:sub_current=100
02-27 19:55:09.500  1540  1540 D vendor.oplus.hardware.charger-V6-service: sub_voltage=3800
02-27 19:55:09.500  1540  1540 D vendor.oplus.hardware.charger-V6-service: sub_soc=-1
02-27 19:55:09.500  1540  1540 D vendor.oplus.hardware.charger-V6-service: sub_temperature=250
02-27 19:55:09.500  1540  1540 D vendor.oplus.hardware.charger-V6-service: main_soc=13
02-27 19:55:09.521  1540  1753 D BatteryChargeControl: bcc get no support from charging protocol
02-27 19:55:09.584  4130  4583 D CommonApp-271-10497: transport layer data is invalid
02-27 19:55:09.749  2026  3795 I Osense-PsiDetector: 1901,268,2525,7679,68,436,208,1215,1893,763,800,0,8,7375
02-27 19:55:09.821  1510  8349 I QC2Comp : [vp9D_3966] Stats: Pending(3) i/p-done(0) Works: Q: 26/Done 25|Work-Rate: Q(0.0/s Avg=0.0/s) Done(0.000/s Avg=0.001/s)| Stream: 30.30fps 174.6Kbps
02-27 19:55:09.821  1510  8349 I QC2Comp : Mem-usage:  [In-1D - 5 bufs 14.941 MB] [1D-0 - 15 bufs 0.234 MB] [2D-3823 - 23 bufs 17.250 MB]
02-27 19:55:09.821  1510  8349 I QC2Comp : Total Mem-usage: 32.426 MB
02-27 19:55:10.094 17937 18001 D ProfileInstaller: Installing profile for com.oplus.camera
02-27 19:55:10.165 14128 14497 I metis_v2_OsenseCallBack: memLevel: 1 [Metis|com.oplus.metis|1.4.54-aa2067f]
02-27 19:55:10.268  2026  3795 I Osense-PsiDetector: 1902,269,2524,7679,68,436,208,1214,1893,763,800,0,8,7375
02-27 19:55:10.269 14128 14497 I metis_v2_OsenseCallBack: memLevel: 3 [Metis|com.oplus.metis|1.4.54-aa2067f]
02-27 19:55:10.270  2026  3784 I Osense-BaseDecisionMaker: notifySceneToAthenaPolicy: SCENE_RES_MEM_PSI_NORMAL, bundle: Bundle[{memLevel=3}]
02-27 19:55:10.405  1540  1540 D vendor.oplus.hardware.charger-V6-service: getChargerControl:sub_current=100
02-27 19:55:10.405  1540  1540 D vendor.oplus.hardware.charger-V6-service: sub_voltage=3800
02-27 19:55:10.405  1540  1540 D vendor.oplus.hardware.charger-V6-service: sub_soc=-1
02-27 19:55:10.405  1540  1540 D vendor.oplus.hardware.charger-V6-service: sub_temperature=250
02-27 19:55:10.405  1540  1540 D vendor.oplus.hardware.charger-V6-service: main_soc=13
02-27 19:55:10.524  1540  1753 D BatteryChargeControl: bcc get no support from charging protocol
02-27 19:55:10.607  4130  4583 D CommonApp-271-10497: transport layer data is invalid
02-27 19:55:10.786  2026  3795 I Osense-PsiDetector: 1904,270,2522,7679,68,436,208,1212,1893,763,800,0,8,7373
02-27 19:55:10.975  4248  4248 D SubsysEventListenerManager-SubsysTelephonyCallback[1]: onSignalStrengthsChanged
02-27 19:55:10.984  3736  3959 I SystemUi--Statusbar: MobileConnectionRepositoryImpl-->subId:3 isSoftSimCard:false slotId:1
02-27 19:55:11.201 14128 14497 I metis_v2_OsenseCallBack: memLevel: 1 [Metis|com.oplus.metis|1.4.54-aa2067f]
02-27 19:55:11.305  2026  3795 I Osense-PsiDetector: 1905,271,2521,7679,68,436,208,1211,1893,763,800,0,8,7373
02-27 19:55:11.306  2026  3784 I Osense-BaseDecisionMaker: notifySceneToAthenaPolicy: SCENE_RES_MEM_PSI_NORMAL, bundle: Bundle[{memLevel=3}]
02-27 19:55:11.306 14128 14497 I metis_v2_OsenseCallBack: memLevel: 3 [Metis|com.oplus.metis|1.4.54-aa2067f]
02-27 19:55:11.480 26780 23512 D CustomLogManagerService: WorkHandler msg.what :5
02-27 19:55:11.480 26780 23512 D CustomLogManagerService: user experience toggle off
02-27 19:55:11.526  1540  1753 D BatteryChargeControl: bcc get no support from charging protocol
02-27 19:55:11.531  2026  3448 D WifiStaIfaceHidlImpl: getCachedScanData is not implemented by HIDL
02-27 19:55:11.546  4248  4248 D VendorWifiService: onEvent event:9,action:1
02-27 19:55:11.552  2026  3554 D OplusWifiPower_TriggerCenter: mComponentCallback: wifistat
02-27 19:55:11.631  4130  4583 D CommonApp-271-10497: transport layer data is invalid
02-27 19:55:11.825  2026  3795 I Osense-PsiDetector: 1906,272,2520,7679,68,436,208,1209,1893,763,800,0,8,7373
02-27 19:55:12.241 14128 14497 I metis_v2_OsenseCallBack: memLevel: 1 [Metis|com.oplus.metis|1.4.54-aa2067f]
02-27 19:55:12.528  1540  1753 D BatteryChargeControl: bcc get no support from charging protocol
02-27 19:55:12.559  1510 18624 I QC2Comp : [vp9D_3677] Stats: Pending(3) i/p-done(0) Works: Q: 26/Done 25|Work-Rate: Q(0.0/s Avg=0.0/s) Done(0.000/s Avg=0.000/s)| Stream: 25.00fps 328.6Kbps
02-27 19:55:12.559  1510 18624 I QC2Comp : Mem-usage:  [In-1D - 5 bufs 14.941 MB] [1D-0 - 15 bufs 0.234 MB] [2D-3534 - 23 bufs 51.750 MB]
02-27 19:55:12.559  1510 18624 I QC2Comp : Total Mem-usage: 66.926 MB
02-27 19:55:12.656  4130  4583 D CommonApp-271-10497: transport layer data is invalid
02-27 19:55:12.865  2026  3795 I Osense-PsiDetector: 1907,273,2518,7679,68,436,208,1207,1893,763,800,0,8,7373
02-27 19:55:12.866 14128 14497 I metis_v2_OsenseCallBack: memLevel: 2 [Metis|com.oplus.metis|1.4.54-aa2067f]
02-27 19:55:12.909  1540  1717 D vendor.oplus.hardware.charger-V6-service: ret_value:128, read content:,384,373,3706,3706,-109,500,2200,13,14,1,4,-1,4912,13,1,0,1,1,0,0,4425,0,2,0,2,0,0,0,381,0,1,1,0,0,61,61,61,0,0,0,0,0,0,0,0,0,0
02-27 19:55:12.910  1540  1717 D vendor.oplus.hardware.charger-V6-service: gmtime: 2026-02-27-19-55-12
02-27 19:55:12.911  1540  1717 D vendor.oplus.hardware.charger-V6-service: usb_online:1, ac_online:0, wireless_online:-2147483648
02-27 19:55:13.282 14128 14497 I metis_v2_OsenseCallBack: memLevel: 1 [Metis|com.oplus.metis|1.4.54-aa2067f]
02-27 19:55:13.532  1540  1753 D BatteryChargeControl: bcc get no support from charging protocol
02-27 19:55:13.679  4130  4583 D CommonApp-271-10497: transport layer data is invalid
02-27 19:55:13.741  2026  2702 D CompatChangeReporter: Compat change id reported: 151861875; UID 10343; state: ENABLED
02-27 19:55:13.741  2026  2702 V GrammaticalInflectionUtils: AttributionSource: android.content.AttributionSource@b3470419 does not have READ_SYSTEM_GRAMMATICAL_GENDER permission.
02-27 19:55:13.760  1318 24659 E TetherController: property_get sys.radio.data.modem_share_flag return 0, 1!
02-27 19:55:13.777  1319  1319 D Zygote  : Forked child process 18002
02-27 19:55:13.779  2026  2704 I ActivityManager: Start proc 18002:com.lemon.lvoverseas/u0a343 for service {com.lemon.lvoverseas/com.bytedance.android.push.depths.i18n.account.main.MainDepthsI18nAccountAuthenticatorService}
02-27 19:55:13.779  7270 29953 D ShellSubscriberWorkerThread: the first 8 bytes empty, and RestData length > 8 
02-27 19:55:13.791 18002 18002 I libc    : SetHeapTaggingLevel: tag level set to 0
02-27 19:55:13.805 18002 18002 E emon.lvoverseas: Unknown bits set in runtime_flags: 0x40000000
02-27 19:55:13.805 18002 18002 I emon.lvoverseas: Using CollectorTypeCC GC.
