--------- beginning of system
02-27 19:28:11.985  2026  2618 D OplusFlexibleWindowMinimizedManagerHelper: onTaskInfoChanged taskInfo:TaskInfo{userId=0 taskId=1 displayId=0 isRunning=true baseIntent=Intent { act=android.intent.action.MAIN cat=[android.intent.category.HOME] flg=0x10000100 cmp=com.android.launcher/.Launcher mCallingUid=1000 } baseActivity=ComponentInfo{com.android.launcher/com.android.launcher.Launcher} topActivity=ComponentInfo{com.android.launcher/com.android.launcher.Launcher} origActivity=null realActivity=null numActivities=1 lastActiveTime=95634 supportsSplitScreenMultiWindow=false supportsMultiWindow=true supportsPocketStudioMultiWindow=false isInFlexibleEmbedded = false uid = 10212 pid = 3981 resizeMode=2 isResizeable=true minWidth=-1 minHeight=-1 defaultMinSize=220 token=WCT{RemoteToken{3b69a3 Task{13c7354 #1 type=home}}} topActivityType=2 pictureInPictureParams=null shouldDockBigOverlays=false launchIntoPipHostTaskId=-1 lastParentTaskIdBeforePip=-1 displayCutoutSafeInsets=Rect(0, 107 - 0, 0) topActivityInfo=ActivityInfo{f5c1356 com.android.launcher.Launcher} launchCookies=[] positionInParent=Point(0, 0) parentTaskId=-1 isFocused=false isVisible=false isVisibleRequested=false isSleeping=false locusId=LocusId[17_chars] displayAreaFeatureId=1 isTopActivityTransparent=false appCompatTaskInfo=AppCompatTaskInfo { topActivityInSizeCompat=false topActivityInOplusCompatMode=false topActivityEligibleForLetterboxEducation= falseisLetterboxEducationEnabled= false isLetterboxDoubleTapEnabled= false topActivityEligibleForUserAspectRatioButton= false topActivityBoundsLetterboxed= false isFromLetterboxDoubleTap= false topActivityLetterboxVerticalPosition= -1 topActivityLetterboxHorizontalPosition= -1 topActivityLetterboxWidth=1080 topActivityLetterboxHeight=2400 isUserFullscreenOverrideEnabled=false isSystemFullscreenOverrideEnabled=false cameraCompatTaskInfo=CameraCompatTaskInfo { cameraCompatControlState=hidden freeformCameraCompatMode=inactive}} topActivityLetterboxInsets=Rect(0, 0 - 0, 0) mOplusExtraBundle = Bundle[{androidx.flexible.taskFrame=Rect(0, 0 - 0, 0), key_flexible_task_state=0, androidx.activity.LaunchScenario=0, androidx.activity.LaunchScale=1.0}]} task:Task{13c7354 #1 type=home}
02-27 19:28:11.985  2026  2618 D OplusFlexibleDragToSplitAnimController: visibleFlexibleTaskInfos delete:1
02-27 19:28:11.989  2026  2618 D RefreshRate: Refresh rate changing from 120.00001 to 90.0,maxRefreshRate=0.0 FOR:{
02-27 19:28:11.989  2026  2618 D RefreshRate:     | COURSE[; Win preferred rateId=0, appReqFirst=false, data= RateData{} ;win name:cn.xender/cn.xender.ui.activity.MainActivity]
02-27 19:28:11.989  2026  2618 D RefreshRate:     | VOTES[]
02-27 19:28:11.989  2026  2618 D RefreshRate:     | TIME:2026-02-27 16:28:11}
02-27 19:28:11.989  2026  2618 D DisplayModeDirector: setAppRequest displayId : 0  modeId: 0  requestedRefreshRate: 0.0  requestedMinRefreshRateRange: 0.0  requestedMaxRefreshRateRange: 0.0
02-27 19:28:11.995  2026  7782 D WindowManagerServiceExtImpl: extractConfigInfoAndRealFlags rotation=0, screenDp=360, residentWS:0, win=Window{d051e6f u0 com.android.launcher/com.android.launcher.Launcher}
02-27 19:28:11.995  2026  7782 V WindowManager: Relayout Window{d051e6f u0 com.android.launcher/com.android.launcher.Launcher}: viewVisibility=8, oldvis=0, req=1080x2400, vsysui=
02-27 19:28:11.999  2026  7782 D WindowManager: NFW_findFocusedWindowIfNeeded:Window{2ce8340 u0 cn.xender/cn.xender.ui.activity.MainActivity} mCurrentFocus:Window{2ce8340 u0 cn.xender/cn.xender.ui.activity.MainActivity}
02-27 19:28:11.999  2026  2151 D WindowManagerServiceExtImpl: extractConfigInfoAndRealFlags rotation=0, screenDp=360, residentWS:0, win=Window{1ddf8a3 u0 com.android.launcher/com.android.launcher.Launcher}
02-27 19:28:12.000  2026  2151 V WindowManager: Relayout Window{1ddf8a3 u0 com.android.launcher/com.android.launcher.Launcher}: viewVisibility=8, oldvis=0, req=1080x2400, vsysui=LAYOUT_STABLE LAYOUT_HIDE_NAVIGATION LAYOUT_FULLSCREEN
02-27 19:28:12.001  2026  2615 D DisplayManagerServiceExtImpl: scheduleTraversalLocked intraversal=false
02-27 19:28:12.001  2026  2615 D DisplayManagerService: MSG_REQUEST_TRAVERSAL pendingCompleted=false
02-27 19:28:12.001  2026  2151 D DisplayManagerService: performTraversalInternal pendingTraversal
02-27 19:28:12.001  2026  2151 D DisplayDevice: setLayerStackLocked id=local:4630946896948975233 token=android.os.BinderProxy@97d7128 stack=0->0
02-27 19:28:12.001  2026  2151 D WindowManager: NFW_findFocusedWindowIfNeeded:Window{2ce8340 u0 cn.xender/cn.xender.ui.activity.MainActivity} mCurrentFocus:Window{2ce8340 u0 cn.xender/cn.xender.ui.activity.MainActivity}
02-27 19:28:12.001  2026  2886 D LocalDisplayAdapter: setDesiredDisplayModeSpecsAsync: display unique id = local:4630946896948975233, display mode specs = defaultMode=1 allowGroupSwitching=false primaryRanges=physical: (0.0 90.0) render:  (0.0 90.0) appRequestRanges=physical: (0.0 90.0) render:  (0.0 90.0) idleScreenRefreshRate=null
02-27 19:28:12.002  3981  3981 D VRI[Launcher]: relayoutWindow result, sizeChanged:false, surfaceControlChanged:true, transformHintChanged:false, mSurfaceSize:Point(1080, 2400), mLastSurfaceSize:Point(1080, 2400), mWidth:1080, mHeight:2400, requestedWidth:1080, requestedHeight:2400, transformHint:0, installOrientation:0, displayRotation:0, isSurfaceValid:false, attr.flag:-2121203456, tmpFrames:ClientWindowFrames{frame=[0,0][1080,2400] display=[0,0][1080,2400] parentFrame=[0,0][0,0]}, relayoutAsync:false, mSyncSeqId:0
02-27 19:28:12.002  2026  2151 W UserManagerService: Requested status bar icon for non-badged user 0
02-27 19:28:12.008  2026  2615 I DisplayDeviceRepository: Display device changed render timings: "Built-in Screen", renderFrameRate=90.0, presentationDeadlineNanos=17111110, appVsyncOffsetNanos=1000000
02-27 19:28:12.009  2026  2615 D LogicalDisplayExt: set displayInfo flag FLAG_ROTATES_WITH_CONTENT
02-27 19:28:12.010  2026  7712 I WindowManager: Window{d051e6f u0 com.android.launcher/com.android.launcher.Launcher} state from HAS_DRAWN to NO_SURFACE; reason: destroySurface
02-27 19:28:12.011  2026  7712 I WindowManager: Window{1ddf8a3 u0 com.android.launcher/com.android.launcher.Launcher} state from HAS_DRAWN to NO_SURFACE; reason: destroySurface
02-27 19:28:12.011  2026  2615 D DisplayManagerServiceExtImpl: scheduleTraversalLocked intraversal=false
02-27 19:28:12.011  2026  2615 I DisplayManagerServiceExtImpl: handle logical display changed logicalDisplay=id=0,stack=0,content=true,displayInfo{stack=0,type=1,id=0,uId=local:4630946896948975233,state=ON,pkg=null}
02-27 19:28:12.012  2026  2731 D BrightnessThermalClamper: Thermal status observer already started
02-27 19:28:12.012  2026  2731 D BrightnessPowerClamper: Power throttling data is missing for configuration data.
02-27 19:28:12.012  2026  7712 D ActivityTaskManager: Clearing startingData for activity=ActivityRecord{381b9ce u0 com.android.launcher/.Launcher t5} mStartingData=null mStartingSurface=null
02-27 19:28:12.012  2026  2615 D DisplayManagerService: Delivering display event: displayId=0, event=CHANGED
02-27 19:28:12.013  3684  3684 D CastManagerService: onDisplayChanged.
02-27 19:28:12.017  2026  2610 D OplusVFXScreenEffectFeature: notifySFCompatWindowStateChange entered false
02-27 19:28:12.019  2026  2610 D FSS_FoldScreenBlackCoverController: displayChangeToOn, dc:Display{#0 state=ON size=1080x2400 ROTATION_0}
02-27 19:28:12.021  2026  2615 D DisplayManagerService: MSG_REQUEST_TRAVERSAL pendingCompleted=false
02-27 19:28:12.024  2026  2610 D DisplayManagerService: performTraversalInternal pendingTraversal
02-27 19:28:12.025  2026  2610 D DisplayDevice: setLayerStackLocked id=local:4630946896948975233 token=android.os.BinderProxy@97d7128 stack=0->0
02-27 19:28:12.058  2026  2886 D VRR [OPlusRefreshRateService]: handleConfigIdChange physicalDisplayId: 4630946896948975233 configId: 1 renderPeriod: 11111111
02-27 19:28:13.379  2026  4385 D ActivityTaskManager: Skipping, invisible task: Task{8088a94 #5 type=home I=com.android.launcher/.Launcher}
02-27 19:28:13.379  2026  4385 D OplusSplitScreenManagerService: com.android.settings unSupportsSplitScreen by blockList or ForbidActivityList
02-27 19:28:13.380  2026  4385 D OplusSplitScreenManagerService: com.truecaller unSupportsSplitScreen by blockList or ForbidActivityList
02-27 19:28:13.382  2026  4385 D ActivityTaskManager: pre-Filtered:cn.xender # com.esiri.esiriplus # com.android.settings # com.oneplus.deskclock # com.google.android.apps.messaging # com.google.android.dialer # com.truecaller # com.microsoft.office.officehubrow # com.microsoft.office.officehubrow # com.whatsapp # org.videolan.vlc # com.oneplus.gallery # com.microsoft.office.word # com.zhiliaoapp.musically # com.coloros.assistantscreen # in.krosbits.musicolet # com.google.android.gm # com.whatsapp.w4b # com.cloudflare.onedotonedotonedotone # com.android.chrome # 
02-27 19:28:13.382  2026  4385 D ActivityTaskManager: after skip size 20
02-27 19:28:13.408  2026  4385 E OplusAthenaAm: AthenaAmManagerInternal transact code hello:6,flags:0
02-27 19:28:13.408  2026  4385 E OplusAthenaAm: AthenaAmManagerInternal transact code hello:7,flags:0
02-27 19:28:13.419  2026  4385 E OplusAthenaAm: AthenaAmManagerInternal transact code hello:4,flags:0
02-27 19:28:13.419  2026  4385 E OplusAthenaAm: AthenaAmManagerInternal transact code hello:4,flags:0
02-27 19:28:13.419  2026  4385 E OplusAthenaAm: AthenaAmManagerInternal transact code hello:4,flags:0
02-27 19:28:13.461  2026  2151 I ActivityManager: Death received, pid = 25325, processName = com.android.vending for thread android.os.BinderProxy@ae2077e
02-27 19:28:13.461  2026  3898 I ActivityManager: Process com.android.vending (pid 25325) has died: cch+15 CEM 
02-27 19:28:13.469  2026  2610 D DisplayManagerService: Drop pending events for gone uid 10111
02-27 19:28:13.478  2026  7693 I ActivityManager: Death received, pid = 32508, processName = com.google.android.apps.chromecast.app for thread android.os.BinderProxy@fd6e8d3
02-27 19:28:13.479  2026  3885 I ActivityManager: Process com.google.android.apps.chromecast.app (pid 32508) has died: prcl IMPF
02-27 19:28:13.483  2026  2610 D DisplayManagerService: Drop pending events for gone uid 10310
02-27 19:28:15.008  2026  2844 D OplusFeatureHDREnhanceBrightness: checkIsPlayingHDR isPlayingHDR=0 rotation=0 whiteApp=false battery=14
02-27 19:28:15.505  2026  2844 D OplusDisplayBrightnessBroadcastReceiver: onReceive action = android.intent.action.BATTERY_CHANGED , listeners = [com.android.server.display.OplusFeatureHDREnhanceBrightness$PhoneInfoReceiver@d078a20, com.android.server.display.OplusFeatureEdrEnhanceBrightness$PhoneInfoReceiver@d0bbfd9]
02-27 19:28:18.627  2026  7712 W SettingsStatsUtil: Can not parse value to float: +network
02-27 19:28:19.309  2026  2704 I ActivityManager: Start proc 32751:com.facebook.services/u0a260 for service {com.facebook.services/com.facebook.oxygen.services.fbns.PreloadedFbnsService}
02-27 19:28:19.367  2026  2151 D ActivityTaskManagerServiceExtImpl: preBindApplication record is null
02-27 19:28:19.504 32751 32751 D ResourcesManagerExtImpl: applyConfigurationToAppResourcesLocked app.getDisplayId() return callback.displayId:-1
02-27 19:28:19.713  2026  7699 I ActivityManager: Flag disabled. Ignoring finishAttachApplication from uid: 10260. pid: 32751
02-27 19:28:19.723  2026  7701 W PackageManager: package com.facebook.services uid 10260 pid 32751 call SetEnabledSetting(com.facebook.services component = com.facebook.oxygen.services.helium.trampoline.HeliumSandboxedService, 1, 0)
02-27 19:28:19.725  2026  7701 W PackageManager: package com.facebook.services uid 10260 pid 32751 call SetEnabledSetting(com.facebook.services component = com.facebook.oxygen.services.helium.trampoline.HeliumSandboxedService0, 1, 0)
02-27 19:28:19.726  2026  7701 W PackageManager: package com.facebook.services uid 10260 pid 32751 call SetEnabledSetting(com.facebook.services component = com.facebook.oxygen.services.helium.trampoline.HeliumSandboxedService1, 1, 0)
02-27 19:28:19.770  2026  3446 V NetworkPolicy: updateNetworkEnabledNL() return
02-27 19:28:19.770  2026  3446 V NetworkPolicy: updateNotificationsNL not process
02-27 19:28:19.847  2026  2704 I ActivityManager: Start proc 345:com.facebook.appmanager/u0a270 for content provider {com.facebook.appmanager/com.facebook.oxygen.appmanager.firstparty.settings.FirstPartySettingsProvider}
02-27 19:28:19.858  2026  3790 D VRR [OPlusExternalRefreshRateManager]: isPkgTfcEnable: pkgName = com.facebook.services, enable = false
02-27 19:28:19.858  2026  3790 D VRR [OPlusExternalRefreshRateManager]: getTfcMinFramerate: pkgName = com.facebook.services, min framerate = 0
02-27 19:28:19.904  2026  7693 D ActivityTaskManagerServiceExtImpl: preBindApplication record is null
02-27 19:28:20.095   345   345 D ResourcesManagerExtImpl: applyConfigurationToAppResourcesLocked app.getDisplayId() return callback.displayId:-1
02-27 19:28:20.256  2026  3790 I ActivityManager: Flag disabled. Ignoring finishAttachApplication from uid: 10270. pid: 345
02-27 19:28:20.261  2026  4112 D VRR [OPlusExternalRefreshRateManager]: isPkgTfcEnable: pkgName = com.facebook.appmanager, enable = false
02-27 19:28:20.261  2026  4112 D VRR [OPlusExternalRefreshRateManager]: getTfcMinFramerate: pkgName = com.facebook.appmanager, min framerate = 0
02-27 19:28:20.310  2026  7699 W PackageManager: package com.facebook.services uid 10260 pid 32751 call SetEnabledSetting(com.facebook.services component = com.facebook.oxygen.services.storage.provider.StorageProvider, 1, 0)
02-27 19:28:20.311  2026  7699 W PackageManager: package com.facebook.services uid 10260 pid 32751 call SetEnabledSetting(com.facebook.services component = com.facebook.oxygen.services.storage.provider.SharedStorageProvider, 1, 0)
02-27 19:28:20.328  2026  4112 W PackageManager: package com.facebook.appmanager uid 10270 pid 345 call SetEnabledSetting(com.facebook.appmanager component = com.facebook.oxygen.appmanager.helium.trampoline.HeliumSandboxedService, 1, 0)
02-27 19:28:20.329  2026  4112 W PackageManager: package com.facebook.appmanager uid 10270 pid 345 call SetEnabledSetting(com.facebook.appmanager component = com.facebook.oxygen.appmanager.helium.trampoline.HeliumSandboxedService0, 1, 0)
02-27 19:28:20.330  2026  4112 W PackageManager: package com.facebook.appmanager uid 10270 pid 345 call SetEnabledSetting(com.facebook.appmanager component = com.facebook.oxygen.appmanager.helium.trampoline.HeliumSandboxedService1, 1, 0)
02-27 19:28:20.371  2026  2704 I ActivityManager: Start proc 520:com.instagram.barcelona/u0a374 for broadcast {com.instagram.barcelona/com.instagram.push.FbnsInitBroadcastReceiver}
02-27 19:28:20.407  2026  4112 W PackageManager: package com.facebook.appmanager uid 10270 pid 345 call SetEnabledSetting(com.facebook.appmanager component = com.facebook.oxygen.appmanager.webinstall.WebInstallAppLinkActivityV2, 1, 0)
02-27 19:28:20.419  2026  4112 W PackageManager: package com.facebook.appmanager uid 10270 pid 345 call SetEnabledSetting(com.facebook.appmanager component = com.facebook.oxygen.appmanager.webinstall.WebInstallAppLinkActivityV2, 2, 0)
02-27 19:28:20.426  2026  4112 W PackageManager: package com.facebook.appmanager uid 10270 pid 345 call SetEnabledSetting(com.facebook.appmanager component = com.facebook.oxygen.appmanager.webinstall.WebInstallAppLinkIgliteActivity, 1, 0)
02-27 19:28:20.431  2026  4112 W PackageManager: package com.facebook.appmanager uid 10270 pid 345 call SetEnabledSetting(com.facebook.appmanager component = com.facebook.oxygen.appmanager.webinstall.WebInstallAppLinkIgliteActivity, 2, 0)
02-27 19:28:20.434  2026  4112 W PackageManager: package com.facebook.appmanager uid 10270 pid 345 call SetEnabledSetting(com.facebook.appmanager component = com.facebook.oxygen.appmanager.webinstall.WebInstallAppLinkWhatsAppActivity, 2, 0)
02-27 19:28:20.437  2026  4112 W PackageManager: package com.facebook.appmanager uid 10270 pid 345 call SetEnabledSetting(com.facebook.appmanager component = com.facebook.oxygen.appmanager.webinstall.WebInstallAppLinkFbliteActivity, 1, 0)
02-27 19:28:20.441  2026  4112 W PackageManager: package com.facebook.appmanager uid 10270 pid 345 call SetEnabledSetting(com.facebook.appmanager component = com.facebook.oxygen.appmanager.webinstall.WebInstallAppLinkFbliteActivity, 2, 0)
02-27 19:28:20.443  2026  4112 W PackageManager: package com.facebook.appmanager uid 10270 pid 345 call SetEnabledSetting(com.facebook.appmanager component = com.facebook.oxygen.appmanager.webinstall.WebInstallAppLinkFB4AActivity, 2, 0)
02-27 19:28:20.446  2026  4112 W PackageManager: package com.facebook.appmanager uid 10270 pid 345 call SetEnabledSetting(com.facebook.appmanager component = com.facebook.oxygen.appmanager.webinstall.WebInstallAppLinkMetaAIActivity, 1, 0)
02-27 19:28:20.449  2026  4112 W PackageManager: package com.facebook.appmanager uid 10270 pid 345 call SetEnabledSetting(com.facebook.appmanager component = com.facebook.oxygen.appmanager.webinstall.WebInstallAppLinkMetaAIActivity, 2, 0)
02-27 19:28:20.451  2026  4112 W PackageManager: package com.facebook.appmanager uid 10270 pid 345 call SetEnabledSetting(com.facebook.appmanager component = com.facebook.oxygen.appmanager.webinstall.WebInstallAppLinkInstagramActivity, 2, 0)
02-27 19:28:20.452  2026  4112 W PackageManager: package com.facebook.appmanager uid 10270 pid 345 call SetEnabledSetting(com.facebook.appmanager component = com.facebook.oxygen.appmanager.webinstall.WebInstallAppLinkThreadsActivity, 2, 0)
02-27 19:28:20.453  2026  4112 W PackageManager: package com.facebook.appmanager uid 10270 pid 345 call SetEnabledSetting(com.facebook.appmanager component = com.facebook.oxygen.appmanager.webinstall.WebInstallAppLinkMessengerActivity, 2, 0)
02-27 19:28:20.462  2026  4114 W PackageManager: package com.facebook.appmanager uid 10270 pid 345 call SetEnabledSetting(com.facebook.appmanager component = com.facebook.oxygen.appmanager.webinstall.WebInstallAppLinkIgliteLoggedOutActivity, 1, 0)
02-27 19:28:20.475  2026  2151 W PackageManager: package com.facebook.appmanager uid 10270 pid 345 call SetEnabledSetting(com.facebook.appmanager component = com.facebook.oxygen.appmanager.webinstall.WebInstallAppLinkIgliteLoggedOutActivity, 2, 0)
02-27 19:28:20.485  2026  2151 W PackageManager: package com.facebook.appmanager uid 10270 pid 345 call SetEnabledSetting(com.facebook.appmanager component = com.facebook.oxygen.appmanager.webinstall.WebInstallAppLinkWhatsAppLoggedOutActivity, 2, 0)
02-27 19:28:20.488  2026  7704 D ActivityTaskManagerServiceExtImpl: preBindApplication record is null
02-27 19:28:20.495  2026  7704 W PackageManager: package com.facebook.appmanager uid 10270 pid 345 call SetEnabledSetting(com.facebook.appmanager component = com.facebook.oxygen.appmanager.webinstall.WebInstallAppLinkFbliteLoggedOutActivity, 1, 0)
02-27 19:28:20.512  2026  2151 W PackageManager: package com.facebook.appmanager uid 10270 pid 345 call SetEnabledSetting(com.facebook.appmanager component = com.facebook.oxygen.appmanager.webinstall.WebInstallAppLinkFbliteLoggedOutActivity, 2, 0)
02-27 19:28:20.539  2026  2151 W PackageManager: package com.facebook.appmanager uid 10270 pid 345 call SetEnabledSetting(com.facebook.appmanager component = com.facebook.oxygen.appmanager.webinstall.WebInstallAppLinkFB4ALoggedOutActivity, 2, 0)
02-27 19:28:20.552  2026  4114 W PackageManager: package com.facebook.appmanager uid 10270 pid 345 call SetEnabledSetting(com.facebook.appmanager component = com.facebook.oxygen.appmanager.webinstall.WebInstallAppLinkMetaAILoggedOutActivity, 1, 0)
02-27 19:28:20.557  2026  4114 W PackageManager: package com.facebook.appmanager uid 10270 pid 345 call SetEnabledSetting(com.facebook.appmanager component = com.facebook.oxygen.appmanager.webinstall.WebInstallAppLinkMetaAILoggedOutActivity, 2, 0)
02-27 19:28:20.563  2026  4114 W PackageManager: package com.facebook.appmanager uid 10270 pid 345 call SetEnabledSetting(com.facebook.appmanager component = com.facebook.oxygen.appmanager.webinstall.WebInstallAppLinkInstagramLoggedOutActivity, 2, 0)
02-27 19:28:20.565  2026  4114 W PackageManager: package com.facebook.appmanager uid 10270 pid 345 call SetEnabledSetting(com.facebook.appmanager component = com.facebook.oxygen.appmanager.webinstall.WebInstallAppLinkThreadsLoggedOutActivity, 2, 0)
02-27 19:28:20.567  2026  2151 W PackageManager: package com.facebook.appmanager uid 10270 pid 345 call SetEnabledSetting(com.facebook.appmanager component = com.facebook.oxygen.appmanager.webinstall.WebInstallAppLinkMessengerLoggedOutActivity, 2, 0)
02-27 19:28:20.570  2026  2151 W PackageManager: package com.facebook.appmanager uid 10270 pid 345 call SetEnabledSetting(com.facebook.appmanager component = com.facebook.oxygen.appmanager.webinstall.WebInstallAppLinkIgliteRestrictedActivity, 2, 0)
02-27 19:28:20.571  2026  2151 W PackageManager: package com.facebook.appmanager uid 10270 pid 345 call SetEnabledSetting(com.facebook.appmanager component = com.facebook.oxygen.appmanager.webinstall.WebInstallAppLinkWhatsAppRestrictedActivity, 2, 0)
02-27 19:28:20.573  2026  2151 W PackageManager: package com.facebook.appmanager uid 10270 pid 345 call SetEnabledSetting(com.facebook.appmanager component = com.facebook.oxygen.appmanager.webinstall.WebInstallAppLinkFbliteRestrictedActivity, 2, 0)
02-27 19:28:20.576  2026  2151 W PackageManager: package com.facebook.appmanager uid 10270 pid 345 call SetEnabledSetting(com.facebook.appmanager component = com.facebook.oxygen.appmanager.webinstall.WebInstallAppLinkFB4ARestrictedActivity, 2, 0)
02-27 19:28:20.580  2026  2151 W PackageManager: package com.facebook.appmanager uid 10270 pid 345 call SetEnabledSetting(com.facebook.appmanager component = com.facebook.oxygen.appmanager.webinstall.WebInstallAppLinkMetaAIRestrictedActivity, 2, 0)
02-27 19:28:20.587  2026  2151 W PackageManager: package com.facebook.appmanager uid 10270 pid 345 call SetEnabledSetting(com.facebook.appmanager component = com.facebook.oxygen.appmanager.webinstall.WebInstallAppLinkInstagramRestrictedActivity, 2, 0)
02-27 19:28:20.592  2026  2151 W PackageManager: package com.facebook.appmanager uid 10270 pid 345 call SetEnabledSetting(com.facebook.appmanager component = com.facebook.oxygen.appmanager.webinstall.WebInstallAppLinkThreadsRestrictedActivity, 2, 0)
02-27 19:28:20.596  2026  2151 W PackageManager: package com.facebook.appmanager uid 10270 pid 345 call SetEnabledSetting(com.facebook.appmanager component = com.facebook.oxygen.appmanager.webinstall.WebInstallAppLinkMessengerRestrictedActivity, 2, 0)
02-27 19:28:20.599  2026  2151 W PackageManager: package com.facebook.appmanager uid 10270 pid 345 call SetEnabledSetting(com.facebook.appmanager component = com.facebook.oxygen.appmanager.modules.api.ModulesApiProvider, 1, 0)
02-27 19:28:20.603  2026  2151 W PackageManager: package com.facebook.appmanager uid 10270 pid 345 call SetEnabledSetting(com.facebook.appmanager component = com.facebook.oxygen.appmanager.firstparty.tos.ShouldAcceptTos, 2, 0)
02-27 19:28:20.604  2026  2151 W PackageManager: package com.facebook.appmanager uid 10270 pid 345 call SetEnabledSetting(com.facebook.appmanager component = com.facebook.oxygen.appmanager.firstparty.tos.ShouldShowTos, 2, 0)
02-27 19:28:20.609  2026  2151 W PackageManager: package com.facebook.appmanager uid 10270 pid 345 call SetEnabledSetting(com.facebook.appmanager component = com.facebook.oxygen.appmanager.firstparty.tos.ShouldShowExplicitTos, 2, 0)
02-27 19:28:20.679  2026  2704 I ActivityManager: Start proc 563:com.facebook.system/u0a261 for content provider {com.facebook.system/com.facebook.oxygen.installer.api.AppManagerApiProvider}
02-27 19:28:20.714  2026  7704 D ActivityTaskManagerServiceExtImpl: preBindApplication record is null
02-27 19:28:20.839   563   563 D ResourcesManagerExtImpl: applyConfigurationToAppResourcesLocked app.getDisplayId() return callback.displayId:-1
02-27 19:28:20.840  2026  2151 W PackageManager: package com.instagram.android uid 10324 pid 25484 call SetEnabledSetting(com.instagram.android component = com.instagram.push.FbnsInitBroadcastReceiver, 1, 0)
02-27 19:28:20.884  2026  4016 I ActivityManager: Flag disabled. Ignoring finishAttachApplication from uid: 10261. pid: 563
02-27 19:28:20.903  2026  3214 W PackageManager: package com.facebook.appmanager uid 10270 pid 345 call SetEnabledSetting(com.facebook.appmanager component = com.facebook.oxygen.appmanager.nekodirect.NekoDirectProvider, 2, 0)
02-27 19:28:20.905   345   519 E ActivityThread: Failed to find provider info for com.facebook.appmanager.nekodirect
02-27 19:28:20.906  2026  3214 W PackageManager: package com.facebook.appmanager uid 10270 pid 345 call SetEnabledSetting(com.facebook.appmanager component = com.facebook.oxygen.appmanager.installapi.OxInstallApiProvider, 1, 0)
02-27 19:28:20.907  2026  3214 W PackageManager: package com.facebook.appmanager uid 10270 pid 345 call SetEnabledSetting(com.facebook.appmanager component = com.facebook.oxygen.appmanager.experimentation.AppManagerExperimentProvider, 1, 0)
02-27 19:28:20.937   520   520 I Quality : ActivityThread: createClassLoader delay 376 /data/app/~~WOD69rNohIuExnCl4HOJAg==/com.instagram.barcelona-6bvV8A8VCWveJ4pZdtNyjw==/base.apk:/data/app/~~WOD69rNohIuExnCl4HOJAg==/com.instagram.barcelona-6bvV8A8VCWveJ4pZdtNyjw==/split_config.arm64_v8a.apk:/data/app/~~WOD69rNohIuExnCl4HOJAg==/com.instagram.barcelona-6bvV8A8VCWveJ4pZdtNyjw==/split_config.xxhdpi.apk 520
02-27 19:28:21.046   520   520 I Quality : ActivityThread: createOrUpdateClassLoaderLocked delay 487 com.instagram.barcelona 520
02-27 19:28:21.085   520   520 D ResourcesManagerExtImpl: applyConfigurationToAppResourcesLocked app.getDisplayId() return callback.displayId:-1
02-27 19:28:21.410  2026  2997 I AppsFilter: interaction: PackageSetting{62f9e04 com.esiri.esiriplus/10497} -> PackageSetting{b75d356 com.facebook.appmanager/10270} BLOCKED
02-27 19:28:21.410  2026  2997 I AppsFilter: interaction: PackageSetting{f780467 com.android.microdroid.empty_payload/10292} -> PackageSetting{b75d356 com.facebook.appmanager/10270} BLOCKED
02-27 19:28:21.410  2026  2997 I AppsFilter: interaction: PackageSetting{5e9dabd com.nialite.app/10418} -> PackageSetting{b75d356 com.facebook.appmanager/10270} BLOCKED
02-27 19:28:21.410  2026  2997 I AppsFilter: interaction: PackageSetting{65e8b2 com.example.shop_manager_pro/10492} -> PackageSetting{b75d356 com.facebook.appmanager/10270} BLOCKED
02-27 19:28:21.410  2026  2997 I AppsFilter: interaction: PackageSetting{3f68003 com.safari.exchange/10430} -> PackageSetting{b75d356 com.facebook.appmanager/10270} BLOCKED
02-27 19:28:21.411  2026  2997 I AppsFilter: interaction: PackageSetting{479b80 com.oplus.locationproxy/10180} -> PackageSetting{b75d356 com.facebook.appmanager/10270} BLOCKED
02-27 19:28:21.411  2026  2997 I AppsFilter: interaction: PackageSetting{4de65b9 com.android.certinstaller/10225} -> PackageSetting{b75d356 com.facebook.appmanager/10270} BLOCKED
02-27 19:28:21.411  2026  2997 I AppsFilter: interaction: PackageSetting{bc5ddfe com.oplus.location/10239} -> PackageSetting{b75d356 com.facebook.appmanager/10270} BLOCKED
02-27 19:28:21.426  2026  3507 D ShortcutService: received package broadcast intent: Intent { act=android.intent.action.PACKAGE_CHANGED dat=package: flg=0x45000010 (has extras) }
02-27 19:28:21.426  2026  3507 D ShortcutService: changing package: com.facebook.appmanager userId0
02-27 19:28:21.426  2026  3507 D ShortcutService: handlePackageChanged: com.facebook.appmanager user=0
02-27 19:28:21.426  2026  3507 D ShortcutService: rescanPackageIfNeeded 0@com.facebook.appmanager, forceRescan=true , isNewApp=true
02-27 19:28:21.429  2026  3507 D ShortcutService: Package com.facebook.appmanager has 0 manifest shortcut(s), and 0 share target(s)
02-27 19:28:21.476  2026  4022 W AppOpService: Ignored setUidMode call for runtime permission app op: uid = 10264, code = FINE_LOCATION, mode = allow, callingUid = 1000, oldMode = allow
02-27 19:28:21.495  2026  4022 W AppOpService: Ignored setUidMode call for runtime permission app op: uid = 10264, code = FINE_LOCATION, mode = allow, callingUid = 1000, oldMode = allow
02-27 19:28:21.515  2026  2715 D OplusThermalStats: REPORT_UPDATE_CPU  ->  phoneTemp:390  preHeatThreshold:400
02-27 19:28:21.527  2026  2844 D OplusDisplayBrightnessBroadcastReceiver: onReceive action = android.intent.action.BATTERY_CHANGED , listeners = [com.android.server.display.OplusFeatureHDREnhanceBrightness$PhoneInfoReceiver@d078a20, com.android.server.display.OplusFeatureEdrEnhanceBrightness$PhoneInfoReceiver@d0bbfd9]
02-27 19:28:21.572  2026  3404 V AccessibilityManagerService: onUserStateChangedLocked for user 0 with forceUpdate: false mEnabledServices = [] mCrashedServices = []
02-27 19:28:21.573  2026  3404 W MagnificationConnectionManager: requestConnection duplicated request: connect=false, mConnectionState=DISCONNECTED
02-27 19:28:21.591  2026  2713 D ProcessCpuTrackerExtImpl: mContext is already set, return now! 
02-27 19:28:21.999  2026  3214 D ShortcutService: rescanPackageIfNeeded 0@com.instagram.barcelona, forceRescan=false , isNewApp=false
02-27 19:28:22.010  2026  3214 D ShortcutService: rescanPackageIfNeeded 0@com.instagram.barcelona, forceRescan=false , isNewApp=false
02-27 19:28:22.013  2026  3214 D ShortcutService: rescanPackageIfNeeded 0@com.instagram.barcelona, forceRescan=false , isNewApp=false
02-27 19:28:22.040  2026  7706 I ActivityManager: Flag disabled. Ignoring finishAttachApplication from uid: 10374. pid: 520
02-27 19:28:22.078  2026  2151 W PackageManager: package com.instagram.barcelona uid 10374 pid 520 call SetEnabledSetting(com.instagram.barcelona component = com.instagram.push.FbnsInitBroadcastReceiver, 1, 0)
02-27 19:28:22.082  2026  2151 W ActivityManager: Background start not allowed: service Intent { act=Orca.START cmp=com.instagram.barcelona/com.facebook.rti.pushv2.inapp.InappFbnsService (has extras) mCallingUid=10374 } to com.instagram.barcelona/com.facebook.rti.pushv2.inapp.InappFbnsService from pid=520 uid=10374 pkg=com.instagram.barcelona startFg?=false
02-27 19:28:22.090  2026  2151 W PackageManager: package com.instagram.barcelona uid 10374 pid 520 call SetEnabledSetting(com.instagram.barcelona component = com.facebook.rti.pushv2.inapp.InappFbnsService, 1, 0)
02-27 19:28:22.092  2026  2151 D VRR [OPlusExternalRefreshRateManager]: isPkgTfcEnable: pkgName = com.instagram.barcelona, enable = false
02-27 19:28:22.092  2026  2151 D VRR [OPlusExternalRefreshRateManager]: getTfcMinFramerate: pkgName = com.instagram.barcelona, min framerate = 0
02-27 19:28:22.107  2026  2151 W ActivityManager: Background start not allowed: service Intent { act=Orca.START cmp=com.instagram.barcelona/com.facebook.rti.pushv2.inapp.InappFbnsService (has extras) mCallingUid=10374 } to com.instagram.barcelona/com.facebook.rti.pushv2.inapp.InappFbnsService from pid=520 uid=10374 pkg=com.instagram.barcelona startFg?=false
02-27 19:28:22.114  2026  3507 D ShortcutService: Saving package item com.instagram.barcelona to /data/system_ce/0/shortcut_service/packages/com.instagram.barcelona.xml
02-27 19:28:22.114  2026  2609 D ShortcutService: Getting shortcuts for launcher= com.google.android.asuser=0 pkg=com.instagram.barcelona
02-27 19:28:22.117  2026  3214 W PackageManager: package com.instagram.barcelona uid 10374 pid 520 call SetEnabledSetting(com.instagram.barcelona component = com.instagram.push.FbnsInitBroadcastReceiver, 1, 0)
02-27 19:28:22.118  2026  3214 W PackageManager: package com.instagram.barcelona uid 10374 pid 520 call SetEnabledSetting(com.instagram.barcelona component = com.facebook.rti.pushv2.inapp.InappFbnsService, 1, 0)
02-27 19:28:22.123  2026  2609 D ShortcutService: Getting shortcuts for launcher= com.android.systemuiuser=0 pkg=com.instagram.barcelona
02-27 19:28:22.125  2026  2609 D ShortcutService: Getting shortcuts for launcher= com.android.launcheruser=0 pkg=com.instagram.barcelona
02-27 19:28:23.485  2026  7712 W AppOpService: Ignored setUidMode call for runtime permission app op: uid = 10267, code = READ_CELL_BROADCASTS, mode = allow, callingUid = 1001, oldMode = allow
02-27 19:28:23.498  2026  7712 W AppOpService: Ignored setUidMode call for runtime permission app op: uid = 1001, code = READ_SMS, mode = allow, callingUid = 1001, oldMode = allow
02-27 19:28:23.499  2026  7712 W AppOpService: Ignored setUidMode call for runtime permission app op: uid = 1001, code = RECEIVE_SMS, mode = allow, callingUid = 1001, oldMode = allow
02-27 19:28:23.500  2026  7712 W AppOpService: Ignored setUidMode call for runtime permission app op: uid = 1001, code = RECEIVE_WAP_PUSH, mode = allow, callingUid = 1001, oldMode = allow
02-27 19:28:23.500  2026  7712 W AppOpService: Ignored setUidMode call for runtime permission app op: uid = 1001, code = SEND_SMS, mode = allow, callingUid = 1001, oldMode = allow
02-27 19:28:23.501  2026  7712 W AppOpService: Ignored setUidMode call for runtime permission app op: uid = 1001, code = READ_CELL_BROADCASTS, mode = allow, callingUid = 1001, oldMode = allow
02-27 19:28:27.415  2026  2844 D OplusDisplayBrightnessBroadcastReceiver: onReceive action = android.intent.action.BATTERY_CHANGED , listeners = [com.android.server.display.OplusFeatureHDREnhanceBrightness$PhoneInfoReceiver@d078a20, com.android.server.display.OplusFeatureEdrEnhanceBrightness$PhoneInfoReceiver@d0bbfd9]
02-27 19:28:31.145  2026  7701 W PackageManager: package com.instagram.barcelona uid 10374 pid 520 call SetEnabledSetting(com.instagram.barcelona component = com.instagram.push.FbnsInitBroadcastReceiver, 1, 0)
02-27 19:28:31.161  2026  7782 W PackageManager: package com.instagram.barcelona uid 10374 pid 520 call SetEnabledSetting(com.instagram.barcelona component = com.facebook.rti.pushv2.inapp.InappFbnsService, 1, 0)
02-27 19:28:31.173  2026  7782 W ActivityManager: Background start not allowed: service Intent { act=Orca.START cmp=com.instagram.barcelona/com.facebook.rti.pushv2.inapp.InappFbnsService (has extras) mCallingUid=10374 } to com.instagram.barcelona/com.facebook.rti.pushv2.inapp.InappFbnsService from pid=520 uid=10374 pkg=com.instagram.barcelona startFg?=false
02-27 19:28:32.330   714   306 I keystore2: system/security/keystore2/watchdog/src/lib.rs:319 - Watchdog thread idle -> terminating. Have a great day.
02-27 19:28:33.307  2026  2844 D OplusDisplayBrightnessBroadcastReceiver: onReceive action = android.intent.action.BATTERY_CHANGED , listeners = [com.android.server.display.OplusFeatureHDREnhanceBrightness$PhoneInfoReceiver@d078a20, com.android.server.display.OplusFeatureEdrEnhanceBrightness$PhoneInfoReceiver@d0bbfd9]
02-27 19:28:33.903  2026  3382 D PowerManagerService: userActivityNoUpdateLocked: groupId=0, eventTime=833380502, event=touch, flags=0x0, uid=1000
02-27 19:28:34.117  2026  4114 D WindowManager: NFW_findFocusedWindowIfNeeded:Window{29dd468 u0 cn.xender/cn.xender.ui.activity.MainActivity} mCurrentFocus:Window{2ce8340 u0 cn.xender/cn.xender.ui.activity.MainActivity}
02-27 19:28:34.119  2026  3545 E UAH-Framework: invalid window type -1, return
02-27 19:28:34.119  2026  4114 V WindowManager: Changing focus from Window{2ce8340 u0 cn.xender/cn.xender.ui.activity.MainActivity} to Window{29dd468 u0 cn.xender/cn.xender.ui.activity.MainActivity},diplayid=0
02-27 19:28:34.121  2026  4114 D WindowManager: setFrameRateStart invalid typeId return!
02-27 19:28:34.124  2026  4114 D WindowManager: setFrameRateStart invalid typeId return!
02-27 19:28:34.126  2026  4114 I WindowManager: addWindow: New client android.os.BinderProxy@5dfeb8b : window=Window{29dd468 u0 cn.xender/cn.xender.ui.activity.MainActivity}
02-27 19:28:34.165  2026  3214 D CoreBackPreview: Window{29dd468 u0 cn.xender/cn.xender.ui.activity.MainActivity}: Setting back callback OnBackInvokedCallbackInfo{mCallback=android.window.IOnBackInvokedCallback$Stub$Proxy@2320db2, mPriority=0, mIsAnimationCallback=false}
02-27 19:28:34.168  2026  3214 D WindowManagerServiceExtImpl: extractConfigInfoAndRealFlags rotation=0, screenDp=360, residentWS:0, win=Window{29dd468 u0 cn.xender/cn.xender.ui.activity.MainActivity}
02-27 19:28:34.168  2026  3214 V WindowManager: Relayout Window{29dd468 u0 cn.xender/cn.xender.ui.activity.MainActivity}: viewVisibility=0, oldvis=0, req=1080x2400, vsysui=LIGHT_NAVIGATION_BAR, x=0, y=0
02-27 19:28:34.168  2026  3214 I WindowManager: Window{29dd468 u0 cn.xender/cn.xender.ui.activity.MainActivity} state from NO_SURFACE to DRAW_PENDING; reason: resetDrawState
02-27 19:28:34.174  2026  2615 D PowerManagerServiceExtImpl: setScreenBrightnessOverrideFromWindowManager: overrideBrightness= 2620.8, brightness= 0.8
02-27 19:28:34.174  2026  3214 D WindowManager: NFW_findFocusedWindowIfNeeded:Window{29dd468 u0 cn.xender/cn.xender.ui.activity.MainActivity} mCurrentFocus:Window{29dd468 u0 cn.xender/cn.xender.ui.activity.MainActivity}
02-27 19:28:34.176  2026  2615 D DisplayPowerController[0]: requestPowerState: policy=BRIGHT, useProximitySensor=false, screenBrightnessOverride=2620.8, useAutoBrightness=false, screenAutoBrightnessAdjustmentOverride=NaN, screenLowPowerBrightnessFactor=1.0, blockScreenOn=false, lowPowerMode=false, boostScreenBrightness=false, dozeScreenBrightness=NaN, dozeScreenState=UNKNOWN, dozeScreenStateReason=DEFAULT_POLICY, waitForNegativeProximity=false displayReady=false pendingRequest=true
02-27 19:28:34.176  2026  2615 D DisplayManagerServiceExtImpl: request size(1,1),dpc=com.android.server.display.DisplayPowerController@d633866 size(0,1),flags=0X200F,id(0,0,local:4630946896948975233),enable=true,ready=false,waitForNegativeProximity=false policy=BRIGHT,useProximitySensor=false,dozeState=UNKNOWN,screenBrightnessOverride=2620.800049,useAuto=false,lowPower=false,lowPowerFactor=1.000000
02-27 19:28:34.176  2026  2731 I OplusSmartBrightnessController: handleBrightnessTotalRateType displayId[0]=automatic->window
02-27 19:28:34.176  2026  2731 D OplusSmartBrightnessController: setWinOverride displayId[0]=true
02-27 19:28:34.176  2026  2731 I OplusSmartBrightnessController: handleBrightnessTotalRateType displayId[0]=window->window enter
02-27 19:28:34.176  2026  2731 I DisplayBrightnessStrategySelector: Changing the DisplayBrightnessStrategy from InvalidBrightnessStrategy to OverrideBrightnessStrategy for display 0
02-27 19:28:34.178  9934  9934 W VRI[MainActivity]: updateBlastSurfaceIfNeeded, surfaceSize:Point(1080, 2400), lastSurfaceSize:Point(0, 0), format:-1, blastBufferQueue:null
02-27 19:28:34.183  2026  2731 D OplusPanelFeatureController:  onSunlightModeChanged: 0
02-27 19:28:34.184  2026  2731 D HidlDisplayPanelFeature: setDisplayPanelFeatureValue +++, ID:247, value:0
02-27 19:28:34.195  2026  2731 D OplusFeatureHDREnhanceBrightness: setAnimating : displayId[0]=true
02-27 19:28:34.196  2026  2731 D OplusFeatureReduceBrightness: setAnimating : animating = true
02-27 19:28:34.196  2026  2731 D OplusFeatureEdrEnhanceBrightness: setAnimating: true
02-27 19:28:34.196  2026  2731 D OplusFeaturePwEdrEnhanceBrightness: setAnimating: true
02-27 19:28:34.197  2026  2731 D DpcExtImpl[0]: Animating brightness: hdrBrightness target=3276->2620,sdrBrightness target=3276->2620,rate=2400->960,type=window enter,byUse=false local:4630946896948975233
02-27 19:28:34.200  2026  3214 I WindowManager: Window{29dd468 u0 cn.xender/cn.xender.ui.activity.MainActivity} state from DRAW_PENDING to COMMIT_DRAW_PENDING; reason: finishDrawingLocked
02-27 19:28:34.200  2026  3214 D OplusTransitionAnimationManager: skipFinishDrawingIfNeed clientRotation=0, currentRotation=0, hasFixedRotationApp=false, requestedOrientation=1, win=Window{29dd468 u0 cn.xender/cn.xender.ui.activity.MainActivity}, activity=ActivityRecord{6297610 u0 cn.xender/.ui.activity.MainActivity t8051}, currentConfig={1.0 ??mcc??mnc [en_GB] ldltr sw360dp w360dp h800dp 480dpi nrml long widecg port night finger -keyb/v/h -nav/h winConfig={ mBounds=Rect(0, 0 - 1080, 2400) mAppBounds=Rect(0, 0 - 1080, 2400) mMaxBounds=Rect(0, 0 - 1080, 2400) mDisplayRotation=ROTATION_0 mWindowingMode=fullscreen mActivityType=standard mAlwaysOnTop=undefined mRotation=ROTATION_0} s.2 fontWeightAdjustment=0mThemeChanged= 0, mThemeChangedFlags= 0, mFlipFont= 0, mScenario= 0, mAccessibleChanged= -1, mUxIconConfig= 1174056180004684081, mMaterialColor= 0, mUserId= 0, mFontUserId= 0, mFontVariationSettings= 1226, mFoldingAngle = -1.0, mIconPackName= , mDarkModeBackgroundMaxL= 0.0, mDarkModeDialogBgMaxL= 27.0, mDarkModeForegroundMinL= 100.0, mOplusConfigType= 1, mOplusChangedConfigs= 0, OpSans= -1, mBurmeseFontFlag= 2, mFlag= 0, mFlexibleActivitySuitable= -1, mPuttDisplayFlag= -1}
02-27 19:28:34.204  9934  9934 W VRI[MainActivity]: handleResized, msg:, frameChanged:false, configChanged:false, displayChanged:false, attachedFrameChanged:false, compatScaleChanged:false, pendingDragResizing=false
02-27 19:28:34.204  2026  2618 I WindowManager: Window{29dd468 u0 cn.xender/cn.xender.ui.activity.MainActivity} state from COMMIT_DRAW_PENDING to READY_TO_SHOW; reason: commitFinishDrawingLocked
02-27 19:28:34.204  2026  2618 D OplusAppQuickStart_AppQuickStartController: onFirstWindowDrawn ar=ActivityRecord{6297610 u0 cn.xender/.ui.activity.MainActivity t8051}
02-27 19:28:34.204  2026  2618 D ActivityTaskManager: Clearing startingData for activity=ActivityRecord{6297610 u0 cn.xender/.ui.activity.MainActivity t8051} mStartingData=null mStartingSurface=null
02-27 19:28:34.205  2026  2618 I WindowManager: Window{29dd468 u0 cn.xender/cn.xender.ui.activity.MainActivity} state from READY_TO_SHOW to HAS_DRAWN; reason: performShowLocked
02-27 19:28:34.210  2026  2731 D DpcExtImpl[0]: RECORD:onUpdatePowerState policy:3 state:2 brightness:2620
02-27 19:28:34.212  2026  3564 D DisplayDeviceExt: setDisplayBrightness(4630946896948975233,3268.0, 0.798046, 548.893),verbose[(1,ON):3276.0->3268.0,(3268.0, 3268.0)]
02-27 19:28:34.218  2026  4216 D OplusTransitionAnimationManager: skipFinishDrawingIfNeed clientRotation=0, currentRotation=0, hasFixedRotationApp=false, requestedOrientation=1, win=Window{29dd468 u0 cn.xender/cn.xender.ui.activity.MainActivity}, activity=ActivityRecord{6297610 u0 cn.xender/.ui.activity.MainActivity t8051}, currentConfig={1.0 ??mcc??mnc [en_GB] ldltr sw360dp w360dp h800dp 480dpi nrml long widecg port night finger -keyb/v/h -nav/h winConfig={ mBounds=Rect(0, 0 - 1080, 2400) mAppBounds=Rect(0, 0 - 1080, 2400) mMaxBounds=Rect(0, 0 - 1080, 2400) mDisplayRotation=ROTATION_0 mWindowingMode=fullscreen mActivityType=standard mAlwaysOnTop=undefined mRotation=ROTATION_0} s.2 fontWeightAdjustment=0mThemeChanged= 0, mThemeChangedFlags= 0, mFlipFont= 0, mScenario= 0, mAccessibleChanged= -1, mUxIconConfig= 1174056180004684081, mMaterialColor= 0, mUserId= 0, mFontUserId= 0, mFontVariationSettings= 1226, mFoldingAngle = -1.0, mIconPackName= , mDarkModeBackgroundMaxL= 0.0, mDarkModeDialogBgMaxL= 27.0, mDarkModeForegroundMinL= 100.0, mOplusConfigType= 1, mOplusChangedConfigs= 0, OpSans= -1, mBurmeseFontFlag= 2, mFlag= 0, mFlexibleActivitySuitable= -1, mPuttDisplayFlag= -1}
02-27 19:28:34.244  2026  3400 D InputMethodManagerService: isSecurity: attribute.packageName = cn.xender mCurMethodId = com.google.android.inputmethod.latin/com.android.inputmethod.latin.LatinIME isSecurity = false ( enable = true needShow = false inBlackList = false isExist = true )
02-27 19:28:34.250  2026  3564 D DisplayDeviceExt: setDisplayBrightness(4630946896948975233,3226.0, 0.787790, 542.542),verbose[(2,ON):3268.0->3226.0,(3226.0, 3226.0)]
02-27 19:28:34.253  2026  4107 D WindowManager: setFrameRateStart invalid typeId return!
02-27 19:28:34.254  2026  4107 W PackageConfigPersister: App-specific configuration not found for packageName: cn.xender and userId: 0
02-27 19:28:34.268  2026  3564 D DisplayDeviceExt: setDisplayBrightness(4630946896948975233,3215.0, 0.785104, 540.906),verbose[(3,ON):3226.0->3215.0,(3215.0, 3215.0)]
02-27 19:28:34.280  2026  3564 D DisplayDeviceExt: setDisplayBrightness(4630946896948975233,3204.0, 0.782418, 539.301),verbose[(4,ON):3215.0->3204.0,(3204.0, 3204.0)]
02-27 19:28:34.883  2026  2731 D OplusFeatureHDREnhanceBrightness: setAnimating : displayId[0]=false
02-27 19:28:34.883  2026  2731 D OplusFeatureReduceBrightness: setAnimating : animating = false
02-27 19:28:34.883  2026  2731 D OplusFeatureEdrEnhanceBrightness: setAnimating: false
02-27 19:28:34.883  2026  2731 D OplusFeaturePwEdrEnhanceBrightness: setAnimating: false
02-27 19:28:34.883  2026  2731 D RampAnimatorExtImpl: onAnimationEnd id[0]=[true,0],changed=[3276->3276->2620],duration:690,phaseCounts=[0, 0, 0]
02-27 19:28:34.883  2026  2731 I OplusSmartBrightnessController: handleBrightnessTotalRateType displayId[0]=window enter->window
02-27 19:28:34.918  2026  4112 W PackageManager: package com.google.android.googlequicksearchbox uid 10118 pid 32463 call SetEnabledSetting(com.google.android.googlequicksearchbox component = com.google.android.apps.search.assistant.verticals.familyshare.FamilyShareActivity, 2, 0)
02-27 19:28:36.183  2026  2844 D Arc[OplusBrightnessAmbientAdapter]: setManualAutomaticMode true--->false
02-27 19:28:36.183  2026  2844 D Arc[OplusBrightnessSceneAdapter]: putToWork:false
02-27 19:28:36.183  2026  2844 D Arc[OplusBrightnessPhoneStateManager]: registerListener: false lastRegister:true
02-27 19:28:36.188  2026  2844 D Arc[LuxEvent]: main light sensor enable:false
02-27 19:28:36.189  2026  2844 D Arc[LuxEvent]: unregister MAIN_LIGHT result:true
02-27 19:28:36.189  2026  2844 D Arc[LuxEvent]: aux light sensor enable:false
02-27 19:28:36.189  2026  2844 D Arc[LuxEvent]: unregister AUX_LIGHT result:true
02-27 19:28:36.194  2026  2844 D Arc[TimeEvent]: unregister TimeChangeReceiver event result:true
02-27 19:28:36.194  2026  2844 D Arc[NetworkEvent]: register network event result:true
02-27 19:28:36.194  2026  2844 D Arc[ProximityEvent]: proximity sensor enable:false
02-27 19:28:36.194  2026  2844 D Arc[ProximityEvent]: unregister PROXIMITY result:true
02-27 19:28:36.194  2026  2844 D Arc[InOutDoorEvent]: unregister inOutDoor event result:true
02-27 19:28:36.201  2026  2844 D Arc[SensorDelegate]: MAIN_LIGHT unregisterListener success
02-27 19:28:36.201  2026  2844 D Arc[SensorDelegate]: AUX_LIGHT unregisterListener fail
02-27 19:28:36.204  2026  2844 D Arc[SensorDelegate]: PROXIMITY unregisterListener success
02-27 19:28:36.694  2026  2844 D Arc[NetworkDelegate]: unregisterNetworkCallback success.
02-27 19:28:38.419  2026  2844 D OplusDisplayBrightnessBroadcastReceiver: onReceive action = android.intent.action.BATTERY_CHANGED , listeners = [com.android.server.display.OplusFeatureHDREnhanceBrightness$PhoneInfoReceiver@d078a20, com.android.server.display.OplusFeatureEdrEnhanceBrightness$PhoneInfoReceiver@d0bbfd9]
02-27 19:28:44.276  2026  2844 D OplusDisplayBrightnessBroadcastReceiver: onReceive action = android.intent.action.BATTERY_CHANGED , listeners = [com.android.server.display.OplusFeatureHDREnhanceBrightness$PhoneInfoReceiver@d078a20, com.android.server.display.OplusFeatureEdrEnhanceBrightness$PhoneInfoReceiver@d0bbfd9]
02-27 19:28:45.956  2026  3448 W ContextImpl: Calling a method in the system process without a qualified user: android.app.ContextImpl.sendBroadcast:1360 com.android.server.wifi.p2p.WifiP2pServiceImpl$P2pStateMachine.sendBroadcastWithExcludedPermissions:6127 com.android.server.wifi.p2p.WifiP2pServiceImpl$P2pStateMachine.sendPeersChangedBroadcast:6171 com.android.server.wifi.p2p.WifiP2pServiceImpl$P2pStateMachine.-$$Nest$msendPeersChangedBroadcast:0 com.android.server.wifi.p2p.WifiP2pServiceImpl$P2pStateMachine$GroupCreatedState.processMessageImpl:5407 
02-27 19:28:45.960  2026  3448 W ContextImpl: Calling a method in the system process without a qualified user: android.app.ContextImpl.sendBroadcast:1360 com.android.server.wifi.p2p.WifiP2pServiceImpl$P2pStateMachine.sendBroadcastWithExcludedPermissions:6150 com.android.server.wifi.p2p.WifiP2pServiceImpl$P2pStateMachine.sendPeersChangedBroadcast:6171 com.android.server.wifi.p2p.WifiP2pServiceImpl$P2pStateMachine.-$$Nest$msendPeersChangedBroadcast:0 com.android.server.wifi.p2p.WifiP2pServiceImpl$P2pStateMachine$GroupCreatedState.processMessageImpl:5407 
02-27 19:28:45.973  2026  3448 W ContextImpl: Calling a method in the system process without a qualified user: android.app.ContextImpl.sendBroadcastMultiplePermissions:1294 android.content.Context.sendBroadcastWithMultiplePermissions:2550 com.android.server.wifi.p2p.WifiP2pServiceImpl$P2pStateMachine.sendBroadcastWithMainlineNetworkStackPermissionPostU:6311 com.android.server.wifi.p2p.WifiP2pServiceImpl$P2pStateMachine.sendP2pConnectionChangedBroadcast:6189 com.android.server.wifi.p2p.WifiP2pServiceImpl$P2pStateMachine.-$$Nest$msendP2pConnectionChangedBroadcast:0 
02-27 19:28:45.978  2026  3448 W ContextImpl: Calling a method in the system process without a qualified user: android.app.ContextImpl.sendBroadcast:1360 com.android.server.wifi.p2p.WifiP2pServiceImpl$P2pStateMachine.sendBroadcastWithExcludedPermissions:6127 com.android.server.wifi.p2p.WifiP2pServiceImpl$P2pStateMachine.sendP2pConnectionChangedBroadcast:6192 com.android.server.wifi.p2p.WifiP2pServiceImpl$P2pStateMachine.-$$Nest$msendP2pConnectionChangedBroadcast:0 com.android.server.wifi.p2p.WifiP2pServiceImpl$P2pStateMachine$GroupCreatedState.processMessageImpl:5418 
