02-27 19:55:14.337 18002 18140 D MediaStrategy: <ManagerBridge.cpp,JNI_OnLoad,1255>-----compiled native library  Apr 10 2025 06:51:27-----
02-27 19:55:14.338 18002 18140 D MediaStrategy: <vc_log.cpp,event,147>[center][event] on event, id = , key = 3038, value = 33, info = , jsonLog = null
02-27 19:55:14.338 18002 18140 D MediaStrategy: <vc_log.cpp,event,147>[center][event] on event, id = , key = 2018, value = 0, info = engine_default, jsonLog = null
02-27 19:55:14.339 18002 18140 D nativeloader: Load /data/app/~~vnIfcsQa41W2IkOoVy0L5A==/com.lemon.lvoverseas-4p0gZ5gqO0iuDdlPsoKgdg==/lib/arm64/libaudioeffect.so using class loader ns clns-9 (caller=/data/app/~~vnIfcsQa41W2IkOoVy0L5A==/com.lemon.lvoverseas-4p0gZ5gqO0iuDdlPsoKgdg==/base.apk!classes9.dex): ok
02-27 19:55:14.340 18002 18248 D MediaStrategy: <vc_log.cpp,event,147>[center][event] on event, id = , key = 3042, value = 2, info = 0, jsonLog = null
02-27 19:55:14.340 18002 18248 D MediaStrategy: <vc_log.cpp,event,147>[center][event] on event, id = , key = 2001, value = -1, info = default, jsonLog = null
02-27 19:55:14.341 18002 18140 D nativeloader: Load /data/app/~~vnIfcsQa41W2IkOoVy0L5A==/com.lemon.lvoverseas-4p0gZ5gqO0iuDdlPsoKgdg==/lib/arm64/libByteVC1_dec.so using class loader ns clns-9 (caller=/data/app/~~vnIfcsQa41W2IkOoVy0L5A==/com.lemon.lvoverseas-4p0gZ5gqO0iuDdlPsoKgdg==/base.apk!classes9.dex): ok
02-27 19:55:14.342 18002 18209 D nativeloader: Load /data/app/~~vnIfcsQa41W2IkOoVy0L5A==/com.lemon.lvoverseas-4p0gZ5gqO0iuDdlPsoKgdg==/lib/arm64/libtttext_lite.so using class loader ns clns-9 (caller=/data/app/~~vnIfcsQa41W2IkOoVy0L5A==/com.lemon.lvoverseas-4p0gZ5gqO0iuDdlPsoKgdg==/base.apk!classes9.dex): ok
02-27 19:55:14.343  2026  3215 D SensorServiceExtImpl: isAllowOplusAMD opPackageName = com.lemon.lvoverseas
02-27 19:55:14.343 18002 18140 D nativeloader: Load /data/app/~~vnIfcsQa41W2IkOoVy0L5A==/com.lemon.lvoverseas-4p0gZ5gqO0iuDdlPsoKgdg==/lib/arm64/libbyteVC2dec.so using class loader ns clns-9 (caller=/data/app/~~vnIfcsQa41W2IkOoVy0L5A==/com.lemon.lvoverseas-4p0gZ5gqO0iuDdlPsoKgdg==/base.apk!classes9.dex): ok
02-27 19:55:14.343 18002 18137 D ExtensionsLoader: createInstance(64bit) : createExtendedFactory
02-27 19:55:14.344 18002 18140 D nativeloader: Load /data/app/~~vnIfcsQa41W2IkOoVy0L5A==/com.lemon.lvoverseas-4p0gZ5gqO0iuDdlPsoKgdg==/lib/arm64/libttffmpeg.so using class loader ns clns-9 (caller=/data/app/~~vnIfcsQa41W2IkOoVy0L5A==/com.lemon.lvoverseas-4p0gZ5gqO0iuDdlPsoKgdg==/base.apk!classes9.dex): ok
02-27 19:55:14.345 18002 18137 D ExtensionsLoader: Opened libsensorextimpl.so
02-27 19:55:14.347 18002 18126 I cr_LibraryLoader: Successfully loaded native library
02-27 19:55:14.348 18002 18140 D nativeloader: Load /data/app/~~vnIfcsQa41W2IkOoVy0L5A==/com.lemon.lvoverseas-4p0gZ5gqO0iuDdlPsoKgdg==/lib/arm64/libttdemux.so using class loader ns clns-9 (caller=/data/app/~~vnIfcsQa41W2IkOoVy0L5A==/com.lemon.lvoverseas-4p0gZ5gqO0iuDdlPsoKgdg==/base.apk!classes9.dex): ok
02-27 19:55:14.351 18002 18140 D nativeloader: Load /data/app/~~vnIfcsQa41W2IkOoVy0L5A==/com.lemon.lvoverseas-4p0gZ5gqO0iuDdlPsoKgdg==/lib/arm64/libttr.so using class loader ns clns-9 (caller=/data/app/~~vnIfcsQa41W2IkOoVy0L5A==/com.lemon.lvoverseas-4p0gZ5gqO0iuDdlPsoKgdg==/base.apk!classes9.dex): ok
02-27 19:55:14.352 18002 18140 D nativeloader: Load /data/app/~~vnIfcsQa41W2IkOoVy0L5A==/com.lemon.lvoverseas-4p0gZ5gqO0iuDdlPsoKgdg==/lib/arm64/libttmplayer.so using class loader ns clns-9 (caller=/data/app/~~vnIfcsQa41W2IkOoVy0L5A==/com.lemon.lvoverseas-4p0gZ5gqO0iuDdlPsoKgdg==/base.apk!classes9.dex): ok
02-27 19:55:14.352 18002 18126 I cr_CachingUmaRecorder: Flushed 18 samples from 18 histograms, 0 samples were dropped.
02-27 19:55:14.371 18002 18140 I EnginePreloader: checkInit: start
02-27 19:55:14.371 18002 18140 D lazy_init_mdl: EnginePreloader : checkInit !
02-27 19:55:14.372 18002 18209 D nativeloader: Load /data/app/~~vnIfcsQa41W2IkOoVy0L5A==/com.lemon.lvoverseas-4p0gZ5gqO0iuDdlPsoKgdg==/lib/arm64/liblynxservice.so using class loader ns clns-9 (caller=/data/app/~~vnIfcsQa41W2IkOoVy0L5A==/com.lemon.lvoverseas-4p0gZ5gqO0iuDdlPsoKgdg==/base.apk!classes9.dex): ok
02-27 19:55:14.372 18002 18140 D EnginePreloader: p2p lib isapplied: 0, loadertype: 0
02-27 19:55:14.380 18002 18140 D free_mode: EnginePreloader setDataFreeMode Enable:false
02-27 19:55:14.383 18002 18140 D getCacheDirInfoArray: dir = /data/user/0/com.lemon.lvoverseas/cache/feed-cold-cache ; size = 209715200
02-27 19:55:14.383 18002 18140 D getCacheDirInfoArray: dir = /data/user/0/com.lemon.lvoverseas/cache/offline-mode ; size = 2097152000
02-27 19:55:14.383 18002 18140 D getCacheDirInfoArray: dir = /data/user/0/com.lemon.lvoverseas/cache/g-house ; size = 31457280
02-27 19:55:14.383 18002 18140 D getCacheDirInfoArray: dir = /data/user/0/com.lemon.lvoverseas/cache/often ; size = 10485760
02-27 19:55:14.383 18002 18140 D getCacheDirInfoArray: dir = /data/user/0/com.lemon.lvoverseas/cache/fixed-list-cache ; size = 52428800
02-27 19:55:14.383 18002 18140 D protectCacheDir: config dir = offline-mode ; result protect dir = /data/user/0/com.lemon.lvoverseas/cache/offline-mode
02-27 19:55:14.385 18002 18140 I EnginePreloader: checkInit: end
02-27 19:55:14.404   646   646 E lowmemorykiller: device memory 413747 free 66076 file 382114
02-27 19:55:14.405  4130  4583 D CommonApp-271-10497: DefaultState EVENT_SCENARIOS_CHANGE
02-27 19:55:14.406  4130  4583 D CommonApp-271-10497: scene=COMMON pn=com.esiri.esiriplus
02-27 19:55:14.505   646   646 E lowmemorykiller: device memory 415719 free 73277 file 376872
02-27 19:55:14.523 14128 14497 I metis_v2_OsenseCallBack: memLevel: 3 [Metis|com.oplus.metis|1.4.54-aa2067f]
02-27 19:55:14.523  2026  3795 I Osense-PsiDetector: 1626,288,2491,7679,68,436,208,1346,1801,729,742,0,8,7537
02-27 19:55:14.523  2026  3784 I Osense-BaseDecisionMaker: notifySceneToAthenaPolicy: SCENE_RES_MEM_PSI_NORMAL, bundle: Bundle[{memLevel=3}]
02-27 19:55:14.533  1540  1753 D BatteryChargeControl: bcc get no support from charging protocol
02-27 19:55:14.544  2026  3448 D WifiStaIfaceHidlImpl: getCachedScanData is not implemented by HIDL
02-27 19:55:14.548  2026  3448 W WifiNetworkFactory: Connected to unknown network * ID: 10 SSID: "TUSOME" PROVIDER-NAME: null BSSID: null FQDN: null HOME-PROVIDER-NETWORK: false PRIO: 0 HIDDEN: false PMF: false CarrierId: -1 SubscriptionId: -1 SubscriptionGroup: null Currently Connected: true User Selected: false
02-27 19:55:14.548  2026  3448 W WifiNetworkFactory:  NetworkSelectionStatus NETWORK_SELECTION_ENABLED
02-27 19:55:14.548  2026  3448 W WifiNetworkFactory:  hasEverConnected: true
02-27 19:55:14.548  2026  3448 W WifiNetworkFactory:  hasNeverDetectedCaptivePortal: true
02-27 19:55:14.548  2026  3448 W WifiNetworkFactory:  hasEverValidatedInternetAccess: true
02-27 19:55:14.548  2026  3448 W WifiNetworkFactory:  mCandidateSecurityParams: Security Parameters:
02-27 19:55:14.548  2026  3448 W WifiNetworkFactory:  Type: 2
02-27 19:55:14.548  2026  3448 W WifiNetworkFactory:  Enabled: true
02-27 19:55:14.548  2026  3448 W WifiNetworkFactory:  KeyMgmt: WPA_PSK
02-27 19:55:14.548  2026  3448 W WifiNetworkFactory:  Protocols: WPA RSN
02-27 19:55:14.548  2026  3448 W WifiNetworkFactory:  AuthAlgorithms:
02-27 19:55:14.548  2026  3448 W WifiNetworkFactory:  PairwiseCiphers: TKIP CCMP
02-27 19:55:14.548  2026  3448 W WifiNetworkFactory:  GroupCiphers: WEP40 WEP104 TKIP CCMP
02-27 19:55:14.548  2026  3448 W WifiNetworkFactory:  GroupMgmtCiphers:
02-27 19:55:14.548  2026  3448 W WifiNetworkFactory:  SuiteBCiphers:
02-27 19:55:14.548  2026  3448 W WifiNetworkFactory:  RequirePmf: false
02-27 19:55:14.548  2026  3448 W WifiNetworkFactory:  IsAddedByAutoUpgrade: false
02-27 19:55:14.548  2026  3448 W WifiNetworkFactory:  IsSaeH2eOnlyMode: false
02-27 19:55:14.548  2026  3448 W WifiNetworkFactory:  IsSaePkOnlyMode: false
02-27 19:55:14.548  2026  3448 W WifiNetworkFactory:  mLastUsedSecurityParams: Security Parameters:
02-27 19:55:14.548  2026  3448 W WifiNetworkFactory:  Type: 2
02-27 19:55:14.548  2026  3448 W WifiNetworkFactory:  Enabled: true
02-27 19:55:14.548  2026  3448 W WifiNetworkFactory:  KeyMgmt: WPA_PSK
02-27 19:55:14.548  2026  3448 W WifiNetworkFactory:  Protocols: WPA RSN
02-27 19:55:14.548  2026  3448 W WifiNetworkFactory:  AuthAlgorithms:
02-27 19:55:14.548  2026  3448 W WifiNetworkFactory:  PairwiseCiphers: TKIP CCMP
02-27 19:55:14.548  2026  3448 W WifiNetworkFactory:  GroupCiphers: WEP40 WEP104 TKIP CCMP
02-27 19:55:14.548  2026  3448 W WifiNetworkFactory:  GroupMgmtCiphers:
02-27 19:55:14.548  2026  3448 W WifiNetworkFactory:  SuiteBCiphers:
02-27 19:55:14.548  2026  3448 W WifiNetworkFactory:  RequirePmf: false
02-27 19:55:14.548  2026  3448 W WifiNetworkFactory:  IsAddedByAutoUpgrade: false
02-27 19:55:14.548  2026  3448 W WifiNetworkFactory:  IsSaeH2eOnlyMode: false
02-27 19:55:14.548  2026  3448 W WifiNetworkFactory:  IsSaePkOnlyMode: false
02-27 19:55:14.548  2026  3448 W WifiNetworkFactory:  numAssociation 40
02-27 19:55:14.548  2026  3448 W WifiNetworkFactory:  validatedInternetAccess shared trusted
02-27 19:55:14.548  2026  3448 W WifiNetworkFactory:  macRandomizationSetting: 3
02-27 19:55:14.548  2026  3448 W WifiNetworkFactory:  mRandomizedMacAddress: 26:58:e3:76:66:31
02-27 19:55:14.548  2026  3448 W WifiNetworkFactory:  randomizedMacExpirationTimeMs: 2026-02-28T14:29:11.685
02-27 19:55:14.548  2026  3448 W WifiNetworkFactory:  randomizedMacLastModifiedTimeMs: <none>
02-27 19:55:14.548  2026  3448 W WifiNetworkFactory:  persistentMacRandomizationSeed: 0
02-27 19:55:14.548  2026  3448 W WifiNetworkFactory:  mIsSendDhcpHostnameEnabled: true
02-27 19:55:14.548  2026  3448 W WifiNetworkFactory:  deletionPriority: 0
02-27 19:55:14.548  2026  3448 W WifiNetworkFactory:  KeyMgmt: WPA_PSK Protocols: WPA RSN
02-27 19:55:14.548  2026  3448 W WifiNetworkFactory:  AuthAlgorithms:
02-27 19:55:14.548  2026  3448 W WifiNetworkFactory:  PairwiseCiphers: TKIP CCMP
02-27 19:55:14.548  2026  3448 W WifiNetworkFactory:  GroupCiphers: WEP40 WEP104 TKIP CCMP
02-27 19:55:14.548  2026  3448 W WifiNetworkFactory:  GroupMgmtCiphers:
02-27 19:55:14.548  2026  3448 W WifiNetworkFactory:  SuiteBCiphers:
02-27 19:55:14.548  2026  3448 W WifiNetworkFactory:  PSK/SAE: *
02-27 19:55:14.548  2026  3448 W WifiNetworkFactory: SecurityParams List:
02-27 19:55:14.548  2026  3448 W WifiNetworkFactory: Security Parameters:
02-27 19:55:14.548  2026  3448 W WifiNetworkFactory:  Type: 2
02-27 19:55:14.548  2026  3448 W WifiNetworkFactory:  Enabled: true
02-27 19:55:14.548  2026  3448 W WifiNetworkFactory:  KeyMgmt: WPA_PSK
02-27 19:55:14.548  2026  3448 W WifiNetworkFactory:  Protocols: WPA RSN
02-27 19:55:14.548  2026  3448 W WifiNetworkFactory:  AuthAlgorithms:
02-27 19:55:14.548  2026  3448 W WifiNetworkFactory:  PairwiseCiphers: TKIP CCMP
02-27 19:55:14.548  2026  3448 W WifiNetworkFactory:  GroupCiphers: WEP40 WEP104 TKIP CCMP
02-27 19:55:14.548  2026  3448 W WifiNetworkFactory:  GroupMgmtCiphers:
02-27 19:55:14.548  2026  3448 W WifiNetworkFactory:  SuiteBCiphers:
02-27 19:55:14.548  2026  3448 W WifiNetworkFactory:  RequirePmf: false
02-27 19:55:14.548  2026  3448 W WifiNetworkFactory:  IsAddedByAutoUpgrade: false
02-27 19:55:14.548  2026  3448 W WifiNetworkFactory:  IsSaeH2eOnlyMode: false
02-27 19:55:14.548  2026  3448 W WifiNetworkFactory:  IsSaePkOnlyMode: false
02-27 19:55:14.548  2026  3448 W WifiNetworkFactory: Security Parameters:
02-27 19:55:14.548  2026  3448 W WifiNetworkFactory:  Type: 4
02-27 19:55:14.548  2026  3448 W WifiNetworkFactory:  Enabled: true
02-27 19:55:14.548  2026  3448 W WifiNetworkFactory:  KeyMgmt: SAE
02-27 19:55:14.548  2026  3448 W WifiNetworkFactory:  Protocols: RSN
02-27 19:55:14.548  2026  3448 W WifiNetworkFactory:  AuthAlgorithms:
02-27 19:55:14.548  2026  3448 W WifiNetworkFactory:  PairwiseCiphers: CCMP GCMP_256 GCMP_128
02-27 19:55:14.548  2026  3448 W WifiNetworkFactory:  GroupCiphers: CCMP GCMP_256 GCMP_128
02-27 19:55:14.548  2026  3448 W WifiNetworkFactory:  GroupMgmtCiphers:
02-27 19:55:14.548  2026  3448 W WifiNetworkFactory:  SuiteBCiphers:
02-27 19:55:14.548  2026  3448 W WifiNetworkFactory:  RequirePmf: true
02-27 19:55:14.548  2026  3448 W WifiNetworkFactory:  IsAddedByAutoUpgrade: true
02-27 19:55:14.548  2026  3448 W WifiNetworkFactory:  IsSaeH2eOnlyMode: false
02-27 19:55:14.548  2026  3448 W WifiNetworkFactory:  IsSaePkOnlyMode: false
02-27 19:55:14.548  2026  3448 W WifiNetworkFactory: 
02-27 19:55:14.548  2026  3448 W WifiNetworkFactory: Enterprise config:
02-27 19:55:14.548  2026  3448 W WifiNetworkFactory:  ocsp: 0
02-27 19:55:14.548  2026  3448 W WifiNetworkFactory:  trust_on_first_use: false
02-27 19:55:14.548  2026  3448 W WifiNetworkFactory:  user_approve_no_ca_cert: false
02-27 19:55:14.548  2026  3448 W WifiNetworkFactory:  selected_rcoi: 0
02-27 19:55:14.548  2026  3448 W WifiNetworkFactory:  minimum_tls_version: 0
02-27 19:55:14.548  2026  3448 W WifiNetworkFactory:  enable_conservative_peer_mode: false
02-27 19:55:14.548  2026  3448 W WifiNetworkFactory:  tofu_dialog_state: 0
02-27 19:55:14.548  2026  3448 W WifiNetworkFactory:  tofu_connection_state: 0
02-27 19:55:14.548  2026  3448 W WifiNetworkFactory: IP config:
02-27 19:55:14.548  2026  3448 W WifiNetworkFactory: IP assignment: DHCP
02-27 19:55:14.548  2026  3448 W WifiNetworkFactory: Proxy settings: NONE
02-27 19:55:14.548  2026  3448 W WifiNetworkFactory:  cuid=1000 cname=android.uid.system:1000 luid=1000 lname=android.uid.system:1000 lcuid=1000 allowAutojoin=true noInternetAccessExpected=false mostRecentlyConnected=false 
02-27 19:55:14.548  2026  3448 W WifiNetworkFactory: lastConnected: 2026-02-27T14:29:11.704 
02-27 19:55:14.548  2026  3448 W WifiNetworkFactory: 
02-27 19:55:14.548  2026  3448 W WifiNetworkFactory: lastUpdated: 2026-02-18T22:05:15.638 
02-27 19:55:14.548  2026  3448 W WifiNetworkFactory: numRebootsSinceLastUse: 0
02-27 19:55:14.548  2026  3448 W WifiNetworkFactory: recentFailure: Association Rejection code: 0, last update time: 0
02-27 19:55:14.548  2026  3448 W WifiNetworkFactory: bssidAllowlist unset
02-27 19:55:14.548  2026  3448 W WifiNetworkFactory: vendorData unset
02-27 19:55:14.548  2026  3448 W WifiNetworkFactory: IsDppConfigurator: true
02-27 19:55:14.548  2026  3448 W WifiNetworkFactory: HasEncryptedPreSharedKey: false
02-27 19:55:14.548  2026  3448 W WifiNetworkFactory:  setWifi7Enabled=true
02-27 19:55:14.548  2026  3448 W WifiNetworkFactory:  mIsAllowedToUpdateByOtherUsers=true
02-27 19:55:14.548  2026  3448 W WifiNetworkFactory:  mCreatorUserId=-2
02-27 19:55:14.548  2026  3448 W WifiNetworkFactory: :1c:61:d2:b0:6a:70. Ignoring...
02-27 19:55:14.553  2026  4107 W BroadcastQueue: Ignoring finishReceiverLocked; no active broadcast for BroadcastProcessQueue{1697adf 18002:com.lemon.lvoverseas/u0a343}
02-27 19:55:14.553  2026  3215 W BroadcastQueue: Ignoring finishReceiverLocked; no active broadcast for BroadcastProcessQueue{1697adf 18002:com.lemon.lvoverseas/u0a343}
02-27 19:55:14.554  2026  3215 W BroadcastQueue: Ignoring finishReceiverLocked; no active broadcast for BroadcastProcessQueue{1697adf 18002:com.lemon.lvoverseas/u0a343}
02-27 19:55:14.554  2026  3215 W BroadcastQueue: Ignoring finishReceiverLocked; no active broadcast for BroadcastProcessQueue{1697adf 18002:com.lemon.lvoverseas/u0a343}
02-27 19:55:14.554  2026  7706 W BroadcastQueue: Ignoring finishReceiverLocked; no active broadcast for BroadcastProcessQueue{1697adf 18002:com.lemon.lvoverseas/u0a343}
02-27 19:55:14.556  4248  4248 D VendorWifiService: onEvent event:9,action:1
02-27 19:55:14.561  2026  3554 D OplusWifiPower_TriggerCenter: mComponentCallback: wifistat
02-27 19:55:14.561  3736  3908 D WifiStatusTracker: mNetworkCallback onCapabilitiesChanged network:271 mPrimaryNetworkId:271
02-27 19:55:14.567  4248  4574 D SubsysEventListenerManager: onCapabilitiesChanged
02-27 19:55:14.567  4248  4574 D DataStateTracker: getCurDataChannel, channel:1
02-27 19:55:14.568  3736  3960 D WifiPickerTracker: handleNetworkCapabilitiesChanged network:271
02-27 19:55:14.568  2026  3554 D SystemNetworkObserver: wifi network 271 nc changed, primary=true
02-27 19:55:14.568  2026  3554 D SystemNetworkObserver: default network nc changed 271
02-27 19:55:14.569  2026  3590 D OplusSlaNetworkManager: isPrimaryWifi:true network:271
02-27 19:55:14.575  7757  9161 I CardConfig.RxNetworkMonitor: onNetworkStateChange, current:true, last:true
02-27 19:55:14.576  3736  3908 D WifiStatusTracker: mNetworkCallback onCapabilitiesChanged network:271 mPrimaryNetworkId:271
02-27 19:55:14.585 20407 23184 I NullBinder: NullBinder for android.net.action.RECOMMEND_NETWORKS triggering remote TransactionTooLargeException due to Service without Chimera impl, calling uid: 1000, calling pid: 0
02-27 19:55:14.585 20407 23184 W .gms.persistent: Large reply transaction of 2113536 bytes, interface descriptor , code 1
02-27 19:55:14.591  3736  3908 I SystemUi--Statusbar: NetworkController.WifiSignalController-->handleStatusUpdated state=3 enabled=true connected=true isDefaultNetwork=true rssi=-40 level=4 statusLabel=null isDirty=false
02-27 19:55:14.595  3736  3908 I SystemUi--Statusbar: NetworkController.WifiSignalController-->handleStatusUpdated state=3 enabled=true connected=true isDefaultNetwork=true rssi=-40 level=4 statusLabel=null isDirty=false
02-27 19:55:14.595  3736  3960 I WifiPickerTracker: wifi connected status realConnectedWifiEntry not null: true
02-27 19:55:14.595  3736  3908 I SystemUi--Statusbar: NetworkController.WifiSignalController-->handleStatusUpdated state=3 enabled=true connected=true isDefaultNetwork=true rssi=-40 level=4 statusLabel=null isDirty=false
02-27 19:55:14.605 20407 23184 I NullBinder: NullBinder for android.net.action.RECOMMEND_NETWORKS triggering remote TransactionTooLargeException due to Service without Chimera impl, calling uid: 1000, calling pid: 0
02-27 19:55:14.605 20407 23184 W .gms.persistent: Large reply transaction of 2113536 bytes, interface descriptor , code 1
02-27 19:55:14.606   646   646 E lowmemorykiller: device memory 440184 free 72466 file 378076
02-27 19:55:14.607 20407 23184 I NullBinder: NullBinder for android.net.action.RECOMMEND_NETWORKS triggering remote TransactionTooLargeException due to Service without Chimera impl, calling uid: 1000, calling pid: 0
02-27 19:55:14.607 20407 23184 W .gms.persistent: Large reply transaction of 2113536 bytes, interface descriptor , code 1
02-27 19:55:14.610 17121 17154 I BugleRcsEngine: Connected state: [1], networkType: [WIFI] [CONTEXT thread_id=1236 ]
02-27 19:55:14.615 20407 23184 I NullBinder: NullBinder for android.net.action.RECOMMEND_NETWORKS triggering remote TransactionTooLargeException due to Service without Chimera impl, calling uid: 1000, calling pid: 0
02-27 19:55:14.615 20407 23184 W .gms.persistent: Large reply transaction of 2113536 bytes, interface descriptor , code 1
02-27 19:55:14.618 17121 17160 I BugleRcsEngine: handleMessage processing message:[NOTIFY_UPTIME_IGNORE_STATE_CHANGED] with [non-null]:RcsEngineImpl reference [CONTEXT log_prefix="RcsEngineImpl[DUAL_REG]:[9864dbcc-45fb]>Handler" thread_id=1242 ]
02-27 19:55:14.651  1319  1319 D Zygote  : Forked child process 18277
02-27 19:55:14.652  2026  2704 I ActivityManager: Start proc 18277:com.google.android.apps.messaging/u0a267 for content provider {com.google.android.apps.messaging/com.google.android.apps.messaging.shared.datamodel.provider.sharedstorage.SharedStorageProvider}
02-27 19:55:14.673 18277 18277 E .apps.messaging: Unknown bits set in runtime_flags: 0x40000000
02-27 19:55:14.673 18277 18277 I .apps.messaging: Using CollectorTypeCC GC.
02-27 19:55:14.681 23076 23084 I adbd    : jdwp connection from 18277
02-27 19:55:14.684 18277 18277 D nativeloader: Load libframework-connectivity-tiramisu-jni.so using APEX ns com_android_tethering for caller /apex/com.android.tethering/javalib/framework-connectivity-t.jar: ok
02-27 19:55:14.688 18277 18277 D OplusActivityThreadExtImpl: java.lang.NoSuchMethodException: dalvik.system.VMRuntime.SupressionGC [int, int]
02-27 19:55:14.688 18277 18277 W libc    : Access denied finding property "persist.vendor.sys.activitylog"
02-27 19:55:14.688 18277 18277 I OneTrace: Mark active for pid=18277? true
02-27 19:55:14.688 18277 18277 D cutils-dev: otrace_set_tracing_enabled? true tag:0
02-27 19:55:14.689 18277 18277 D cutils-dev: properties changed in otrace_seq_number_changed!
02-27 19:55:14.693  2026  7706 D ActivityTaskManagerServiceExtImpl: preBindApplication record is null
02-27 19:55:14.693  2026  7706 D RGBNormalizeServer: OplusRGBNormalize feature enabled ? false
02-27 19:55:14.693  2026  7706 D ResourcesManagerCache: For package com.google.android.apps.messaging we got cacheList [null] appInfoExt is null ? false hasFeature ? false
02-27 19:55:14.697 18277 18277 D OplusActivityManager: get AMS extension: android.os.BinderProxy@b4cb17f
02-27 19:55:14.699 18277 18291 D OplusAppHeapManager: java.lang.NoSuchMethodException: dalvik.system.VMRuntime.updateProcessValue [int, int, int]
02-27 19:55:14.700 18277 18277 D callGcSupression: java.lang.NullPointerException: Attempt to invoke virtual method 'java.lang.Object java.lang.reflect.Method.invoke(java.lang.Object, java.lang.Object[])' on a null object reference
02-27 19:55:14.701 18277 18277 D CompactWindowAppManager: initCompactApplicationInfo CompactMode: , NormalMode: 
02-27 19:55:14.702  4130  4583 D CommonApp-271-10497: transport layer data is invalid
02-27 19:55:14.703 18277 18277 D OplusScrollToTopManager: setIsInWhiteList false
02-27 19:55:14.703 18277 18277 D OplusViewDebugManager: OplusViewDebugManager Constructor android.view.debug.OplusViewDebugManager@9754995 [mHasViewDebugProperty true] [mHasMsgDebugProperty false] [DEBUG false] [EXTRAINFOENABLE false] [LIGHT_OS false]
02-27 19:55:14.707 18277 18277 W libc    : Access denied finding property "ro.odm.prev.product.name"
02-27 19:55:14.708   646   646 E lowmemorykiller: device memory 438410 free 69569 file 379251
02-27 19:55:14.709 18277 18277 D ApplicationLoaders: Returning zygote-cached class loader: /system/framework/org.apache.http.legacy.jar
02-27 19:55:14.711 18277 18277 D nativeloader: Configuring clns-7 for other apk /system_ext/framework/SatelliteClient.jar. target_sdk_version=36, uses_libraries=ALL, library_path=/data/app/~~sC7UDvQsASIM2FQXBIrmlQ==/com.google.android.apps.messaging-gzz2Scwb5CqG0jtPe1p53g==/lib/arm64:/data/app/~~sC7UDvQsASIM2FQXBIrmlQ==/com.google.android.apps.messaging-gzz2Scwb5CqG0jtPe1p53g==/base.apk!/lib/arm64-v8a:/data/app/~~sC7UDvQsASIM2FQXBIrmlQ==/com.google.android.apps.messaging-gzz2Scwb5CqG0jtPe1p53g==/split_config.arm64_v8a.apk!/lib/arm64-v8a:/data/app/~~sC7UDvQsASIM2FQXBIrmlQ==/com.google.android.apps.messaging-gzz2Scwb5CqG0jtPe1p53g==/split_config.en.apk!/lib/arm64-v8a:/data/app/~~sC7UDvQsASIM2FQXBIrmlQ==/com.google.android.apps.messaging-gzz2Scwb5CqG0jtPe1p53g==/split_config.xxhdpi.apk!/lib/arm64-v8a, permitted_path=/data:/mnt/expand:/data/user/0/com.google.android.apps.messaging
02-27 19:55:14.711 18277 18277 D nativeloader: Extending system_exposed_libraries: libbinauralrenderer_wrapper.qti.so:libhoaeffects.qti.so:libSloganJni.oplus.so:libsuperNight.oplus.so:libAPSClient-cmd-jni-extension.oplus.so:libsatellite_audio_jni.oplus.so:libortc_so.oplus.so:libsoundtouch.oplus.so:libsoundtouch_jni.oplus.so:libOplusStringJNI-extension.oplus.so:libapssuspend-jni.oplus.so:libupdateprof.qti.so:libthermalclient.qti.so:libqape.qti.so:libqesdk_ndk_platform.qti.so:liblistenjni.qti.so
02-27 19:55:14.713 18277 18277 D ApplicationLoaders: Returning zygote-cached class loader: /system_ext/framework/androidx.window.extensions.jar
02-27 19:55:14.713 18277 18277 D ApplicationLoaders: Returning zygote-cached class loader: /system_ext/framework/androidx.window.sidecar.jar
02-27 19:55:14.731  2026  3782 I Osense-BaseDecisionMaker: notifySceneToAthenaPolicy: SCENE_RES_IO_PSI, bundle: Bundle[{ioLevel=3}]
02-27 19:55:14.731  2026  3782 I Osense-BaseDecisionMaker: OSense not supported scene! SCENE_RES_IO_PSI
02-27 19:55:14.732 14128 14497 I metis_v2_OsenseCallBack: memLevel: 0 [Metis|com.oplus.metis|1.4.54-aa2067f]
02-27 19:55:14.755 18277 18277 W .apps.messaging: Failed to find entry 'classes.dex': Entry not found
02-27 19:55:14.756 18277 18277 W .apps.messaging: Failed to find entry 'classes.dex': Entry not found
02-27 19:55:14.756 18277 18277 W .apps.messaging: Failed to find entry 'classes.dex': Entry not found
02-27 19:55:14.757 18277 18277 D nativeloader: Configuring clns-8 for other apk /data/app/~~sC7UDvQsASIM2FQXBIrmlQ==/com.google.android.apps.messaging-gzz2Scwb5CqG0jtPe1p53g==/base.apk:/data/app/~~sC7UDvQsASIM2FQXBIrmlQ==/com.google.android.apps.messaging-gzz2Scwb5CqG0jtPe1p53g==/split_config.arm64_v8a.apk:/data/app/~~sC7UDvQsASIM2FQXBIrmlQ==/com.google.android.apps.messaging-gzz2Scwb5CqG0jtPe1p53g==/split_config.en.apk:/data/app/~~sC7UDvQsASIM2FQXBIrmlQ==/com.google.android.apps.messaging-gzz2Scwb5CqG0jtPe1p53g==/split_config.xxhdpi.apk. target_sdk_version=36, uses_libraries=, library_path=/data/app/~~sC7UDvQsASIM2FQXBIrmlQ==/com.google.android.apps.messaging-gzz2Scwb5CqG0jtPe1p53g==/lib/arm64:/data/app/~~sC7UDvQsASIM2FQXBIrmlQ==/com.google.android.apps.messaging-gzz2Scwb5CqG0jtPe1p53g==/base.apk!/lib/arm64-v8a:/data/app/~~sC7UDvQsASIM2FQXBIrmlQ==/com.google.android.apps.messaging-gzz2Scwb5CqG0jtPe1p53g==/split_config.arm64_v8a.apk!/lib/arm64-v8a:/data/app/~~sC7UDvQsASIM2FQXBIrmlQ==/com.google.android.apps.messaging-gzz2Scwb5CqG0jtPe1p53g==/split_config
02-27 19:55:14.765 18277 18277 V GraphicsEnvironment: Currently set values for:
02-27 19:55:14.765 18277 18277 V GraphicsEnvironment:   angle_gl_driver_selection_pkgs=[]
02-27 19:55:14.765 18277 18277 V GraphicsEnvironment:   angle_gl_driver_selection_values=[]
02-27 19:55:14.765 18277 18277 V GraphicsEnvironment: Global.Settings values are invalid: number of packages: 0, number of values: 0
02-27 19:55:14.765 18277 18277 V GraphicsEnvironment: Neither updatable production driver nor prerelease driver is supported.
02-27 19:55:14.766 18277 18277 D ResourcesManagerExtImpl: applyConfigurationToAppResourcesLocked app.getDisplayId() return callback.displayId:-1
02-27 19:55:14.768 18277 18277 I MultiDex: VM with version 2.1.0 has multidex support
02-27 19:55:14.768 18277 18277 I MultiDex: Installing application
02-27 19:55:14.768 18277 18277 I MultiDex: VM has multidex support, MultiDex support library is disabled.
02-27 19:55:14.793 18277 18277 D nativeloader: Load libSchedAssistJni.so using system ns (caller=/system/framework/oplus-framework.jar): ok
02-27 19:55:14.793 18277 18277 D ExtensionsLoader: createInstance(64bit) : createExtendedFactory
02-27 19:55:14.794 18277 18277 D ExtensionsLoader: Opened libSchedAssistExtImpl.so
02-27 19:55:14.794 18277 18277 E SchedAssist: ofbOpen failed with error=No such file or directory
02-27 19:55:14.794 18277 18277 E SchedAssist: sysOpen failed with error=No such file or directory
02-27 19:55:14.794 18277 18277 E SchedAssist: open sharedFd failed with error=Permission denied
02-27 19:55:14.794 18277 18277 E SchedAssist: open sharedFd failed with error=Permission denied
02-27 19:55:14.794 18277 18277 E SchedAssist: open sharedFd failed with error=Permission denied
02-27 19:55:14.794 18277 18277 E SchedAssist: open sharedFd failed with error=No such file or directory
02-27 19:55:14.797 18277 18277 D OplusGraphicsEvent: OplusGraphicsEventListener create now!
02-27 19:55:14.798 18277 18277 D OplusGraphicsEvent: addEventListener success!
02-27 19:55:14.799  2026  4107 E ScrollOptim [OplusPerfService]: isScrollOptimEnable: mSoptBean = ScrollOptimBean, mOptEnable=true, mCommonOnly=false, mPreAnimStrategy=1, mPreAnimBlacklist=[com.shopify.arrive, com.max.xiaoheihe, com.heytap.themestore, com.quark.browser, org.telegram.messenger, org.telegram.messenger.web, com.kyk.world, uz.unnarsx.cherrygram, com.android.launcher], mPreAnimWhitelist=[], mInsertNum=1, mFrameInsertList={com.shopify.arrive={}, com.sankuai.meituan={com.sankuai.waimai.business.page.kingkong.KingKongActivity=0, com.sankuai.waimai.business.page.homepage.TakeoutActivity=3}, com.xueqiu.android={com.xueqiu.android.common.imagebrowse.inner.ui.ImageBrowseActivity=0}, com.max.xiaoheihe={com.max.xiaoheihe.module.bbs.post.ui.activitys.WebNewsPostPageActivity=0}, com.heytap.themestore={}, com.sina.weibo={com.sina.weibo.VisitorMainTabActivity=3}, com.tencent.mm={com.tencent.mm.ui.AlbumUI=3, com.tencent.mm.plugin.sns.ui.SnsTimeLineUI=3, com.tencent.mm.plugin.sns.ui.improve.ImproveSnsTimelineUI=3}, com.netease.newsreader.activity={com.netease.newsreader.article.framework.view.NewsPageActivity=0}, com.taobao.idlefish={}, uz.unnarsx.cherrygram={uz.unnarsx.cherrygram.CG_Icon_Cherry=0}, com.kyk.world={}, com.android.launcher={}}, mSCEnableList={com.ss.android.ugc.aweme=[com.ss.android.ugc.aweme.splash.SplashActivity], com.sankuai.meituan=[com.meituan.android.pt.homepage.activity.MainActivity, com.sankuai.waimai.business.restaurant.poicontainer.WMRestaurantActivity, com.sankuai.waimai.business.page.homepage.TakeoutActivity], com.dragon.read=[com.dragon.read.pages.main.MainFragmentActivity], com.sina.weibo=[com.sina.weibo.VisitorMainTabActivity], com.xunmeng.pinduoduo=[com.xunmeng.pinduoduo.activity.NewPageActivity], com.tencent.qqmusic=[com.tencent.qqmusic.activity.AppStarterActivity], com.tencent.mobileqq=[com.qzone.feed.ui.activity.QZoneFriendFeedActivity], com.tencent.qqlive=[com.tencent.qqlive.ona.activity.SplashHomeActivity], com.ct.client=[com.ct.client.activity.MainActivity]}
02-27 19:55:14.799  2026  4107 E ScrollOptim [OplusPerfService]: isScrollOptimEnable: pkgName = com.google.android.apps.messaging, output = Bundle[{pre_anim_enable=true, frame_insert_list=null, frame_insert_default_num=1, scroll_changed_enable_list=null}]
02-27 19:55:14.799 18277 18277 D ScrollOptim [ConfigManager]: initOptConfig: pkg= com.google.android.apps.messaging, mOptEnable= true, mAnimAheadEnable= true, mInsertDefaultNum= 1, mFrameInsertEnableList= {}, mSCEnableList= []
02-27 19:55:14.799 18277 18277 I eomq    : SslGuard completed installation.
02-27 19:55:14.800 17121 17160 I BugleRcsEngine: Rcs is enabled from user settings: true [CONTEXT log_prefix="ProvisioningEngineDataRetriever" thread_id=1242 ]
02-27 19:55:14.801 18277 18310 I stetho  : Listening on @stetho_com.google.android.apps.messaging_devtools_remote
02-27 19:55:14.802 18277 18277 I Bugle   : BugleApplicationBase: Bugle version: messages.android_20260210_00_rc00.phone_dynamic , Bugle version code: 299663063
02-27 19:55:14.802 18277 18277 I Bugle   : DarkModeManager: setDarkMode: -1
02-27 19:55:14.803  2026  4107 I ActivityManager: Flag disabled. Ignoring finishAttachApplication from uid: 10267. pid: 18277
02-27 19:55:14.808   646   646 E lowmemorykiller: device memory 431029 free 60127 file 381312
02-27 19:55:14.820 18277 18300 D nativeloader: Load /data/app/~~sC7UDvQsASIM2FQXBIrmlQ==/com.google.android.apps.messaging-gzz2Scwb5CqG0jtPe1p53g==/split_config.arm64_v8a.apk!/lib/arm64-v8a/libnative_crash_handler_jni.so using class loader ns clns-8 (caller=/data/app/~~sC7UDvQsASIM2FQXBIrmlQ==/com.google.android.apps.messaging-gzz2Scwb5CqG0jtPe1p53g==/base.apk!classes5.dex): ok
02-27 19:55:14.822  1510  8349 I QC2Comp : [vp9D_3966] Stats: Pending(3) i/p-done(0) Works: Q: 26/Done 25|Work-Rate: Q(0.0/s Avg=0.0/s) Done(0.000/s Avg=0.001/s)| Stream: 30.30fps 174.6Kbps
02-27 19:55:14.822  1510  8349 I QC2Comp : Mem-usage:  [In-1D - 5 bufs 14.941 MB] [1D-0 - 15 bufs 0.234 MB] [2D-3823 - 23 bufs 17.250 MB]
02-27 19:55:14.822  1510  8349 I QC2Comp : Total Mem-usage: 32.426 MB
02-27 19:55:14.844 18277 18319 I Bugle   : DatabaseHelperBasic.doInitializationTraced
02-27 19:55:14.844 18277 18318 I Bugle   : DatabaseHelperBasic.doInitializationTraced
02-27 19:55:14.844 18277 18317 I Bugle   : DatabaseHelperBasic.doInitializationTraced
02-27 19:55:14.845 18277 18302 I Bugle   : Initializing EmojiCompat
02-27 19:55:14.847 18277 18302 I CarrierServices: Initializing Carrier Services Library. [CONTEXT thread_id=1243 ]
02-27 19:55:14.854 20407 23184 I FontLog : (REDACTED) Received query %s, URI %s
02-27 19:55:14.854 20407 23184 I FontLog : (REDACTED) Query [%s] resolved to %s
02-27 19:55:14.855 20407 22903 I FontLog : (REDACTED) Received query %s, URI %s
02-27 19:55:14.855 20407 22903 I FontLog : (REDACTED) Query [%s] resolved to %s
02-27 19:55:14.855 20407 23184 I FontLog : (REDACTED) Fetch %s end status %s
02-27 19:55:14.856 18277 18317 I Bugle   : DatabaseHelperBasic: sqlite version is 3.44.3
02-27 19:55:14.857 20407 20422 I FontLog : (REDACTED) Pulling font file for id = %d, cache size = %d
02-27 19:55:14.857 20407 22903 I FontLog : (REDACTED) Fetch %s end status %s
02-27 19:55:14.858 18277 18317 I Bugle   : DatabaseHelperBasic.doInitializationTraced() returned SQLiteDatabase: /data/user/0/com.google.android.apps.messaging/databases/workqueue_db
02-27 19:55:14.859 18277 18317 I Bugle   : DatabaseHelperBasic.doInitializationTraced returned SQLiteDatabase: /data/user/0/com.google.android.apps.messaging/databases/workqueue_db
02-27 19:55:14.860 20407 23184 I FontLog : (REDACTED) Pulling font file for id = %d, cache size = %d
02-27 19:55:14.860 20407 22903 I FontLog : (REDACTED) Pulling font file for id = %d, cache size = %d
02-27 19:55:14.861 18277 18302 I CarrierServices: Initializing Carrier Services Logging. [CONTEXT thread_id=1243 ]
02-27 19:55:14.867 20407 20485 I FontLog : (REDACTED) Pulling font file for id = %d, cache size = %d
02-27 19:55:14.869 18277 18319 I Bugle   : DatabaseHelperBasic: sqlite version is 3.44.3
02-27 19:55:14.871 18277 18319 I Bugle   : DatabaseHelperBasic.doInitializationTraced() returned SQLiteDatabase: /data/user/0/com.google.android.apps.messaging/databases/bugle_backup_db
02-27 19:55:14.872 18277 18319 I Bugle   : DatabaseHelperBasic.doInitializationTraced returned SQLiteDatabase: /data/user/0/com.google.android.apps.messaging/databases/bugle_backup_db
02-27 19:55:14.875 18277 18318 I Bugle   : DatabaseHelperBasic: sqlite version is 3.44.3
02-27 19:55:14.877 18277 18318 I BugleDataModel: HeavyWorkQueueEmptyObserver: Starting observation of WorkQueueWorkManagerTable
02-27 19:55:14.883 18277 18318 I <unknown class>: Starting sync data to wearable message observer. [CONTEXT class_name="SyncDataToWearableMessageChangeObserver" ]
02-27 19:55:14.885 18277 18318 I Bugle   : DatabaseHelperBasic.doInitializationTraced() returned SQLiteDatabase: /data/user/0/com.google.android.apps.messaging/databases/bugle_db
02-27 19:55:14.886 18277 18318 I Bugle   : DatabaseHelperBasic.doInitializationTraced returned SQLiteDatabase: /data/user/0/com.google.android.apps.messaging/databases/bugle_db
02-27 19:55:14.886 18277 18302 I LogSaver: LogSaver new instance with filename: carrier_services
02-27 19:55:14.888 18277 18302 I BugleBackup: Registering preference change listener for "bugle".
02-27 19:55:14.894 18277 18318 I BugleRcs: couldn't get package info for carrier services package with name com.google.android.ims
02-27 19:55:14.894 18277 18318 I BugleRcs: android.content.pm.PackageManager$NameNotFoundException: com.google.android.ims
02-27 19:55:14.894 18277 18318 I BugleRcs: 	at android.app.ApplicationPackageManager.getPackageInfoAsUser(ApplicationPackageManager.java:290)
02-27 19:55:14.894 18277 18318 I BugleRcs: 	at android.app.ApplicationPackageManager.getPackageInfo(ApplicationPackageManager.java:245)
02-27 19:55:14.894 18277 18318 I BugleRcs: 	at android.app.ApplicationPackageManager.getPackageInfo(ApplicationPackageManager.java:237)
02-27 19:55:14.894 18277 18318 I BugleRcs: 	at ddgg.<init>(PG:60)
02-27 19:55:14.894 18277 18318 I BugleRcs: 	at ddgg.a(PG:10)
02-27 19:55:14.894 18277 18318 I BugleRcs: 	at clou.d(PG:40)
02-27 19:55:14.894 18277 18318 I BugleRcs: 	at aobo.run(PG:18)
02-27 19:55:14.894 18277 18318 I BugleRcs: 	at euxf.run(PG:25)
02-27 19:55:14.894 18277 18318 I BugleRcs: 	at java.util.concurrent.Executors$RunnableAdapter.call(Executors.java:520)
02-27 19:55:14.894 18277 18318 I BugleRcs: 	at fbor.a(PG:3)
02-27 19:55:14.894 18277 18318 I BugleRcs: 	at fbno.run(PG:19)
02-27 19:55:14.894 18277 18318 I BugleRcs: 	at fbos.run(PG:5)
02-27 19:55:14.894 18277 18318 I BugleRcs: 	at ebvp.run(PG:7)
02-27 19:55:14.894 18277 18318 I BugleRcs: 	at java.util.concurrent.ThreadPoolExecutor.runWorker(ThreadPoolExecutor.java:1154)
02-27 19:55:14.894 18277 18318 I BugleRcs: 	at java.util.concurrent.ThreadPoolExecutor$Worker.run(ThreadPoolExecutor.java:652)
02-27 19:55:14.894 18277 18318 I BugleRcs: 	at ebut.run(PG:13)
02-27 19:55:14.894 18277 18318 I BugleRcs: 	at java.lang.Thread.run(Thread.java:1564)
02-27 19:55:14.894 18277 18318 I BugleRcs: 	at ebwm.run(PG:61)
02-27 19:55:14.896  2026  2144 W System  : A resource failed to call release. 
02-27 19:55:14.899 18277 18318 I Bugle   : TelephonyManagerFactory: Returning per-subscription TelephonyManager (>= N) subscription{id:2}
02-27 19:55:14.900  2026  2144 W System  : A resource failed to call HardwareBuffer.close. 
02-27 19:55:14.909   646   646 E lowmemorykiller: device memory 433525 free 62279 file 381406
02-27 19:55:14.926 20407 11742 W BpBinder: Large outgoing transaction of 453640 bytes, interface descriptor , code 4
02-27 19:55:14.940  2026  3795 I Osense-PsiDetector: 1690,241,2492,7679,68,436,208,1374,1819,734,755,0,8,7572
02-27 19:55:14.940 14128 14497 I metis_v2_OsenseCallBack: memLevel: 2 [Metis|com.oplus.metis|1.4.54-aa2067f]
02-27 19:55:14.970 18277 18318 I BugleSystemBindingManag: BugleSystemBindingManager: onBuglePhenotypeFlagChanged
02-27 19:55:14.972 18277 18318 I BugleTransport: Not kicking off update transport registration because RCS provisioning change has not been received.
02-27 19:55:14.972  2026  4107 W PackageManager: package com.google.android.apps.messaging uid 10267 pid 18277 call SetEnabledSetting(com.google.android.apps.messaging component = com.google.android.ims.binding.SystemBindingService, 1, 0)
02-27 19:55:14.975 18277 18296 I BugleRcsEngine: SystemBinding enabled: true [CONTEXT log_prefix="SystemBindingManager" thread_id=1239 ]
02-27 19:55:14.976 18277 18296 I BugleRcsEngine: System Binding updated [CONTEXT thread_id=1239 ]
02-27 19:55:14.978 18277 18302 I BugleRcsEngine: getConfigServerUrl without simId [CONTEXT log_prefix="ProvisioningServerUtil" thread_id=1243 ]
02-27 19:55:14.979 18277 18319 I BugleRcsEngine: getConfigServerUrl without simId [CONTEXT log_prefix="ProvisioningServerUtil" thread_id=1252 ]
02-27 19:55:14.980 18277 18302 I BugleRcsEngine: No config URL. RCS not configured for dual-registration. [CONTEXT log_prefix="ProvisioningServerUtil" thread_id=1243 ]
02-27 19:55:14.981 18277 18319 I BugleRcsEngine: No config URL. RCS not configured for dual-registration. [CONTEXT log_prefix="ProvisioningServerUtil" thread_id=1252 ]
02-27 19:55:14.985  2026  3215 W PackageManager: package com.google.android.apps.messaging uid 10267 pid 18277 call SetEnabledSetting(com.google.android.apps.messaging component = com.google.android.apps.messaging.auto.MessagingTemplateScreenServiceModule, 1, 0)
02-27 19:55:15.002 18277 18318 I BugleSatellite: Processing Phenotype flag changes.
02-27 19:55:15.003 18277 18302 I BugleSatellite: Reporting to Telephony: SMS supported = true
02-27 19:55:15.007   646   646 E lowmemorykiller: device memory 432836 free 61668 file 381578
02-27 19:55:15.011 18277 18331 I BugleDataModel: 2 not running because already up to date, upgradeCommand: EXECUTE_UPGRADE, version: 4
02-27 19:55:15.014 18277 18329 I BugleDataModel: 4 not running because already up to date, upgradeCommand: EXECUTE_UPGRADE, version: 1
02-27 19:55:15.018 18277 18296 D WM-PackageManagerHelper: Skipping component enablement for androidx.work.impl.background.systemjob.SystemJobService
02-27 19:55:15.018 18277 18296 D WM-Schedulers: Created SystemJobScheduler and enabled SystemJobService
02-27 19:55:15.018 18277 18320 D WM-ForceStopRunnable: Is default app process = true
02-27 19:55:15.018 18277 18329 I BugleDataModel: 3 not running because already up to date, upgradeCommand: EXECUTE_UPGRADE, version: 2
02-27 19:55:15.019 18277 18320 D WM-ForceStopRunnable: Performing cleanup operations.
02-27 19:55:15.034 18277 18320 D WM-SystemJobScheduler: Reconciling jobs
02-27 19:55:15.046  7647 31827 D gaia-GaiaConnectChecker: start connect check++
02-27 19:55:15.048 18277 18320 D WM-ForceStopRunnable: Found unfinished work, scheduling it.
02-27 19:55:15.049  7647 31760 D gaia-GaiaConnectChecker: start connect check++
02-27 19:55:15.053 18277 18320 D WM-SystemJobScheduler: Scheduling work ID 0c9f5831-cdb9-4dba-aad1-a4c2e5197f3aJob ID 2343
02-27 19:55:15.060 18277 18320 D WM-SystemJobScheduler: Scheduling work ID e20a6949-0e89-4dee-966d-62c4836da69aJob ID 2594
02-27 19:55:15.064 18277 18320 D WM-SystemJobScheduler: Scheduling work ID 0763dffc-a294-4e83-925e-cfc83c2534cbJob ID 2338
02-27 19:55:15.070 18277 18320 D WM-SystemJobScheduler: Scheduling work ID 69be55aa-2cf3-4701-9e12-22b6d157275eJob ID 2116
02-27 19:55:15.075 18277 18320 D WM-SystemJobScheduler: Scheduling work ID 197afa56-904c-44a1-a9c5-b29895385559Job ID 1566
02-27 19:55:15.077 18277 18320 D WM-SystemJobScheduler: Scheduling work ID 022c846c-b4a6-4f1e-8d17-f2588b0cc851Job ID 1567
02-27 19:55:15.081 18277 18320 D WM-SystemJobScheduler: Scheduling work ID a1284274-975b-4e0b-aaeb-4a5c25831e2cJob ID 1169
02-27 19:55:15.085 18277 18320 D WM-SystemJobScheduler: Scheduling work ID 873a4df6-4f25-4d70-b242-aa993a4fdbd7Job ID 1299
02-27 19:55:15.088 18277 18320 D WM-SystemJobScheduler: Scheduling work ID 16f616e9-a3af-4a67-ad48-fe4f1004a55eJob ID 1341
02-27 19:55:15.092 18277 18320 D WM-SystemJobScheduler: Scheduling work ID 293532fd-69d6-4b1b-80af-6a25481d5a58Job ID 1569
02-27 19:55:15.096 20407 11742 I NearbySharing: Network state changed: NetworkState(isRestricted=false, isOnline=true, isCongested=false, isMetered=false, isWifiConnected=true)
02-27 19:55:15.098 18277 18320 D WM-SystemJobScheduler: Scheduling work ID 28ec3e3a-0460-428f-b249-c223e83add05Job ID 1568
02-27 19:55:15.104 18277 18320 D WM-SystemJobScheduler: Scheduling work ID 5eef5e32-9d1a-4f5f-b44d-c345c700115bJob ID 1561
02-27 19:55:15.109   646   646 E lowmemorykiller: device memory 432412 free 61094 file 381728
02-27 19:55:15.112 18277 18320 D WM-SystemJobScheduler: Scheduling work ID d06743f4-13b8-44b5-8a80-de4696adb609Job ID 1560
02-27 19:55:15.119 18277 18320 D WM-SystemJobScheduler: Scheduling work ID 43965315-6479-4600-a70b-af577be746feJob ID 1445
02-27 19:55:15.125 18277 18320 D WM-SystemJobScheduler: Scheduling work ID 4ed90ed7-b90f-4c4a-9a89-f3d20c854eccJob ID 1446
02-27 19:55:15.132 18277 18320 D WM-SystemJobScheduler: Scheduling work ID abedbe11-a508-49bb-9540-e93fd5463ffeJob ID 1558
02-27 19:55:15.139 18277 18320 D WM-SystemJobScheduler: Scheduling work ID 385992b8-336b-4ce4-a720-4930be9f4d6cJob ID 1552
02-27 19:55:15.148 18277 18320 D WM-SystemJobScheduler: Scheduling work ID 2d5ca064-5560-412e-8c11-821a923e3307Job ID 1331
02-27 19:55:15.152 18277 18320 D WM-SystemJobScheduler: Scheduling work ID 92085800-754e-4d67-bb34-fb20a5bfe655Job ID 1493
02-27 19:55:15.152 18002 18335 V SystemSensorManagerExtImpl: unRegisterListener by com.applovin.impl.u4@5720645
02-27 19:55:15.153 18002 18335 V SystemSensorManagerExtImpl: RegisterListener gravity  Non-wakeup type:9 delay:250000us by com.applovin.impl.u4@5720645 from com.lemon.lvoverseas
02-27 19:55:15.154  2026  4107 D SensorService: createSensorEventConnection, mCurrentOperatingMode = 0, requestedMode = 0
02-27 19:55:15.154 18277 18320 D WM-GreedyScheduler: Ignoring {WorkSpec: 197afa56-904c-44a1-a9c5-b29895385559}. Requires device idle.
02-27 19:55:15.154 18277 18320 D WM-GreedyScheduler: Ignoring {WorkSpec: 873a4df6-4f25-4d70-b242-aa993a4fdbd7}. Requires device idle.
02-27 19:55:15.154 18277 18320 D WM-GreedyScheduler: Ignoring {WorkSpec: 2d5ca064-5560-412e-8c11-821a923e3307}. Requires ContentUri triggers.
02-27 19:55:15.154 18277 18320 D WM-GreedyScheduler: Ignoring {WorkSpec: 92085800-754e-4d67-bb34-fb20a5bfe655}. Requires ContentUri triggers.
02-27 19:55:15.155  2026  7706 W SensorService: SensorEventConnection sensor handle=91, package = com.applovin.impl.u4 enable
02-27 19:55:15.155 18002 18336 V SystemSensorManagerExtImpl: unRegisterListener by com.applovin.impl.l1@dd3e19a
02-27 19:55:15.155  2026  7706 E SensorService: Required app com.applovin.impl.u4, uid 10343, pid 18002
02-27 19:55:15.156  2026  7706 D SensorService: Calling batch handle==91 flags=0rate=200000000 timeout== 0
02-27 19:55:15.156  2026  7706 D SensorService: SensorDevice::batch: ident=0xb40000797aaada80, handle=0x0000005b, flags=0, period_ns=200000000 timeout=0
02-27 19:55:15.156  2026  7706 D SensorService: 	>>> actuating h/w BATCH 0x0000005b 200000000 0
02-27 19:55:15.156  1479  1479 I sensors-hal: batch:254, android.sensor.gravity/91, period=200000000, max_latency=0
02-27 19:55:15.157  1479  1479 I sensors-hal: batch:276, android.sensor.gravity/91, period=200000000, max_latency=0 request completed
02-27 19:55:15.157  2026  7706 D SensorService: Calling activate on 91
02-27 19:55:15.159  2026  7706 D SensorService: SensorDevice::activate: ident=0xb40000797aaada80, handle=0x0000005b, enabled=1, count=1
02-27 19:55:15.159  2026  7706 D SensorService: enable index=0
02-27 19:55:15.159  2026  7706 D SensorService: info.numActiveClients() = 1, info.isActive = 0
02-27 19:55:15.159  2026  7706 D SensorService: activateHardware = 1
02-27 19:55:15.159  2026  7706 D SensorService: 	>>> actuating h/w activate handle=91 enabled=1
02-27 19:55:15.160  1479  1479 I sensors-hal: activate:213, android.sensor.gravity/91 en=1
02-27 19:55:15.164 18002 18213 D AudioManagerExtImpl: getStreamVolume packageName=com.lemon.lvoverseas, index=90, streamType=3
02-27 19:55:15.166  6390 32591 D OplusAtlasService: getAttributeByAppName module:oplus-getStreamMaxVolume packageName:com.lemon.lvoverseas
02-27 19:55:15.169 18002 18213 D AudioManager: isSpeakerphoneOn()=false, calling application:com.lemon.lvoverseas
02-27 19:55:15.170  1479  1479 I sensors-hal: send_sensor_config_request:517, dt=gravity, sp=200000, bp=0, fp=60000000, resampling=0
02-27 19:55:15.170  1479  1479 I sensors-hal: send_sync_sensor_request:368, send sync request
02-27 19:55:15.171  1479  1479 I sensors-hal: send_sync_sensor_request:394, wait for notification of response
02-27 19:55:15.174 27800 27862 W AidlConversionCppNdk: legacy2aidl_audio_channel_mask_t_AudioChannelLayout: no AudioChannelLayout found for legacy output audio_channel_mask_t value 0x10
02-27 19:55:15.175 18002 18213 W AidlConversionCppNdk: aidl2legacy_AudioChannelLayout_audio_channel_mask_t: no legacy output audio_channel_mask_t found for AudioChannelLayout{layoutMask: 16}
02-27 19:55:15.178  1479 18337 I sensors-hal: ssc_conn_resp_cb:687, resp_value = 0
02-27 19:55:15.178  1479  1479 I sensors-hal: send_sync_sensor_request:400, takes 7 ms to receive the response with 0
02-27 19:55:15.179  1479  1479 I sensors-hal: activate:232, android.sensor.gravity/91 en=1 completed
02-27 19:55:15.179 18002 18335 V SystemSensorManagerExtImpl: RegisterListener icm4x6xa Gyroscope Non-wakeup type:4 delay:250000us by com.applovin.impl.u4@5720645 from com.lemon.lvoverseas
02-27 19:55:15.179 18002 18336 V SystemSensorManagerExtImpl: RegisterListener icm4x6xa Accelerometer Non-wakeup type:1 delay:50000us by com.applovin.impl.l1@dd3e19a from com.lemon.lvoverseas
02-27 19:55:15.179  2026  4107 W SensorService: SensorEventConnection sensor handle=41, package = com.applovin.impl.u4 enable
02-27 19:55:15.179  2026  4107 E SensorService: Required app com.applovin.impl.u4, uid 10343, pid 18002
02-27 19:55:15.180  2026  4107 D SensorService: Calling batch handle==41 flags=0rate=250000000 timeout== 0
02-27 19:55:15.180  2026  4107 D SensorService: SensorDevice::batch: ident=0xb40000797aaada80, handle=0x00000029, flags=0, period_ns=250000000 timeout=0
02-27 19:55:15.180  2026  4107 D SensorService: 	>>> actuating h/w BATCH 0x00000029 250000000 0
02-27 19:55:15.180 18002 18213 D AppLovinSdk: [AppLovinSdk] 
02-27 19:55:15.180 18002 18213 D AppLovinSdk: ========================================
02-27 19:55:15.180 18002 18213 D AppLovinSdk: =====AppLovin SDK=====
02-27 19:55:15.180 18002 18213 D AppLovinSdk: ===SDK Versions===
02-27 19:55:15.180 18002 18213 D AppLovinSdk: Version: 13.4.0
02-27 19:55:15.180 18002 18213 D AppLovinSdk: Plugin Version: 
02-27 19:55:15.180 18002 18213 D AppLovinSdk: Ad Review Version: 
02-27 19:55:15.180 18002 18213 D AppLovinSdk: OM SDK Version: 1.5.3-Applovin
02-27 19:55:15.180 18002 18213 D AppLovinSdk: ===Device Info===
02-27 19:55:15.180 18002 18213 D AppLovinSdk: OS: 15 (VANILLA_ICE_CREAM - API 35)
02-27 19:55:15.180 18002 18213 D AppLovinSdk: GAID: <Enable verbose logging to see the GAID to use for test devices - https://monetization-support.applovin.com/hc/en-us/articles/236114328-How-can-I-expose-verbose-logging-for-the-SDK>
02-27 19:55:15.180 18002 18213 D AppLovinSdk: App Set ID: <Enable verbose logging to see the App Set ID to use for test devices - https://monetization-support.applovin.com/hc/en-us/articles/236114328-How-can-I-expose-verbose-logging-for-the-SDK>
02-27 19:55:15.180 18002 18213 D AppLovinSdk: Model: CPH2467
02-27 19:55:15.180 18002 18213 D AppLovinSdk: Locale: en_GB
02-27 19:55:15.180 18002 18213 D AppLovinSdk: Emulator: false
02-27 19:55:15.180 18002 18213 D AppLovinSdk: Tablet: false
02-27 19:55:15.180 18002 18213 D AppLovinSdk: ===App Info===
02-27 19:55:15.180 18002 18213 D AppLovinSdk: Application ID: null
02-27 19:55:15.180 18002 18213 D AppLovinSdk: Target SDK: 35
02-27 19:55:15.180 18002 18213 D AppLovinSdk: ===SDK Settings===
02-27 19:55:15.180 18002 18213 D AppLovinSdk: SDK Key: hvpk3fAA6i7Zqp-bBM9Wbms87Gh8tX1qqUfhJKGoH3L-BSebwfkDONdLsoeayTZZrJrV1D3k2Ju8OtDaVSDq6k
02-27 19:55:15.180 18002 18213 D AppLovinSdk: Mediation Provider: max
02-27 19:55:15.180 18002 18213 D AppLovinSdk: TG: 90
