--------- beginning of main
02-27 20:56:39.236 14128 14497 I metis_v2_OsenseCallBack: memLevel: 2 [Metis|com.oplus.metis|1.4.54-aa2067f]
02-27 20:56:39.433  1540  1540 D vendor.oplus.hardware.charger-V6-service: get_ui_charge_icon_type 0 0 0 0 0
02-27 20:56:39.436  1540  1540 D vendor.oplus.hardware.charger-V6-service: oplus_chg_get_cpa_power 2500 charge_online 1 retention_topic 0
--------- beginning of system
02-27 20:56:39.460  2026  2844 D OplusDisplayBrightnessBroadcastReceiver: onReceive action = android.intent.action.BATTERY_CHANGED , listeners = [com.android.server.display.OplusFeatureHDREnhanceBrightness$PhoneInfoReceiver@d078a20, com.android.server.display.OplusFeatureEdrEnhanceBrightness$PhoneInfoReceiver@d0bbfd9]
02-27 20:56:39.461  4248  4248 D SubsysBroadcastManager: onReceive action:android.intent.action.BATTERY_CHANGED
02-27 20:56:39.464  3736  3736 I SystemUi--Statusbar: BatteryControllerExt-->updateBatteryChangeIntent():broadcast=android.intent.action.BATTERY_CHANGED,level=12,scale=100
02-27 20:56:39.464  3736  3736 I SystemUi--Statusbar: BatteryRepository-->level: 12 -- isSavingMode: false
02-27 20:56:39.469 26084 26084 D DeviceStatisticsService: onReceive: action= android.intent.action.BATTERY_CHANGED
02-27 20:56:39.475  7792  9430 E Battery : ChargeProtectionUtils: mCanlendarTmp.isEmpty()!
02-27 20:56:39.476 26780 26780 D CustomLogManagerService: onReceive android.intent.action.BATTERY_CHANGED
02-27 20:56:39.496  1540  1540 D vendor.oplus.hardware.charger-V6-service: getChargerControl:sub_current=100
02-27 20:56:39.496  1540  1540 D vendor.oplus.hardware.charger-V6-service: sub_voltage=3800
02-27 20:56:39.496  1540  1540 D vendor.oplus.hardware.charger-V6-service: sub_soc=-1
02-27 20:56:39.496  1540  1540 D vendor.oplus.hardware.charger-V6-service: sub_temperature=250
02-27 20:56:39.496  1540  1540 D vendor.oplus.hardware.charger-V6-service: main_soc=11
02-27 20:56:39.754  1540  1753 D BatteryChargeControl: bcc get no support from charging protocol
02-27 20:56:40.016  1540  1717 D vendor.oplus.hardware.charger-V6-service: ret_value:127, read content:,375,363,3688,3688,-57,500,2200,11,12,1,4,-1,4931,11,1,0,1,1,0,0,4425,0,2,0,2,0,0,0,366,0,1,1,0,0,61,61,61,0,0,0,0,0,0,0,0,0,0
02-27 20:56:40.017  1540  1717 D vendor.oplus.hardware.charger-V6-service: gmtime: 2026-02-27-20-56-40
02-27 20:56:40.018  1540  1717 D vendor.oplus.hardware.charger-V6-service: usb_online:1, ac_online:0, wireless_online:-2147483648
02-27 20:56:40.079  4130  4583 D CommonApp-271-10497: transport layer data is invalid
02-27 20:56:40.165 14128 14497 I metis_v2_OsenseCallBack: memLevel: 1 [Metis|com.oplus.metis|1.4.54-aa2067f]
02-27 20:56:40.270  2026  3795 I Osense-PsiDetector: 1629,442,1962,7679,75,389,214,1273,1551,464,711,0,8,8204
02-27 20:56:40.271 14128 14497 I metis_v2_OsenseCallBack: memLevel: 2 [Metis|com.oplus.metis|1.4.54-aa2067f]
02-27 20:56:40.503  1510  8349 I QC2Comp : [vp9D_3966] Stats: Pending(3) i/p-done(0) Works: Q: 26/Done 25|Work-Rate: Q(0.0/s Avg=0.0/s) Done(0.000/s Avg=0.001/s)| Stream: 30.30fps 174.6Kbps
02-27 20:56:40.503  1510  8349 I QC2Comp : Mem-usage:  [In-1D - 5 bufs 14.941 MB] [1D-0 - 15 bufs 0.234 MB] [2D-3823 - 23 bufs 17.250 MB]
02-27 20:56:40.503  1510  8349 I QC2Comp : Total Mem-usage: 32.426 MB
02-27 20:56:40.758  1540  1753 D BatteryChargeControl: bcc get no support from charging protocol
02-27 20:56:40.960  1540  1540 D vendor.oplus.hardware.charger-V6-service: getChargerControl:sub_current=100
02-27 20:56:40.960  1540  1540 D vendor.oplus.hardware.charger-V6-service: sub_voltage=3800
02-27 20:56:40.960  1540  1540 D vendor.oplus.hardware.charger-V6-service: sub_soc=-1
02-27 20:56:40.960  1540  1540 D vendor.oplus.hardware.charger-V6-service: sub_temperature=250
02-27 20:56:40.960  1540  1540 D vendor.oplus.hardware.charger-V6-service: main_soc=11
02-27 20:56:41.093  2026  3448 D WifiStaIfaceHidlImpl: getCachedScanData is not implemented by HIDL
02-27 20:56:41.107  4130  4583 D CommonApp-271-10497: transport layer data is invalid
02-27 20:56:41.113  4248  4248 D VendorWifiService: onEvent event:9,action:1
02-27 20:56:41.124  2026  3554 D OplusWifiPower_TriggerCenter: mComponentCallback: wifistat
02-27 20:56:41.205 14128 14497 I metis_v2_OsenseCallBack: memLevel: 1 [Metis|com.oplus.metis|1.4.54-aa2067f]
02-27 20:56:41.281   646   646 E lowmemorykiller: device memory 417335 free 113484 file 301189
02-27 20:56:41.309  2026  3795 I Osense-PsiDetector: 1630,443,1962,7679,75,389,214,1273,1551,464,711,0,8,8203
02-27 20:56:41.311 14128 14497 I metis_v2_OsenseCallBack: memLevel: 2 [Metis|com.oplus.metis|1.4.54-aa2067f]
02-27 20:56:41.407  4130  4583 D CommonApp-271-10497: DefaultState EVENT_SCENARIOS_CHANGE
02-27 20:56:41.408  4130  4583 D CommonApp-271-10497: scene=COMMON pn=com.esiri.esiriplus
02-27 20:56:41.478 26780 23512 D CustomLogManagerService: WorkHandler msg.what :5
02-27 20:56:41.479 26780 23512 D CustomLogManagerService: user experience toggle off
02-27 20:56:41.760  1540  1753 D BatteryChargeControl: bcc get no support from charging protocol
02-27 20:56:41.919  3978 25348 D IpClient/wlan0: interfaceLinkStateChanged: ifindex 27 up
02-27 20:56:42.127  4130  4583 D CommonApp-271-10497: transport layer data is invalid
02-27 20:56:42.237 14128 14497 I metis_v2_OsenseCallBack: memLevel: 1 [Metis|com.oplus.metis|1.4.54-aa2067f]
02-27 20:56:42.341 14128 14497 I metis_v2_OsenseCallBack: memLevel: 2 [Metis|com.oplus.metis|1.4.54-aa2067f]
02-27 20:56:42.343  2026  3795 I Osense-PsiDetector: 1630,443,1961,7679,75,389,214,1272,1551,464,711,0,8,8203
02-27 20:56:42.762  1540  1753 D BatteryChargeControl: bcc get no support from charging protocol
02-27 20:56:43.049   646   646 E lowmemorykiller: device memory 417790 free 113659 file 301469
02-27 20:56:43.150   646   646 E lowmemorykiller: device memory 417813 free 113659 file 301492
02-27 20:56:43.151  4130  4583 D CommonApp-271-10497: transport layer data is invalid
02-27 20:56:43.152  9934 13082 D Camera2PresenceSrc: System onCameraAccessPrioritiesChanged.
02-27 20:56:43.152  9934 13080 I OplusCameraManagerGlobal: setClientInfo, packageName: cn.xender, uid: 10412, pid: 9934
02-27 20:56:43.154  9934 13080 D Camera2PresenceSrc: [FetchData] Refreshed camera list: CameraIdentifier{cameraIds=0}, CameraIdentifier{cameraIds=1}
02-27 20:56:43.156  1318 24659 E TetherController: property_get sys.radio.data.modem_share_flag return 0, 1!
02-27 20:56:43.273  1510 18624 I QC2Comp : [vp9D_3677] Stats: Pending(3) i/p-done(0) Works: Q: 26/Done 25|Work-Rate: Q(0.0/s Avg=0.0/s) Done(0.000/s Avg=0.000/s)| Stream: 25.00fps 328.6Kbps
02-27 20:56:43.273  1510 18624 I QC2Comp : Mem-usage:  [In-1D - 5 bufs 14.941 MB] [1D-0 - 15 bufs 0.234 MB] [2D-3534 - 23 bufs 51.750 MB]
02-27 20:56:43.273  1510 18624 I QC2Comp : Total Mem-usage: 66.926 MB
02-27 20:56:43.277 14128 14497 I metis_v2_OsenseCallBack: memLevel: 1 [Metis|com.oplus.metis|1.4.54-aa2067f]
02-27 20:56:43.359  4248  4248 D SubsysEventListenerManager-SubsysTelephonyCallback[1]: onSignalStrengthsChanged
02-27 20:56:43.374  3736  3959 I SystemUi--Statusbar: MobileConnectionRepositoryImpl-->subId:3 isSoftSimCard:false slotId:1
02-27 20:56:43.380  2026  3795 I Osense-PsiDetector: 1631,444,1960,7679,75,389,214,1273,1552,464,712,0,8,8200
02-27 20:56:43.380 14128 14497 I metis_v2_OsenseCallBack: memLevel: 2 [Metis|com.oplus.metis|1.4.54-aa2067f]
02-27 20:56:43.765  1540  1753 D BatteryChargeControl: bcc get no support from charging protocol
02-27 20:56:43.983  2026  4174 I OplusHansManager : uid=10300, pkg=com.facebook.katana F enter(), M stay=10
02-27 20:56:44.013  2026  4174 I OplusHansManager : freeze uid: 10300 com.facebook.katana pids: [10619, 13629] IsolatedUid: [99175] scene: LcdOn
02-27 20:56:44.014  2026  4192 I OplusHansManager : p_BC uid=10300 pkg=com.facebook.katana
02-27 20:56:44.014  2026  4192 I OplusCameraManagerGlobal: reportAppFreeze E
02-27 20:56:44.015 10532 10537 D IHansComunication: HANS sendMessageToKernel: threadId = 526745844848, netLinkSetup = 1, type = PKG, targetUid = 10300, pkgCmd = ADD_ONE_UID
02-27 20:56:44.015  2026  4192 I OplusBinderProxy: proxyBinder uid: 10300 pkg: com.facebook.katana proxy: true calling: OFreezer
02-27 20:56:44.121  2026  3448 D WifiStaIfaceHidlImpl: getCachedScanData is not implemented by HIDL
02-27 20:56:44.126  1535  4282 E PerformanceService: storage_feature: open /sys/devices/platform/soc/112b0000.ufshci//virtualtlcbuff fail
02-27 20:56:44.137  4248  4248 D VendorWifiService: onEvent event:9,action:1
02-27 20:56:44.141  2026  3554 D OplusWifiPower_TriggerCenter: mComponentCallback: wifistat
02-27 20:56:44.175  4130  4583 D CommonApp-271-10497: transport layer data is invalid
02-27 20:56:44.317 14128 14497 I metis_v2_OsenseCallBack: memLevel: 1 [Metis|com.oplus.metis|1.4.54-aa2067f]
02-27 20:56:44.421  2026  3795 I Osense-PsiDetector: 1633,445,1959,7679,75,389,214,1271,1551,464,712,0,8,8199
02-27 20:56:44.422 14128 14497 I metis_v2_OsenseCallBack: memLevel: 2 [Metis|com.oplus.metis|1.4.54-aa2067f]
02-27 20:56:44.768  1540  1753 D BatteryChargeControl: bcc get no support from charging protocol
02-27 20:56:45.017 10532 10537 D IHansComunication: HANS sendMessageToKernel: threadId = 526745844848, netLinkSetup = 1, type = FROZEN_TRANS, targetUid = 10300, pkgCmd = PKG_CMD_MAX
02-27 20:56:45.020  1540  1717 D vendor.oplus.hardware.charger-V6-service: ret_value:127, read content:,375,363,3688,3688,-65,500,2200,11,12,1,4,-1,4931,11,1,0,1,1,0,0,4425,0,2,0,2,0,0,0,366,0,1,1,0,0,61,61,61,0,0,0,0,0,0,0,0,0,0
02-27 20:56:45.020  1540  1717 D vendor.oplus.hardware.charger-V6-service: gmtime: 2026-02-27-20-56-45
02-27 20:56:45.021  1540  1717 D vendor.oplus.hardware.charger-V6-service: usb_online:1, ac_online:0, wireless_online:-2147483648
02-27 20:56:45.195  7647 31827 D gaia-GaiaConnectChecker: start connect check++
02-27 20:56:45.199  4130  4583 D CommonApp-271-10497: transport layer data is invalid
02-27 20:56:45.210  7647 31760 D gaia-GaiaConnectChecker: start connect check++
02-27 20:56:45.296  1540  1540 D vendor.oplus.hardware.charger-V6-service: get_ui_charge_icon_type 0 0 0 0 0
02-27 20:56:45.297  1540  1540 D vendor.oplus.hardware.charger-V6-service: oplus_chg_get_cpa_power 2500 charge_online 1 retention_topic 0
02-27 20:56:45.307  2026  2844 D OplusDisplayBrightnessBroadcastReceiver: onReceive action = android.intent.action.BATTERY_CHANGED , listeners = [com.android.server.display.OplusFeatureHDREnhanceBrightness$PhoneInfoReceiver@d078a20, com.android.server.display.OplusFeatureEdrEnhanceBrightness$PhoneInfoReceiver@d0bbfd9]
02-27 20:56:45.307  4248  4248 D SubsysBroadcastManager: onReceive action:android.intent.action.BATTERY_CHANGED
02-27 20:56:45.308  3736  3736 I SystemUi--Statusbar: BatteryControllerExt-->updateBatteryChangeIntent():broadcast=android.intent.action.BATTERY_CHANGED,level=12,scale=100
02-27 20:56:45.308  3736  3736 I SystemUi--Statusbar: BatteryRepository-->level: 12 -- isSavingMode: false
02-27 20:56:45.309 26084 26084 D DeviceStatisticsService: onReceive: action= android.intent.action.BATTERY_CHANGED
02-27 20:56:45.313  7792  9430 E Battery : ChargeProtectionUtils: mCanlendarTmp.isEmpty()!
02-27 20:56:45.314 26780 26780 D CustomLogManagerService: onReceive android.intent.action.BATTERY_CHANGED
02-27 20:56:45.330   646   646 E lowmemorykiller: device memory 417856 free 113849 file 301420
02-27 20:56:45.332  1540  1540 D vendor.oplus.hardware.charger-V6-service: getChargerControl:sub_current=100
02-27 20:56:45.332  1540  1540 D vendor.oplus.hardware.charger-V6-service: sub_voltage=3800
02-27 20:56:45.332  1540  1540 D vendor.oplus.hardware.charger-V6-service: sub_soc=-1
02-27 20:56:45.332  1540  1540 D vendor.oplus.hardware.charger-V6-service: sub_temperature=250
02-27 20:56:45.332  1540  1540 D vendor.oplus.hardware.charger-V6-service: main_soc=11
02-27 20:56:45.356 14128 14497 I metis_v2_OsenseCallBack: memLevel: 1 [Metis|com.oplus.metis|1.4.54-aa2067f]
02-27 20:56:45.431   646   646 E lowmemorykiller: device memory 413125 free 109061 file 301477
02-27 20:56:45.441  9645  9690 I gle.android.gms: Explicit concurrent copying GC freed 3248KB AllocSpace bytes, 0(0B) LOS objects, 24% free, 8184KB/10MB, paused 145us,29us total 167.537ms
02-27 20:56:45.461  2026  3795 I Osense-PsiDetector: 1619,431,1978,7679,75,389,214,1287,1552,465,712,0,8,8200
02-27 20:56:45.461 14128 14497 I metis_v2_OsenseCallBack: memLevel: 2 [Metis|com.oplus.metis|1.4.54-aa2067f]
02-27 20:56:45.504  1510  8349 I QC2Comp : [vp9D_3966] Stats: Pending(3) i/p-done(0) Works: Q: 26/Done 25|Work-Rate: Q(0.0/s Avg=0.0/s) Done(0.000/s Avg=0.001/s)| Stream: 30.30fps 174.6Kbps
02-27 20:56:45.504  1510  8349 I QC2Comp : Mem-usage:  [In-1D - 5 bufs 14.941 MB] [1D-0 - 15 bufs 0.234 MB] [2D-3823 - 23 bufs 17.250 MB]
02-27 20:56:45.504  1510  8349 I QC2Comp : Total Mem-usage: 32.426 MB
02-27 20:56:45.777  1540  1753 D BatteryChargeControl: bcc get no support from charging protocol
02-27 20:56:45.909  9934  8347 I OplusFeedbackInfo: 0xb4000078a9acaf00 c2.qti.vp9.decoder codec[0xb40000786d867000] 640x360 inputFps=0 outputFps=0 renderFps=0, discardFps=0
02-27 20:56:45.980  1540  1540 D vendor.oplus.hardware.charger-V6-service: getChargerControl:sub_current=100
02-27 20:56:45.980  1540  1540 D vendor.oplus.hardware.charger-V6-service: sub_voltage=3800
02-27 20:56:45.980  1540  1540 D vendor.oplus.hardware.charger-V6-service: sub_soc=-1
02-27 20:56:45.980  1540  1540 D vendor.oplus.hardware.charger-V6-service: sub_temperature=250
02-27 20:56:45.980  1540  1540 D vendor.oplus.hardware.charger-V6-service: main_soc=11
02-27 20:56:46.223  4130  4583 D CommonApp-271-10497: transport layer data is invalid
02-27 20:56:46.244   646   646 E lowmemorykiller: device memory 414872 free 110755 file 301530
02-27 20:56:46.397 14128 14497 I metis_v2_OsenseCallBack: memLevel: 1 [Metis|com.oplus.metis|1.4.54-aa2067f]
02-27 20:56:46.497  2026  3795 I Osense-PsiDetector: 1620,432,1978,7679,75,389,214,1288,1552,465,712,0,8,8200
02-27 20:56:46.497 14128 14497 I metis_v2_OsenseCallBack: memLevel: 2 [Metis|com.oplus.metis|1.4.54-aa2067f]
02-27 20:56:46.597   646   646 E lowmemorykiller: device memory 413809 free 109691 file 301531
02-27 20:56:46.776  5229  5303 E horae   : 0: back:36368,frame:35260,front:37384, 30 6, +(1157), 1 ,39322,36500,38645,38541, target_temp:37384, algo:0
02-27 20:56:46.780  7270 29953 D ShellSubscriberWorkerThread: the first 8 bytes empty, and RestData length > 8 
02-27 20:56:46.780  1540  1753 D BatteryChargeControl: bcc get no support from charging protocol
02-27 20:56:47.145  2026  3448 D WifiStaIfaceHidlImpl: getCachedScanData is not implemented by HIDL
02-27 20:56:47.160  4248  4248 D VendorWifiService: onEvent event:9,action:1
02-27 20:56:47.168  2026  3554 D OplusWifiPower_TriggerCenter: mComponentCallback: wifistat
02-27 20:56:47.198 14612 15418 I Supabase-Realtime: Heartbeat received
02-27 20:56:47.251  4130  4583 D CommonApp-271-10497: commonScoreStrategy scenarios low package
02-27 20:56:47.266  2026  4107 I OplusBinderProxy: pb uid: 10300 pid: 10619 desc: com.android.internal.telephony.IPhoneStateListener/10
02-27 20:56:47.268  4248  4248 D SubsysEventListenerManager-SubsysTelephonyCallback[1]: onSignalStrengthsChanged
02-27 20:56:47.278  3736  3959 I SystemUi--Statusbar: MobileConnectionRepositoryImpl-->subId:3 isSoftSimCard:false slotId:1
02-27 20:56:47.316 26780 23512 D CustomLogManagerService: WorkHandler msg.what :5
02-27 20:56:47.319 26780 23512 D CustomLogManagerService: user experience toggle off
02-27 20:56:47.434 14128 14497 I metis_v2_OsenseCallBack: memLevel: 1 [Metis|com.oplus.metis|1.4.54-aa2067f]
02-27 20:56:47.537 14128 14497 I metis_v2_OsenseCallBack: memLevel: 2 [Metis|com.oplus.metis|1.4.54-aa2067f]
02-27 20:56:47.538  2026  3795 I Osense-PsiDetector: 1616,428,1982,7679,75,389,214,1293,1551,465,712,0,8,8200
02-27 20:56:47.783  1540  1753 D BatteryChargeControl: bcc get no support from charging protocol
02-27 20:56:48.271  4130  4583 D CommonApp-271-10497: transport layer data is invalid
02-27 20:56:48.274  1510 18624 I QC2Comp : [vp9D_3677] Stats: Pending(3) i/p-done(0) Works: Q: 26/Done 25|Work-Rate: Q(0.0/s Avg=0.0/s) Done(0.000/s Avg=0.000/s)| Stream: 25.00fps 328.6Kbps
02-27 20:56:48.274  1510 18624 I QC2Comp : Mem-usage:  [In-1D - 5 bufs 14.941 MB] [1D-0 - 15 bufs 0.234 MB] [2D-3534 - 23 bufs 51.750 MB]
02-27 20:56:48.274  1510 18624 I QC2Comp : Total Mem-usage: 66.926 MB
02-27 20:56:48.416  4130  4583 D CommonApp-271-10497: DefaultState EVENT_SCENARIOS_CHANGE
02-27 20:56:48.416  4130  4583 D CommonApp-271-10497: scene=COMMON pn=com.esiri.esiriplus
02-27 20:56:48.469 14128 14497 I metis_v2_OsenseCallBack: memLevel: 1 [Metis|com.oplus.metis|1.4.54-aa2067f]
02-27 20:56:48.573  2026  3795 I Osense-PsiDetector: 1618,430,1980,7679,75,389,214,1291,1551,465,712,0,8,8200
02-27 20:56:48.573 14128 14497 I metis_v2_OsenseCallBack: memLevel: 2 [Metis|com.oplus.metis|1.4.54-aa2067f]
02-27 20:56:48.633  7270 19649 E MIDASApplication: MIDASPullAtomManager: onPullAtom 150122
02-27 20:56:48.683  2026  4109 W Settings: Setting notification_bubbles has moved from android.provider.Settings.Global to android.provider.Settings.Secure, returning read-only value.
02-27 20:56:48.683  2026  4109 W Settings: Setting apply_ramping_ringer has moved from android.provider.Settings.Global to android.provider.Settings.System, returning read-only value.
02-27 20:56:48.690  2026  4109 W SettingsStatsUtil: Can not parse value to float: +network
02-27 20:56:48.785  1540  1753 D BatteryChargeControl: bcc get no support from charging protocol
02-27 20:56:49.125  1535  4282 E PerformanceService: storage_feature: open /sys/devices/platform/soc/112b0000.ufshci//virtualtlcbuff fail
02-27 20:56:49.295  4130  4583 D CommonApp-271-10497: transport layer data is invalid
02-27 20:56:49.506 14128 14497 I metis_v2_OsenseCallBack: memLevel: 1 [Metis|com.oplus.metis|1.4.54-aa2067f]
02-27 20:56:49.608  2026  3795 I Osense-PsiDetector: 1618,430,1978,7679,75,389,214,1290,1551,465,712,0,8,8200
02-27 20:56:49.610 14128 14497 I metis_v2_OsenseCallBack: memLevel: 2 [Metis|com.oplus.metis|1.4.54-aa2067f]
02-27 20:56:49.789  1540  1753 D BatteryChargeControl: bcc get no support from charging protocol
02-27 20:56:50.021  1540  1717 D vendor.oplus.hardware.charger-V6-service: ret_value:127, read content:,375,364,3697,3697,-49,500,2200,11,12,1,4,-1,4927,11,1,0,1,1,0,0,4425,0,2,0,2,0,0,0,365,0,1,1,0,0,61,61,61,0,0,0,0,0,0,0,0,0,0
02-27 20:56:50.022  1540  1717 D vendor.oplus.hardware.charger-V6-service: gmtime: 2026-02-27-20-56-50
02-27 20:56:50.023  1540  1717 D vendor.oplus.hardware.charger-V6-service: usb_online:1, ac_online:0, wireless_online:-2147483648
02-27 20:56:50.172  2026  3448 D WifiStaIfaceHidlImpl: getCachedScanData is not implemented by HIDL
02-27 20:56:50.184  4248  4248 D VendorWifiService: onEvent event:9,action:1
02-27 20:56:50.190  2026  3554 D OplusWifiPower_TriggerCenter: mComponentCallback: wifistat
02-27 20:56:50.320  4130  4583 D CommonApp-271-10497: transport layer data is invalid
02-27 20:56:50.439  1540  1540 D vendor.oplus.hardware.charger-V6-service: get_ui_charge_icon_type 0 0 0 0 0
02-27 20:56:50.442  1540  1540 D vendor.oplus.hardware.charger-V6-service: oplus_chg_get_cpa_power 2500 charge_online 1 retention_topic 0
02-27 20:56:50.505  1510  8349 I QC2Comp : [vp9D_3966] Stats: Pending(3) i/p-done(0) Works: Q: 26/Done 25|Work-Rate: Q(0.0/s Avg=0.0/s) Done(0.000/s Avg=0.001/s)| Stream: 30.30fps 174.6Kbps
02-27 20:56:50.505  1510  8349 I QC2Comp : Mem-usage:  [In-1D - 5 bufs 14.941 MB] [1D-0 - 15 bufs 0.234 MB] [2D-3823 - 23 bufs 17.250 MB]
02-27 20:56:50.505  1510  8349 I QC2Comp : Total Mem-usage: 32.426 MB
02-27 20:56:50.545 14128 14497 I metis_v2_OsenseCallBack: memLevel: 1 [Metis|com.oplus.metis|1.4.54-aa2067f]
02-27 20:56:50.650  2026  3795 I Osense-PsiDetector: 1619,431,1976,7679,75,389,214,1289,1551,465,712,0,8,8200
02-27 20:56:50.651 14128 14497 I metis_v2_OsenseCallBack: memLevel: 2 [Metis|com.oplus.metis|1.4.54-aa2067f]
02-27 20:56:50.792  1540  1753 D BatteryChargeControl: bcc get no support from charging protocol
02-27 20:56:51.005  1540  1540 D vendor.oplus.hardware.charger-V6-service: getChargerControl:sub_current=100
02-27 20:56:51.005  1540  1540 D vendor.oplus.hardware.charger-V6-service: sub_voltage=3800
02-27 20:56:51.005  1540  1540 D vendor.oplus.hardware.charger-V6-service: sub_soc=-1
02-27 20:56:51.005  1540  1540 D vendor.oplus.hardware.charger-V6-service: sub_temperature=250
02-27 20:56:51.005  1540  1540 D vendor.oplus.hardware.charger-V6-service: main_soc=11
02-27 20:56:51.343  4130  4583 D CommonApp-271-10497: transport layer data is invalid
02-27 20:56:51.581 14128 14497 I metis_v2_OsenseCallBack: memLevel: 1 [Metis|com.oplus.metis|1.4.54-aa2067f]
02-27 20:56:51.686  2026  3795 I Osense-PsiDetector: 1620,432,1974,7679,75,389,214,1287,1550,465,712,0,8,8201
02-27 20:56:51.687 14128 14497 I metis_v2_OsenseCallBack: memLevel: 2 [Metis|com.oplus.metis|1.4.54-aa2067f]
02-27 20:56:51.783  7270 29953 D ShellSubscriberWorkerThread: the first 8 bytes empty, and RestData length > 8 
02-27 20:56:51.795  1540  1753 D BatteryChargeControl: bcc get no support from charging protocol
02-27 20:56:52.170   646   646 E lowmemorykiller: device memory 415387 free 110635 file 302165
02-27 20:56:52.368  4130  4583 D CommonApp-271-10497: transport layer data is invalid
02-27 20:56:52.429  4248  4248 D SubsysEventListenerManager-SubsysTelephonyCallback[1]: onSignalStrengthsChanged
02-27 20:56:52.444  3736  3959 I SystemUi--Statusbar: MobileConnectionRepositoryImpl-->subId:3 isSoftSimCard:false slotId:1
02-27 20:56:52.617 14128 14497 I metis_v2_OsenseCallBack: memLevel: 1 [Metis|com.oplus.metis|1.4.54-aa2067f]
02-27 20:56:52.717  2026  3795 I Osense-PsiDetector: 1623,432,1973,7679,75,389,214,1286,1553,466,713,0,8,8201
02-27 20:56:52.718 14128 14497 I metis_v2_OsenseCallBack: memLevel: 2 [Metis|com.oplus.metis|1.4.54-aa2067f]
02-27 20:56:52.797  1540  1753 D BatteryChargeControl: bcc get no support from charging protocol
02-27 20:56:53.207  2026  3448 D WifiStaIfaceHidlImpl: getCachedScanData is not implemented by HIDL
02-27 20:56:53.231  4248  4248 D VendorWifiService: onEvent event:9,action:1
02-27 20:56:53.232  2026  3554 D OplusWifiPower_TriggerCenter: mComponentCallback: wifistat
02-27 20:56:53.274  1510 18624 I QC2Comp : [vp9D_3677] Stats: Pending(3) i/p-done(0) Works: Q: 26/Done 25|Work-Rate: Q(0.0/s Avg=0.0/s) Done(0.000/s Avg=0.000/s)| Stream: 25.00fps 328.6Kbps
02-27 20:56:53.274  1510 18624 I QC2Comp : Mem-usage:  [In-1D - 5 bufs 14.941 MB] [1D-0 - 15 bufs 0.234 MB] [2D-3534 - 23 bufs 51.750 MB]
02-27 20:56:53.274  1510 18624 I QC2Comp : Total Mem-usage: 66.926 MB
02-27 20:56:53.391  4130  4583 D CommonApp-271-10497: transport layer data is invalid
02-27 20:56:53.651 14128 14497 I metis_v2_OsenseCallBack: memLevel: 1 [Metis|com.oplus.metis|1.4.54-aa2067f]
02-27 20:56:53.754  2026  3795 I Osense-PsiDetector: 1624,434,1970,7679,75,389,214,1284,1552,466,713,0,8,8201
02-27 20:56:53.755 14128 14497 I metis_v2_OsenseCallBack: memLevel: 2 [Metis|com.oplus.metis|1.4.54-aa2067f]
02-27 20:56:53.800  1540  1753 D BatteryChargeControl: bcc get no support from charging protocol
02-27 20:56:54.125  1535  4282 E PerformanceService: storage_feature: open /sys/devices/platform/soc/112b0000.ufshci//virtualtlcbuff fail
02-27 20:56:54.416  4130  4583 D CommonApp-271-10497: transport layer data is invalid
02-27 20:56:54.689 14128 14497 I metis_v2_OsenseCallBack: memLevel: 1 [Metis|com.oplus.metis|1.4.54-aa2067f]
02-27 20:56:54.789  2026  3795 I Osense-PsiDetector: 1626,435,1968,7679,75,389,214,1282,1552,466,713,0,8,8201
02-27 20:56:54.790 14128 14497 I metis_v2_OsenseCallBack: memLevel: 2 [Metis|com.oplus.metis|1.4.54-aa2067f]
02-27 20:56:54.803  1540  1753 D BatteryChargeControl: bcc get no support from charging protocol
02-27 20:56:55.023  1540  1717 D vendor.oplus.hardware.charger-V6-service: ret_value:127, read content:,375,363,3697,3697,-71,500,2200,11,12,1,4,-1,4931,11,1,0,1,1,0,0,4425,0,2,0,2,0,0,0,366,0,1,1,0,0,61,61,61,0,0,0,0,0,0,0,0,0,0
02-27 20:56:55.024  1540  1717 D vendor.oplus.hardware.charger-V6-service: gmtime: 2026-02-27-20-56-55
02-27 20:56:55.024  1540  1717 D vendor.oplus.hardware.charger-V6-service: usb_online:1, ac_online:0, wireless_online:-2147483648
02-27 20:56:55.198  7647 31827 D gaia-GaiaConnectChecker: start connect check++
02-27 20:56:55.210  7647 31760 D gaia-GaiaConnectChecker: start connect check++
02-27 20:56:55.421  4130  4583 D CommonApp-271-10497: DefaultState EVENT_SCENARIOS_CHANGE
02-27 20:56:55.422  4130  4583 D CommonApp-271-10497: scene=COMMON pn=com.esiri.esiriplus
02-27 20:56:55.439  4130  4583 D CommonApp-271-10497: transport layer data is invalid
02-27 20:56:55.505  1510  8349 I QC2Comp : [vp9D_3966] Stats: Pending(3) i/p-done(0) Works: Q: 26/Done 25|Work-Rate: Q(0.0/s Avg=0.0/s) Done(0.000/s Avg=0.001/s)| Stream: 30.30fps 174.6Kbps
02-27 20:56:55.505  1510  8349 I QC2Comp : Mem-usage:  [In-1D - 5 bufs 14.941 MB] [1D-0 - 15 bufs 0.234 MB] [2D-3823 - 23 bufs 17.250 MB]
02-27 20:56:55.505  1510  8349 I QC2Comp : Total Mem-usage: 32.426 MB
02-27 20:56:55.726 14128 14497 I metis_v2_OsenseCallBack: memLevel: 1 [Metis|com.oplus.metis|1.4.54-aa2067f]
02-27 20:56:55.806  1540  1753 D BatteryChargeControl: bcc get no support from charging protocol
02-27 20:56:55.829  2026  3795 I Osense-PsiDetector: 1627,437,1967,7679,75,389,214,1281,1552,466,713,0,8,8200
02-27 20:56:55.829 14128 14497 I metis_v2_OsenseCallBack: memLevel: 2 [Metis|com.oplus.metis|1.4.54-aa2067f]
02-27 20:56:55.933  2026  3795 I Osense-PsiDetector: 1627,437,1966,7679,75,389,214,1280,1552,466,713,0,8,8200
02-27 20:56:55.935  2026  3784 I Osense-BaseDecisionMaker: notifySceneToAthenaPolicy: SCENE_RES_MEM_PSI_NORMAL, bundle: Bundle[{memLevel=3}]
02-27 20:56:56.029  1540  1540 D vendor.oplus.hardware.charger-V6-service: getChargerControl:sub_current=100
02-27 20:56:56.029  1540  1540 D vendor.oplus.hardware.charger-V6-service: sub_voltage=3800
02-27 20:56:56.029  1540  1540 D vendor.oplus.hardware.charger-V6-service: sub_soc=-1
02-27 20:56:56.029  1540  1540 D vendor.oplus.hardware.charger-V6-service: sub_temperature=250
02-27 20:56:56.029  1540  1540 D vendor.oplus.hardware.charger-V6-service: main_soc=11
02-27 20:56:56.239  2026  3448 D WifiStaIfaceHidlImpl: getCachedScanData is not implemented by HIDL
02-27 20:56:56.260  4248  4248 D VendorWifiService: onEvent event:9,action:1
02-27 20:56:56.261  2026  3554 D OplusWifiPower_TriggerCenter: mComponentCallback: wifistat
02-27 20:56:56.312  1540  1540 D vendor.oplus.hardware.charger-V6-service: get_ui_charge_icon_type 0 0 0 0 0
02-27 20:56:56.313  1540  1540 D vendor.oplus.hardware.charger-V6-service: oplus_chg_get_cpa_power 2500 charge_online 1 retention_topic 0
02-27 20:56:56.463  4130  4583 D CommonApp-271-10497: transport layer data is invalid
02-27 20:56:56.769 14128 14497 I metis_v2_OsenseCallBack: memLevel: 1 [Metis|com.oplus.metis|1.4.54-aa2067f]
02-27 20:56:56.809  1540  1753 D BatteryChargeControl: bcc get no support from charging protocol
02-27 20:56:56.871   646   646 E lowmemorykiller: device memory 417400 free 112247 file 302566
02-27 20:56:56.873  2026  3795 I Osense-PsiDetector: 1629,437,1965,7679,75,389,214,1280,1554,467,714,0,8,8200
02-27 20:56:56.875 14128 14497 I metis_v2_OsenseCallBack: memLevel: 2 [Metis|com.oplus.metis|1.4.54-aa2067f]
02-27 20:56:56.912  9645  9645 D BoundBrokerSvc: onBind: Intent { act=com.google.android.gms.onboardingconsent.api.ConsentManagerApiService.START dat=chimera-action:/... cmp=com.google.android.gms/.chimera.GmsApiService mCallingUid=10116 }
02-27 20:56:56.912  9645  9645 D BoundBrokerSvc: Loading bound service for intent: Intent { act=com.google.android.gms.onboardingconsent.api.ConsentManagerApiService.START dat=chimera-action:/... cmp=com.google.android.gms/.chimera.GmsApiService mCallingUid=10116 }
02-27 20:56:56.913   646   646 E lowmemorykiller: device memory 417498 free 111205 file 303706
02-27 20:56:56.917  1318 24659 E TetherController: property_get sys.radio.data.modem_share_flag return 0, 1!
02-27 20:56:56.924  9645 13187 W ConsentManagerApiServic: Consent Manager API is not enabled. [CONTEXT service_id=460 ]
02-27 20:56:56.954  2026  4109 I LocationManagerService: incoming location from: network
02-27 20:56:56.955  2026  4109 I LocationManagerService: incoming location from: network
02-27 20:56:57.013   646   646 E lowmemorykiller: device memory 417231 free 107746 file 306898
02-27 20:56:57.217   646   646 E lowmemorykiller: device memory 417469 free 107754 file 307128
02-27 20:56:57.488  4130  4583 D CommonApp-271-10497: transport layer data is invalid
02-27 20:56:57.810 14128 14497 I metis_v2_OsenseCallBack: memLevel: 1 [Metis|com.oplus.metis|1.4.54-aa2067f]
02-27 20:56:57.812  1540  1753 D BatteryChargeControl: bcc get no support from charging protocol
02-27 20:56:57.894 20407 20407 D BoundBrokerSvc: onRebind: Intent { act=com.google.android.gms.libs.gmscorelogger.service.START dat=chimera-action:/... cmp=com.google.android.gms/.chimera.PersistentDirectBootAwareApiService mCallingUid=10116 }
02-27 20:56:57.911   646   646 E lowmemorykiller: device memory 417436 free 107683 file 307166
02-27 20:56:57.912  2026  3795 I Osense-PsiDetector: 1630,420,1964,7679,75,389,214,1280,1572,471,728,0,8,8204
02-27 20:56:57.912 14128 14497 I metis_v2_OsenseCallBack: memLevel: 2 [Metis|com.oplus.metis|1.4.54-aa2067f]
02-27 20:56:58.013   646   646 E lowmemorykiller: device memory 417392 free 107620 file 307185
02-27 20:56:58.275  1510 18624 I QC2Comp : [vp9D_3677] Stats: Pending(3) i/p-done(0) Works: Q: 26/Done 25|Work-Rate: Q(0.0/s Avg=0.0/s) Done(0.000/s Avg=0.000/s)| Stream: 25.00fps 328.6Kbps
02-27 20:56:58.275  1510 18624 I QC2Comp : Mem-usage:  [In-1D - 5 bufs 14.941 MB] [1D-0 - 15 bufs 0.234 MB] [2D-3534 - 23 bufs 51.750 MB]
02-27 20:56:58.275  1510 18624 I QC2Comp : Total Mem-usage: 66.926 MB
02-27 20:56:58.512  4130  4583 D CommonApp-271-10497: transport layer data is invalid
02-27 20:56:58.814  1540  1753 D BatteryChargeControl: bcc get no support from charging protocol
02-27 20:56:58.847 14128 14497 I metis_v2_OsenseCallBack: memLevel: 1 [Metis|com.oplus.metis|1.4.54-aa2067f]
02-27 20:56:58.949  2026  3795 I Osense-PsiDetector: 1630,420,1963,7679,75,389,214,1280,1572,471,728,0,8,8204
02-27 20:56:58.949 14128 14497 I metis_v2_OsenseCallBack: memLevel: 2 [Metis|com.oplus.metis|1.4.54-aa2067f]
02-27 20:56:59.125  1535  4282 E PerformanceService: storage_feature: open /sys/devices/platform/soc/112b0000.ufshci//virtualtlcbuff fail
02-27 20:56:59.265  2026  3448 D WifiStaIfaceHidlImpl: getCachedScanData is not implemented by HIDL
02-27 20:56:59.280  4248  4248 D VendorWifiService: onEvent event:9,action:1
02-27 20:56:59.291  2026  3554 D OplusWifiPower_TriggerCenter: mComponentCallback: wifistat
02-27 20:56:59.358  4248  4248 D SubsysEventListenerManager-SubsysTelephonyCallback[1]: onSignalStrengthsChanged
02-27 20:56:59.365  3736  3959 I SystemUi--Statusbar: MobileConnectionRepositoryImpl-->subId:3 isSoftSimCard:false slotId:1
02-27 20:56:59.535  4130  4583 D CommonApp-271-10497: transport layer data is invalid
02-27 20:56:59.795  3736  8308 I PluginSeedling--Origin: OSenseManager-->isMEMHighPressure oldState:false newState: false isMEMHighPressure:false
02-27 20:56:59.816  1540  1753 D BatteryChargeControl: bcc get no support from charging protocol
02-27 20:56:59.843   646   646 E lowmemorykiller: device memory 417509 free 107695 file 307227
02-27 20:56:59.885 14128 14497 I metis_v2_OsenseCallBack: memLevel: 1 [Metis|com.oplus.metis|1.4.54-aa2067f]
02-27 20:56:59.989  2026  3795 I Osense-PsiDetector: 1630,420,1960,7679,75,389,214,1277,1572,471,728,0,8,8204
02-27 20:56:59.989 14128 14497 I metis_v2_OsenseCallBack: memLevel: 2 [Metis|com.oplus.metis|1.4.54-aa2067f]
02-27 20:57:00.001  2026  3361 V AlarmManager: sending alarm Alarm{15f8a96 type 3 origWhen 1204228323 whenElapsed 1204228323 android} uid 1000 whenElapsed 1204228323 windowLength 0 maxWhenElapsed 1204228323 repeatInterval 0 action null component null tag TIME_TICK flags 0x9 procName system_server
02-27 20:57:00.003  3736  3736 I SystemUi--SystemUi--: Clock-->smallTime: 20:57
02-27 20:57:00.005  3736  3736 I SystemUi--SystemUi--: Clock-->smallTime: 20:57
02-27 20:57:00.008  4248  4248 D SubsysBroadcastManager: onReceive action:android.intent.action.TIME_TICK
02-27 20:57:00.025  1540  1717 D vendor.oplus.hardware.charger-V6-service: ret_value:127, read content:,375,364,3697,3697,-70,500,2200,11,12,1,4,-1,4931,11,1,0,1,1,0,0,4425,0,2,0,2,0,0,0,366,0,1,1,0,0,61,61,61,0,0,0,0,0,0,0,0,0,0
02-27 20:57:00.025  1540  1717 D vendor.oplus.hardware.charger-V6-service: gmtime: 2026-02-27-20-57-00
02-27 20:57:00.027  1540  1717 D vendor.oplus.hardware.charger-V6-service: usb_online:1, ac_online:0, wireless_online:-2147483648
02-27 20:57:00.028  2026  2844 D OplusDisplayBrightnessBroadcastReceiver: onReceive action = android.intent.action.TIME_TICK , listeners = [com.android.server.display.ambience.events.event.TimeEvent$TimeChangeReceiver@6fe82a1]
02-27 20:57:00.030  7792  8952 D PhoneScreenOnTime: affairType:231
02-27 20:57:00.041  7792  8952 D PhoneUsageTime: affairType:231
02-27 20:57:00.506  1510  8349 I QC2Comp : [vp9D_3966] Stats: Pending(3) i/p-done(0) Works: Q: 26/Done 25|Work-Rate: Q(0.0/s Avg=0.0/s) Done(0.000/s Avg=0.001/s)| Stream: 30.30fps 174.6Kbps
02-27 20:57:00.506  1510  8349 I QC2Comp : Mem-usage:  [In-1D - 5 bufs 14.941 MB] [1D-0 - 15 bufs 0.234 MB] [2D-3823 - 23 bufs 17.250 MB]
02-27 20:57:00.506  1510  8349 I QC2Comp : Total Mem-usage: 32.426 MB
02-27 20:57:00.559  4130  4583 D CommonApp-271-10497: transport layer data is invalid
02-27 20:57:00.818  1540  1753 D BatteryChargeControl: bcc get no support from charging protocol
02-27 20:57:00.929 14128 14497 I metis_v2_OsenseCallBack: memLevel: 1 [Metis|com.oplus.metis|1.4.54-aa2067f]
02-27 20:57:01.033  2026  3795 I Osense-PsiDetector: 1632,421,1959,7679,75,389,213,1276,1572,471,728,0,8,8204
02-27 20:57:01.034 14128 14497 I metis_v2_OsenseCallBack: memLevel: 2 [Metis|com.oplus.metis|1.4.54-aa2067f]
02-27 20:57:01.051  1540  1540 D vendor.oplus.hardware.charger-V6-service: getChargerControl:sub_current=100
02-27 20:57:01.051  1540  1540 D vendor.oplus.hardware.charger-V6-service: sub_voltage=3800
02-27 20:57:01.051  1540  1540 D vendor.oplus.hardware.charger-V6-service: sub_soc=-1
02-27 20:57:01.051  1540  1540 D vendor.oplus.hardware.charger-V6-service: sub_temperature=250
02-27 20:57:01.051  1540  1540 D vendor.oplus.hardware.charger-V6-service: main_soc=11
02-27 20:57:01.121  7957  6863 I PTC.DISC.AndroidMultiLanServer: Watcher sysNif=[wlan0], userNif=[wlan0 state=(LISTEN JOIN(05A86A|11648)), ], clientNif=[wlan0 state=(LISTEN), ], tcpServer state=LISTEN, ipv4=**68.1.3
02-27 20:57:01.584  4130  4583 D CommonApp-271-10497: transport layer data is invalid
02-27 20:57:01.782  7270 29953 D ShellSubscriberWorkerThread: the first 8 bytes empty, and RestData length > 8 
02-27 20:57:01.821  1540  1753 D BatteryChargeControl: bcc get no support from charging protocol
02-27 20:57:01.892  3978 25348 D IpClient/wlan0: interfaceLinkStateChanged: ifindex 27 up
02-27 20:57:01.930  9645  9645 D BoundBrokerSvc: onUnbind: Intent { act=com.google.android.gms.onboardingconsent.api.ConsentManagerApiService.START dat=chimera-action:/... cmp=com.google.android.gms/.chimera.GmsApiService mCallingUid=10116 }
02-27 20:57:01.943  1318 24659 E TetherController: property_get sys.radio.data.modem_share_flag return 0, 1!
02-27 20:57:01.970 14128 14497 I metis_v2_OsenseCallBack: memLevel: 1 [Metis|com.oplus.metis|1.4.54-aa2067f]
02-27 20:57:02.074  2026  3795 I Osense-PsiDetector: 1635,424,1957,7679,75,389,213,1273,1572,471,728,0,8,8203
02-27 20:57:02.075 14128 14497 I metis_v2_OsenseCallBack: memLevel: 2 [Metis|com.oplus.metis|1.4.54-aa2067f]
02-27 20:57:02.189 14612 15418 I Supabase-Realtime: Heartbeat received
02-27 20:57:02.293  2026  3448 D WifiStaIfaceHidlImpl: getCachedScanData is not implemented by HIDL
02-27 20:57:02.313  4248  4248 D VendorWifiService: onEvent event:9,action:1
02-27 20:57:02.317  2026  3554 D OplusWifiPower_TriggerCenter: mComponentCallback: wifistat
02-27 20:57:02.428  4130  4583 D CommonApp-271-10497: DefaultState EVENT_SCENARIOS_CHANGE
02-27 20:57:02.428  4130  4583 D CommonApp-271-10497: scene=COMMON pn=com.esiri.esiriplus
02-27 20:57:02.454  1540  1540 D vendor.oplus.hardware.charger-V6-service: get_ui_charge_icon_type 0 0 0 0 0
02-27 20:57:02.456  1540  1540 D vendor.oplus.hardware.charger-V6-service: oplus_chg_get_cpa_power 2500 charge_online 1 retention_topic 0
02-27 20:57:02.609  4130  4583 D CommonApp-271-10497: commonScoreStrategy scenarios low package
02-27 20:57:02.825  1540  1753 D BatteryChargeControl: bcc get no support from charging protocol
02-27 20:57:03.005 14128 14497 I metis_v2_OsenseCallBack: memLevel: 1 [Metis|com.oplus.metis|1.4.54-aa2067f]
02-27 20:57:03.109  2026  3795 I Osense-PsiDetector: 1635,424,1956,7679,75,389,213,1272,1572,471,728,0,8,8203
02-27 20:57:03.111 14128 14497 I metis_v2_OsenseCallBack: memLevel: 2 [Metis|com.oplus.metis|1.4.54-aa2067f]
02-27 20:57:03.276  1510 18624 I QC2Comp : [vp9D_3677] Stats: Pending(3) i/p-done(0) Works: Q: 26/Done 25|Work-Rate: Q(0.0/s Avg=0.0/s) Done(0.000/s Avg=0.000/s)| Stream: 25.00fps 328.6Kbps
02-27 20:57:03.276  1510 18624 I QC2Comp : Mem-usage:  [In-1D - 5 bufs 14.941 MB] [1D-0 - 15 bufs 0.234 MB] [2D-3534 - 23 bufs 51.750 MB]
02-27 20:57:03.276  1510 18624 I QC2Comp : Total Mem-usage: 66.926 MB
02-27 20:57:03.631  4130  4583 D CommonApp-271-10497: transport layer data is invalid
02-27 20:57:03.828  1540  1753 D BatteryChargeControl: bcc get no support from charging protocol
02-27 20:57:03.925  2026  4109 D CompatChangeReporter: Compat change id reported: 311208629; UID 10116; state: ENABLED
02-27 20:57:04.046 14128 14497 I metis_v2_OsenseCallBack: memLevel: 1 [Metis|com.oplus.metis|1.4.54-aa2067f]
02-27 20:57:04.125  1535  4282 E PerformanceService: storage_feature: open /sys/devices/platform/soc/112b0000.ufshci//virtualtlcbuff fail
02-27 20:57:04.150  2026  3795 I Osense-PsiDetector: 1636,425,1956,7679,75,389,213,1272,1572,471,728,0,8,8202
02-27 20:57:04.151 14128 14497 I metis_v2_OsenseCallBack: memLevel: 2 [Metis|com.oplus.metis|1.4.54-aa2067f]
02-27 20:57:04.480  4248  4248 D SubsysEventListenerManager-SubsysTelephonyCallback[1]: onSignalStrengthsChanged
02-27 20:57:04.493  3736  3959 I SystemUi--Statusbar: MobileConnectionRepositoryImpl-->subId:3 isSoftSimCard:false slotId:1
02-27 20:57:04.555   646   646 E lowmemorykiller: device memory 418973 free 108738 file 307545
02-27 20:57:04.655  4130  4583 D CommonApp-271-10497: transport layer data is invalid
02-27 20:57:04.831  1540  1753 D BatteryChargeControl: bcc get no support from charging protocol
02-27 20:57:05.028  1540  1717 D vendor.oplus.hardware.charger-V6-service: ret_value:127, read content:,374,363,3697,3697,-57,500,2200,11,12,1,4,-1,4931,11,1,0,1,1,0,0,4425,0,2,0,2,0,0,0,366,0,1,1,0,0,61,61,61,0,0,0,0,0,0,0,0,0,0
02-27 20:57:05.028  1540  1717 D vendor.oplus.hardware.charger-V6-service: gmtime: 2026-02-27-20-57-05
02-27 20:57:05.029  1540  1717 D vendor.oplus.hardware.charger-V6-service: usb_online:1, ac_online:0, wireless_online:-2147483648
02-27 20:57:05.086 14128 14497 I metis_v2_OsenseCallBack: memLevel: 1 [Metis|com.oplus.metis|1.4.54-aa2067f]
02-27 20:57:05.189  2026  3795 I Osense-PsiDetector: 1636,424,1955,7679,75,389,213,1272,1573,471,729,0,8,8202
02-27 20:57:05.190 14128 14497 I metis_v2_OsenseCallBack: memLevel: 2 [Metis|com.oplus.metis|1.4.54-aa2067f]
02-27 20:57:05.198  7647 31827 D gaia-GaiaConnectChecker: start connect check++
02-27 20:57:05.211  7647 31760 D gaia-GaiaConnectChecker: start connect check++
02-27 20:57:05.323  2026  3448 D WifiStaIfaceHidlImpl: getCachedScanData is not implemented by HIDL
02-27 20:57:05.343  4248  4248 D VendorWifiService: onEvent event:9,action:1
02-27 20:57:05.348  2026  3554 D OplusWifiPower_TriggerCenter: mComponentCallback: wifistat
02-27 20:57:05.507  1510  8349 I QC2Comp : [vp9D_3966] Stats: Pending(3) i/p-done(0) Works: Q: 26/Done 25|Work-Rate: Q(0.0/s Avg=0.0/s) Done(0.000/s Avg=0.001/s)| Stream: 30.30fps 174.6Kbps
02-27 20:57:05.507  1510  8349 I QC2Comp : Mem-usage:  [In-1D - 5 bufs 14.941 MB] [1D-0 - 15 bufs 0.234 MB] [2D-3823 - 23 bufs 17.250 MB]
02-27 20:57:05.507  1510  8349 I QC2Comp : Total Mem-usage: 32.426 MB
02-27 20:57:05.680  4130  4583 D CommonApp-271-10497: transport layer data is invalid
02-27 20:57:05.834  1540  1753 D BatteryChargeControl: bcc get no support from charging protocol
02-27 20:57:06.072  1540  1540 D vendor.oplus.hardware.charger-V6-service: getChargerControl:sub_current=100
02-27 20:57:06.072  1540  1540 D vendor.oplus.hardware.charger-V6-service: sub_voltage=3800
02-27 20:57:06.072  1540  1540 D vendor.oplus.hardware.charger-V6-service: sub_soc=-1
02-27 20:57:06.072  1540  1540 D vendor.oplus.hardware.charger-V6-service: sub_temperature=250
02-27 20:57:06.072  1540  1540 D vendor.oplus.hardware.charger-V6-service: main_soc=11
02-27 20:57:06.121 14128 14497 I metis_v2_OsenseCallBack: memLevel: 1 [Metis|com.oplus.metis|1.4.54-aa2067f]
02-27 20:57:06.221  2026  3795 I Osense-PsiDetector: 1638,426,1954,7679,75,389,213,1271,1573,471,729,0,8,8202
02-27 20:57:06.221 14128 14497 I metis_v2_OsenseCallBack: memLevel: 2 [Metis|com.oplus.metis|1.4.54-aa2067f]
02-27 20:57:06.703  4130  4583 D CommonApp-271-10497: transport layer data is invalid
02-27 20:57:06.837  1540  1753 D BatteryChargeControl: bcc get no support from charging protocol
02-27 20:57:06.924  9934 18623 I OplusFeedbackInfo: 0xb4000078a2baaa00 c2.qti.vp9.decoder codec[0xb400007ab3678000] 720x1280 inputFps=0 outputFps=0 renderFps=0, discardFps=0
02-27 20:57:07.158 14128 14497 I metis_v2_OsenseCallBack: memLevel: 1 [Metis|com.oplus.metis|1.4.54-aa2067f]
02-27 20:57:07.261 14128 14497 I metis_v2_OsenseCallBack: memLevel: 2 [Metis|com.oplus.metis|1.4.54-aa2067f]
02-27 20:57:07.261  2026  3795 I Osense-PsiDetector: 1638,426,1954,7679,75,389,213,1271,1573,471,729,0,8,8200
02-27 20:57:07.727  4130  4583 D CommonApp-271-10497: transport layer data is invalid
02-27 20:57:07.840  1540  1753 D BatteryChargeControl: bcc get no support from charging protocol
02-27 20:57:08.197 14128 14497 I metis_v2_OsenseCallBack: memLevel: 1 [Metis|com.oplus.metis|1.4.54-aa2067f]
02-27 20:57:08.277  1510 18624 I QC2Comp : [vp9D_3677] Stats: Pending(3) i/p-done(0) Works: Q: 26/Done 25|Work-Rate: Q(0.0/s Avg=0.0/s) Done(0.000/s Avg=0.000/s)| Stream: 25.00fps 328.6Kbps
02-27 20:57:08.277  1510 18624 I QC2Comp : Mem-usage:  [In-1D - 5 bufs 14.941 MB] [1D-0 - 15 bufs 0.234 MB] [2D-3534 - 23 bufs 51.750 MB]
02-27 20:57:08.277  1510 18624 I QC2Comp : Total Mem-usage: 66.926 MB
02-27 20:57:08.303 14128 14497 I metis_v2_OsenseCallBack: memLevel: 2 [Metis|com.oplus.metis|1.4.54-aa2067f]
02-27 20:57:08.302  2026  3795 I Osense-PsiDetector: 1639,427,1953,7679,75,389,213,1270,1573,471,729,0,8,8199
02-27 20:57:08.350  1540  1540 D vendor.oplus.hardware.charger-V6-service: get_ui_charge_icon_type 0 0 0 0 0
02-27 20:57:08.353  1540  1540 D vendor.oplus.hardware.charger-V6-service: oplus_chg_get_cpa_power 2500 charge_online 1 retention_topic 0
02-27 20:57:08.363  2026  3448 D WifiStaIfaceHidlImpl: getCachedScanData is not implemented by HIDL
02-27 20:57:08.381  4248  4248 D VendorWifiService: onEvent event:9,action:1
02-27 20:57:08.391  2026  3554 D OplusWifiPower_TriggerCenter: mComponentCallback: wifistat
02-27 20:57:08.756  4130  4583 D CommonApp-271-10497: transport layer data is invalid
02-27 20:57:08.843  1540  1753 D BatteryChargeControl: bcc get no support from charging protocol
02-27 20:57:09.126  1535  4282 E PerformanceService: storage_feature: open /sys/devices/platform/soc/112b0000.ufshci//virtualtlcbuff fail
02-27 20:57:09.233 14128 14497 I metis_v2_OsenseCallBack: memLevel: 1 [Metis|com.oplus.metis|1.4.54-aa2067f]
02-27 20:57:09.337  2026  3795 I Osense-PsiDetector: 1640,428,1953,7679,75,389,213,1269,1573,471,729,0,8,8199
02-27 20:57:09.337 14128 14497 I metis_v2_OsenseCallBack: memLevel: 2 [Metis|com.oplus.metis|1.4.54-aa2067f]
02-27 20:57:09.436  4130  4583 D CommonApp-271-10497: DefaultState EVENT_SCENARIOS_CHANGE
02-27 20:57:09.436  4130  4583 D CommonApp-271-10497: scene=COMMON pn=com.esiri.esiriplus
02-27 20:57:09.775  4130  4583 D CommonApp-271-10497: transport layer data is invalid
02-27 20:57:09.846  1540  1753 D BatteryChargeControl: bcc get no support from charging protocol
02-27 20:57:10.030  1540  1717 D vendor.oplus.hardware.charger-V6-service: ret_value:127, read content:,374,363,3697,3697,-56,500,2200,11,12,1,4,-1,4931,11,1,0,1,1,0,0,4425,0,2,0,2,0,0,0,366,0,1,1,0,0,61,61,61,0,0,0,0,0,0,0,0,0,0
02-27 20:57:10.031  1540  1717 D vendor.oplus.hardware.charger-V6-service: gmtime: 2026-02-27-20-57-10
02-27 20:57:10.031  1540  1717 D vendor.oplus.hardware.charger-V6-service: usb_online:1, ac_online:0, wireless_online:-2147483648
02-27 20:57:10.265 14128 14497 I metis_v2_OsenseCallBack: memLevel: 1 [Metis|com.oplus.metis|1.4.54-aa2067f]
02-27 20:57:10.369  2026  3795 I Osense-PsiDetector: 1640,428,1952,7679,75,389,213,1269,1573,471,729,0,8,8199
02-27 20:57:10.369 14128 14497 I metis_v2_OsenseCallBack: memLevel: 2 [Metis|com.oplus.metis|1.4.54-aa2067f]
02-27 20:57:10.508  1510  8349 I QC2Comp : [vp9D_3966] Stats: Pending(3) i/p-done(0) Works: Q: 26/Done 25|Work-Rate: Q(0.0/s Avg=0.0/s) Done(0.000/s Avg=0.001/s)| Stream: 30.30fps 174.6Kbps
02-27 20:57:10.508  1510  8349 I QC2Comp : Mem-usage:  [In-1D - 5 bufs 14.941 MB] [1D-0 - 15 bufs 0.234 MB] [2D-3823 - 23 bufs 17.250 MB]
02-27 20:57:10.508  1510  8349 I QC2Comp : Total Mem-usage: 32.426 MB
02-27 20:57:10.800  4130  4583 D CommonApp-271-10497: transport layer data is invalid
02-27 20:57:10.849  1540  1753 D BatteryChargeControl: bcc get no support from charging protocol
02-27 20:57:11.097  1540  1540 D vendor.oplus.hardware.charger-V6-service: getChargerControl:sub_current=100
02-27 20:57:11.097  1540  1540 D vendor.oplus.hardware.charger-V6-service: sub_voltage=3800
02-27 20:57:11.097  1540  1540 D vendor.oplus.hardware.charger-V6-service: sub_soc=-1
02-27 20:57:11.097  1540  1540 D vendor.oplus.hardware.charger-V6-service: sub_temperature=250
02-27 20:57:11.097  1540  1540 D vendor.oplus.hardware.charger-V6-service: main_soc=11
02-27 20:57:11.306 14128 14497 I metis_v2_OsenseCallBack: memLevel: 1 [Metis|com.oplus.metis|1.4.54-aa2067f]
02-27 20:57:11.389  2026  3448 D WifiStaIfaceHidlImpl: getCachedScanData is not implemented by HIDL
02-27 20:57:11.406  4248  4248 D VendorWifiService: onEvent event:9,action:1
02-27 20:57:11.409  2026  3795 I Osense-PsiDetector: 1640,428,1952,7679,75,389,213,1269,1573,471,729,0,8,8197
02-27 20:57:11.409 14128 14497 I metis_v2_OsenseCallBack: memLevel: 2 [Metis|com.oplus.metis|1.4.54-aa2067f]
02-27 20:57:11.414  2026  3554 D OplusWifiPower_TriggerCenter: mComponentCallback: wifistat
02-27 20:57:11.767  7270 29953 D ShellSubscriberWorkerThread: the first 8 bytes empty, and RestData length > 8 
02-27 20:57:11.824  4130  4583 D CommonApp-271-10497: transport layer data is invalid
02-27 20:57:11.851  1540  1753 D BatteryChargeControl: bcc get no support from charging protocol
02-27 20:57:12.350 14128 14497 I metis_v2_OsenseCallBack: memLevel: 1 [Metis|com.oplus.metis|1.4.54-aa2067f]
02-27 20:57:12.448  2026  3795 I Osense-PsiDetector: 1641,429,1951,7679,75,389,213,1268,1573,471,729,0,8,8197
02-27 20:57:12.449 14128 14497 I metis_v2_OsenseCallBack: memLevel: 2 [Metis|com.oplus.metis|1.4.54-aa2067f]
02-27 20:57:12.848  4130  4583 D CommonApp-271-10497: transport layer data is invalid
02-27 20:57:12.853  1540  1753 D BatteryChargeControl: bcc get no support from charging protocol
02-27 20:57:12.918 20407 20407 D BoundBrokerSvc: onUnbind: Intent { act=com.google.android.gms.libs.gmscorelogger.service.START dat=chimera-action:/... cmp=com.google.android.gms/.chimera.PersistentDirectBootAwareApiService mCallingUid=10116 }
02-27 20:57:13.278  1510 18624 I QC2Comp : [vp9D_3677] Stats: Pending(3) i/p-done(0) Works: Q: 26/Done 25|Work-Rate: Q(0.0/s Avg=0.0/s) Done(0.000/s Avg=0.000/s)| Stream: 25.00fps 328.6Kbps
02-27 20:57:13.278  1510 18624 I QC2Comp : Mem-usage:  [In-1D - 5 bufs 14.941 MB] [1D-0 - 15 bufs 0.234 MB] [2D-3534 - 23 bufs 51.750 MB]
02-27 20:57:13.278  1510 18624 I QC2Comp : Total Mem-usage: 66.926 MB
02-27 20:57:13.385 14128 14497 I metis_v2_OsenseCallBack: memLevel: 1 [Metis|com.oplus.metis|1.4.54-aa2067f]
02-27 20:57:13.489 14128 14497 I metis_v2_OsenseCallBack: memLevel: 2 [Metis|com.oplus.metis|1.4.54-aa2067f]
02-27 20:57:13.489  2026  3795 I Osense-PsiDetector: 1641,429,1951,7679,75,389,213,1268,1573,471,729,0,8,8197
02-27 20:57:13.855  1540  1753 D BatteryChargeControl: bcc get no support from charging protocol
02-27 20:57:13.872  4130  4583 D CommonApp-271-10497: transport layer data is invalid
02-27 20:57:14.125  1535  4282 E PerformanceService: storage_feature: open /sys/devices/platform/soc/112b0000.ufshci//virtualtlcbuff fail
02-27 20:57:14.418  2026  3448 D WifiStaIfaceHidlImpl: getCachedScanData is not implemented by HIDL
02-27 20:57:14.422 14128 14497 I metis_v2_OsenseCallBack: memLevel: 1 [Metis|com.oplus.metis|1.4.54-aa2067f]
02-27 20:57:14.440  4248  4248 D VendorWifiService: onEvent event:9,action:1
02-27 20:57:14.445  2026  3554 D OplusWifiPower_TriggerCenter: mComponentCallback: wifistat
02-27 20:57:14.493  1540  1540 D vendor.oplus.hardware.charger-V6-service: get_ui_charge_icon_type 0 0 0 0 0
02-27 20:57:14.495  1540  1540 D vendor.oplus.hardware.charger-V6-service: oplus_chg_get_cpa_power 2500 charge_online 1 retention_topic 0
02-27 20:57:14.524  2026  3795 I Osense-PsiDetector: 1641,430,1950,7679,75,389,213,1268,1573,471,729,0,8,8197
