02-26 22:38:54.386 10619 31725 D BufferPoolAccessor2.0: bufferpool2 0xb400007a39247628 : 5(40960 size) total buffers - 1(8192 size) used buffers - 15687/15717 (recycle/alloc) - 39/15716 (fetch/transfer)
02-26 22:38:54.521 26780 23512 D CustomLogManagerService: WorkHandler msg.what :5
02-26 22:38:54.521 26780 23512 D CustomLogManagerService: user experience toggle off
02-26 22:38:54.701  4130  4583 D CommonApp-254-10300: transport layer data is invalid
02-26 22:38:54.818  1493  1493 E ANDR-PERF-MPCTL: Active req limit reached, No optimizations performed
02-26 22:38:54.831  1493  1493 E ANDR-PERF-MPCTL: Active req limit reached, No optimizations performed
02-26 22:38:54.835  1540  1753 D BatteryChargeControl: bcc get no support from charging protocol
02-26 22:38:55.248  1535  4282 E PerformanceService: storage_feature: open /sys/devices/platform/soc/112b0000.ufshci//virtualtlcbuff fail
02-26 22:38:55.395  4074  4074 D OplusTelephonyController: onSignalStrengthChanged: SignalStrength=SignalStrength:{mCdma=CellSignalStrengthCdma: cdmaDbm=2147483647 cdmaEcio=2147483647 evdoDbm=2147483647 evdoEcio=2147483647 evdoSnr=2147483647 level=0,mGsm=CellSignalStrengthGsm: rssi=2147483647 ber=2147483647 mTa=2147483647 mLevel=0,mWcdma=CellSignalStrengthWcdma: ss=2147483647 ber=2147483647 rscp=2147483647 ecno=2147483647 level=0,mTdscdma=CellSignalStrengthTdscdma: rssi=2147483647 ber=2147483647 rscp=2147483647 level=0,mLte=CellSignalStrengthLte: rssi=-67 rsrp=-99 rsrq=-15 rssnr=9 cqiTableIndex=2147483647 cqi=2147483647 ta=2147483647 level=3 parametersUseForLevel=0,mNr=CellSignalStrengthNr:{ csiRsrp = 2147483647 csiRsrq = 2147483647 csiCqiTableIndex = 2147483647 csiCqiReport = [] ssRsrp = 2147483647 ssRsrq = 2147483647 ssSinr = 2147483647 level = 0 parametersUseForLevel = 0 timingAdvance = 2147483647 },primary=CellSignalStrengthLte}
02-26 22:38:55.396  4248  4248 D SubsysEventListenerManager-SubsysTelephonyCallback[0]: onSignalStrengthsChanged
02-26 22:38:55.400  3736  3959 I SystemUi--Statusbar: MobileConnectionRepositoryImpl-->subId:2 isSoftSimCard:false slotId:0
02-26 22:38:55.668  1510 18624 I QC2Comp : [vp9D_3677] Stats: Pending(3) i/p-done(0) Works: Q: 26/Done 25|Work-Rate: Q(0.0/s Avg=0.0/s) Done(0.000/s Avg=0.007/s)| Stream: 25.00fps 328.6Kbps
02-26 22:38:55.668  1510 18624 I QC2Comp : Mem-usage:  [In-1D - 5 bufs 14.941 MB] [1D-0 - 15 bufs 0.234 MB] [2D-3534 - 23 bufs 51.750 MB]
02-26 22:38:55.668  1510 18624 I QC2Comp : Total Mem-usage: 66.926 MB
02-26 22:38:55.726  4130  4583 D CommonApp-254-10300: transport layer data is invalid
02-26 22:38:55.757  1493  1493 E ANDR-PERF-MPCTL: Active req limit reached, No optimizations performed
02-26 22:38:55.770  1493  1493 E ANDR-PERF-MPCTL: Active req limit reached, No optimizations performed
02-26 22:38:55.838  1540  1753 D BatteryChargeControl: bcc get no support from charging protocol
02-26 22:38:56.228  2026  3448 D WifiStaIfaceHidlImpl: getCachedScanData is not implemented by HIDL
02-26 22:38:56.236  4248  4248 D VendorWifiService: onEvent event:9,action:1
02-26 22:38:56.239  2026  3554 D OplusWifiPower_TriggerCenter: mComponentCallback: wifistat
02-26 22:38:56.684  1493  1493 E ANDR-PERF-MPCTL: Active req limit reached, No optimizations performed
02-26 22:38:56.698  1493  1493 E ANDR-PERF-MPCTL: Active req limit reached, No optimizations performed
02-26 22:38:56.749  4130  4583 D CommonApp-254-10300: transport layer data is invalid
02-26 22:38:56.840  1540  1753 D BatteryChargeControl: bcc get no support from charging protocol
02-26 22:38:57.270  3736  3736 D OplusPrivacyDotViewController: scheduleUpdate: 
02-26 22:38:57.270  3736  4019 D OplusPrivacyDotViewController: processNextViewState: 
02-26 22:38:57.271  3736  4019 D OplusPrivacyDotViewController: resolveState ViewState(systemPrivacyEventIsActive=false, shadeExpanded=false, needShow=true, rtl=false, rotation=0, height=12, x=36, y=56, cornerIndex=1, designatedCorner=android.widget.FrameLayout{e2d8ba8 G.E...... ......I. 0,0-12,12 #7f0a05b9 app:id/icons_container alpha=0.0 viewInfo = }, contentDescription=null, chipAnimationStart=false, preDraw=false) shouldShowDot false
02-26 22:38:57.271  3736  4019 W SystemUi--Common: OplusSysUiSchedMgr-->schedForPrivacyIconShowing not showing, no need release
02-26 22:38:57.299  1493  1493 E ANDR-PERF-MPCTL: Active req limit reached, No optimizations performed
02-26 22:38:57.333  1493  1493 E ANDR-PERF-MPCTL: Active req limit reached, No optimizations performed
02-26 22:38:57.350  7647 31760 D gaia-GaiaConnectChecker: start connect check++
02-26 22:38:57.354  1540  1717 D vendor.oplus.hardware.charger-V6-service: ret_value:124, read content:,374,370,3655,3655,200,500,2200,0,1,1,4,-1,4905,0,1,0,1,1,0,0,4425,0,3,0,3,0,0,0,361,0,1,1,0,0,61,61,61,0,0,0,0,0,0,0,0,0,0
02-26 22:38:57.354  1540  1717 D vendor.oplus.hardware.charger-V6-service: gmtime: 2026-02-26-22-38-57
02-26 22:38:57.355  1540  1717 D vendor.oplus.hardware.charger-V6-service: usb_online:1, ac_online:0, wireless_online:-2147483648
02-26 22:38:57.361  7647 31827 D gaia-GaiaConnectChecker: start connect check++
02-26 22:38:57.384  1493  1493 E ANDR-PERF-MPCTL: Active req limit reached, No optimizations performed
02-26 22:38:57.398  1493  1493 E ANDR-PERF-MPCTL: Active req limit reached, No optimizations performed
02-26 22:38:57.457 32352 32419 I MMKV    : Disable checkProcessMode()
02-26 22:38:57.465 32352 32419 I MMKV    : <MMKV.cpp:203::initializeMMKV> root dir: /data/user_de/0/com.oplus.statistics.rom/files/mmkv
02-26 22:38:57.465 32352 32419 I MSP-LOG-SDK-MspSdk: Sdk has initialized! version:2.0.1.11
02-26 22:38:57.466 32352 32419 I MSP-LOG-SDK-ApiProxy: interfaces length 1
02-26 22:38:57.466 32352 32419 I MSP-LOG-SDK-ApiProxy: interfaces clazz name is b
02-26 22:38:57.468 32352 32419 I MSP-LOG-SDK-RealIPCInterceptor: before invoke [a#a], len(args) = -1, thread name = Timer-0
02-26 22:38:57.470 32352 32419 E MSP-LOG-SDK-: MspSdkException{code=-1,message=com.heytap.mspsdk.exception.MspProxyException: No target found for all actions}
02-26 22:38:57.470 32352 32419 E MSP-LOG-SDK-: 	at com.heytap.mspsdk.proxy.h.c(RealIPCInterceptor.java:13)
02-26 22:38:57.470 32352 32419 E MSP-LOG-SDK-: 	at com.heytap.mspsdk.proxy.h.a(RealIPCInterceptor.java:2)
02-26 22:38:57.470 32352 32419 E MSP-LOG-SDK-: 	at com.heytap.mspsdk.proxy.h.b(RealIPCInterceptor.java:1)
02-26 22:38:57.470 32352 32419 E MSP-LOG-SDK-: 	at com.heytap.mspsdk.interceptor.c.b(StandardListChain.java:5)
02-26 22:38:57.470 32352 32419 E MSP-LOG-SDK-: 	at com.heytap.mspsdk.proxy.b.b(CompatCheckInterceptor.java:8)
02-26 22:38:57.470 32352 32419 E MSP-LOG-SDK-: 	at com.heytap.mspsdk.interceptor.c.b(StandardListChain.java:5)
02-26 22:38:57.470 32352 32419 E MSP-LOG-SDK-: 	at com.heytap.mspsdk.proxy.d.invoke(InnerInvocationHandler.java:23)
02-26 22:38:57.470 32352 32419 E MSP-LOG-SDK-: 	at java.lang.reflect.Proxy.invoke(Proxy.java:1006)
02-26 22:38:57.470 32352 32419 E MSP-LOG-SDK-: 	at $Proxy5.a(Unknown Source)
02-26 22:38:57.470 32352 32419 E MSP-LOG-SDK-: 	at com.oplus.statistic.rom.oneidsdk.c$d.a(OneIdOsTokenKitSdk.java:1)
02-26 22:38:57.470 32352 32419 E MSP-LOG-SDK-: 	at com.oplus.statistic.rom.oneidsdk.c.o(OneIdOsTokenKitSdk.java:2)
02-26 22:38:57.470 32352 32419 E MSP-LOG-SDK-: 	at com.oplus.statistic.rom.oneidsdk.c.n(OneIdOsTokenKitSdk.java:13)
02-26 22:38:57.470 32352 32419 E MSP-LOG-SDK-: 	at com.oplus.statistics.rom.application.DcsModule$b.run(DcsModule.kt:1)
02-26 22:38:57.470 32352 32419 E MSP-LOG-SDK-: 	at java.util.TimerThread.mainLoop(Timer.java:634)
02-26 22:38:57.470 32352 32419 E MSP-LOG-SDK-: 	at java.util.TimerThread.run(Timer.java:577)
02-26 22:38:57.470 32352 32419 E MSP-LOG-SDK-: Caused by: com.opos.process.bridge.provider.BridgeExecuteException: No target found for all actions
02-26 22:38:57.470 32352 32419 E MSP-LOG-SDK-: 	at com.opos.process.bridge.client.BaseServiceClient.getPackageAndAction(BaseServiceClient.java:32)
02-26 22:38:57.470 32352 32419 E MSP-LOG-SDK-: 	at com.opos.process.bridge.client.BaseServiceClient.callRemote(BaseServiceClient.java:21)
02-26 22:38:57.470 32352 32419 E MSP-LOG-SDK-: 	at com.opos.process.bridge.client.BaseClient.callForResult(BaseClient.java:2)
02-26 22:38:57.470 32352 32419 E MSP-LOG-SDK-: 	at com.opos.process.bridge.client.BaseServiceClient.callForResult(BaseServiceClient.java:2)
02-26 22:38:57.470 32352 32419 E MSP-LOG-SDK-: 	at com.opos.process.bridge.client.BaseClient.call(BaseClient.java:2)
02-26 22:38:57.470 32352 32419 E MSP-LOG-SDK-: 	at com.opos.process.bridge.client.BaseServiceClient.call(BaseServiceClient.java:2)
02-26 22:38:57.470 32352 32419 E MSP-LOG-SDK-: 	at com.oplus.statistic.rom.oneidsdk.a.a(OneIdModule$Client.java:2)
02-26 22:38:57.470 32352 32419 E MSP-LOG-SDK-: 	at java.lang.reflect.Method.invoke(Native Method)
02-26 22:38:57.470 32352 32419 E MSP-LOG-SDK-: 	at com.heytap.mspsdk.proxy.h.c(RealIPCInterceptor.java:6)
02-26 22:38:57.470 32352 32419 E MSP-LOG-SDK-: 	... 14 more
02-26 22:38:57.470 32352 32419 I MSP-LOG-SDK-MspSdk: Sdk has initialized! version:2.0.1.11
02-26 22:38:57.470 32352 32419 I MSP-LOG-SDK-ApiProxy: interfaces length 1
02-26 22:38:57.470 32352 32419 I MSP-LOG-SDK-ApiProxy: interfaces clazz name is b
02-26 22:38:57.471 32352 32419 I MSP-LOG-SDK-RealIPCInterceptor: before invoke [a#c], len(args) = 1, thread name = Timer-0
02-26 22:38:57.472 32352 32419 E MSP-LOG-SDK-: MspSdkException{code=-1,message=com.heytap.mspsdk.exception.MspProxyException: No target found for all actions}
02-26 22:38:57.472 32352 32419 E MSP-LOG-SDK-: 	at com.heytap.mspsdk.proxy.h.c(RealIPCInterceptor.java:13)
02-26 22:38:57.472 32352 32419 E MSP-LOG-SDK-: 	at com.heytap.mspsdk.proxy.h.a(RealIPCInterceptor.java:2)
02-26 22:38:57.472 32352 32419 E MSP-LOG-SDK-: 	at com.heytap.mspsdk.proxy.h.b(RealIPCInterceptor.java:1)
02-26 22:38:57.472 32352 32419 E MSP-LOG-SDK-: 	at com.heytap.mspsdk.interceptor.c.b(StandardListChain.java:5)
02-26 22:38:57.472 32352 32419 E MSP-LOG-SDK-: 	at com.heytap.mspsdk.proxy.b.b(CompatCheckInterceptor.java:8)
02-26 22:38:57.472 32352 32419 E MSP-LOG-SDK-: 	at com.heytap.mspsdk.interceptor.c.b(StandardListChain.java:5)
02-26 22:38:57.472 32352 32419 E MSP-LOG-SDK-: 	at com.heytap.mspsdk.proxy.d.invoke(InnerInvocationHandler.java:23)
02-26 22:38:57.472 32352 32419 E MSP-LOG-SDK-: 	at java.lang.reflect.Proxy.invoke(Proxy.java:1006)
02-26 22:38:57.472 32352 32419 E MSP-LOG-SDK-: 	at $Proxy5.c(Unknown Source)
02-26 22:38:57.472 32352 32419 E MSP-LOG-SDK-: 	at com.oplus.statistic.rom.oneidsdk.c$d.c(OneIdOsTokenKitSdk.java:1)
02-26 22:38:57.472 32352 32419 E MSP-LOG-SDK-: 	at com.oplus.statistic.rom.oneidsdk.c.j(OneIdOsTokenKitSdk.java:19)
02-26 22:38:57.472 32352 32419 E MSP-LOG-SDK-: 	at com.oplus.statistics.rom.application.DcsModule$b.run(DcsModule.kt:2)
02-26 22:38:57.472 32352 32419 E MSP-LOG-SDK-: 	at java.util.TimerThread.mainLoop(Timer.java:634)
02-26 22:38:57.472 32352 32419 E MSP-LOG-SDK-: 	at java.util.TimerThread.run(Timer.java:577)
02-26 22:38:57.472 32352 32419 E MSP-LOG-SDK-: Caused by: com.opos.process.bridge.provider.BridgeExecuteException: No target found for all actions
02-26 22:38:57.472 32352 32419 E MSP-LOG-SDK-: 	at com.opos.process.bridge.client.BaseServiceClient.getPackageAndAction(BaseServiceClient.java:32)
02-26 22:38:57.472 32352 32419 E MSP-LOG-SDK-: 	at com.opos.process.bridge.client.BaseServiceClient.callRemote(BaseServiceClient.java:21)
02-26 22:38:57.472 32352 32419 E MSP-LOG-SDK-: 	at com.opos.process.bridge.client.BaseClient.callForResult(BaseClient.java:2)
02-26 22:38:57.472 32352 32419 E MSP-LOG-SDK-: 	at com.opos.process.bridge.client.BaseServiceClient.callForResult(BaseServiceClient.java:2)
02-26 22:38:57.472 32352 32419 E MSP-LOG-SDK-: 	at com.opos.process.bridge.client.BaseClient.call(BaseClient.java:2)
02-26 22:38:57.472 32352 32419 E MSP-LOG-SDK-: 	at com.opos.process.bridge.client.BaseServiceClient.call(BaseServiceClient.java:2)
02-26 22:38:57.472 32352 32419 E MSP-LOG-SDK-: 	at com.oplus.statistic.rom.oneidsdk.a.c(OneIdModule$Client.java:2)
02-26 22:38:57.472 32352 32419 E MSP-LOG-SDK-: 	at java.lang.reflect.Method.invoke(Native Method)
02-26 22:38:57.472 32352 32419 E MSP-LOG-SDK-: 	at com.heytap.mspsdk.proxy.h.c(RealIPCInterceptor.java:6)
02-26 22:38:57.472 32352 32419 E MSP-LOG-SDK-: 	... 13 more
02-26 22:38:57.472 32352 32419 E MSP-LOG-SDK-OneIdOsTokenKitSdk: error----->bridge: No target found for all actions
02-26 22:38:57.472 32352 32419 I MSP-LOG-SDK-MspSdk: Sdk has initialized! version:2.0.1.11
02-26 22:38:57.472 32352 32419 I MSP-LOG-SDK-ApiProxy: interfaces length 1
02-26 22:38:57.472 32352 32419 I MSP-LOG-SDK-ApiProxy: interfaces clazz name is b
02-26 22:38:57.473 32352 32419 I MSP-LOG-SDK-RealIPCInterceptor: before invoke [a#e], len(args) = 1, thread name = Timer-0
02-26 22:38:57.474 32352 32419 E MSP-LOG-SDK-: MspSdkException{code=-1,message=com.heytap.mspsdk.exception.MspProxyException: No target found for all actions}
02-26 22:38:57.474 32352 32419 E MSP-LOG-SDK-: 	at com.heytap.mspsdk.proxy.h.c(RealIPCInterceptor.java:13)
02-26 22:38:57.474 32352 32419 E MSP-LOG-SDK-: 	at com.heytap.mspsdk.proxy.h.a(RealIPCInterceptor.java:2)
02-26 22:38:57.474 32352 32419 E MSP-LOG-SDK-: 	at com.heytap.mspsdk.proxy.h.b(RealIPCInterceptor.java:1)
02-26 22:38:57.474 32352 32419 E MSP-LOG-SDK-: 	at com.heytap.mspsdk.interceptor.c.b(StandardListChain.java:5)
02-26 22:38:57.474 32352 32419 E MSP-LOG-SDK-: 	at com.heytap.mspsdk.proxy.b.b(CompatCheckInterceptor.java:8)
02-26 22:38:57.474 32352 32419 E MSP-LOG-SDK-: 	at com.heytap.mspsdk.interceptor.c.b(StandardListChain.java:5)
02-26 22:38:57.474 32352 32419 E MSP-LOG-SDK-: 	at com.heytap.mspsdk.proxy.d.invoke(InnerInvocationHandler.java:23)
02-26 22:38:57.474 32352 32419 E MSP-LOG-SDK-: 	at java.lang.reflect.Proxy.invoke(Proxy.java:1006)
02-26 22:38:57.474 32352 32419 E MSP-LOG-SDK-: 	at $Proxy5.e(Unknown Source)
02-26 22:38:57.474 32352 32419 E MSP-LOG-SDK-: 	at com.oplus.statistic.rom.oneidsdk.c$d.e(OneIdOsTokenKitSdk.java:1)
02-26 22:38:57.474 32352 32419 E MSP-LOG-SDK-: 	at com.oplus.statistic.rom.oneidsdk.c.m(OneIdOsTokenKitSdk.java:19)
02-26 22:38:57.474 32352 32419 E MSP-LOG-SDK-: 	at com.oplus.statistics.rom.application.DcsModule$b.run(DcsModule.kt:3)
02-26 22:38:57.474 32352 32419 E MSP-LOG-SDK-: 	at java.util.TimerThread.mainLoop(Timer.java:634)
02-26 22:38:57.474 32352 32419 E MSP-LOG-SDK-: 	at java.util.TimerThread.run(Timer.java:577)
02-26 22:38:57.474 32352 32419 E MSP-LOG-SDK-: Caused by: com.opos.process.bridge.provider.BridgeExecuteException: No target found for all actions
02-26 22:38:57.474 32352 32419 E MSP-LOG-SDK-: 	at com.opos.process.bridge.client.BaseServiceClient.getPackageAndAction(BaseServiceClient.java:32)
02-26 22:38:57.474 32352 32419 E MSP-LOG-SDK-: 	at com.opos.process.bridge.client.BaseServiceClient.callRemote(BaseServiceClient.java:21)
02-26 22:38:57.474 32352 32419 E MSP-LOG-SDK-: 	at com.opos.process.bridge.client.BaseClient.callForResult(BaseClient.java:2)
02-26 22:38:57.474 32352 32419 E MSP-LOG-SDK-: 	at com.opos.process.bridge.client.BaseServiceClient.callForResult(BaseServiceClient.java:2)
02-26 22:38:57.474 32352 32419 E MSP-LOG-SDK-: 	at com.opos.process.bridge.client.BaseClient.call(BaseClient.java:2)
02-26 22:38:57.474 32352 32419 E MSP-LOG-SDK-: 	at com.opos.process.bridge.client.BaseServiceClient.call(BaseServiceClient.java:2)
02-26 22:38:57.474 32352 32419 E MSP-LOG-SDK-: 	at com.oplus.statistic.rom.oneidsdk.a.e(OneIdModule$Client.java:2)
02-26 22:38:57.474 32352 32419 E MSP-LOG-SDK-: 	at java.lang.reflect.Method.invoke(Native Method)
02-26 22:38:57.474 32352 32419 E MSP-LOG-SDK-: 	at com.heytap.mspsdk.proxy.h.c(RealIPCInterceptor.java:6)
02-26 22:38:57.474 32352 32419 E MSP-LOG-SDK-: 	... 13 more
02-26 22:38:57.474 32352 32419 E MSP-LOG-SDK-OneIdOsTokenKitSdk: error----->bridge: No target found for all actions
02-26 22:38:57.577 27798  8296 I oppo_audiox_sw_effects: sweffectFx_algo_Process g_sweffectFx_Process_counter 3968 frame_count 1920 processedMsk 0x1 [2 4 48000 ] openCloseCrossFadeCfg enable 0, crossFadeCfg enable 0
02-26 22:38:57.577 27798  8296 I oppo_audiox_sw_effects: sweffectFx_algo_Processsession 0xe5617234 newDeviceID 2 deviceID 0 newServType 7 servType 6 newvolumelevel 0 volumeLevel 6 openCloseFadePath 0 fade_path 0
02-26 22:38:57.610  1540  1540 D vendor.oplus.hardware.charger-V6-service: getChargerControl:sub_current=100
02-26 22:38:57.610  1540  1540 D vendor.oplus.hardware.charger-V6-service: sub_voltage=3800
02-26 22:38:57.610  1540  1540 D vendor.oplus.hardware.charger-V6-service: sub_soc=-1
02-26 22:38:57.610  1540  1540 D vendor.oplus.hardware.charger-V6-service: sub_temperature=250
02-26 22:38:57.610  1540  1540 D vendor.oplus.hardware.charger-V6-service: main_soc=0
02-26 22:38:57.638  4074  4074 D OplusTelephonyController: onSignalStrengthChanged: SignalStrength=SignalStrength:{mCdma=CellSignalStrengthCdma: cdmaDbm=2147483647 cdmaEcio=2147483647 evdoDbm=2147483647 evdoEcio=2147483647 evdoSnr=2147483647 level=0,mGsm=CellSignalStrengthGsm: rssi=2147483647 ber=2147483647 mTa=2147483647 mLevel=0,mWcdma=CellSignalStrengthWcdma: ss=2147483647 ber=2147483647 rscp=2147483647 ecno=2147483647 level=0,mTdscdma=CellSignalStrengthTdscdma: rssi=2147483647 ber=2147483647 rscp=2147483647 level=0,mLte=CellSignalStrengthLte: rssi=-63 rsrp=-100 rsrq=-15 rssnr=2 cqiTableIndex=2147483647 cqi=2147483647 ta=2147483647 level=3 parametersUseForLevel=0,mNr=CellSignalStrengthNr:{ csiRsrp = 2147483647 csiRsrq = 2147483647 csiCqiTableIndex = 2147483647 csiCqiReport = [] ssRsrp = 2147483647 ssRsrq = 2147483647 ssSinr = 2147483647 level = 0 parametersUseForLevel = 0 timingAdvance = 2147483647 },primary=CellSignalStrengthLte}
02-26 22:38:57.639  4248  4248 D SubsysEventListenerManager-SubsysTelephonyCallback[0]: onSignalStrengthsChanged
02-26 22:38:57.641  3736  3959 I SystemUi--Statusbar: MobileConnectionRepositoryImpl-->subId:2 isSoftSimCard:false slotId:0
02-26 22:38:57.775  4130  4583 D CommonApp-254-10300: udp pk is bigger than tcpPk,regard it as normal network
02-26 22:38:57.775  4130  4583 D CommonApp-254-10300: notifyScoreChange appScene COMMON score 80
02-26 22:38:57.776  4130  4511 E OplusDualPsManager: getDdsNetId, dual ps not init
02-26 22:38:57.777  4130  4583 D OplusScanQrCodeStatsService: get tencent pkg uid fail android.content.pm.PackageManager$NameNotFoundException: com.tencent.mm
02-26 22:38:57.842  1540  1753 D BatteryChargeControl: bcc get no support from charging protocol
02-26 22:38:58.127  7957 18951 I PTC.DISC.AndroidMultiLanServer: Watcher sysNif=[wlan0], userNif=[wlan0 state=(LISTEN JOIN(05A86A|11648)), ], clientNif=[wlan0 state=(LISTEN), ], tcpServer state=LISTEN, ipv4=**68.1.3
02-26 22:38:58.318  1493  1493 E ANDR-PERF-MPCTL: Active req limit reached, No optimizations performed
02-26 22:38:58.333  1493  1493 E ANDR-PERF-MPCTL: Active req limit reached, No optimizations performed
02-26 22:38:58.379  1540  1540 D vendor.oplus.hardware.charger-V6-service: get_ui_charge_icon_type 0 0 0 0 0
02-26 22:38:58.381  1540  1540 D vendor.oplus.hardware.charger-V6-service: oplus_chg_get_cpa_power 2500 charge_online 1 retention_topic 0
02-26 22:38:58.551  2317 31726 D BufferPoolAccessor2.0: bufferpool2 0xb400006f1b931c28 : 5(20480 size) total buffers - 1(4096 size) used buffers - 15880/15894 (recycle/alloc) - 40/15893 (fetch/transfer)
02-26 22:38:58.551  4074  4074 D OplusTelephonyController: onSignalStrengthChanged: SignalStrength=SignalStrength:{mCdma=CellSignalStrengthCdma: cdmaDbm=2147483647 cdmaEcio=2147483647 evdoDbm=2147483647 evdoEcio=2147483647 evdoSnr=2147483647 level=0,mGsm=CellSignalStrengthGsm: rssi=2147483647 ber=2147483647 mTa=2147483647 mLevel=0,mWcdma=CellSignalStrengthWcdma: ss=2147483647 ber=2147483647 rscp=2147483647 ecno=2147483647 level=0,mTdscdma=CellSignalStrengthTdscdma: rssi=2147483647 ber=2147483647 rscp=2147483647 level=0,mLte=CellSignalStrengthLte: rssi=-67 rsrp=-98 rsrq=-15 rssnr=8 cqiTableIndex=2147483647 cqi=2147483647 ta=2147483647 level=4 parametersUseForLevel=0,mNr=CellSignalStrengthNr:{ csiRsrp = 2147483647 csiRsrq = 2147483647 csiCqiTableIndex = 2147483647 csiCqiReport = [] ssRsrp = 2147483647 ssRsrq = 2147483647 ssSinr = 2147483647 level = 0 parametersUseForLevel = 0 timingAdvance = 2147483647 },primary=CellSignalStrengthLte}
02-26 22:38:58.553  4248  4248 D SubsysEventListenerManager-SubsysTelephonyCallback[0]: onSignalStrengthsChanged
02-26 22:38:58.561  3736  3959 I SystemUi--Statusbar: MobileConnectionRepositoryImpl-->subId:2 isSoftSimCard:false slotId:0
02-26 22:38:58.797  4130  4583 D CommonApp-254-10300: transport layer data is invalid
02-26 22:38:58.844  1540  1753 D BatteryChargeControl: bcc get no support from charging protocol
02-26 22:38:59.242  2026  3448 D WifiStaIfaceHidlImpl: getCachedScanData is not implemented by HIDL
02-26 22:38:59.252  1493  1493 E ANDR-PERF-MPCTL: Active req limit reached, No optimizations performed
02-26 22:38:59.256  4248  4248 D VendorWifiService: onEvent event:9,action:1
02-26 22:38:59.259  2026  3554 D OplusWifiPower_TriggerCenter: mComponentCallback: wifistat
02-26 22:38:59.263  1493  1493 E ANDR-PERF-MPCTL: Active req limit reached, No optimizations performed
02-26 22:38:59.501 10619 31725 D BufferPoolAccessor2.0: bufferpool2 0xb400007a39247628 : 5(40960 size) total buffers - 1(8192 size) used buffers - 15908/15938 (recycle/alloc) - 39/15937 (fetch/transfer)
02-26 22:38:59.802  2026  3584 D OplusNetKit: in getLpByInterface name from LP: [wlan0]
02-26 22:38:59.822  4130  4583 D CommonApp-254-10300: transport layer data is invalid
02-26 22:38:59.824  2026  3584 D OplusNetRttKit: getIcmpEchoRtt addr:192.168.1.*** avgRtt: 4
02-26 22:38:59.847  1540  1753 D BatteryChargeControl: bcc get no support from charging protocol
02-26 22:38:59.871  4074  4074 D OplusTelephonyController: onSignalStrengthChanged: SignalStrength=SignalStrength:{mCdma=CellSignalStrengthCdma: cdmaDbm=2147483647 cdmaEcio=2147483647 evdoDbm=2147483647 evdoEcio=2147483647 evdoSnr=2147483647 level=0,mGsm=CellSignalStrengthGsm: rssi=2147483647 ber=2147483647 mTa=2147483647 mLevel=0,mWcdma=CellSignalStrengthWcdma: ss=2147483647 ber=2147483647 rscp=2147483647 ecno=2147483647 level=0,mTdscdma=CellSignalStrengthTdscdma: rssi=2147483647 ber=2147483647 rscp=2147483647 level=0,mLte=CellSignalStrengthLte: rssi=-67 rsrp=-99 rsrq=-15 rssnr=3 cqiTableIndex=2147483647 cqi=2147483647 ta=2147483647 level=3 parametersUseForLevel=0,mNr=CellSignalStrengthNr:{ csiRsrp = 2147483647 csiRsrq = 2147483647 csiCqiTableIndex = 2147483647 csiCqiReport = [] ssRsrp = 2147483647 ssRsrq = 2147483647 ssSinr = 2147483647 level = 0 parametersUseForLevel = 0 timingAdvance = 2147483647 },primary=CellSignalStrengthLte}
02-26 22:38:59.871  4248  4248 D SubsysEventListenerManager-SubsysTelephonyCallback[0]: onSignalStrengthsChanged
02-26 22:38:59.874  3736  3959 I SystemUi--Statusbar: MobileConnectionRepositoryImpl-->subId:2 isSoftSimCard:false slotId:0
02-26 22:38:59.876  4130  4583 D CommonApp-254-10300: DefaultState EVENT_SCENARIOS_CHANGE
02-26 22:38:59.876  4130  4583 D CommonApp-254-10300: scene=COMMON pn=com.facebook.katana
02-26 22:38:59.960  1493  1493 E ANDR-PERF-MPCTL: Active req limit reached, No optimizations performed
02-26 22:38:59.993  1493  1493 E ANDR-PERF-MPCTL: Active req limit reached, No optimizations performed
02-26 22:39:00.000  2026  3361 V AlarmManager: sending alarm Alarm{15a09d type 3 origWhen 1123948323 whenElapsed 1123948323 android} uid 1000 whenElapsed 1123948323 windowLength 0 maxWhenElapsed 1123948323 repeatInterval 0 action null component null tag TIME_TICK flags 0x9 procName system_server
02-26 22:39:00.003  3736  3736 I SystemUi--SystemUi--: Clock-->smallTime: 22:39
02-26 22:39:00.004  3736  3736 I SystemUi--SystemUi--: Clock-->smallTime: 22:39
02-26 22:39:00.006  4248  4248 D SubsysBroadcastManager: onReceive action:android.intent.action.TIME_TICK
02-26 22:39:00.017  2026  2844 D OplusDisplayBrightnessBroadcastReceiver: onReceive action = android.intent.action.TIME_TICK , listeners = [com.android.server.display.ambience.events.event.TimeEvent$TimeChangeReceiver@b6f442e]
02-26 22:39:00.019  7792  8932 D PhoneScreenOnTime: affairType:231
02-26 22:39:00.030  7792  8932 D PhoneUsageTime: affairType:231
02-26 22:39:00.033  1493  1493 E ANDR-PERF-MPCTL: Active req limit reached, No optimizations performed
02-26 22:39:00.059  1493  1493 E ANDR-PERF-MPCTL: Active req limit reached, No optimizations performed
02-26 22:39:00.247  1535  4282 E PerformanceService: storage_feature: open /sys/devices/platform/soc/112b0000.ufshci//virtualtlcbuff fail
02-26 22:39:00.419  4074  4074 D SmsProvider: query: match = 15, pid = 4074, uid = 1001
02-26 22:39:00.438  4074  4074 I Quality : SlowSqliteOp:executeForString,/data/user_de/0/com.android.providers.telephony/databases/mmssms.db,false,false,15
02-26 22:39:00.439  7270 29953 D ShellSubscriberWorkerThread: the first 8 bytes empty, and RestData length > 8 
02-26 22:39:00.441  4074  4074 D MmsSmsProvider: VerificationCode isAllowAccess = false
02-26 22:39:00.453  4074  4074 D SmsProvider: query: match = 15, pid = 4074, uid = 1001
02-26 22:39:00.453  4074  4074 D MmsSmsProvider: VerificationCode isAllowAccess = false
02-26 22:39:00.538  2026  2844 D Arc[OplusBrightnessSceneAdapter]: Arc scene change!!! NormalScene -> StableScene [erraticScore:-1, stableScore:5467] isLuxRefresh:false
02-26 22:39:00.538  2026  2844 D Arc[OplusBrightnessAmbientAdapter[StabilityProcess]]: updateRangeStrategy: reason[SceneChange ] baseLux:50.025, scene:StableScene large{16.715626, 203.04626} largeForAux{16.715626, 203.04626} small{26.733671, 73.31633} hbm{0.0, 20101.0}
02-26 22:39:00.668  1510 18624 I QC2Comp : [vp9D_3677] Stats: Pending(3) i/p-done(0) Works: Q: 26/Done 25|Work-Rate: Q(0.0/s Avg=0.0/s) Done(0.000/s Avg=0.007/s)| Stream: 25.00fps 328.6Kbps
02-26 22:39:00.668  1510 18624 I QC2Comp : Mem-usage:  [In-1D - 5 bufs 14.941 MB] [1D-0 - 15 bufs 0.234 MB] [2D-3534 - 23 bufs 51.750 MB]
02-26 22:39:00.668  1510 18624 I QC2Comp : Total Mem-usage: 66.926 MB
02-26 22:39:00.846  4130  4583 D CommonApp-254-10300: transport layer data is invalid
02-26 22:39:00.850  1540  1753 D BatteryChargeControl: bcc get no support from charging protocol
02-26 22:39:00.895  1493  1493 E ANDR-PERF-MPCTL: Active req limit reached, No optimizations performed
02-26 22:39:00.927  1493  1493 E ANDR-PERF-MPCTL: Active req limit reached, No optimizations performed
02-26 22:39:01.555  4074  4074 D OplusTelephonyController: onSignalStrengthChanged: SignalStrength=SignalStrength:{mCdma=CellSignalStrengthCdma: cdmaDbm=2147483647 cdmaEcio=2147483647 evdoDbm=2147483647 evdoEcio=2147483647 evdoSnr=2147483647 level=0,mGsm=CellSignalStrengthGsm: rssi=2147483647 ber=2147483647 mTa=2147483647 mLevel=0,mWcdma=CellSignalStrengthWcdma: ss=2147483647 ber=2147483647 rscp=2147483647 ecno=2147483647 level=0,mTdscdma=CellSignalStrengthTdscdma: rssi=2147483647 ber=2147483647 rscp=2147483647 level=0,mLte=CellSignalStrengthLte: rssi=-63 rsrp=-97 rsrq=-16 rssnr=1 cqiTableIndex=2147483647 cqi=2147483647 ta=2147483647 level=4 parametersUseForLevel=0,mNr=CellSignalStrengthNr:{ csiRsrp = 2147483647 csiRsrq = 2147483647 csiCqiTableIndex = 2147483647 csiCqiReport = [] ssRsrp = 2147483647 ssRsrq = 2147483647 ssSinr = 2147483647 level = 0 parametersUseForLevel = 0 timingAdvance = 2147483647 },primary=CellSignalStrengthLte}
02-26 22:39:01.555  4248  4248 D SubsysEventListenerManager-SubsysTelephonyCallback[0]: onSignalStrengthsChanged
02-26 22:39:01.560  3736  3959 I SystemUi--Statusbar: MobileConnectionRepositoryImpl-->subId:2 isSoftSimCard:false slotId:0
02-26 22:39:01.820  1493  1493 E ANDR-PERF-MPCTL: Active req limit reached, No optimizations performed
02-26 22:39:01.835  1493  1493 E ANDR-PERF-MPCTL: Active req limit reached, No optimizations performed
02-26 22:39:01.852  1540  1753 D BatteryChargeControl: bcc get no support from charging protocol
02-26 22:39:01.870  4130  4583 D CommonApp-254-10300: transport layer data is invalid
02-26 22:39:02.261  2026  3448 D WifiStaIfaceHidlImpl: getCachedScanData is not implemented by HIDL
02-26 22:39:02.270  4248  4248 D VendorWifiService: onEvent event:9,action:1
02-26 22:39:02.274  2026  3554 D OplusWifiPower_TriggerCenter: mComponentCallback: wifistat
02-26 22:39:02.355  1540  1717 D vendor.oplus.hardware.charger-V6-service: ret_value:124, read content:,374,371,3655,3655,310,500,2200,0,1,1,4,-1,4905,0,1,0,1,1,0,0,4425,0,3,0,3,0,0,0,361,0,1,1,0,0,61,61,61,0,0,0,0,0,0,0,0,0,0
02-26 22:39:02.357  1540  1717 D vendor.oplus.hardware.charger-V6-service: gmtime: 2026-02-26-22-39-02
02-26 22:39:02.357  1540  1717 D vendor.oplus.hardware.charger-V6-service: usb_online:1, ac_online:0, wireless_online:-2147483648
02-26 22:39:02.521  1493  1493 E ANDR-PERF-MPCTL: Active req limit reached, No optimizations performed
02-26 22:39:02.536  1493  1493 E ANDR-PERF-MPCTL: Active req limit reached, No optimizations performed
02-26 22:39:02.630  1540  1540 D vendor.oplus.hardware.charger-V6-service: getChargerControl:sub_current=100
02-26 22:39:02.630  1540  1540 D vendor.oplus.hardware.charger-V6-service: sub_voltage=3800
02-26 22:39:02.630  1540  1540 D vendor.oplus.hardware.charger-V6-service: sub_soc=-1
02-26 22:39:02.630  1540  1540 D vendor.oplus.hardware.charger-V6-service: sub_temperature=250
02-26 22:39:02.630  1540  1540 D vendor.oplus.hardware.charger-V6-service: main_soc=0
02-26 22:39:02.696 27798  8296 I oppo_audiox_sw_effects: sweffectFx_algo_Process g_sweffectFx_Process_counter 4096 frame_count 1920 processedMsk 0x1 [2 4 48000 ] openCloseCrossFadeCfg enable 0, crossFadeCfg enable 0
02-26 22:39:02.696 27798  8296 I oppo_audiox_sw_effects: sweffectFx_algo_Processsession 0xe5617234 newDeviceID 2 deviceID 0 newServType 7 servType 6 newvolumelevel 0 volumeLevel 6 openCloseFadePath 0 fade_path 0
02-26 22:39:02.854  1540  1753 D BatteryChargeControl: bcc get no support from charging protocol
02-26 22:39:02.894  4130  4583 D CommonApp-254-10300: udp pk is bigger than tcpPk,regard it as normal network
02-26 22:39:02.894  4130  4583 D CommonApp-254-10300: notifyScoreChange appScene COMMON score 80
02-26 22:39:02.896  4130  4511 E OplusDualPsManager: getDdsNetId, dual ps not init
02-26 22:39:02.900  4130  4583 D OplusScanQrCodeStatsService: get tencent pkg uid fail android.content.pm.PackageManager$NameNotFoundException: com.tencent.mm
02-26 22:39:03.453  1493  1493 E ANDR-PERF-MPCTL: Active req limit reached, No optimizations performed
02-26 22:39:03.462  1493  1493 E ANDR-PERF-MPCTL: Active req limit reached, No optimizations performed
02-26 22:39:03.857  1540  1753 D BatteryChargeControl: bcc get no support from charging protocol
02-26 22:39:03.867  2317 31726 D BufferPoolAccessor2.0: bufferpool2 0xb400006f1b931c28 : 5(20480 size) total buffers - 1(4096 size) used buffers - 16109/16123 (recycle/alloc) - 41/16122 (fetch/transfer)
02-26 22:39:03.918  4130  4583 D CommonApp-254-10300: transport layer data is invalid
02-26 22:39:04.358  4074  4074 D OplusTelephonyController: onSignalStrengthChanged: SignalStrength=SignalStrength:{mCdma=CellSignalStrengthCdma: cdmaDbm=2147483647 cdmaEcio=2147483647 evdoDbm=2147483647 evdoEcio=2147483647 evdoSnr=2147483647 level=0,mGsm=CellSignalStrengthGsm: rssi=2147483647 ber=2147483647 mTa=2147483647 mLevel=0,mWcdma=CellSignalStrengthWcdma: ss=2147483647 ber=2147483647 rscp=2147483647 ecno=2147483647 level=0,mTdscdma=CellSignalStrengthTdscdma: rssi=2147483647 ber=2147483647 rscp=2147483647 level=0,mLte=CellSignalStrengthLte: rssi=-67 rsrp=-99 rsrq=-16 rssnr=1 cqiTableIndex=2147483647 cqi=2147483647 ta=2147483647 level=3 parametersUseForLevel=0,mNr=CellSignalStrengthNr:{ csiRsrp = 2147483647 csiRsrq = 2147483647 csiCqiTableIndex = 2147483647 csiCqiReport = [] ssRsrp = 2147483647 ssRsrq = 2147483647 ssSinr = 2147483647 level = 0 parametersUseForLevel = 0 timingAdvance = 2147483647 },primary=CellSignalStrengthLte}
02-26 22:39:04.358  4248  4248 D SubsysEventListenerManager-SubsysTelephonyCallback[0]: onSignalStrengthsChanged
02-26 22:39:04.365  3736  3959 I SystemUi--Statusbar: MobileConnectionRepositoryImpl-->subId:2 isSoftSimCard:false slotId:0
02-26 22:39:04.369  4248  4248 D SubsysEventListenerManager-SubsysTelephonyCallback[1]: onSignalStrengthsChanged
02-26 22:39:04.372  3736  3959 I SystemUi--Statusbar: MobileConnectionRepositoryImpl-->subId:3 isSoftSimCard:false slotId:1
02-26 22:39:04.386  1493  1493 E ANDR-PERF-MPCTL: Active req limit reached, No optimizations performed
02-26 22:39:04.395  1493  1493 E ANDR-PERF-MPCTL: Active req limit reached, No optimizations performed
02-26 22:39:04.524  1540  1540 D vendor.oplus.hardware.charger-V6-service: get_ui_charge_icon_type 0 0 0 0 0
02-26 22:39:04.525  1540  1540 D vendor.oplus.hardware.charger-V6-service: oplus_chg_get_cpa_power 2500 charge_online 1 retention_topic 0
02-26 22:39:04.530  3736  3736 I SystemUi--Statusbar: BatteryControllerExt-->updateBatteryChangeIntent():broadcast=android.intent.action.BATTERY_CHANGED,level=1,scale=100
02-26 22:39:04.530  3736  3736 I SystemUi--Statusbar: BatteryRepository-->level: 1 -- isSavingMode: false
02-26 22:39:04.534  2026  2844 D OplusDisplayBrightnessBroadcastReceiver: onReceive action = android.intent.action.BATTERY_CHANGED , listeners = [com.android.server.display.OplusFeatureHDREnhanceBrightness$PhoneInfoReceiver@d078a20, com.android.server.display.OplusFeatureEdrEnhanceBrightness$PhoneInfoReceiver@d0bbfd9]
02-26 22:39:04.535  4248  4248 D SubsysBroadcastManager: onReceive action:android.intent.action.BATTERY_CHANGED
02-26 22:39:04.539 26084 26084 D DeviceStatisticsService: onReceive: action= android.intent.action.BATTERY_CHANGED
02-26 22:39:04.542  7792  9430 E Battery : ChargeProtectionUtils: mCanlendarTmp.isEmpty()!
02-26 22:39:04.543 26780 26780 D CustomLogManagerService: onReceive android.intent.action.BATTERY_CHANGED
02-26 22:39:04.562  1540  1540 D vendor.oplus.hardware.charger-V6-service: getChargerControl:sub_current=100
02-26 22:39:04.562  1540  1540 D vendor.oplus.hardware.charger-V6-service: sub_voltage=3800
02-26 22:39:04.562  1540  1540 D vendor.oplus.hardware.charger-V6-service: sub_soc=-1
02-26 22:39:04.562  1540  1540 D vendor.oplus.hardware.charger-V6-service: sub_temperature=250
02-26 22:39:04.562  1540  1540 D vendor.oplus.hardware.charger-V6-service: main_soc=0
02-26 22:39:04.705 10619 31725 D BufferPoolAccessor2.0: bufferpool2 0xb400007a39247628 : 5(40960 size) total buffers - 1(8192 size) used buffers - 16132/16162 (recycle/alloc) - 39/16161 (fetch/transfer)
02-26 22:39:04.858  1540  1753 D BatteryChargeControl: bcc get no support from charging protocol
02-26 22:39:04.942  4130  4583 D CommonApp-254-10300: transport layer data is invalid
02-26 22:39:05.088  1493  1493 E ANDR-PERF-MPCTL: Active req limit reached, No optimizations performed
02-26 22:39:05.103  1493  1493 E ANDR-PERF-MPCTL: Active req limit reached, No optimizations performed
02-26 22:39:05.248  1535  4282 E PerformanceService: storage_feature: open /sys/devices/platform/soc/112b0000.ufshci//virtualtlcbuff fail
02-26 22:39:05.278  2026  3448 D WifiStaIfaceHidlImpl: getCachedScanData is not implemented by HIDL
02-26 22:39:05.291  4248  4248 D VendorWifiService: onEvent event:9,action:1
02-26 22:39:05.294  2026  3554 D OplusWifiPower_TriggerCenter: mComponentCallback: wifistat
02-26 22:39:05.669  1510 18624 I QC2Comp : [vp9D_3677] Stats: Pending(3) i/p-done(0) Works: Q: 26/Done 25|Work-Rate: Q(0.0/s Avg=0.0/s) Done(0.000/s Avg=0.006/s)| Stream: 25.00fps 328.6Kbps
02-26 22:39:05.669  1510 18624 I QC2Comp : Mem-usage:  [In-1D - 5 bufs 14.941 MB] [1D-0 - 15 bufs 0.234 MB] [2D-3534 - 23 bufs 51.750 MB]
02-26 22:39:05.669  1510 18624 I QC2Comp : Total Mem-usage: 66.926 MB
02-26 22:39:05.860  1540  1753 D BatteryChargeControl: bcc get no support from charging protocol
02-26 22:39:05.966  4130  4583 D CommonApp-254-10300: transport layer data is invalid
02-26 22:39:06.031  1493  1493 E ANDR-PERF-MPCTL: Active req limit reached, No optimizations performed
02-26 22:39:06.064  1493  1493 E ANDR-PERF-MPCTL: Active req limit reached, No optimizations performed
02-26 22:39:06.546 26780 23512 D CustomLogManagerService: WorkHandler msg.what :5
02-26 22:39:06.546 26780 23512 D CustomLogManagerService: user experience toggle off
02-26 22:39:06.592  4074  4074 D OplusTelephonyController: onSignalStrengthChanged: SignalStrength=SignalStrength:{mCdma=CellSignalStrengthCdma: cdmaDbm=2147483647 cdmaEcio=2147483647 evdoDbm=2147483647 evdoEcio=2147483647 evdoSnr=2147483647 level=0,mGsm=CellSignalStrengthGsm: rssi=2147483647 ber=2147483647 mTa=2147483647 mLevel=0,mWcdma=CellSignalStrengthWcdma: ss=2147483647 ber=2147483647 rscp=2147483647 ecno=2147483647 level=0,mTdscdma=CellSignalStrengthTdscdma: rssi=2147483647 ber=2147483647 rscp=2147483647 level=0,mLte=CellSignalStrengthLte: rssi=-65 rsrp=-97 rsrq=-16 rssnr=4 cqiTableIndex=2147483647 cqi=2147483647 ta=2147483647 level=4 parametersUseForLevel=0,mNr=CellSignalStrengthNr:{ csiRsrp = 2147483647 csiRsrq = 2147483647 csiCqiTableIndex = 2147483647 csiCqiReport = [] ssRsrp = 2147483647 ssRsrq = 2147483647 ssSinr = 2147483647 level = 0 parametersUseForLevel = 0 timingAdvance = 2147483647 },primary=CellSignalStrengthLte}
02-26 22:39:06.595  4248  4248 D SubsysEventListenerManager-SubsysTelephonyCallback[0]: onSignalStrengthsChanged
02-26 22:39:06.597  3736  3959 I SystemUi--Statusbar: MobileConnectionRepositoryImpl-->subId:2 isSoftSimCard:false slotId:0
02-26 22:39:06.862  1540  1753 D BatteryChargeControl: bcc get no support from charging protocol
02-26 22:39:06.881  4130  4583 D CommonApp-254-10300: DefaultState EVENT_SCENARIOS_CHANGE
02-26 22:39:06.881  4130  4583 D CommonApp-254-10300: scene=COMMON pn=com.facebook.katana
02-26 22:39:06.955  1493  1493 E ANDR-PERF-MPCTL: Active req limit reached, No optimizations performed
02-26 22:39:06.962  1493  1493 E ANDR-PERF-MPCTL: Active req limit reached, No optimizations performed
02-26 22:39:06.989  4130  4583 D CommonApp-254-10300: udp pk is bigger than tcpPk,regard it as normal network
02-26 22:39:06.990  4130  4583 D CommonApp-254-10300: notifyScoreChange appScene COMMON score 80
02-26 22:39:06.990  4130  4511 E OplusDualPsManager: getDdsNetId, dual ps not init
02-26 22:39:06.991  4130  4583 D OplusScanQrCodeStatsService: get tencent pkg uid fail android.content.pm.PackageManager$NameNotFoundException: com.tencent.mm
02-26 22:39:07.165   646   646 E lowmemorykiller: device memory 454239 free 95536 file 389661
02-26 22:39:07.166  2026  3795 I Osense-PsiDetector: 1774,373,2287,7679,71,330,235,1341,1726,599,922,0,8,7934
02-26 22:39:07.166 32459  5952 I metis_v2_OsenseCallBack: memLevel: 2 [Metis|com.oplus.metis|1.4.54-aa2067f]
02-26 22:39:07.266   646   646 E lowmemorykiller: device memory 452880 free 94089 file 389749
02-26 22:39:07.350  7647 31760 D gaia-GaiaConnectChecker: start connect check++
02-26 22:39:07.358  1540  1717 D vendor.oplus.hardware.charger-V6-service: ret_value:124, read content:,374,371,3658,3658,223,500,2200,0,1,1,4,-1,4905,0,1,0,1,1,0,0,4425,0,3,0,3,0,0,0,361,0,1,1,0,0,61,61,61,0,0,0,0,0,0,0,0,0,0
02-26 22:39:07.358  1540  1717 D vendor.oplus.hardware.charger-V6-service: gmtime: 2026-02-26-22-39-07
02-26 22:39:07.358  1540  1717 D vendor.oplus.hardware.charger-V6-service: usb_online:1, ac_online:0, wireless_online:-2147483648
02-26 22:39:07.362  7647 31827 D gaia-GaiaConnectChecker: start connect check++
02-26 22:39:07.552  4248  4248 D SubsysEventListenerManager-SubsysTelephonyCallback[1]: onSignalStrengthsChanged
02-26 22:39:07.555  3736  3959 I SystemUi--Statusbar: MobileConnectionRepositoryImpl-->subId:3 isSoftSimCard:false slotId:1
02-26 22:39:07.650  1540  1540 D vendor.oplus.hardware.charger-V6-service: getChargerControl:sub_current=100
02-26 22:39:07.650  1540  1540 D vendor.oplus.hardware.charger-V6-service: sub_voltage=3800
02-26 22:39:07.650  1540  1540 D vendor.oplus.hardware.charger-V6-service: sub_soc=-1
02-26 22:39:07.650  1540  1540 D vendor.oplus.hardware.charger-V6-service: sub_temperature=250
02-26 22:39:07.650  1540  1540 D vendor.oplus.hardware.charger-V6-service: main_soc=0
02-26 22:39:07.657  1493  1493 E ANDR-PERF-MPCTL: Active req limit reached, No optimizations performed
02-26 22:39:07.667  1493  1493 E ANDR-PERF-MPCTL: Active req limit reached, No optimizations performed
02-26 22:39:07.817 27798  8296 I oppo_audiox_sw_effects: sweffectFx_algo_Process g_sweffectFx_Process_counter 4224 frame_count 1920 processedMsk 0x1 [2 4 48000 ] openCloseCrossFadeCfg enable 0, crossFadeCfg enable 0
02-26 22:39:07.817 27798  8296 I oppo_audiox_sw_effects: sweffectFx_algo_Processsession 0xe5617234 newDeviceID 2 deviceID 0 newServType 7 servType 6 newvolumelevel 0 volumeLevel 6 openCloseFadePath 0 fade_path 0
02-26 22:39:07.864  1540  1753 D BatteryChargeControl: bcc get no support from charging protocol
02-26 22:39:08.014  4130  4583 D CommonApp-254-10300: transport layer data is invalid
02-26 22:39:08.168 32459  5952 I metis_v2_OsenseCallBack: memLevel: 0 [Metis|com.oplus.metis|1.4.54-aa2067f]
02-26 22:39:08.300  2026  3448 D WifiStaIfaceHidlImpl: getCachedScanData is not implemented by HIDL
02-26 22:39:08.308  4248  4248 D VendorWifiService: onEvent event:9,action:1
02-26 22:39:08.310  2026  3554 D OplusWifiPower_TriggerCenter: mComponentCallback: wifistat
02-26 22:39:08.591  1493  1493 E ANDR-PERF-MPCTL: Active req limit reached, No optimizations performed
02-26 22:39:08.600  1493  1493 E ANDR-PERF-MPCTL: Active req limit reached, No optimizations performed
02-26 22:39:08.835  4074  4074 D OplusTelephonyController: onSignalStrengthChanged: SignalStrength=SignalStrength:{mCdma=CellSignalStrengthCdma: cdmaDbm=2147483647 cdmaEcio=2147483647 evdoDbm=2147483647 evdoEcio=2147483647 evdoSnr=2147483647 level=0,mGsm=CellSignalStrengthGsm: rssi=2147483647 ber=2147483647 mTa=2147483647 mLevel=0,mWcdma=CellSignalStrengthWcdma: ss=2147483647 ber=2147483647 rscp=2147483647 ecno=2147483647 level=0,mTdscdma=CellSignalStrengthTdscdma: rssi=2147483647 ber=2147483647 rscp=2147483647 level=0,mLte=CellSignalStrengthLte: rssi=-65 rsrp=-97 rsrq=-14 rssnr=9 cqiTableIndex=2147483647 cqi=2147483647 ta=2147483647 level=4 parametersUseForLevel=0,mNr=CellSignalStrengthNr:{ csiRsrp = 2147483647 csiRsrq = 2147483647 csiCqiTableIndex = 2147483647 csiCqiReport = [] ssRsrp = 2147483647 ssRsrq = 2147483647 ssSinr = 2147483647 level = 0 parametersUseForLevel = 0 timingAdvance = 2147483647 },primary=CellSignalStrengthLte}
02-26 22:39:08.836  4248  4248 D SubsysEventListenerManager-SubsysTelephonyCallback[0]: onSignalStrengthsChanged
02-26 22:39:08.839  3736  3959 I SystemUi--Statusbar: MobileConnectionRepositoryImpl-->subId:2 isSoftSimCard:false slotId:0
02-26 22:39:08.866  1540  1753 D BatteryChargeControl: bcc get no support from charging protocol
02-26 22:39:09.031  2317 31726 D BufferPoolAccessor2.0: bufferpool2 0xb400006f1b931c28 : 5(20480 size) total buffers - 1(4096 size) used buffers - 16331/16345 (recycle/alloc) - 42/16344 (fetch/transfer)
02-26 22:39:09.037  4130  4583 D CommonApp-254-10300: transport layer data is invalid
02-26 22:39:09.293  1493  1493 E ANDR-PERF-MPCTL: Active req limit reached, No optimizations performed
02-26 22:39:09.305  1493  1493 E ANDR-PERF-MPCTL: Active req limit reached, No optimizations performed
02-26 22:39:09.824 10619 31725 D BufferPoolAccessor2.0: bufferpool2 0xb400007a39247628 : 5(40960 size) total buffers - 1(8192 size) used buffers - 16352/16382 (recycle/alloc) - 39/16381 (fetch/transfer)
02-26 22:39:09.868  1540  1753 D BatteryChargeControl: bcc get no support from charging protocol
02-26 22:39:10.062  4130  4583 D CommonApp-254-10300: transport layer data is invalid
02-26 22:39:10.227  1493  1493 E ANDR-PERF-MPCTL: Active req limit reached, No optimizations performed
02-26 22:39:10.238  1493  1493 E ANDR-PERF-MPCTL: Active req limit reached, No optimizations performed
02-26 22:39:10.247  1535  4282 E PerformanceService: storage_feature: open /sys/devices/platform/soc/112b0000.ufshci//virtualtlcbuff fail
02-26 22:39:10.409  1540  1540 D vendor.oplus.hardware.charger-V6-service: get_ui_charge_icon_type 0 0 0 0 0
02-26 22:39:10.410  1540  1540 D vendor.oplus.hardware.charger-V6-service: oplus_chg_get_cpa_power 2500 charge_online 1 retention_topic 0
02-26 22:39:10.415  3736  3736 I SystemUi--Statusbar: BatteryControllerExt-->updateBatteryChangeIntent():broadcast=android.intent.action.BATTERY_CHANGED,level=1,scale=100
02-26 22:39:10.416  3736  3736 I SystemUi--Statusbar: BatteryRepository-->level: 1 -- isSavingMode: false
02-26 22:39:10.419  2026  2844 D OplusDisplayBrightnessBroadcastReceiver: onReceive action = android.intent.action.BATTERY_CHANGED , listeners = [com.android.server.display.OplusFeatureHDREnhanceBrightness$PhoneInfoReceiver@d078a20, com.android.server.display.OplusFeatureEdrEnhanceBrightness$PhoneInfoReceiver@d0bbfd9]
02-26 22:39:10.420  4248  4248 D SubsysBroadcastManager: onReceive action:android.intent.action.BATTERY_CHANGED
02-26 22:39:10.426 26084 26084 D DeviceStatisticsService: onReceive: action= android.intent.action.BATTERY_CHANGED
02-26 22:39:10.430 26780 26780 D CustomLogManagerService: onReceive android.intent.action.BATTERY_CHANGED
02-26 22:39:10.430  7792  9430 E Battery : ChargeProtectionUtils: mCanlendarTmp.isEmpty()!
02-26 22:39:10.447  1540  1540 D vendor.oplus.hardware.charger-V6-service: getChargerControl:sub_current=100
02-26 22:39:10.447  1540  1540 D vendor.oplus.hardware.charger-V6-service: sub_voltage=3800
02-26 22:39:10.447  1540  1540 D vendor.oplus.hardware.charger-V6-service: sub_soc=-1
02-26 22:39:10.447  1540  1540 D vendor.oplus.hardware.charger-V6-service: sub_temperature=250
02-26 22:39:10.447  1540  1540 D vendor.oplus.hardware.charger-V6-service: main_soc=0
02-26 22:39:10.669  1510 18624 I QC2Comp : [vp9D_3677] Stats: Pending(3) i/p-done(0) Works: Q: 26/Done 25|Work-Rate: Q(0.0/s Avg=0.0/s) Done(0.000/s Avg=0.006/s)| Stream: 25.00fps 328.6Kbps
02-26 22:39:10.669  1510 18624 I QC2Comp : Mem-usage:  [In-1D - 5 bufs 14.941 MB] [1D-0 - 15 bufs 0.234 MB] [2D-3534 - 23 bufs 51.750 MB]
02-26 22:39:10.669  1510 18624 I QC2Comp : Total Mem-usage: 66.926 MB
02-26 22:39:10.869  1540  1753 D BatteryChargeControl: bcc get no support from charging protocol
02-26 22:39:11.085  4130  4583 D CommonApp-254-10300: transport layer data is invalid
02-26 22:39:11.166  1493  1493 E ANDR-PERF-MPCTL: Active req limit reached, No optimizations performed
02-26 22:39:11.191  1493  1493 E ANDR-PERF-MPCTL: Active req limit reached, No optimizations performed
02-26 22:39:11.314  2026  3448 D WifiStaIfaceHidlImpl: getCachedScanData is not implemented by HIDL
02-26 22:39:11.324  4248  4248 D VendorWifiService: onEvent event:9,action:1
02-26 22:39:11.327  2026  3554 D OplusWifiPower_TriggerCenter: mComponentCallback: wifistat
02-26 22:39:11.860  1493  1493 E ANDR-PERF-MPCTL: Active req limit reached, No optimizations performed
02-26 22:39:11.868  1493  1493 E ANDR-PERF-MPCTL: Active req limit reached, No optimizations performed
02-26 22:39:11.871  1540  1753 D BatteryChargeControl: bcc get no support from charging protocol
02-26 22:39:11.901  3978 13340 D IpClient/wlan0: interfaceLinkStateChanged: ifindex 27 up
02-26 22:39:12.110  4130  4583 D CommonApp-254-10300: udp pk is bigger than tcpPk,regard it as normal network
02-26 22:39:12.110  4130  4583 D CommonApp-254-10300: notifyScoreChange appScene COMMON score 80
02-26 22:39:12.110  4130  4511 E OplusDualPsManager: getDdsNetId, dual ps not init
02-26 22:39:12.111  4130  4583 D OplusScanQrCodeStatsService: get tencent pkg uid fail android.content.pm.PackageManager$NameNotFoundException: com.tencent.mm
02-26 22:39:12.359  1540  1717 D vendor.oplus.hardware.charger-V6-service: ret_value:124, read content:,375,371,3647,3647,169,500,2200,0,1,1,4,-1,4908,0,1,0,1,1,0,0,4425,0,3,0,3,0,0,0,361,0,1,1,0,0,61,61,61,0,0,0,0,0,0,0,0,0,0
02-26 22:39:12.359  1540  1717 D vendor.oplus.hardware.charger-V6-service: gmtime: 2026-02-26-22-39-12
02-26 22:39:12.360  1540  1717 D vendor.oplus.hardware.charger-V6-service: usb_online:1, ac_online:0, wireless_online:-2147483648
02-26 22:39:12.431 26780 23512 D CustomLogManagerService: WorkHandler msg.what :5
02-26 22:39:12.431 26780 23512 D CustomLogManagerService: user experience toggle off
02-26 22:39:12.670  1540  1540 D vendor.oplus.hardware.charger-V6-service: getChargerControl:sub_current=100
02-26 22:39:12.670  1540  1540 D vendor.oplus.hardware.charger-V6-service: sub_voltage=3800
02-26 22:39:12.670  1540  1540 D vendor.oplus.hardware.charger-V6-service: sub_soc=-1
02-26 22:39:12.670  1540  1540 D vendor.oplus.hardware.charger-V6-service: sub_temperature=250
02-26 22:39:12.670  1540  1540 D vendor.oplus.hardware.charger-V6-service: main_soc=0
02-26 22:39:12.794  1493  1493 E ANDR-PERF-MPCTL: Active req limit reached, No optimizations performed
02-26 22:39:12.826  1493  1493 E ANDR-PERF-MPCTL: Active req limit reached, No optimizations performed
02-26 22:39:12.872  1540  1753 D BatteryChargeControl: bcc get no support from charging protocol
02-26 22:39:12.937 27798  8296 I oppo_audiox_sw_effects: sweffectFx_algo_Process g_sweffectFx_Process_counter 4352 frame_count 1920 processedMsk 0x1 [2 4 48000 ] openCloseCrossFadeCfg enable 0, crossFadeCfg enable 0
02-26 22:39:12.937 27798  8296 I oppo_audiox_sw_effects: sweffectFx_algo_Processsession 0xe5617234 newDeviceID 2 deviceID 0 newServType 7 servType 6 newvolumelevel 0 volumeLevel 6 openCloseFadePath 0 fade_path 0
02-26 22:39:13.135  4130  4583 D CommonApp-254-10300: commonScoreStrategy scenarios low package
