02-26 22:54:55.619  2026  3361 V AlarmManager: sending alarm Alarm{271229f type 3 origWhen 1124903941 whenElapsed 1124903941 com.android.systemui} uid 10214 whenElapsed 1124903941 windowLength 0 maxWhenElapsed 1124903941 repeatInterval 0 action null component null tag OplusKeyguardUnlockCounterExImpl-SYNC flags 0x9 procName com.android.systemui
02-26 22:54:55.707  2026  3382 D PowerManagerService: userActivityNoUpdateLocked: groupId=0, eventTime=783331244, event=touch, flags=0x0, uid=1000
02-26 22:54:56.022  2026  3361 V AlarmManager: sending alarm Alarm{639d1aa type 1 origWhen 1772135696022 whenElapsed 1124904345 com.oplus.battery} uid 1000 whenElapsed 1124904345 windowLength 0 maxWhenElapsed 1124904345 repeatInterval 0 action com.oplus.app.spm.alarm.get.stats component ComponentInfo{com.oplus.battery/com.oplus.simplepowermonitor.alarm.AlarmReceiver} flags 0x9 procName com.oplus.battery
02-26 22:54:56.920  2026  3382 D PowerManagerService: userActivityNoUpdateLocked: groupId=0, eventTime=783332457, event=touch, flags=0x0, uid=1000
02-26 22:54:57.017  2026  3924 D BiometricService: canAuthenticate: User=0, Caller=0, Authenticators=15, opPackageName=com.esiri.esiriplus
02-26 22:54:57.022  2026  3924 E OplusCustomizeRestrictionManagerService: isBiometricDisabled start
02-26 22:54:57.022  2026  3924 D BiometricService/PreAuthInfo: Package: com.esiri.esiriplus Sensor ID: 0 Modality: 2 Status: 1
02-26 22:54:57.022  2026  3924 E OplusCustomizeRestrictionManagerService: isBiometricDisabled start
02-26 22:54:57.032  2026  3924 D BiometricService/PreAuthInfo: Package: com.esiri.esiriplus Sensor ID: 4 Modality: 8 Status: 4
02-26 22:54:57.032  2026  3924 D BiometricService/PreAuthInfo: getCanAuthenticateInternal Modality: 2 AuthenticatorStatus: 1
02-26 22:54:57.032  2026  3924 D AuthService: canAuthenticate, userId: 0, callingUserId: 0, authenticators: 15, result: 0
02-26 22:54:58.040  2026  2704 I ActivityManager: Start proc 23182:com.google.android.webview:sandboxed_process0:org.chromium.content.app.SandboxedProcessService0:0/u0i262 for  {com.lemon.lvoverseas/org.chromium.content.app.SandboxedProcessService0:0}
02-26 22:54:58.108  2026  2150 D ActivityTaskManagerServiceExtImpl: preBindApplication record is null
02-26 22:54:58.144 23182 23182 E OplusCustomizePackageManager: mIOplusCustomizePackageManagerService is null
02-26 22:54:58.145 23182 23182 E OplusCustomizePackageManager: mIOplusCustomizePackageManagerService is null
02-26 22:54:58.146 23182 23182 E OplusCustomizePackageManager: isOplusCertificatePackage Errorjava.lang.NullPointerException: Attempt to invoke interface method 'boolean android.os.customize.IOplusCustomizePackageManagerService.isOplusCertificatePackage(java.lang.String)' on a null object reference
02-26 22:54:58.154 23182 23182 D ResourcesManagerExtImpl: applyConfigurationToAppResourcesLocked app.getDisplayId() return callback.displayId:-1
02-26 22:54:58.164  2026  2150 I ActivityManager: Flag disabled. Ignoring finishAttachApplication from uid: 99262. pid: 23182
02-26 22:54:58.347 22882 23221 D OplusInputMethodUtil: init sDebug to false, init sDebugIme to false, init sAlwaysOn to false
02-26 22:54:58.347 22882 23221 D OplusInputMethodUtil: updateDebugToClass InputMethodManager.DEBUG = false
02-26 22:54:58.347 22882 23221 D OplusInputMethodUtil: updateDebugToClass ImeFocusController.DEBUG = false
02-26 22:54:58.347 22882 23221 D OplusInputMethodUtil: updateDebugToClass InsetsController.DEBUG = false
02-26 22:54:58.347 22882 23221 D OplusInputMethodUtil: updateDebugToClass BaseInputConnection.DEBUG = false
02-26 22:54:58.384  2026  4216 D VRR [OPlusExternalRefreshRateManager]: isPkgTfcEnable: pkgName = com.lemon.lvoverseas, enable = false
02-26 22:54:58.384  2026  4216 D VRR [OPlusExternalRefreshRateManager]: getTfcMinFramerate: pkgName = com.lemon.lvoverseas, min framerate = 0
02-26 22:54:58.438  2026  3382 D PowerManagerService: userActivityNoUpdateLocked: groupId=0, eventTime=783333975, event=touch, flags=0x0, uid=1000
02-26 22:54:58.500  2026  4109 V AutofillSession: Primary service component name: ComponentInfo{com.google.android.gms/com.google.android.gms.autofill.service.AutofillService}, secondary service component name: ComponentInfo{com.android.credentialmanager/com.android.credentialmanager.autofill.CredentialAutofillService}
02-26 22:54:58.501  2026  4109 V SecondaryProviderHandler: Creating a secondary provider handler with component name, ComponentInfo{com.android.credentialmanager/com.android.credentialmanager.autofill.CredentialAutofillService}
02-26 22:54:58.507  2026  4109 I AppsFilter: interaction: PackageSetting{3462362 com.esiri.esiriplus/10494} -> PackageSetting{f63a94b com.google.android.inputmethod.latin/10272} BLOCKED
02-26 22:54:58.507  2026  4109 W FillRequestEventLogger: Couldn't find packageName: com.google.android.inputmethod.latin
02-26 22:54:58.587  2026  3400 D InputMethodManagerService: isSecurity: attribute.packageName = com.esiri.esiriplus mCurMethodId = com.google.android.inputmethod.latin/com.android.inputmethod.latin.LatinIME isSecurity = false ( enable = true needShow = false inBlackList = false isExist = true )
02-26 22:54:58.593  2026  3400 D InputMethodManagerService: isSecurity: attribute.packageName = com.esiri.esiriplus mCurMethodId = com.google.android.inputmethod.latin/com.android.inputmethod.latin.LatinIME isSecurity = false ( enable = true needShow = false inBlackList = false isExist = true )
02-26 22:54:58.609  2026  3400 I FlexibleTaskController: onShowImeRequested
02-26 22:54:58.650  2026  4216 W PackageConfigPersister: App-specific configuration not found for packageName: com.esiri.esiriplus and userId: 0
02-26 22:54:58.653  2026  4109 D AutofillSession: createPendingIntent for request 1194
02-26 22:54:58.654  2026  4216 W PackageConfigPersister: App-specific configuration not found for packageName: com.esiri.esiriplus and userId: 0
02-26 22:54:58.663  2026  4109 D ContentCapturePerUserService: Notified activity assist data for activity: Token{76d914f ActivityRecord{8a219b0 u0 com.esiri.esiriplus/.MainActivity t7947}} without a session Id
02-26 22:54:58.707  2026  2150 W BroadcastQueue: Ignoring finishReceiverLocked; no active broadcast for BroadcastProcessQueue{fad8a9c 22882:com.lemon.lvoverseas/u0a343}
02-26 22:54:58.727  2026  3400 I FlexibleTaskController: onShowImeRequested
02-26 22:54:58.925  2026  4109 D WindowManagerServiceExtImpl: extractConfigInfoAndRealFlags rotation=0, screenDp=360, residentWS:0, win=Window{7742577 u0 InputMethod}
02-26 22:54:58.925  2026  4109 V WindowManager: Relayout Window{7742577 u0 InputMethod}: viewVisibility=0, oldvis=8, req=1080x2293, vsysui=, x=0, y=0
02-26 22:54:58.925  2026  4109 I WindowManager: Window{7742577 u0 InputMethod} state from NO_SURFACE to DRAW_PENDING; reason: resetDrawState
02-26 22:54:58.940  2026  4109 D WindowManager: NFW_findFocusedWindowIfNeeded:Window{ce52965 u0 com.esiri.esiriplus/com.esiri.esiriplus.MainActivity} mCurrentFocus:Window{ce52965 u0 com.esiri.esiriplus/com.esiri.esiriplus.MainActivity}
02-26 22:54:58.941  8027  8027 W VRI[OplusOSEdgeFloatBar]: handleResized abandoned!
02-26 22:54:58.943 19788 19788 W VRI[InputMethod]: updateBlastSurfaceIfNeeded, surfaceSize:Point(1080, 2293), lastSurfaceSize:Point(1080, 2293), format:-2, blastBufferQueue:null
02-26 22:54:58.945  3736  3736 W VRI[StatusBar]: handleResized abandoned!
02-26 22:54:58.945  3736  3736 W VRI[NavigationBar_displayId_0]: handleResized abandoned!
02-26 22:54:58.946  3736  4019 W VRI[ScreenDecorOverlay]: handleResized abandoned!
02-26 22:54:58.946  3736  4019 W VRI[ScreenDecorOverlayBottom]: handleResized abandoned!
02-26 22:54:58.971  3736  3736 W VRI[StatusBar]: handleResized abandoned!
02-26 22:54:58.971  3736  3736 W VRI[NavigationBar_displayId_0]: handleResized abandoned!
02-26 22:54:58.971  3736  4019 W VRI[ScreenDecorOverlay]: handleResized abandoned!
02-26 22:54:58.971  3736  4019 W VRI[ScreenDecorOverlayBottom]: handleResized abandoned!
02-26 22:54:58.972  8027  8027 W VRI[OplusOSEdgeFloatBar]: handleResized abandoned!
02-26 22:54:59.005 22619 22619 W VRI[MainActivity]: handleResized abandoned!
02-26 22:54:59.005 22619 22619 W VRI[MainActivity]: handleResized abandoned!
02-26 22:54:59.026  2026  7704 I WindowManager: Window{7742577 u0 InputMethod} state from DRAW_PENDING to COMMIT_DRAW_PENDING; reason: finishDrawingLocked
02-26 22:54:59.029  2026  2618 I WindowManager: Window{7742577 u0 InputMethod} state from COMMIT_DRAW_PENDING to READY_TO_SHOW; reason: commitFinishDrawingLocked
02-26 22:54:59.037  2026  3822 D OplusAppQuickStart_AppQuickStartController: reportImeDrawnOnTask taskid:7947 mCurrentAppStartingSurface:null
02-26 22:54:59.049  2026  3822 D WindowManager: setFrameRateStart invalid typeId return!
02-26 22:54:59.059  2026  2618 V WindowStateExtImpl: notifyWindowStateChange input show
02-26 22:54:59.059  2026  2618 I WindowManager: Window{7742577 u0 InputMethod} state from READY_TO_SHOW to HAS_DRAWN; reason: performShowLocked
02-26 22:54:59.096  3736  3736 W VRI[StatusBar]: handleResized abandoned!
02-26 22:54:59.096  3736  3736 W VRI[NavigationBar_displayId_0]: handleResized abandoned!
02-26 22:54:59.096  3736  4019 W VRI[ScreenDecorOverlay]: handleResized abandoned!
02-26 22:54:59.097  3736  4019 W VRI[ScreenDecorOverlayBottom]: handleResized abandoned!
02-26 22:54:59.112  3736  3838 D WindowManagerShell: onKeepClearAreasChanged: restricted={}, unrestricted={Rect(0, 1503 - 1080, 2400)}
02-26 22:54:59.114  8027  8027 W VRI[OplusOSEdgeFloatBar]: handleResized abandoned!
02-26 22:54:59.114 19788 19788 W VRI[InputMethod]: handleResized abandoned!
02-26 22:54:59.295  2026  2704 I ActivityManager: Start proc 23305:com.google.android.gms.ui/u0a116 for service {com.google.android.gms/com.google.android.gms.chimera.UiIntentOperationService}
02-26 22:54:59.318 22619 22619 W VRI[MainActivity]: handleResized abandoned!
02-26 22:54:59.363  2026  7701 D ActivityTaskManagerServiceExtImpl: preBindApplication record is null
02-26 22:54:59.403 23305 23305 E OplusCustomizePackageManager: mIOplusCustomizePackageManagerService is null
02-26 22:54:59.403 23305 23305 E OplusCustomizePackageManager: mIOplusCustomizePackageManagerService is null
02-26 22:54:59.404 23305 23305 E OplusCustomizePackageManager: isOplusCertificatePackage Errorjava.lang.NullPointerException: Attempt to invoke interface method 'boolean android.os.customize.IOplusCustomizePackageManagerService.isOplusCertificatePackage(java.lang.String)' on a null object reference
02-26 22:54:59.441 22619 22619 I Quality : local:ime_anim_jank,pkgName:com.google.android.inputmethod.latin/com.android.inputmethod.latin.LatinIME,flag:2,jankCount:1,jankCountLocal:1,preCount:1
02-26 22:54:59.442 22619 22619 I Quality : ime_anim_jank:1,44468952,1
02-26 22:54:59.520  2026  2026 D AutofillSession: Service did not request to wait for delayed fill response.
02-26 22:54:59.563 23305 23305 D ResourcesManagerExtImpl: applyConfigurationToAppResourcesLocked app.getDisplayId() return callback.displayId:-1
02-26 22:54:59.707  2026  7701 I ActivityManager: Flag disabled. Ignoring finishAttachApplication from uid: 10116. pid: 23305
02-26 22:55:00.000  2026  3361 V AlarmManager: sending alarm Alarm{bd3dc26 type 3 origWhen 1124908323 whenElapsed 1124908323 android} uid 1000 whenElapsed 1124908323 windowLength 0 maxWhenElapsed 1124908323 repeatInterval 0 action null component null tag TIME_TICK flags 0x9 procName system_server
02-26 22:55:00.016  2026  2844 D OplusDisplayBrightnessBroadcastReceiver: onReceive action = android.intent.action.TIME_TICK , listeners = [com.android.server.display.ambience.events.event.TimeEvent$TimeChangeReceiver@b6f442e]
02-26 22:55:00.478  2026  2844 D OplusDisplayBrightnessBroadcastReceiver: onReceive action = android.intent.action.BATTERY_CHANGED , listeners = [com.android.server.display.OplusFeatureHDREnhanceBrightness$PhoneInfoReceiver@d078a20, com.android.server.display.OplusFeatureEdrEnhanceBrightness$PhoneInfoReceiver@d0bbfd9]
02-26 22:55:00.561  2026  3382 D PowerManagerService: userActivityNoUpdateLocked: groupId=0, eventTime=783336095, event=touch, flags=0x0, uid=1000
02-26 22:55:00.623  2026  7704 I VibratorManagerServiceExtImpl: vibrate is uid=10272, pid=0, opPkg=com.google.android.inputmethod.latin, effect=Mono{mEffect=Composed{segments=[Prebaked{effect=CLICK, strength=MEDIUM, fallback=true}], repeat=-1}}, attributes=VibrationAttributes{mUsage=TOUCH, mAudioUsage= USAGE_UNKNOWN, mCategory=KEYBOARD, mFlags=0}, reason=performHapticFeedback(constant=3): View#performHapticFeedback, token=209420963
02-26 22:55:00.709  2026  7704 W PresentationStatsEventLogger: Bad view state for: -1
02-26 22:55:00.792  2026  3361 V AlarmManager: sending alarm Alarm{4fdd55 type 0 origWhen 1772135700792 whenElapsed 1124909115 android} uid 1000 whenElapsed 1124909115 windowLength 0 maxWhenElapsed 1124909115 repeatInterval 0 action null component null tag CommonDcsUploader.uptime flags 0x9 procName system_server
02-26 22:55:00.804  2026  2996 D CommonDcsUploader: getUptime
02-26 22:55:00.972  2026  7704 W BroadcastQueue: Ignoring finishReceiverLocked; no active broadcast for BroadcastProcessQueue{fad8a9c 22882:com.lemon.lvoverseas/u0a343}
02-26 22:55:04.522  2026  2026 I ServiceConnector.Impl: unbindJobThread: connection = ServiceConnector@795(Intent { act=android.service.autofill.AutofillService cmp=com.google.android.gms/.autofill.service.AutofillService mCallingUid=1000 }, user: 0)[Unbinding...]service = android.service.autofill.IAutoFillService$Stub$Proxy@d43c5c5 mBinding = false
02-26 22:55:05.266  2026  2997 W PackageManager: Not removing package com.google.android.libraries.internal.sampleads_20009 hosting lib com.google.android.libraries.internal.sampleads version 20009 used by [VersionedPackage[com.google.android.play.games/624524440]] for user 0
02-26 22:55:06.351  2026  2844 D OplusDisplayBrightnessBroadcastReceiver: onReceive action = android.intent.action.BATTERY_CHANGED , listeners = [com.android.server.display.OplusFeatureHDREnhanceBrightness$PhoneInfoReceiver@d078a20, com.android.server.display.OplusFeatureEdrEnhanceBrightness$PhoneInfoReceiver@d0bbfd9]
02-26 22:55:09.559  2026  3382 D PowerManagerService: userActivityNoUpdateLocked: groupId=0, eventTime=783345094, event=touch, flags=0x0, uid=1000
02-26 22:55:09.581  2026  7701 I VibratorManagerServiceExtImpl: vibrate is uid=10272, pid=0, opPkg=com.google.android.inputmethod.latin, effect=Mono{mEffect=Composed{segments=[Prebaked{effect=CLICK, strength=MEDIUM, fallback=true}], repeat=-1}}, attributes=VibrationAttributes{mUsage=TOUCH, mAudioUsage= USAGE_UNKNOWN, mCategory=KEYBOARD, mFlags=0}, reason=performHapticFeedback(constant=3): View#performHapticFeedback, token=209420963
02-26 22:55:09.658  2026  3382 D PowerManagerService: userActivityNoUpdateLocked: groupId=0, eventTime=783345194, event=touch, flags=0x0, uid=1000
02-26 22:55:09.719  2026  7701 W PresentationStatsEventLogger: Bad view state for: -1
02-26 22:55:10.184  2026  3382 D PowerManagerService: userActivityNoUpdateLocked: groupId=0, eventTime=783345720, event=touch, flags=0x0, uid=1000
02-26 22:55:10.191  2026  7701 I VibratorManagerServiceExtImpl: vibrate is uid=10272, pid=0, opPkg=com.google.android.inputmethod.latin, effect=Mono{mEffect=Composed{segments=[Prebaked{effect=CLICK, strength=MEDIUM, fallback=true}], repeat=-1}}, attributes=VibrationAttributes{mUsage=TOUCH, mAudioUsage= USAGE_UNKNOWN, mCategory=KEYBOARD, mFlags=0}, reason=performHapticFeedback(constant=3): View#performHapticFeedback, token=209420963
02-26 22:55:10.322  2026  7701 W PresentationStatsEventLogger: Bad view state for: -1
02-26 22:55:10.415  2026  3382 D PowerManagerService: userActivityNoUpdateLocked: groupId=0, eventTime=783345950, event=touch, flags=0x0, uid=1000
02-26 22:55:10.420  2026  7701 I VibratorManagerServiceExtImpl: vibrate is uid=10272, pid=0, opPkg=com.google.android.inputmethod.latin, effect=Mono{mEffect=Composed{segments=[Prebaked{effect=CLICK, strength=MEDIUM, fallback=true}], repeat=-1}}, attributes=VibrationAttributes{mUsage=TOUCH, mAudioUsage= USAGE_UNKNOWN, mCategory=KEYBOARD, mFlags=0}, reason=performHapticFeedback(constant=3): View#performHapticFeedback, token=209420963
02-26 22:55:10.520  2026  7701 W PresentationStatsEventLogger: Bad view state for: -1
02-26 22:55:11.245  2026  3382 D PowerManagerService: userActivityNoUpdateLocked: groupId=0, eventTime=783346781, event=touch, flags=0x0, uid=1000
02-26 22:55:11.252  2026  7701 I VibratorManagerServiceExtImpl: vibrate is uid=10272, pid=0, opPkg=com.google.android.inputmethod.latin, effect=Mono{mEffect=Composed{segments=[Prebaked{effect=CLICK, strength=MEDIUM, fallback=true}], repeat=-1}}, attributes=VibrationAttributes{mUsage=TOUCH, mAudioUsage= USAGE_UNKNOWN, mCategory=KEYBOARD, mFlags=0}, reason=performHapticFeedback(constant=3): View#performHapticFeedback, token=209420963
02-26 22:55:11.390  2026  7701 W PresentationStatsEventLogger: Bad view state for: -1
02-26 22:55:11.467  2026  2844 D OplusDisplayBrightnessBroadcastReceiver: onReceive action = android.intent.action.BATTERY_CHANGED , listeners = [com.android.server.display.OplusFeatureHDREnhanceBrightness$PhoneInfoReceiver@d078a20, com.android.server.display.OplusFeatureEdrEnhanceBrightness$PhoneInfoReceiver@d0bbfd9]
02-26 22:55:16.374  2026  7701 W SettingsStatsUtil: Can not parse value to float: +network
02-26 22:55:17.056  2026  2844 D Arc[OplusSmartBrightnessController]: brightness changed!!!finalLux:74.237495, weightLux:75.0, automaticLux:74.237495, lastFinalLux:42.955, lastAutomaticLux:42.955, deviceDirection:Brightening, environmentDirection:Brightening, scene:StableScene, accelerateScale:1.0, updateProcess:[StableForceChange], luxQueue:[75.0, 75.0, 75.0, 75.0, 75.0, 75.0, 75.0, 75.0], display[-1]:(42.955, 99.28406, 540.4041)->(74.237495, 103.21074, 562.48755), drag:null
02-26 22:55:17.062  2026  2844 D Arc[OplusSmartBrightnessController]: Detailed Statistics:PhoneState{TimeEvent{event:CALENDER_TIME id:1}-22:55:00, LuxEvent{event:MAIN_LUX lux:75.0}, ProximityEvent{event:FAR id:1}, MotionEvent{event:MOTIONLESS id:0}, InOutDoorEvent{event:IN_DOOR id:0}, DarkModeEvent{event:DARK_MODE id:0}, NetworkEvent{event:WIFI id:0}}
02-26 22:55:17.064  2026  2844 I OplusSmartBrightnessController: update target brightness point to : display[-1]=(42.955, 99.28406, 540.4041)->(74.237495, 103.21074, 562.48755)
02-26 22:55:17.064  2026  2844 I OplusSmartBrightnessController: onTargetBrightnessChange brightness change to (74.237495, 103.21074, 562.48755)
02-26 22:55:17.066  2026  2731 I ColorAutomaticBrightnessController: updateAutoBrightness: Auto, sendUpdate = true adjustment=6423.529297,changed:3276->562,modified:562->562->562,changed=true,cameraMode=-1,ProximityNear=false
02-26 22:55:17.070  2026  2844 D Arc[OplusFeatureBrightnessBarController]: BrightnessBarController is not support.
02-26 22:55:17.151  2026  2844 D Arc[OplusBrightnessPhoneStateManager]: LuxEvent{event:MAIN_LUX lux:75.0} -> LuxEvent{event:MAIN_LUX lux:75.0}
02-26 22:55:17.151  2026  2844 D Arc[OplusBrightnessSceneAdapter]: Arc scene change!!! StableScene -> NormalScene [erraticScore:-1, stableScore:-1] isLuxRefresh:true
02-26 22:55:17.152  2026  2844 D Arc[OplusBrightnessAmbientAdapter[StabilityProcess]]: updateRangeStrategy: reason[LuxChange SceneChange ] baseLux:74.237495, scene:NormalScene large{14.872916, 278.47498} largeForAux{14.872916, 278.47498} small{41.28724, 107.18775} hbm{0.0, 20101.0}
02-26 22:55:17.253  2026  2844 D Arc[OplusBrightnessPhoneStateManager]: LuxEvent{event:MAIN_LUX lux:75.0} -> LuxEvent{event:MAIN_LUX lux:75.0}
02-26 22:55:17.343  2026  2844 D OplusDisplayBrightnessBroadcastReceiver: onReceive action = android.intent.action.BATTERY_CHANGED , listeners = [com.android.server.display.OplusFeatureHDREnhanceBrightness$PhoneInfoReceiver@d078a20, com.android.server.display.OplusFeatureEdrEnhanceBrightness$PhoneInfoReceiver@d0bbfd9]
02-26 22:55:17.355  2026  2844 D Arc[OplusBrightnessPhoneStateManager]: LuxEvent{event:MAIN_LUX lux:75.0} -> LuxEvent{event:MAIN_LUX lux:75.0}
02-26 22:55:17.456  2026  2844 D Arc[OplusBrightnessPhoneStateManager]: LuxEvent{event:MAIN_LUX lux:75.0} -> LuxEvent{event:MAIN_LUX lux:75.0}
02-26 22:55:17.561  2026  2844 D Arc[OplusBrightnessPhoneStateManager]: LuxEvent{event:MAIN_LUX lux:75.0} -> LuxEvent{event:MAIN_LUX lux:75.0}
02-26 22:55:17.664  2026  2844 D Arc[OplusBrightnessPhoneStateManager]: LuxEvent{event:MAIN_LUX lux:75.0} -> LuxEvent{event:MAIN_LUX lux:75.0}
02-26 22:55:17.766  2026  2844 D Arc[OplusBrightnessPhoneStateManager]: LuxEvent{event:MAIN_LUX lux:75.0} -> LuxEvent{event:MAIN_LUX lux:75.0}
02-26 22:55:17.869  2026  2844 D Arc[OplusBrightnessPhoneStateManager]: LuxEvent{event:MAIN_LUX lux:75.0} -> LuxEvent{event:MAIN_LUX lux:75.0}
02-26 22:55:17.969  2026  2844 D Arc[OplusBrightnessPhoneStateManager]: LuxEvent{event:MAIN_LUX lux:75.0} -> LuxEvent{event:MAIN_LUX lux:75.0}
02-26 22:55:18.071  2026  2844 D Arc[OplusBrightnessPhoneStateManager]: LuxEvent{event:MAIN_LUX lux:75.0} -> LuxEvent{event:MAIN_LUX lux:75.0}
02-26 22:55:18.173  2026  2844 D Arc[OplusBrightnessPhoneStateManager]: LuxEvent{event:MAIN_LUX lux:75.0} -> LuxEvent{event:MAIN_LUX lux:75.0}
02-26 22:55:18.279  2026  2844 D Arc[OplusBrightnessPhoneStateManager]: LuxEvent{event:MAIN_LUX lux:73.0} -> LuxEvent{event:MAIN_LUX lux:73.0}
02-26 22:55:18.380  2026  2844 D Arc[OplusBrightnessPhoneStateManager]: LuxEvent{event:MAIN_LUX lux:71.0} -> LuxEvent{event:MAIN_LUX lux:71.0}
02-26 22:55:18.483  2026  2844 D Arc[OplusBrightnessPhoneStateManager]: LuxEvent{event:MAIN_LUX lux:68.0} -> LuxEvent{event:MAIN_LUX lux:68.0}
02-26 22:55:18.583  2026  2844 D Arc[OplusBrightnessPhoneStateManager]: LuxEvent{event:MAIN_LUX lux:66.0} -> LuxEvent{event:MAIN_LUX lux:66.0}
02-26 22:55:18.688  2026  2844 D Arc[OplusBrightnessPhoneStateManager]: LuxEvent{event:MAIN_LUX lux:62.0} -> LuxEvent{event:MAIN_LUX lux:62.0}
02-26 22:55:18.789  2026  2844 D Arc[OplusBrightnessPhoneStateManager]: LuxEvent{event:MAIN_LUX lux:60.0} -> LuxEvent{event:MAIN_LUX lux:60.0}
02-26 22:55:18.889  2026  2844 D Arc[OplusBrightnessPhoneStateManager]: LuxEvent{event:MAIN_LUX lux:56.0} -> LuxEvent{event:MAIN_LUX lux:56.0}
02-26 22:55:18.995  2026  2844 D Arc[OplusBrightnessPhoneStateManager]: LuxEvent{event:MAIN_LUX lux:43.0} -> LuxEvent{event:MAIN_LUX lux:43.0}
02-26 22:55:20.875  2026  3382 D PowerManagerService: userActivityNoUpdateLocked: groupId=0, eventTime=783356410, event=touch, flags=0x0, uid=1000
02-26 22:55:20.973  2026  3382 D PowerManagerService: userActivityNoUpdateLocked: groupId=0, eventTime=783356511, event=touch, flags=0x0, uid=1000
02-26 22:55:21.078  2026  3382 D PowerManagerService: userActivityNoUpdateLocked: groupId=0, eventTime=783356615, event=touch, flags=0x0, uid=1000
02-26 22:55:21.664  2026  3382 D PowerManagerService: userActivityNoUpdateLocked: groupId=0, eventTime=783357199, event=touch, flags=0x0, uid=1000
02-26 22:55:21.764  2026  3382 D PowerManagerService: userActivityNoUpdateLocked: groupId=0, eventTime=783357301, event=touch, flags=0x0, uid=1000
02-26 22:55:21.866  2026  3382 D PowerManagerService: userActivityNoUpdateLocked: groupId=0, eventTime=783357404, event=touch, flags=0x0, uid=1000
02-26 22:55:22.003  2026  3382 D PowerManagerService: userActivityNoUpdateLocked: groupId=0, eventTime=783357540, event=touch, flags=0x0, uid=1000
02-26 22:55:22.174  2026  7704 I AppsFilter: interaction: PackageSetting{3462362 com.esiri.esiriplus/10494} -> PackageSetting{f63a94b com.google.android.inputmethod.latin/10272} BLOCKED
02-26 22:55:22.174  2026  7704 W PresentationStatsEventLogger: Couldn't find packageName: com.google.android.inputmethod.latin
02-26 22:55:22.179  2026  3400 D InputMethodManagerService: isSecurity: attribute.packageName = com.esiri.esiriplus mCurMethodId = com.google.android.inputmethod.latin/com.android.inputmethod.latin.LatinIME isSecurity = false ( enable = true needShow = false inBlackList = false isExist = true )
02-26 22:55:22.183  2026  3400 I FlexibleTaskController: onShowImeRequested
02-26 22:55:22.189  2026  7701 W PackageConfigPersister: App-specific configuration not found for packageName: com.esiri.esiriplus and userId: 0
02-26 22:55:22.226  2026  3400 I FlexibleTaskController: onShowImeRequested
02-26 22:55:22.411  2026  7704 W WindowManager: Requires INTERNAL_SYSTEM_WINDOW permission if assign type to input. New type will be 0.
02-26 22:55:22.467  2026  2844 D OplusDisplayBrightnessBroadcastReceiver: onReceive action = android.intent.action.BATTERY_CHANGED , listeners = [com.android.server.display.OplusFeatureHDREnhanceBrightness$PhoneInfoReceiver@d078a20, com.android.server.display.OplusFeatureEdrEnhanceBrightness$PhoneInfoReceiver@d0bbfd9]
02-26 22:55:22.582  2026  2609 D AutofillSession: onShown(): 2, 1
02-26 22:55:22.618  2026  4216 D OplusStartingWindowManager: updateRecordSurfaceViewState windowToken = android.os.BinderProxy@adab76, surfaceState = true, attachedToWindow = true, inList = false, win = Window{7742577 u0 InputMethod}
02-26 22:55:22.639  2026  7704 D OplusStartingWindowManager: updateRecordSurfaceViewState windowToken = android.os.BinderProxy@adab76, surfaceState = true, attachedToWindow = true, inList = false, win = Window{7742577 u0 InputMethod}
02-26 22:55:22.935  2026  3382 D PowerManagerService: userActivityNoUpdateLocked: groupId=0, eventTime=783358470, event=touch, flags=0x0, uid=1000
02-26 22:55:22.946  2026  4216 D OplusStartingWindowManager: updateRecordSurfaceViewState windowToken = android.os.BinderProxy@adab76, surfaceState = true, attachedToWindow = true, inList = false, win = Window{7742577 u0 InputMethod}
02-26 22:55:22.950  2026  4216 D OplusStartingWindowManager: updateRecordSurfaceViewState windowToken = android.os.BinderProxy@adab76, surfaceState = true, attachedToWindow = true, inList = false, win = Window{7742577 u0 InputMethod}
02-26 22:55:22.954  2026  4216 I VibratorManagerServiceExtImpl: vibrate is uid=10272, pid=0, opPkg=com.google.android.inputmethod.latin, effect=Mono{mEffect=Composed{segments=[Prebaked{effect=CLICK, strength=MEDIUM, fallback=true}], repeat=-1}}, attributes=VibrationAttributes{mUsage=TOUCH, mAudioUsage= USAGE_UNKNOWN, mCategory=KEYBOARD, mFlags=0}, reason=performHapticFeedback(constant=3): View#performHapticFeedback, token=209420963
02-26 22:55:23.043  2026  3382 D PowerManagerService: userActivityNoUpdateLocked: groupId=0, eventTime=783358579, event=touch, flags=0x0, uid=1000
02-26 22:55:23.058  2026  4216 D OplusStartingWindowManager: updateRecordSurfaceViewState windowToken = android.os.BinderProxy@adab76, surfaceState = false, attachedToWindow = true, inList = false, win = Window{7742577 u0 InputMethod}
02-26 22:55:23.075  2026  7704 D OplusStartingWindowManager: updateRecordSurfaceViewState windowToken = android.os.BinderProxy@adab76, surfaceState = true, attachedToWindow = true, inList = false, win = Window{7742577 u0 InputMethod}
02-26 22:55:23.122  2026  7704 D OplusStartingWindowManager: updateRecordSurfaceViewState windowToken = android.os.BinderProxy@adab76, surfaceState = false, attachedToWindow = true, inList = false, win = Window{7742577 u0 InputMethod}
02-26 22:55:23.290  2026  7704 W WindowManager: Failed looking up window session=Session{3a118e2 4434:u0a10281} callers=com.android.server.wm.WindowManagerService.removeClientToken:2214 com.android.server.wm.Session.remove:292 android.view.IWindowSession$Stub.onTransact:685 
02-26 22:55:24.521  2026  3382 D PowerManagerService: userActivityNoUpdateLocked: groupId=0, eventTime=783360056, event=touch, flags=0x0, uid=1000
02-26 22:55:24.615  2026  7704 I VibratorManagerServiceExtImpl: vibrate is uid=10272, pid=0, opPkg=com.google.android.inputmethod.latin, effect=Mono{mEffect=Composed{segments=[Prebaked{effect=CLICK, strength=MEDIUM, fallback=true}], repeat=-1}}, attributes=VibrationAttributes{mUsage=TOUCH, mAudioUsage= USAGE_UNKNOWN, mCategory=KEYBOARD, mFlags=0}, reason=performHapticFeedback(constant=3): View#performHapticFeedback, token=209420963
02-26 22:55:24.621  2026  7704 D WindowManagerServiceExtImpl: extractConfigInfoAndRealFlags rotation=0, screenDp=360, residentWS:0, win=Window{7742577 u0 InputMethod}
02-26 22:55:24.622  2026  7704 V WindowManager: Relayout Window{7742577 u0 InputMethod}: viewVisibility=0, oldvis=0, req=1080x2293, vsysui=, x=0, y=0
02-26 22:55:24.622  2026  3382 D PowerManagerService: userActivityNoUpdateLocked: groupId=0, eventTime=783360157, event=touch, flags=0x0, uid=1000
02-26 22:55:24.624 19788 19788 W VRI[InputMethod]: updateBlastSurfaceIfNeeded, surfaceSize:Point(1080, 2293), lastSurfaceSize:Point(1080, 2293), format:-2, blastBufferQueue:android.graphics.BLASTBufferQueue@2df6db1
02-26 22:55:24.986  2026  3382 D PowerManagerService: userActivityNoUpdateLocked: groupId=0, eventTime=783360521, event=touch, flags=0x0, uid=1000
02-26 22:55:24.998  2026  4216 I VibratorManagerServiceExtImpl: vibrate is uid=10272, pid=0, opPkg=com.google.android.inputmethod.latin, effect=Mono{mEffect=Composed{segments=[Prebaked{effect=CLICK, strength=MEDIUM, fallback=true}], repeat=-1}}, attributes=VibrationAttributes{mUsage=TOUCH, mAudioUsage= USAGE_UNKNOWN, mCategory=KEYBOARD, mFlags=0}, reason=performHapticFeedback(constant=3): View#performHapticFeedback, token=209420963
02-26 22:55:25.662  2026  3382 D PowerManagerService: userActivityNoUpdateLocked: groupId=0, eventTime=783361195, event=touch, flags=0x0, uid=1000
02-26 22:55:25.696  2026  2150 D ActivityManager: freezer override set to true
02-26 22:55:25.715  2026  7704 I VibratorManagerServiceExtImpl: vibrate is uid=10272, pid=0, opPkg=com.google.android.inputmethod.latin, effect=Mono{mEffect=Composed{segments=[Prebaked{effect=CLICK, strength=MEDIUM, fallback=true}], repeat=-1}}, attributes=VibrationAttributes{mUsage=TOUCH, mAudioUsage= USAGE_UNKNOWN, mCategory=KEYBOARD, mFlags=0}, reason=performHapticFeedback(constant=3): View#performHapticFeedback, token=209420963
02-26 22:55:25.772  2026  2150 D ProcessCpuTrackerExtImpl: mContext is already set, return now! 
02-26 22:55:25.781  2026  2150 D ActivityManager: freezer override set to false
02-26 22:55:26.115  2026  3382 D PowerManagerService: userActivityNoUpdateLocked: groupId=0, eventTime=783361649, event=touch, flags=0x0, uid=1000
02-26 22:55:26.126  2026  2150 I VibratorManagerServiceExtImpl: vibrate is uid=10272, pid=0, opPkg=com.google.android.inputmethod.latin, effect=Mono{mEffect=Composed{segments=[Prebaked{effect=CLICK, strength=MEDIUM, fallback=true}], repeat=-1}}, attributes=VibrationAttributes{mUsage=TOUCH, mAudioUsage= USAGE_UNKNOWN, mCategory=KEYBOARD, mFlags=0}, reason=performHapticFeedback(constant=3): View#performHapticFeedback, token=209420963
02-26 22:55:26.612  2026  3382 D PowerManagerService: userActivityNoUpdateLocked: groupId=0, eventTime=783362146, event=touch, flags=0x0, uid=1000
02-26 22:55:26.638  2026  2150 I VibratorManagerServiceExtImpl: vibrate is uid=10272, pid=0, opPkg=com.google.android.inputmethod.latin, effect=Mono{mEffect=Composed{segments=[Prebaked{effect=CLICK, strength=MEDIUM, fallback=true}], repeat=-1}}, attributes=VibrationAttributes{mUsage=TOUCH, mAudioUsage= USAGE_UNKNOWN, mCategory=KEYBOARD, mFlags=0}, reason=performHapticFeedback(constant=3): View#performHapticFeedback, token=209420963
02-26 22:55:26.999  2026  3382 D PowerManagerService: userActivityNoUpdateLocked: groupId=0, eventTime=783362534, event=touch, flags=0x0, uid=1000
02-26 22:55:27.014  2026  2150 I VibratorManagerServiceExtImpl: vibrate is uid=10272, pid=0, opPkg=com.google.android.inputmethod.latin, effect=Mono{mEffect=Composed{segments=[Prebaked{effect=CLICK, strength=MEDIUM, fallback=true}], repeat=-1}}, attributes=VibrationAttributes{mUsage=TOUCH, mAudioUsage= USAGE_UNKNOWN, mCategory=KEYBOARD, mFlags=0}, reason=performHapticFeedback(constant=3): View#performHapticFeedback, token=209420963
02-26 22:55:27.345  2026  3382 D PowerManagerService: userActivityNoUpdateLocked: groupId=0, eventTime=783362880, event=touch, flags=0x0, uid=1000
02-26 22:55:27.378  2026  4216 I VibratorManagerServiceExtImpl: vibrate is uid=10272, pid=0, opPkg=com.google.android.inputmethod.latin, effect=Mono{mEffect=Composed{segments=[Prebaked{effect=CLICK, strength=MEDIUM, fallback=true}], repeat=-1}}, attributes=VibrationAttributes{mUsage=TOUCH, mAudioUsage= USAGE_UNKNOWN, mCategory=KEYBOARD, mFlags=0}, reason=performHapticFeedback(constant=3): View#performHapticFeedback, token=209420963
02-26 22:55:27.750  2026  3382 D PowerManagerService: userActivityNoUpdateLocked: groupId=0, eventTime=783363286, event=touch, flags=0x0, uid=1000
02-26 22:55:27.760  2026  4216 I VibratorManagerServiceExtImpl: vibrate is uid=10272, pid=0, opPkg=com.google.android.inputmethod.latin, effect=Mono{mEffect=Composed{segments=[Prebaked{effect=CLICK, strength=MEDIUM, fallback=true}], repeat=-1}}, attributes=VibrationAttributes{mUsage=TOUCH, mAudioUsage= USAGE_UNKNOWN, mCategory=KEYBOARD, mFlags=0}, reason=performHapticFeedback(constant=3): View#performHapticFeedback, token=209420963
02-26 22:55:28.348  2026  2715 D OplusThermalStats: REPORT_UPDATE_CPU  ->  phoneTemp:410  preHeatThreshold:400
02-26 22:55:28.362  2026  2844 D OplusDisplayBrightnessBroadcastReceiver: onReceive action = android.intent.action.BATTERY_CHANGED , listeners = [com.android.server.display.OplusFeatureHDREnhanceBrightness$PhoneInfoReceiver@d078a20, com.android.server.display.OplusFeatureEdrEnhanceBrightness$PhoneInfoReceiver@d0bbfd9]
02-26 22:55:28.648  2026  3382 D PowerManagerService: userActivityNoUpdateLocked: groupId=0, eventTime=783364183, event=touch, flags=0x0, uid=1000
02-26 22:55:28.746  2026  3382 D PowerManagerService: userActivityNoUpdateLocked: groupId=0, eventTime=783364284, event=touch, flags=0x0, uid=1000
02-26 22:55:28.850  2026  3382 D PowerManagerService: userActivityNoUpdateLocked: groupId=0, eventTime=783364387, event=touch, flags=0x0, uid=1000
02-26 22:55:28.954  2026  3382 D PowerManagerService: userActivityNoUpdateLocked: groupId=0, eventTime=783364491, event=touch, flags=0x0, uid=1000
02-26 22:55:29.252  2026  3382 D PowerManagerService: userActivityNoUpdateLocked: groupId=0, eventTime=783364788, event=touch, flags=0x0, uid=1000
02-26 22:55:29.790 20407 20407 I Quality : SlowSqliteOp:close,/data/user/0/com.google.android.gms/databases/phenotype.db,false,true,14
02-26 22:55:30.073  2026  3382 D PowerManagerService: userActivityNoUpdateLocked: groupId=0, eventTime=783365606, event=touch, flags=0x0, uid=1000
02-26 22:55:30.149  2026  2150 I AppsFilter: interaction: PackageSetting{3462362 com.esiri.esiriplus/10494} -> PackageSetting{f63a94b com.google.android.inputmethod.latin/10272} BLOCKED
02-26 22:55:30.149  2026  2150 W PresentationStatsEventLogger: Couldn't find packageName: com.google.android.inputmethod.latin
02-26 22:55:30.213  2026  3400 D InputMethodManagerService: isSecurity: attribute.packageName = com.esiri.esiriplus mCurMethodId = com.google.android.inputmethod.latin/com.android.inputmethod.latin.LatinIME isSecurity = false ( enable = true needShow = false inBlackList = false isExist = true )
02-26 22:55:30.217  2026  3400 I FlexibleTaskController: onShowImeRequested
02-26 22:55:30.226  2026  7704 W PackageConfigPersister: App-specific configuration not found for packageName: com.esiri.esiriplus and userId: 0
02-26 22:55:30.259  2026  3400 I FlexibleTaskController: onShowImeRequested
02-26 22:55:30.326  2026  7701 D WindowManagerServiceExtImpl: extractConfigInfoAndRealFlags rotation=0, screenDp=360, residentWS:0, win=Window{7742577 u0 InputMethod}
02-26 22:55:30.326  2026  7701 V WindowManager: Relayout Window{7742577 u0 InputMethod}: viewVisibility=0, oldvis=0, req=1080x2293, vsysui=, x=0, y=0
02-26 22:55:30.328 19788 19788 W VRI[InputMethod]: updateBlastSurfaceIfNeeded, surfaceSize:Point(1080, 2293), lastSurfaceSize:Point(1080, 2293), format:-2, blastBufferQueue:android.graphics.BLASTBufferQueue@2df6db1
02-26 22:55:30.369  2026  7701 W WindowManager: Requires INTERNAL_SYSTEM_WINDOW permission if assign type to input. New type will be 0.
02-26 22:55:30.393  2026  2609 D AutofillSession: onShown(): 2, 1
02-26 22:55:30.402  2026  3822 D OplusStartingWindowManager: updateRecordSurfaceViewState windowToken = android.os.BinderProxy@adab76, surfaceState = true, attachedToWindow = true, inList = false, win = Window{7742577 u0 InputMethod}
02-26 22:55:30.414  2026  3822 D OplusStartingWindowManager: updateRecordSurfaceViewState windowToken = android.os.BinderProxy@adab76, surfaceState = true, attachedToWindow = true, inList = false, win = Window{7742577 u0 InputMethod}
02-26 22:55:32.931  2026  3382 D PowerManagerService: userActivityNoUpdateLocked: groupId=0, eventTime=783368466, event=touch, flags=0x0, uid=1000
02-26 22:55:32.957  2026  7701 D OplusStartingWindowManager: updateRecordSurfaceViewState windowToken = android.os.BinderProxy@adab76, surfaceState = false, attachedToWindow = true, inList = false, win = Window{7742577 u0 InputMethod}
02-26 22:55:33.000  2026  7701 I VibratorManagerServiceExtImpl: vibrate is uid=10272, pid=0, opPkg=com.google.android.inputmethod.latin, effect=Mono{mEffect=Composed{segments=[Prebaked{effect=CLICK, strength=MEDIUM, fallback=true}], repeat=-1}}, attributes=VibrationAttributes{mUsage=TOUCH, mAudioUsage= USAGE_UNKNOWN, mCategory=KEYBOARD, mFlags=0}, reason=performHapticFeedback(constant=3): View#performHapticFeedback, token=209420963
02-26 22:55:33.004  2026  7701 D WindowManagerServiceExtImpl: extractConfigInfoAndRealFlags rotation=0, screenDp=360, residentWS:0, win=Window{7742577 u0 InputMethod}
02-26 22:55:33.004  2026  7701 V WindowManager: Relayout Window{7742577 u0 InputMethod}: viewVisibility=0, oldvis=0, req=1080x2293, vsysui=, x=0, y=0
02-26 22:55:33.009 19788 19788 W VRI[InputMethod]: updateBlastSurfaceIfNeeded, surfaceSize:Point(1080, 2293), lastSurfaceSize:Point(1080, 2293), format:-2, blastBufferQueue:android.graphics.BLASTBufferQueue@2df6db1
02-26 22:55:33.021  2026  3822 D OplusStartingWindowManager: updateRecordSurfaceViewState windowToken = android.os.BinderProxy@adab76, surfaceState = true, attachedToWindow = true, inList = false, win = Window{7742577 u0 InputMethod}
02-26 22:55:33.031  2026  3822 D OplusStartingWindowManager: updateRecordSurfaceViewState windowToken = android.os.BinderProxy@adab76, surfaceState = true, attachedToWindow = true, inList = false, win = Window{7742577 u0 InputMethod}
02-26 22:55:33.033  2026  3382 D PowerManagerService: userActivityNoUpdateLocked: groupId=0, eventTime=783368569, event=touch, flags=0x0, uid=1000
02-26 22:55:33.052  2026  3822 D OplusStartingWindowManager: updateRecordSurfaceViewState windowToken = android.os.BinderProxy@adab76, surfaceState = false, attachedToWindow = true, inList = false, win = Window{7742577 u0 InputMethod}
02-26 22:55:33.474  2026  2844 D OplusDisplayBrightnessBroadcastReceiver: onReceive action = android.intent.action.BATTERY_CHANGED , listeners = [com.android.server.display.OplusFeatureHDREnhanceBrightness$PhoneInfoReceiver@d078a20, com.android.server.display.OplusFeatureEdrEnhanceBrightness$PhoneInfoReceiver@d0bbfd9]
02-26 22:55:34.266  2026  3382 D PowerManagerService: userActivityNoUpdateLocked: groupId=0, eventTime=783369800, event=touch, flags=0x0, uid=1000
02-26 22:55:34.287  2026  7701 D OplusStartingWindowManager: updateRecordSurfaceViewState windowToken = android.os.BinderProxy@adab76, surfaceState = false, attachedToWindow = true, inList = false, win = Window{7742577 u0 InputMethod}
02-26 22:55:34.324  2026  7701 I VibratorManagerServiceExtImpl: vibrate is uid=10272, pid=0, opPkg=com.google.android.inputmethod.latin, effect=Mono{mEffect=Composed{segments=[Prebaked{effect=CLICK, strength=MEDIUM, fallback=true}], repeat=-1}}, attributes=VibrationAttributes{mUsage=TOUCH, mAudioUsage= USAGE_UNKNOWN, mCategory=KEYBOARD, mFlags=0}, reason=performHapticFeedback(constant=3): View#performHapticFeedback, token=209420963
02-26 22:55:34.331  2026  7701 D WindowManagerServiceExtImpl: extractConfigInfoAndRealFlags rotation=0, screenDp=360, residentWS:0, win=Window{7742577 u0 InputMethod}
02-26 22:55:34.332  2026  7701 V WindowManager: Relayout Window{7742577 u0 InputMethod}: viewVisibility=0, oldvis=0, req=1080x2293, vsysui=, x=0, y=0
02-26 22:55:34.340 19788 19788 W VRI[InputMethod]: updateBlastSurfaceIfNeeded, surfaceSize:Point(1080, 2293), lastSurfaceSize:Point(1080, 2293), format:-2, blastBufferQueue:android.graphics.BLASTBufferQueue@2df6db1
02-26 22:55:34.352  2026  7701 D OplusStartingWindowManager: updateRecordSurfaceViewState windowToken = android.os.BinderProxy@adab76, surfaceState = true, attachedToWindow = true, inList = false, win = Window{7742577 u0 InputMethod}
02-26 22:55:34.360  2026  7701 D OplusStartingWindowManager: updateRecordSurfaceViewState windowToken = android.os.BinderProxy@adab76, surfaceState = true, attachedToWindow = true, inList = false, win = Window{7742577 u0 InputMethod}
02-26 22:55:34.376  2026  3822 D OplusStartingWindowManager: updateRecordSurfaceViewState windowToken = android.os.BinderProxy@adab76, surfaceState = false, attachedToWindow = true, inList = false, win = Window{7742577 u0 InputMethod}
02-26 22:55:34.431  2026  3361 V AlarmManager: sending alarm Alarm{3d2ccdd type 2 origWhen 1124932751 whenElapsed 1124932751 com.heytap.mcs} uid 1000 whenElapsed 1124932751 windowLength 10000 maxWhenElapsed 1124942751 repeatInterval 0 action com.heytap.mcs.action component null flags 0x8 procName com.heytap.mcs
02-26 22:55:34.442  2026  3361 V AlarmManager: sending alarm Alarm{16a4c20 type 3 origWhen 1124915211 whenElapsed 1124915211 com.oplus.obrain} uid 1000 whenElapsed 1124915211 windowLength 225000 maxWhenElapsed 1125140211 repeatInterval 300000 action MIDAS FIVE MINUTE CLOCK ACTION component null flags 0x8 procName com.oplus.midas
02-26 22:55:34.801  2026  3382 D PowerManagerService: userActivityNoUpdateLocked: groupId=0, eventTime=783370337, event=touch, flags=0x0, uid=1000
02-26 22:55:34.810  2026  7701 D OplusStartingWindowManager: updateRecordSurfaceViewState windowToken = android.os.BinderProxy@adab76, surfaceState = true, attachedToWindow = true, inList = false, win = Window{7742577 u0 InputMethod}
02-26 22:55:34.812  2026  7701 D OplusStartingWindowManager: updateRecordSurfaceViewState windowToken = android.os.BinderProxy@adab76, surfaceState = true, attachedToWindow = true, inList = false, win = Window{7742577 u0 InputMethod}
02-26 22:55:34.815  2026  7701 I VibratorManagerServiceExtImpl: vibrate is uid=10272, pid=0, opPkg=com.google.android.inputmethod.latin, effect=Mono{mEffect=Composed{segments=[Prebaked{effect=CLICK, strength=MEDIUM, fallback=true}], repeat=-1}}, attributes=VibrationAttributes{mUsage=TOUCH, mAudioUsage= USAGE_UNKNOWN, mCategory=KEYBOARD, mFlags=0}, reason=performHapticFeedback(constant=3): View#performHapticFeedback, token=209420963
02-26 22:55:34.880  2026  7701 D OplusStartingWindowManager: updateRecordSurfaceViewState windowToken = android.os.BinderProxy@adab76, surfaceState = false, attachedToWindow = true, inList = false, win = Window{7742577 u0 InputMethod}
02-26 22:55:34.891  2026  7701 D OplusStartingWindowManager: updateRecordSurfaceViewState windowToken = android.os.BinderProxy@adab76, surfaceState = true, attachedToWindow = true, inList = false, win = Window{7742577 u0 InputMethod}
02-26 22:55:34.941  2026  3822 D OplusStartingWindowManager: updateRecordSurfaceViewState windowToken = android.os.BinderProxy@adab76, surfaceState = false, attachedToWindow = true, inList = false, win = Window{7742577 u0 InputMethod}
02-26 22:55:35.106  2026  7701 W WindowManager: Failed looking up window session=Session{3a118e2 4434:u0a10281} callers=com.android.server.wm.WindowManagerService.removeClientToken:2214 com.android.server.wm.Session.remove:292 android.view.IWindowSession$Stub.onTransact:685 
02-26 22:55:35.161  2026  3382 D PowerManagerService: userActivityNoUpdateLocked: groupId=0, eventTime=783370698, event=touch, flags=0x0, uid=1000
02-26 22:55:35.203  2026  7701 I VibratorManagerServiceExtImpl: vibrate is uid=10272, pid=0, opPkg=com.google.android.inputmethod.latin, effect=Mono{mEffect=Composed{segments=[Prebaked{effect=CLICK, strength=MEDIUM, fallback=true}], repeat=-1}}, attributes=VibrationAttributes{mUsage=TOUCH, mAudioUsage= USAGE_UNKNOWN, mCategory=KEYBOARD, mFlags=0}, reason=performHapticFeedback(constant=3): View#performHapticFeedback, token=209420963
02-26 22:55:35.209  2026  3822 D WindowManagerServiceExtImpl: extractConfigInfoAndRealFlags rotation=0, screenDp=360, residentWS:0, win=Window{7742577 u0 InputMethod}
02-26 22:55:35.210  2026  3822 V WindowManager: Relayout Window{7742577 u0 InputMethod}: viewVisibility=0, oldvis=0, req=1080x2293, vsysui=, x=0, y=0
02-26 22:55:35.214 19788 19788 W VRI[InputMethod]: updateBlastSurfaceIfNeeded, surfaceSize:Point(1080, 2293), lastSurfaceSize:Point(1080, 2293), format:-2, blastBufferQueue:android.graphics.BLASTBufferQueue@2df6db1
02-26 22:55:35.598  2026  3382 D PowerManagerService: userActivityNoUpdateLocked: groupId=0, eventTime=783371132, event=touch, flags=0x0, uid=1000
02-26 22:55:35.607  2026  7701 I VibratorManagerServiceExtImpl: vibrate is uid=10272, pid=0, opPkg=com.google.android.inputmethod.latin, effect=Mono{mEffect=Composed{segments=[Prebaked{effect=CLICK, strength=MEDIUM, fallback=true}], repeat=-1}}, attributes=VibrationAttributes{mUsage=TOUCH, mAudioUsage= USAGE_UNKNOWN, mCategory=KEYBOARD, mFlags=0}, reason=performHapticFeedback(constant=3): View#performHapticFeedback, token=209420963
02-26 22:55:36.242  2026  3382 D PowerManagerService: userActivityNoUpdateLocked: groupId=0, eventTime=783371779, event=touch, flags=0x0, uid=1000
02-26 22:55:36.246  2026  7701 I VibratorManagerServiceExtImpl: vibrate is uid=10272, pid=0, opPkg=com.google.android.inputmethod.latin, effect=Mono{mEffect=Composed{segments=[Prebaked{effect=CLICK, strength=MEDIUM, fallback=true}], repeat=-1}}, attributes=VibrationAttributes{mUsage=TOUCH, mAudioUsage= USAGE_UNKNOWN, mCategory=KEYBOARD, mFlags=0}, reason=performHapticFeedback(constant=3): View#performHapticFeedback, token=209420963
02-26 22:55:37.077  2026  3382 D PowerManagerService: userActivityNoUpdateLocked: groupId=0, eventTime=783372611, event=touch, flags=0x0, uid=1000
02-26 22:55:37.086  2026  3822 I VibratorManagerServiceExtImpl: vibrate is uid=10272, pid=0, opPkg=com.google.android.inputmethod.latin, effect=Mono{mEffect=Composed{segments=[Prebaked{effect=CLICK, strength=MEDIUM, fallback=true}], repeat=-1}}, attributes=VibrationAttributes{mUsage=TOUCH, mAudioUsage= USAGE_UNKNOWN, mCategory=KEYBOARD, mFlags=0}, reason=performHapticFeedback(constant=3): View#performHapticFeedback, token=209420963
02-26 22:55:37.666  2026  3382 D PowerManagerService: userActivityNoUpdateLocked: groupId=0, eventTime=783373201, event=touch, flags=0x0, uid=1000
02-26 22:55:37.691  2026  3822 I VibratorManagerServiceExtImpl: vibrate is uid=10272, pid=0, opPkg=com.google.android.inputmethod.latin, effect=Mono{mEffect=Composed{segments=[Prebaked{effect=CLICK, strength=MEDIUM, fallback=true}], repeat=-1}}, attributes=VibrationAttributes{mUsage=TOUCH, mAudioUsage= USAGE_UNKNOWN, mCategory=KEYBOARD, mFlags=0}, reason=performHapticFeedback(constant=3): View#performHapticFeedback, token=209420963
02-26 22:55:38.115  2026  3382 D PowerManagerService: userActivityNoUpdateLocked: groupId=0, eventTime=783373652, event=touch, flags=0x0, uid=1000
02-26 22:55:38.121  2026  3822 I VibratorManagerServiceExtImpl: vibrate is uid=10272, pid=0, opPkg=com.google.android.inputmethod.latin, effect=Mono{mEffect=Composed{segments=[Prebaked{effect=CLICK, strength=MEDIUM, fallback=true}], repeat=-1}}, attributes=VibrationAttributes{mUsage=TOUCH, mAudioUsage= USAGE_UNKNOWN, mCategory=KEYBOARD, mFlags=0}, reason=performHapticFeedback(constant=3): View#performHapticFeedback, token=209420963
02-26 22:55:38.576  2026  3382 D PowerManagerService: userActivityNoUpdateLocked: groupId=0, eventTime=783374111, event=touch, flags=0x0, uid=1000
02-26 22:55:38.597  2026  3822 I VibratorManagerServiceExtImpl: vibrate is uid=10272, pid=0, opPkg=com.google.android.inputmethod.latin, effect=Mono{mEffect=Composed{segments=[Prebaked{effect=CLICK, strength=MEDIUM, fallback=true}], repeat=-1}}, attributes=VibrationAttributes{mUsage=TOUCH, mAudioUsage= USAGE_UNKNOWN, mCategory=KEYBOARD, mFlags=0}, reason=performHapticFeedback(constant=3): View#performHapticFeedback, token=209420963
02-26 22:55:38.968  2026  3382 D PowerManagerService: userActivityNoUpdateLocked: groupId=0, eventTime=783374503, event=touch, flags=0x0, uid=1000
02-26 22:55:38.979  2026  3822 I VibratorManagerServiceExtImpl: vibrate is uid=10272, pid=0, opPkg=com.google.android.inputmethod.latin, effect=Mono{mEffect=Composed{segments=[Prebaked{effect=CLICK, strength=MEDIUM, fallback=true}], repeat=-1}}, attributes=VibrationAttributes{mUsage=TOUCH, mAudioUsage= USAGE_UNKNOWN, mCategory=KEYBOARD, mFlags=0}, reason=performHapticFeedback(constant=3): View#performHapticFeedback, token=209420963
02-26 22:55:39.069  2026  3382 D PowerManagerService: userActivityNoUpdateLocked: groupId=0, eventTime=783374605, event=touch, flags=0x0, uid=1000
02-26 22:55:39.310  2026  3382 D PowerManagerService: userActivityNoUpdateLocked: groupId=0, eventTime=783374847, event=touch, flags=0x0, uid=1000
02-26 22:55:39.315  2026  7704 I VibratorManagerServiceExtImpl: vibrate is uid=10272, pid=0, opPkg=com.google.android.inputmethod.latin, effect=Mono{mEffect=Composed{segments=[Prebaked{effect=CLICK, strength=MEDIUM, fallback=true}], repeat=-1}}, attributes=VibrationAttributes{mUsage=TOUCH, mAudioUsage= USAGE_UNKNOWN, mCategory=KEYBOARD, mFlags=0}, reason=performHapticFeedback(constant=3): View#performHapticFeedback, token=209420963
