02-27 20:56:26.170  2026  3554 D WiFiHardWareMonitor ScanresultsCollector: rssiFailCheckAndNotify  diff = 2270989 now=1772214986170 latestSendTime=1772212715181 statisticsInterval=7200000
02-27 20:56:26.171  4130  4511 D WifiScanResultEvent: None scanResults or savedConfigList.
02-27 20:56:26.176  2026  3554 E NW_ReflectUtils: failed to get throughput : java.lang.NoSuchMethodError: No interface method getDeviceWiphyCapabilities()Landroid/net/wifi/nl80211/DeviceWiphyCapabilities; in class Lcom/android/server/wifi/ClientModeManager; or its super classes (declaration of 'com.android.server.wifi.ClientModeManager' appears in /apex/com.android.wifi/javalib/service-wifi.jar)
02-27 20:56:26.180  3736  3960 I WifiPickerTracker: wifi connected status realConnectedWifiEntry not null: true
02-27 20:56:26.189  2026  3554 D OplusP2pCallerMonitor: Scan trigger by cn.xender
02-27 20:56:26.209   646   646 E lowmemorykiller: device memory 417408 free 84943 file 312447
02-27 20:56:26.311   646   646 E lowmemorykiller: device memory 417464 free 84957 file 312505
02-27 20:56:26.402  4248  4248 D SubsysEventListenerManager-SubsysTelephonyCallback[1]: onSignalStrengthsChanged
02-27 20:56:26.412  3736  3959 I SystemUi--Statusbar: MobileConnectionRepositoryImpl-->subId:3 isSoftSimCard:false slotId:1
02-27 20:56:26.668 14128 14497 I metis_v2_OsenseCallBack: memLevel: 1 [Metis|com.oplus.metis|1.4.54-aa2067f]
02-27 20:56:26.713  1540  1753 D BatteryChargeControl: bcc get no support from charging protocol
02-27 20:56:26.716   646   646 E lowmemorykiller: device memory 417505 free 84941 file 312562
02-27 20:56:26.767  4130  4583 D CommonApp-271-10497: transport layer data is invalid
02-27 20:56:26.773  2026  3795 I Osense-PsiDetector: 1630,331,1886,7679,76,389,213,1262,1593,479,741,0,8,8211
02-27 20:56:26.773 14128 14497 I metis_v2_OsenseCallBack: memLevel: 2 [Metis|com.oplus.metis|1.4.54-aa2067f]
02-27 20:56:27.285   646   646 E lowmemorykiller: device memory 417583 free 84973 file 312608
02-27 20:56:27.398  4130  4583 D CommonApp-271-10497: DefaultState EVENT_SCENARIOS_CHANGE
02-27 20:56:27.398  4130  4583 D CommonApp-271-10497: scene=COMMON pn=com.esiri.esiriplus
02-27 20:56:27.710 14128 14497 I metis_v2_OsenseCallBack: memLevel: 1 [Metis|com.oplus.metis|1.4.54-aa2067f]
02-27 20:56:27.715  1540  1753 D BatteryChargeControl: bcc get no support from charging protocol
02-27 20:56:27.792  4130  4583 D CommonApp-271-10497: transport layer data is invalid
02-27 20:56:27.814  2026  3795 I Osense-PsiDetector: 1631,332,1885,7679,76,389,213,1262,1593,479,741,0,8,8209
02-27 20:56:27.814 14128 14497 I metis_v2_OsenseCallBack: memLevel: 2 [Metis|com.oplus.metis|1.4.54-aa2067f]
02-27 20:56:28.271  1510 18624 I QC2Comp : [vp9D_3677] Stats: Pending(3) i/p-done(0) Works: Q: 26/Done 25|Work-Rate: Q(0.0/s Avg=0.0/s) Done(0.000/s Avg=0.000/s)| Stream: 25.00fps 328.6Kbps
02-27 20:56:28.271  1510 18624 I QC2Comp : Mem-usage:  [In-1D - 5 bufs 14.941 MB] [1D-0 - 15 bufs 0.234 MB] [2D-3534 - 23 bufs 51.750 MB]
02-27 20:56:28.271  1510 18624 I QC2Comp : Total Mem-usage: 66.926 MB
02-27 20:56:28.303   646   646 E lowmemorykiller: device memory 417901 free 84965 file 312934
02-27 20:56:28.407  1540  1540 D vendor.oplus.hardware.charger-V6-service: get_ui_charge_icon_type 0 0 0 0 0
02-27 20:56:28.409  1540  1540 D vendor.oplus.hardware.charger-V6-service: oplus_chg_get_cpa_power 2500 charge_online 1 retention_topic 0
02-27 20:56:28.642  4248  4248 D SubsysEventListenerManager-SubsysTelephonyCallback[1]: onSignalStrengthsChanged
02-27 20:56:28.653  3736  3959 I SystemUi--Statusbar: MobileConnectionRepositoryImpl-->subId:3 isSoftSimCard:false slotId:1
02-27 20:56:28.718  1540  1753 D BatteryChargeControl: bcc get no support from charging protocol
02-27 20:56:28.751 14128 14497 I metis_v2_OsenseCallBack: memLevel: 1 [Metis|com.oplus.metis|1.4.54-aa2067f]
02-27 20:56:28.815  4130  4583 D CommonApp-271-10497: transport layer data is invalid
02-27 20:56:28.853  2026  3795 I Osense-PsiDetector: 1632,332,1884,7679,76,389,213,1261,1594,479,742,0,8,8205
02-27 20:56:28.854 14128 14497 I metis_v2_OsenseCallBack: memLevel: 2 [Metis|com.oplus.metis|1.4.54-aa2067f]
02-27 20:56:28.983  2026  3448 D WifiStaIfaceHidlImpl: getCachedScanData is not implemented by HIDL
02-27 20:56:29.001  4248  4248 D VendorWifiService: onEvent event:9,action:1
02-27 20:56:29.009  2026  3554 D OplusWifiPower_TriggerCenter: mComponentCallback: wifistat
02-27 20:56:29.124  1535  4282 E PerformanceService: storage_feature: open /sys/devices/platform/soc/112b0000.ufshci//virtualtlcbuff fail
02-27 20:56:29.721  1540  1753 D BatteryChargeControl: bcc get no support from charging protocol
02-27 20:56:29.789 14128 14497 I metis_v2_OsenseCallBack: memLevel: 1 [Metis|com.oplus.metis|1.4.54-aa2067f]
02-27 20:56:29.839  4130  4583 D CommonApp-271-10497: transport layer data is invalid
02-27 20:56:29.895  2026  3795 I Osense-PsiDetector: 1632,332,1883,7679,76,389,214,1260,1594,479,742,0,8,8205
02-27 20:56:29.896 14128 14497 I metis_v2_OsenseCallBack: memLevel: 2 [Metis|com.oplus.metis|1.4.54-aa2067f]
02-27 20:56:30.011  1540  1717 D vendor.oplus.hardware.charger-V6-service: ret_value:127, read content:,375,364,3696,3696,-64,500,2200,11,12,1,4,-1,4931,11,1,0,1,1,0,0,4425,0,2,0,2,0,0,0,365,0,1,1,0,0,61,61,61,0,0,0,0,0,0,0,0,0,0
02-27 20:56:30.011  1540  1717 D vendor.oplus.hardware.charger-V6-service: gmtime: 2026-02-27-20-56-30
02-27 20:56:30.012  1540  1717 D vendor.oplus.hardware.charger-V6-service: usb_online:1, ac_online:0, wireless_online:-2147483648
02-27 20:56:30.383  2059  2127 I theia_kevent: TheiaKeventThread recv type=3, tag=CriticalLog, event_id=Theia, payload:event_id: 1283. loginfo: 2. pid: 7520. extrainfo: init process block for more than 30s, block_count is 1, len=105
02-27 20:56:30.383  2059  2127 D theia_kevent: TheiaKeventThread hook recv
02-27 20:56:30.383  2059  2127 I oplus_theia: TheiaRecvKeventFunc called
02-27 20:56:30.384  2059  2127 I oplus_theia: oplus_theia handleKernelSendTheiaEvent
02-27 20:56:30.384  2059  2127 I oplus_theia: oplus_theia handleKernelSendEvent got message:event_id: 1283. loginfo: 2. pid: 7520. extrainfo: init process block for more than 30s, block_count is 1
02-27 20:56:30.384  2059  2127 I oplus_theia: oplus_theia kernelSendTheiaEvent key-value ret = 2
02-27 20:56:30.384  2059  2127 I oplus_theia: oplus_theia handleKernelSendEvent got data, key:event_id: value:1283
02-27 20:56:30.384  2059  2127 I oplus_theia: oplus_theia kernelSendTheiaEvent key-value ret = 2
02-27 20:56:30.384  2059  2127 I oplus_theia: oplus_theia handleKernelSendEvent got data, key:loginfo: value:2
02-27 20:56:30.384  2059  2127 I oplus_theia: oplus_theia kernelSendTheiaEvent key-value ret = 2
02-27 20:56:30.384  2059  2127 I oplus_theia: oplus_theia handleKernelSendEvent got data, key:pid: value:7520
02-27 20:56:30.384  2059  2127 I oplus_theia: oplus_theia kernelSendTheiaEvent key-value ret = 2
02-27 20:56:30.384  2059  2127 I oplus_theia: oplus_theia handleKernelSendEvent got data, key:extrainfo: value:init
02-27 20:56:30.384  2059  2127 I TheiaBinder: [generateTheiaTimestamp]: generateTheiaTimestamp start.
02-27 20:56:30.384  2059  2127 I TheiaBinder: [generateTheiaTimestamp]: 2026-02-27 20:56:30 384.
02-27 20:56:30.384  2059  2127 I TheiaBinder: buildNewTheiaEvent eventId: 0x503 is Disable! value: 0
02-27 20:56:30.384  2059  2127 D theia_kevent: TheiaKeventThread hook ret=1
02-27 20:56:30.384  2059  2127 I theia_kevent: TheiaKeventThread recvKevent
02-27 20:56:30.501  1510  8349 I QC2Comp : [vp9D_3966] Stats: Pending(3) i/p-done(0) Works: Q: 26/Done 25|Work-Rate: Q(0.0/s Avg=0.0/s) Done(0.000/s Avg=0.001/s)| Stream: 30.30fps 174.6Kbps
02-27 20:56:30.501  1510  8349 I QC2Comp : Mem-usage:  [In-1D - 5 bufs 14.941 MB] [1D-0 - 15 bufs 0.234 MB] [2D-3823 - 23 bufs 17.250 MB]
02-27 20:56:30.501  1510  8349 I QC2Comp : Total Mem-usage: 32.426 MB
02-27 20:56:30.724  1540  1753 D BatteryChargeControl: bcc get no support from charging protocol
02-27 20:56:30.826 14128 14497 I metis_v2_OsenseCallBack: memLevel: 1 [Metis|com.oplus.metis|1.4.54-aa2067f]
02-27 20:56:30.863  4130  4583 D CommonApp-271-10497: transport layer data is invalid
02-27 20:56:30.919  1540  1540 D vendor.oplus.hardware.charger-V6-service: getChargerControl:sub_current=100
02-27 20:56:30.919  1540  1540 D vendor.oplus.hardware.charger-V6-service: sub_voltage=3800
02-27 20:56:30.919  1540  1540 D vendor.oplus.hardware.charger-V6-service: sub_soc=-1
02-27 20:56:30.919  1540  1540 D vendor.oplus.hardware.charger-V6-service: sub_temperature=250
02-27 20:56:30.919  1540  1540 D vendor.oplus.hardware.charger-V6-service: main_soc=11
02-27 20:56:30.930  2026  3795 I Osense-PsiDetector: 1632,332,1882,7679,76,389,214,1259,1594,479,742,0,8,8205
02-27 20:56:30.932 14128 14497 I metis_v2_OsenseCallBack: memLevel: 2 [Metis|com.oplus.metis|1.4.54-aa2067f]
02-27 20:56:31.112  7957  6863 I PTC.DISC.AndroidMultiLanServer: Watcher sysNif=[wlan0], userNif=[wlan0 state=(LISTEN JOIN(05A86A|11648)), ], clientNif=[wlan0 state=(LISTEN), ], tcpServer state=LISTEN, ipv4=**68.1.3
02-27 20:56:31.196  4074  4074 D OplusTelephonyController: onSignalStrengthChanged: SignalStrength=SignalStrength:{mCdma=CellSignalStrengthCdma: cdmaDbm=2147483647 cdmaEcio=2147483647 evdoDbm=2147483647 evdoEcio=2147483647 evdoSnr=2147483647 level=0,mGsm=CellSignalStrengthGsm: rssi=2147483647 ber=2147483647 mTa=2147483647 mLevel=0,mWcdma=CellSignalStrengthWcdma: ss=2147483647 ber=2147483647 rscp=2147483647 ecno=2147483647 level=0,mTdscdma=CellSignalStrengthTdscdma: rssi=2147483647 ber=2147483647 rscp=2147483647 level=0,mLte=CellSignalStrengthLte: rssi=-65 rsrp=-97 rsrq=-15 rssnr=7 cqiTableIndex=2147483647 cqi=2147483647 ta=2147483647 level=4 parametersUseForLevel=0,mNr=CellSignalStrengthNr:{ csiRsrp = 2147483647 csiRsrq = 2147483647 csiCqiTableIndex = 2147483647 csiCqiReport = [] ssRsrp = 2147483647 ssRsrq = 2147483647 ssSinr = 2147483647 level = 0 parametersUseForLevel = 0 timingAdvance = 2147483647 },primary=CellSignalStrengthLte}
02-27 20:56:31.197  4248  4248 D SubsysEventListenerManager-SubsysTelephonyCallback[0]: onSignalStrengthsChanged
02-27 20:56:31.212  3736  3959 I SystemUi--Statusbar: MobileConnectionRepositoryImpl-->subId:2 isSoftSimCard:false slotId:0
02-27 20:56:31.727  1540  1753 D BatteryChargeControl: bcc get no support from charging protocol
02-27 20:56:31.869 14128 14497 I metis_v2_OsenseCallBack: memLevel: 1 [Metis|com.oplus.metis|1.4.54-aa2067f]
02-27 20:56:31.888  4130  4583 D CommonApp-271-10497: transport layer data is invalid
02-27 20:56:31.973  2026  3795 I Osense-PsiDetector: 1632,332,1881,7679,76,389,214,1258,1594,479,742,0,8,8205
02-27 20:56:31.973 14128 14497 I metis_v2_OsenseCallBack: memLevel: 2 [Metis|com.oplus.metis|1.4.54-aa2067f]
02-27 20:56:32.004  2026  3448 D WifiStaIfaceHidlImpl: getCachedScanData is not implemented by HIDL
02-27 20:56:32.020  4248  4248 D VendorWifiService: onEvent event:9,action:1
02-27 20:56:32.029  2026  3554 D OplusWifiPower_TriggerCenter: mComponentCallback: wifistat
02-27 20:56:32.236 14612 15418 I Supabase-Realtime: Heartbeat received
02-27 20:56:32.729  1540  1753 D BatteryChargeControl: bcc get no support from charging protocol
02-27 20:56:32.909 14128 14497 I metis_v2_OsenseCallBack: memLevel: 1 [Metis|com.oplus.metis|1.4.54-aa2067f]
02-27 20:56:32.912  4130  4583 D CommonApp-271-10497: commonScoreStrategy scenarios low package
02-27 20:56:32.935  2026  3361 V AlarmManager: sending alarm Alarm{ab1bfab type 3 origWhen 1204201257 whenElapsed 1204201257 com.oplus.qualityprotect} uid 1000 whenElapsed 1204201257 windowLength 0 maxWhenElapsed 1204201257 repeatInterval 0 action com.oplus.qualityprotect.alarm_trigger component ComponentInfo{com.oplus.qualityprotect/com.oplus.qualityprotect.QualityAlarmReceiver} flags 0x9 procName com.oplus.midas
02-27 20:56:32.979  7270  7270 D QualityAlarmReceiver: Alarm received, alarmType: 0
02-27 20:56:32.979  7270  7270 I QualityAlarmReceiver: Try to start QualityProtectService
02-27 20:56:32.988  7270  7270 I QualityAlarmReceiver: Try to start initOBrainAndOTraceCoreService, enableOBrain: true
02-27 20:56:32.993  7270  7270 D QualityAlarmReceiver: Start obrain service with component:ComponentInfo{com.oplus.obrain/com.oplus.obrain.MIDASService}
02-27 20:56:32.998  7270  7270 D QualityAlarmReceiver: Start onetrace daemon with component:ComponentInfo{com.oplus.onetrace/com.oplus.onetrace.daemon.OTraceDaemonService}
02-27 20:56:32.998  7270  7270 D QualityAlarmReceiver: scheduleAliveAlarm, ALARM_PERODIC_MS: 3600000
02-27 20:56:33.003  7270  7270 I QualityProtectService: onStartCommand to be called
02-27 20:56:33.003  7270  7270 I MIDASApplication: MIDASService onStartCommand; iServiceRunning:true
02-27 20:56:33.010   646   646 E lowmemorykiller: device memory 418323 free 85199 file 313312
02-27 20:56:33.011  2026  3795 I Osense-PsiDetector: 1634,332,1880,7679,76,389,214,1258,1596,479,744,0,8,8205
02-27 20:56:33.011 14128 14497 I metis_v2_OsenseCallBack: memLevel: 2 [Metis|com.oplus.metis|1.4.54-aa2067f]
02-27 20:56:33.259   646   646 E lowmemorykiller: device memory 418350 free 85211 file 313327
02-27 20:56:33.272  1510 18624 I QC2Comp : [vp9D_3677] Stats: Pending(3) i/p-done(0) Works: Q: 26/Done 25|Work-Rate: Q(0.0/s Avg=0.0/s) Done(0.000/s Avg=0.000/s)| Stream: 25.00fps 328.6Kbps
02-27 20:56:33.272  1510 18624 I QC2Comp : Mem-usage:  [In-1D - 5 bufs 14.941 MB] [1D-0 - 15 bufs 0.234 MB] [2D-3534 - 23 bufs 51.750 MB]
02-27 20:56:33.272  1510 18624 I QC2Comp : Total Mem-usage: 66.926 MB
02-27 20:56:33.732  1540  1753 D BatteryChargeControl: bcc get no support from charging protocol
02-27 20:56:33.760  4248  4248 D SubsysEventListenerManager-SubsysTelephonyCallback[1]: onSignalStrengthsChanged
02-27 20:56:33.769  3736  3959 I SystemUi--Statusbar: MobileConnectionRepositoryImpl-->subId:3 isSoftSimCard:false slotId:1
02-27 20:56:33.935  4130  4583 D CommonApp-271-10497: transport layer data is invalid
02-27 20:56:33.954 14128 14497 I metis_v2_OsenseCallBack: memLevel: 1 [Metis|com.oplus.metis|1.4.54-aa2067f]
02-27 20:56:33.976  2026  4191 I OplusHansManager : unfreeze uid: 10300 com.facebook.katana pids: [10619, 13629] reason: Packet scene: LcdOn
02-27 20:56:33.978  2026  4174 I OplusHansManager : uid=10300, pkg=com.facebook.katana F exit(), F stay=88, reason=Packet
02-27 20:56:33.980  2026  4192 I OplusHansManager : up_BC uid=10300 pkg=com.facebook.katana
02-27 20:56:33.980  2026  4192 I OplusCameraManagerGlobal: reportAppFreeze E
02-27 20:56:33.981  2026  4192 I OplusBinderProxy: un_pb uid: 10300 pid: 10619 rst: true , Desc: com.android.internal.telephony.IPhoneStateListener/10
02-27 20:56:33.981  2026  4192 I OplusBinderProxy: un_pb uid: 10300 pid: 10619 rst: true , Desc: com.android.internal.telephony.IPhoneStateListener/10
02-27 20:56:33.981  2026  4192 I OplusBinderProxy: proxyBinder uid: 10300 pkg: com.facebook.katana proxy: false calling: OFreezer
02-27 20:56:34.004  7270 19413 D QualityProtectService: handleMessage: 2
02-27 20:56:34.004  7270 19413 I QualityProtectService: mStartReason: null
02-27 20:56:34.041 10619 10619 I Choreographer: Skipped 8006 frames!  The application may be doing too much work on its main thread.
02-27 20:56:34.054   646   646 E lowmemorykiller: device memory 417263 free 82061 file 315390
02-27 20:56:34.055 14128 14497 I metis_v2_OsenseCallBack: memLevel: 2 [Metis|com.oplus.metis|1.4.54-aa2067f]
02-27 20:56:34.055  2026  3795 I Osense-PsiDetector: 1629,320,1882,7679,76,389,214,1263,1604,480,751,0,8,8206
02-27 20:56:34.123  1535  4282 E PerformanceService: storage_feature: open /sys/devices/platform/soc/112b0000.ufshci//virtualtlcbuff fail
02-27 20:56:34.155   646   646 E lowmemorykiller: device memory 415332 free 76137 file 319383
02-27 20:56:34.256   646   646 E lowmemorykiller: device memory 412529 free 73113 file 319604
02-27 20:56:34.278  1540  1540 D vendor.oplus.hardware.charger-V6-service: get_ui_charge_icon_type 0 0 0 0 0
02-27 20:56:34.279  1540  1540 D vendor.oplus.hardware.charger-V6-service: oplus_chg_get_cpa_power 2500 charge_online 1 retention_topic 0
02-27 20:56:34.287  3736  3736 I SystemUi--Statusbar: BatteryControllerExt-->updateBatteryChangeIntent():broadcast=android.intent.action.BATTERY_CHANGED,level=12,scale=100
02-27 20:56:34.287  3736  3736 I SystemUi--Statusbar: BatteryRepository-->level: 12 -- isSavingMode: false
02-27 20:56:34.287  2026  2844 D OplusDisplayBrightnessBroadcastReceiver: onReceive action = android.intent.action.BATTERY_CHANGED , listeners = [com.android.server.display.OplusFeatureHDREnhanceBrightness$PhoneInfoReceiver@d078a20, com.android.server.display.OplusFeatureEdrEnhanceBrightness$PhoneInfoReceiver@d0bbfd9]
02-27 20:56:34.288  4248  4248 D SubsysBroadcastManager: onReceive action:android.intent.action.BATTERY_CHANGED
02-27 20:56:34.288 26084 26084 D DeviceStatisticsService: onReceive: action= android.intent.action.BATTERY_CHANGED
02-27 20:56:34.290  7792  9430 E Battery : ChargeProtectionUtils: mCanlendarTmp.isEmpty()!
02-27 20:56:34.292 26780 26780 D CustomLogManagerService: onReceive android.intent.action.BATTERY_CHANGED
02-27 20:56:34.312  1540  1540 D vendor.oplus.hardware.charger-V6-service: getChargerControl:sub_current=100
02-27 20:56:34.312  1540  1540 D vendor.oplus.hardware.charger-V6-service: sub_voltage=3800
02-27 20:56:34.312  1540  1540 D vendor.oplus.hardware.charger-V6-service: sub_soc=-1
02-27 20:56:34.312  1540  1540 D vendor.oplus.hardware.charger-V6-service: sub_temperature=250
02-27 20:56:34.312  1540  1540 D vendor.oplus.hardware.charger-V6-service: main_soc=11
02-27 20:56:34.356   646   646 E lowmemorykiller: device memory 410366 free 70538 file 320016
02-27 20:56:34.403  4130  4583 D CommonApp-271-10497: DefaultState EVENT_SCENARIOS_CHANGE
02-27 20:56:34.403  4130  4583 D CommonApp-271-10497: scene=COMMON pn=com.esiri.esiriplus
02-27 20:56:34.734  1540  1753 D BatteryChargeControl: bcc get no support from charging protocol
02-27 20:56:34.959   646   646 E lowmemorykiller: device memory 380491 free 61143 file 320016
02-27 20:56:34.962  4130  4583 D CommonApp-271-10497: transport layer data is invalid
02-27 20:56:34.981 14128 14497 I metis_v2_OsenseCallBack: memLevel: 1 [Metis|com.oplus.metis|1.4.54-aa2067f]
02-27 20:56:35.013  1540  1717 D vendor.oplus.hardware.charger-V6-service: ret_value:127, read content:,375,364,3692,3692,-65,500,2200,11,12,1,4,-1,4927,11,1,0,1,1,0,0,4425,0,2,0,2,0,0,0,365,0,1,1,0,0,61,61,61,0,0,0,0,0,0,0,0,0,0
02-27 20:56:35.013  1540  1717 D vendor.oplus.hardware.charger-V6-service: gmtime: 2026-02-27-20-56-35
02-27 20:56:35.014  1540  1717 D vendor.oplus.hardware.charger-V6-service: usb_online:1, ac_online:0, wireless_online:-2147483648
02-27 20:56:35.025  2026  3448 D WifiStaIfaceHidlImpl: getCachedScanData is not implemented by HIDL
02-27 20:56:35.036  4248  4248 D VendorWifiService: onEvent event:9,action:1
02-27 20:56:35.040  2026  3554 D OplusWifiPower_TriggerCenter: mComponentCallback: wifistat
02-27 20:56:35.063   646   646 E lowmemorykiller: device memory 381022 free 73048 file 315377
02-27 20:56:35.083   646   646 E lowmemorykiller: device memory 380792 free 75883 file 314250
02-27 20:56:35.083  2026  3795 I Osense-PsiDetector: 1487,296,1925,7679,75,389,214,1340,1601,479,748,0,8,8205
02-27 20:56:35.084 14128 14497 I metis_v2_OsenseCallBack: memLevel: 2 [Metis|com.oplus.metis|1.4.54-aa2067f]
02-27 20:56:35.163   646   646 E lowmemorykiller: device memory 396410 free 105570 file 308192
02-27 20:56:35.194  7647 31827 D gaia-GaiaConnectChecker: start connect check++
02-27 20:56:35.210  7647 31760 D gaia-GaiaConnectChecker: start connect check++
02-27 20:56:35.264   646   646 E lowmemorykiller: device memory 395734 free 110499 file 303101
02-27 20:56:35.365   646   646 E lowmemorykiller: device memory 416256 free 112923 file 300623
02-27 20:56:35.502  1510  8349 I QC2Comp : [vp9D_3966] Stats: Pending(3) i/p-done(0) Works: Q: 26/Done 25|Work-Rate: Q(0.0/s Avg=0.0/s) Done(0.000/s Avg=0.001/s)| Stream: 30.30fps 174.6Kbps
02-27 20:56:35.502  1510  8349 I QC2Comp : Mem-usage:  [In-1D - 5 bufs 14.941 MB] [1D-0 - 15 bufs 0.234 MB] [2D-3823 - 23 bufs 17.250 MB]
02-27 20:56:35.502  1510  8349 I QC2Comp : Total Mem-usage: 32.426 MB
02-27 20:56:35.743  1540  1753 D BatteryChargeControl: bcc get no support from charging protocol
02-27 20:56:35.940  1540  1540 D vendor.oplus.hardware.charger-V6-service: getChargerControl:sub_current=100
02-27 20:56:35.940  1540  1540 D vendor.oplus.hardware.charger-V6-service: sub_voltage=3800
02-27 20:56:35.940  1540  1540 D vendor.oplus.hardware.charger-V6-service: sub_soc=-1
02-27 20:56:35.940  1540  1540 D vendor.oplus.hardware.charger-V6-service: sub_temperature=250
02-27 20:56:35.940  1540  1540 D vendor.oplus.hardware.charger-V6-service: main_soc=11
02-27 20:56:35.983  4130  4583 D CommonApp-271-10497: transport layer data is invalid
02-27 20:56:36.022 14128 14497 I metis_v2_OsenseCallBack: memLevel: 1 [Metis|com.oplus.metis|1.4.54-aa2067f]
02-27 20:56:36.125  2026  3795 I Osense-PsiDetector: 1625,441,1928,7679,75,389,214,1270,1548,464,709,0,8,8205
02-27 20:56:36.125 14128 14497 I metis_v2_OsenseCallBack: memLevel: 2 [Metis|com.oplus.metis|1.4.54-aa2067f]
02-27 20:56:36.295 26780 23512 D CustomLogManagerService: WorkHandler msg.what :5
02-27 20:56:36.295 26780 23512 D CustomLogManagerService: user experience toggle off
02-27 20:56:36.317  4074  4074 D OplusTelephonyController: onSignalStrengthChanged: SignalStrength=SignalStrength:{mCdma=CellSignalStrengthCdma: cdmaDbm=2147483647 cdmaEcio=2147483647 evdoDbm=2147483647 evdoEcio=2147483647 evdoSnr=2147483647 level=0,mGsm=CellSignalStrengthGsm: rssi=2147483647 ber=2147483647 mTa=2147483647 mLevel=0,mWcdma=CellSignalStrengthWcdma: ss=2147483647 ber=2147483647 rscp=2147483647 ecno=2147483647 level=0,mTdscdma=CellSignalStrengthTdscdma: rssi=2147483647 ber=2147483647 rscp=2147483647 level=0,mLte=CellSignalStrengthLte: rssi=-65 rsrp=-98 rsrq=-14 rssnr=9 cqiTableIndex=2147483647 cqi=2147483647 ta=2147483647 level=4 parametersUseForLevel=0,mNr=CellSignalStrengthNr:{ csiRsrp = 2147483647 csiRsrq = 2147483647 csiCqiTableIndex = 2147483647 csiCqiReport = [] ssRsrp = 2147483647 ssRsrq = 2147483647 ssSinr = 2147483647 level = 0 parametersUseForLevel = 0 timingAdvance = 2147483647 },primary=CellSignalStrengthLte}
02-27 20:56:36.319  4248  4248 D SubsysEventListenerManager-SubsysTelephonyCallback[0]: onSignalStrengthsChanged
02-27 20:56:36.332  3736  3959 I SystemUi--Statusbar: MobileConnectionRepositoryImpl-->subId:2 isSoftSimCard:false slotId:0
02-27 20:56:36.745  1540  1753 D BatteryChargeControl: bcc get no support from charging protocol
02-27 20:56:36.903  9934 18623 I OplusFeedbackInfo: 0xb4000078a2baaa00 c2.qti.vp9.decoder codec[0xb400007ab3678000] 720x1280 inputFps=0 outputFps=0 renderFps=0, discardFps=0
02-27 20:56:37.008  4130  4583 D CommonApp-271-10497: transport layer data is invalid
02-27 20:56:37.061 14128 14497 I metis_v2_OsenseCallBack: memLevel: 1 [Metis|com.oplus.metis|1.4.54-aa2067f]
02-27 20:56:37.161  2026  3795 I Osense-PsiDetector: 1625,441,1927,7679,75,389,214,1270,1549,464,709,0,8,8205
02-27 20:56:37.162 14128 14497 I metis_v2_OsenseCallBack: memLevel: 2 [Metis|com.oplus.metis|1.4.54-aa2067f]
02-27 20:56:37.748  1540  1753 D BatteryChargeControl: bcc get no support from charging protocol
02-27 20:56:38.032  4130  4583 D CommonApp-271-10497: transport layer data is invalid
02-27 20:56:38.059  4248  4248 D SubsysEventListenerManager-SubsysTelephonyCallback[1]: onSignalStrengthsChanged
02-27 20:56:38.063  2026  3448 D WifiStaIfaceHidlImpl: getCachedScanData is not implemented by HIDL
02-27 20:56:38.073  3736  3959 I SystemUi--Statusbar: MobileConnectionRepositoryImpl-->subId:3 isSoftSimCard:false slotId:1
02-27 20:56:38.080  4248  4248 D VendorWifiService: onEvent event:9,action:1
02-27 20:56:38.083  2026  3554 D OplusWifiPower_TriggerCenter: mComponentCallback: wifistat
02-27 20:56:38.097 14128 14497 I metis_v2_OsenseCallBack: memLevel: 1 [Metis|com.oplus.metis|1.4.54-aa2067f]
02-27 20:56:38.153   646   646 E lowmemorykiller: device memory 416472 free 113108 file 300719
02-27 20:56:38.201  2026  3795 I Osense-PsiDetector: 1626,441,1926,7679,75,389,214,1270,1549,464,709,0,8,8204
02-27 20:56:38.201 14128 14497 I metis_v2_OsenseCallBack: memLevel: 2 [Metis|com.oplus.metis|1.4.54-aa2067f]
02-27 20:56:38.272  1510 18624 I QC2Comp : [vp9D_3677] Stats: Pending(3) i/p-done(0) Works: Q: 26/Done 25|Work-Rate: Q(0.0/s Avg=0.0/s) Done(0.000/s Avg=0.000/s)| Stream: 25.00fps 328.6Kbps
02-27 20:56:38.272  1510 18624 I QC2Comp : Mem-usage:  [In-1D - 5 bufs 14.941 MB] [1D-0 - 15 bufs 0.234 MB] [2D-3534 - 23 bufs 51.750 MB]
02-27 20:56:38.272  1510 18624 I QC2Comp : Total Mem-usage: 66.926 MB
02-27 20:56:38.720  2026  4174 I OplusHansManager : uid=10350, pkg=com.happymod.apk cannot transition from R to M, importance=fg-service
02-27 20:56:38.723  2026  4174 I OplusHansManager : uid=10412, pkg=cn.xender cannot transition from R to M, importance=fg-service
02-27 20:56:38.751  1540  1753 D BatteryChargeControl: bcc get no support from charging protocol
02-27 20:56:38.882  4074  4074 D OplusTelephonyController: onSignalStrengthChanged: SignalStrength=SignalStrength:{mCdma=CellSignalStrengthCdma: cdmaDbm=2147483647 cdmaEcio=2147483647 evdoDbm=2147483647 evdoEcio=2147483647 evdoSnr=2147483647 level=0,mGsm=CellSignalStrengthGsm: rssi=2147483647 ber=2147483647 mTa=2147483647 mLevel=0,mWcdma=CellSignalStrengthWcdma: ss=2147483647 ber=2147483647 rscp=2147483647 ecno=2147483647 level=0,mTdscdma=CellSignalStrengthTdscdma: rssi=2147483647 ber=2147483647 rscp=2147483647 level=0,mLte=CellSignalStrengthLte: rssi=-69 rsrp=-97 rsrq=-11 rssnr=9 cqiTableIndex=2147483647 cqi=2147483647 ta=2147483647 level=4 parametersUseForLevel=0,mNr=CellSignalStrengthNr:{ csiRsrp = 2147483647 csiRsrq = 2147483647 csiCqiTableIndex = 2147483647 csiCqiReport = [] ssRsrp = 2147483647 ssRsrq = 2147483647 ssSinr = 2147483647 level = 0 parametersUseForLevel = 0 timingAdvance = 2147483647 },primary=CellSignalStrengthLte}
02-27 20:56:38.882  4248  4248 D SubsysEventListenerManager-SubsysTelephonyCallback[0]: onSignalStrengthsChanged
02-27 20:56:38.892  3736  3959 I SystemUi--Statusbar: MobileConnectionRepositoryImpl-->subId:2 isSoftSimCard:false slotId:0
02-27 20:56:38.907   646   646 E lowmemorykiller: device memory 416580 free 113157 file 300776
02-27 20:56:39.008   646   646 E lowmemorykiller: device memory 415344 free 111574 file 301123
02-27 20:56:39.059  4130  4583 D CommonApp-271-10497: transport layer data is invalid
02-27 20:56:39.123  3736  3747 I ndroid.systemui: Background young concurrent copying GC freed 19MB AllocSpace bytes, 68(2496KB) LOS objects, 32% free, 45MB/67MB, paused 920us,96us total 230.820ms
02-27 20:56:39.124  1535  4282 E PerformanceService: storage_feature: open /sys/devices/platform/soc/112b0000.ufshci//virtualtlcbuff fail
02-27 20:56:39.125  3736  3946 D HWUI    : SkiaOpenGLPipeline::setSurface: this=0xb400007af515a1c0, surface=NULL
02-27 20:56:39.127  3736  3946 D HWUI    : SkiaOpenGLPipeline::setSurface: this=0xb400007a60850e80, surface=NULL
02-27 20:56:39.132 14128 14497 I metis_v2_OsenseCallBack: memLevel: 1 [Metis|com.oplus.metis|1.4.54-aa2067f]
02-27 20:56:39.144  3736  3946 D HWUI    : SkiaOpenGLPipeline::setSurface: this=0xb400007a9cd843c0, surface=NULL
02-27 20:56:39.168  1605  1876 I SurfaceFlinger: [SF client] REMOVE (0xb4000079a7343380) for (3736:com.android.systemui)
02-27 20:56:39.171  1605  1876 I SurfaceFlinger: [SF client] REMOVE (0xb400007997b0d300) for (3736:com.android.systemui)
02-27 20:56:39.176  3736  3749 W System  : A resource failed to call release. 
02-27 20:56:39.176  3736  3749 W System  : A resource failed to call release. 
02-27 20:56:39.178  1605  1876 I SurfaceFlinger: [SF client] REMOVE (0xb400007997b95a80) for (3736:com.android.systemui)
02-27 20:56:39.180  3736  3749 W System  : A resource failed to call release. 
02-27 20:56:39.180  3736  3749 W System  : A resource failed to call release. 
02-27 20:56:39.180  3736  3749 W System  : A resource failed to call release. 
02-27 20:56:39.210   646   646 E lowmemorykiller: device memory 417077 free 113210 file 301205
02-27 20:56:39.236  2026  3795 I Osense-PsiDetector: 1629,442,1963,7679,75,389,214,1272,1551,464,711,0,8,8204
02-27 20:56:39.236 14128 14497 I metis_v2_OsenseCallBack: memLevel: 2 [Metis|com.oplus.metis|1.4.54-aa2067f]
02-27 20:56:39.433  1540  1540 D vendor.oplus.hardware.charger-V6-service: get_ui_charge_icon_type 0 0 0 0 0
02-27 20:56:39.436  1540  1540 D vendor.oplus.hardware.charger-V6-service: oplus_chg_get_cpa_power 2500 charge_online 1 retention_topic 0
02-27 20:56:39.460  2026  2844 D OplusDisplayBrightnessBroadcastReceiver: onReceive action = android.intent.action.BATTERY_CHANGED , listeners = [com.android.server.display.OplusFeatureHDREnhanceBrightness$PhoneInfoReceiver@d078a20, com.android.server.display.OplusFeatureEdrEnhanceBrightness$PhoneInfoReceiver@d0bbfd9]
02-27 20:56:39.461  4248  4248 D SubsysBroadcastManager: onReceive action:android.intent.action.BATTERY_CHANGED
02-27 20:56:39.464  3736  3736 I SystemUi--Statusbar: BatteryControllerExt-->updateBatteryChangeIntent():broadcast=android.intent.action.BATTERY_CHANGED,level=12,scale=100
02-27 20:56:39.464  3736  3736 I SystemUi--Statusbar: BatteryRepository-->level: 12 -- isSavingMode: false
02-27 20:56:39.469 26084 26084 D DeviceStatisticsService: onReceive: action= android.intent.action.BATTERY_CHANGED
02-27 20:56:39.475  7792  9430 E Battery : ChargeProtectionUtils: mCanlendarTmp.isEmpty()!
02-27 20:56:39.476 26780 26780 D CustomLogManagerService: onReceive android.intent.action.BATTERY_CHANGED
02-27 20:56:39.496  1540  1540 D vendor.oplus.hardware.charger-V6-service: getChargerControl:sub_current=100
02-27 20:56:39.496  1540  1540 D vendor.oplus.hardware.charger-V6-service: sub_voltage=3800
02-27 20:56:39.496  1540  1540 D vendor.oplus.hardware.charger-V6-service: sub_soc=-1
02-27 20:56:39.496  1540  1540 D vendor.oplus.hardware.charger-V6-service: sub_temperature=250
02-27 20:56:39.496  1540  1540 D vendor.oplus.hardware.charger-V6-service: main_soc=11
02-27 20:56:39.754  1540  1753 D BatteryChargeControl: bcc get no support from charging protocol
02-27 20:56:40.016  1540  1717 D vendor.oplus.hardware.charger-V6-service: ret_value:127, read content:,375,363,3688,3688,-57,500,2200,11,12,1,4,-1,4931,11,1,0,1,1,0,0,4425,0,2,0,2,0,0,0,366,0,1,1,0,0,61,61,61,0,0,0,0,0,0,0,0,0,0
02-27 20:56:40.017  1540  1717 D vendor.oplus.hardware.charger-V6-service: gmtime: 2026-02-27-20-56-40
02-27 20:56:40.018  1540  1717 D vendor.oplus.hardware.charger-V6-service: usb_online:1, ac_online:0, wireless_online:-2147483648
02-27 20:56:40.079  4130  4583 D CommonApp-271-10497: transport layer data is invalid
02-27 20:56:40.165 14128 14497 I metis_v2_OsenseCallBack: memLevel: 1 [Metis|com.oplus.metis|1.4.54-aa2067f]
02-27 20:56:40.270  2026  3795 I Osense-PsiDetector: 1629,442,1962,7679,75,389,214,1273,1551,464,711,0,8,8204
02-27 20:56:40.271 14128 14497 I metis_v2_OsenseCallBack: memLevel: 2 [Metis|com.oplus.metis|1.4.54-aa2067f]
02-27 20:56:40.503  1510  8349 I QC2Comp : [vp9D_3966] Stats: Pending(3) i/p-done(0) Works: Q: 26/Done 25|Work-Rate: Q(0.0/s Avg=0.0/s) Done(0.000/s Avg=0.001/s)| Stream: 30.30fps 174.6Kbps
02-27 20:56:40.503  1510  8349 I QC2Comp : Mem-usage:  [In-1D - 5 bufs 14.941 MB] [1D-0 - 15 bufs 0.234 MB] [2D-3823 - 23 bufs 17.250 MB]
02-27 20:56:40.503  1510  8349 I QC2Comp : Total Mem-usage: 32.426 MB
02-27 20:56:40.758  1540  1753 D BatteryChargeControl: bcc get no support from charging protocol
02-27 20:56:40.960  1540  1540 D vendor.oplus.hardware.charger-V6-service: getChargerControl:sub_current=100
02-27 20:56:40.960  1540  1540 D vendor.oplus.hardware.charger-V6-service: sub_voltage=3800
02-27 20:56:40.960  1540  1540 D vendor.oplus.hardware.charger-V6-service: sub_soc=-1
02-27 20:56:40.960  1540  1540 D vendor.oplus.hardware.charger-V6-service: sub_temperature=250
02-27 20:56:40.960  1540  1540 D vendor.oplus.hardware.charger-V6-service: main_soc=11
02-27 20:56:41.093  2026  3448 D WifiStaIfaceHidlImpl: getCachedScanData is not implemented by HIDL
02-27 20:56:41.107  4130  4583 D CommonApp-271-10497: transport layer data is invalid
02-27 20:56:41.113  4248  4248 D VendorWifiService: onEvent event:9,action:1
02-27 20:56:41.124  2026  3554 D OplusWifiPower_TriggerCenter: mComponentCallback: wifistat
02-27 20:56:41.205 14128 14497 I metis_v2_OsenseCallBack: memLevel: 1 [Metis|com.oplus.metis|1.4.54-aa2067f]
02-27 20:56:41.281   646   646 E lowmemorykiller: device memory 417335 free 113484 file 301189
02-27 20:56:41.309  2026  3795 I Osense-PsiDetector: 1630,443,1962,7679,75,389,214,1273,1551,464,711,0,8,8203
02-27 20:56:41.311 14128 14497 I metis_v2_OsenseCallBack: memLevel: 2 [Metis|com.oplus.metis|1.4.54-aa2067f]
02-27 20:56:41.407  4130  4583 D CommonApp-271-10497: DefaultState EVENT_SCENARIOS_CHANGE
02-27 20:56:41.408  4130  4583 D CommonApp-271-10497: scene=COMMON pn=com.esiri.esiriplus
02-27 20:56:41.478 26780 23512 D CustomLogManagerService: WorkHandler msg.what :5
02-27 20:56:41.479 26780 23512 D CustomLogManagerService: user experience toggle off
02-27 20:56:41.760  1540  1753 D BatteryChargeControl: bcc get no support from charging protocol
02-27 20:56:41.919  3978 25348 D IpClient/wlan0: interfaceLinkStateChanged: ifindex 27 up
02-27 20:56:42.127  4130  4583 D CommonApp-271-10497: transport layer data is invalid
02-27 20:56:42.237 14128 14497 I metis_v2_OsenseCallBack: memLevel: 1 [Metis|com.oplus.metis|1.4.54-aa2067f]
02-27 20:56:42.341 14128 14497 I metis_v2_OsenseCallBack: memLevel: 2 [Metis|com.oplus.metis|1.4.54-aa2067f]
02-27 20:56:42.343  2026  3795 I Osense-PsiDetector: 1630,443,1961,7679,75,389,214,1272,1551,464,711,0,8,8203
02-27 20:56:42.762  1540  1753 D BatteryChargeControl: bcc get no support from charging protocol
02-27 20:56:43.049   646   646 E lowmemorykiller: device memory 417790 free 113659 file 301469
02-27 20:56:43.150   646   646 E lowmemorykiller: device memory 417813 free 113659 file 301492
02-27 20:56:43.151  4130  4583 D CommonApp-271-10497: transport layer data is invalid
02-27 20:56:43.152  9934 13082 D Camera2PresenceSrc: System onCameraAccessPrioritiesChanged.
02-27 20:56:43.152  9934 13080 I OplusCameraManagerGlobal: setClientInfo, packageName: cn.xender, uid: 10412, pid: 9934
02-27 20:56:43.154  9934 13080 D Camera2PresenceSrc: [FetchData] Refreshed camera list: CameraIdentifier{cameraIds=0}, CameraIdentifier{cameraIds=1}
02-27 20:56:43.156  1318 24659 E TetherController: property_get sys.radio.data.modem_share_flag return 0, 1!
02-27 20:56:43.273  1510 18624 I QC2Comp : [vp9D_3677] Stats: Pending(3) i/p-done(0) Works: Q: 26/Done 25|Work-Rate: Q(0.0/s Avg=0.0/s) Done(0.000/s Avg=0.000/s)| Stream: 25.00fps 328.6Kbps
02-27 20:56:43.273  1510 18624 I QC2Comp : Mem-usage:  [In-1D - 5 bufs 14.941 MB] [1D-0 - 15 bufs 0.234 MB] [2D-3534 - 23 bufs 51.750 MB]
02-27 20:56:43.273  1510 18624 I QC2Comp : Total Mem-usage: 66.926 MB
02-27 20:56:43.277 14128 14497 I metis_v2_OsenseCallBack: memLevel: 1 [Metis|com.oplus.metis|1.4.54-aa2067f]
02-27 20:56:43.359  4248  4248 D SubsysEventListenerManager-SubsysTelephonyCallback[1]: onSignalStrengthsChanged
02-27 20:56:43.374  3736  3959 I SystemUi--Statusbar: MobileConnectionRepositoryImpl-->subId:3 isSoftSimCard:false slotId:1
02-27 20:56:43.380  2026  3795 I Osense-PsiDetector: 1631,444,1960,7679,75,389,214,1273,1552,464,712,0,8,8200
02-27 20:56:43.380 14128 14497 I metis_v2_OsenseCallBack: memLevel: 2 [Metis|com.oplus.metis|1.4.54-aa2067f]
02-27 20:56:43.765  1540  1753 D BatteryChargeControl: bcc get no support from charging protocol
02-27 20:56:43.983  2026  4174 I OplusHansManager : uid=10300, pkg=com.facebook.katana F enter(), M stay=10
02-27 20:56:44.013  2026  4174 I OplusHansManager : freeze uid: 10300 com.facebook.katana pids: [10619, 13629] IsolatedUid: [99175] scene: LcdOn
02-27 20:56:44.014  2026  4192 I OplusHansManager : p_BC uid=10300 pkg=com.facebook.katana
02-27 20:56:44.014  2026  4192 I OplusCameraManagerGlobal: reportAppFreeze E
02-27 20:56:44.015 10532 10537 D IHansComunication: HANS sendMessageToKernel: threadId = 526745844848, netLinkSetup = 1, type = PKG, targetUid = 10300, pkgCmd = ADD_ONE_UID
02-27 20:56:44.015  2026  4192 I OplusBinderProxy: proxyBinder uid: 10300 pkg: com.facebook.katana proxy: true calling: OFreezer
02-27 20:56:44.121  2026  3448 D WifiStaIfaceHidlImpl: getCachedScanData is not implemented by HIDL
02-27 20:56:44.126  1535  4282 E PerformanceService: storage_feature: open /sys/devices/platform/soc/112b0000.ufshci//virtualtlcbuff fail
02-27 20:56:44.137  4248  4248 D VendorWifiService: onEvent event:9,action:1
02-27 20:56:44.141  2026  3554 D OplusWifiPower_TriggerCenter: mComponentCallback: wifistat
02-27 20:56:44.175  4130  4583 D CommonApp-271-10497: transport layer data is invalid
02-27 20:56:44.317 14128 14497 I metis_v2_OsenseCallBack: memLevel: 1 [Metis|com.oplus.metis|1.4.54-aa2067f]
02-27 20:56:44.421  2026  3795 I Osense-PsiDetector: 1633,445,1959,7679,75,389,214,1271,1551,464,712,0,8,8199
02-27 20:56:44.422 14128 14497 I metis_v2_OsenseCallBack: memLevel: 2 [Metis|com.oplus.metis|1.4.54-aa2067f]
02-27 20:56:44.768  1540  1753 D BatteryChargeControl: bcc get no support from charging protocol
02-27 20:56:45.017 10532 10537 D IHansComunication: HANS sendMessageToKernel: threadId = 526745844848, netLinkSetup = 1, type = FROZEN_TRANS, targetUid = 10300, pkgCmd = PKG_CMD_MAX
02-27 20:56:45.020  1540  1717 D vendor.oplus.hardware.charger-V6-service: ret_value:127, read content:,375,363,3688,3688,-65,500,2200,11,12,1,4,-1,4931,11,1,0,1,1,0,0,4425,0,2,0,2,0,0,0,366,0,1,1,0,0,61,61,61,0,0,0,0,0,0,0,0,0,0
02-27 20:56:45.020  1540  1717 D vendor.oplus.hardware.charger-V6-service: gmtime: 2026-02-27-20-56-45
02-27 20:56:45.021  1540  1717 D vendor.oplus.hardware.charger-V6-service: usb_online:1, ac_online:0, wireless_online:-2147483648
02-27 20:56:45.195  7647 31827 D gaia-GaiaConnectChecker: start connect check++
02-27 20:56:45.199  4130  4583 D CommonApp-271-10497: transport layer data is invalid
02-27 20:56:45.210  7647 31760 D gaia-GaiaConnectChecker: start connect check++
02-27 20:56:45.296  1540  1540 D vendor.oplus.hardware.charger-V6-service: get_ui_charge_icon_type 0 0 0 0 0
02-27 20:56:45.297  1540  1540 D vendor.oplus.hardware.charger-V6-service: oplus_chg_get_cpa_power 2500 charge_online 1 retention_topic 0
02-27 20:56:45.307  2026  2844 D OplusDisplayBrightnessBroadcastReceiver: onReceive action = android.intent.action.BATTERY_CHANGED , listeners = [com.android.server.display.OplusFeatureHDREnhanceBrightness$PhoneInfoReceiver@d078a20, com.android.server.display.OplusFeatureEdrEnhanceBrightness$PhoneInfoReceiver@d0bbfd9]
02-27 20:56:45.307  4248  4248 D SubsysBroadcastManager: onReceive action:android.intent.action.BATTERY_CHANGED
02-27 20:56:45.308  3736  3736 I SystemUi--Statusbar: BatteryControllerExt-->updateBatteryChangeIntent():broadcast=android.intent.action.BATTERY_CHANGED,level=12,scale=100
02-27 20:56:45.308  3736  3736 I SystemUi--Statusbar: BatteryRepository-->level: 12 -- isSavingMode: false
02-27 20:56:45.309 26084 26084 D DeviceStatisticsService: onReceive: action= android.intent.action.BATTERY_CHANGED
02-27 20:56:45.313  7792  9430 E Battery : ChargeProtectionUtils: mCanlendarTmp.isEmpty()!
02-27 20:56:45.314 26780 26780 D CustomLogManagerService: onReceive android.intent.action.BATTERY_CHANGED
02-27 20:56:45.330   646   646 E lowmemorykiller: device memory 417856 free 113849 file 301420
02-27 20:56:45.332  1540  1540 D vendor.oplus.hardware.charger-V6-service: getChargerControl:sub_current=100
02-27 20:56:45.332  1540  1540 D vendor.oplus.hardware.charger-V6-service: sub_voltage=3800
02-27 20:56:45.332  1540  1540 D vendor.oplus.hardware.charger-V6-service: sub_soc=-1
02-27 20:56:45.332  1540  1540 D vendor.oplus.hardware.charger-V6-service: sub_temperature=250
02-27 20:56:45.332  1540  1540 D vendor.oplus.hardware.charger-V6-service: main_soc=11
02-27 20:56:45.356 14128 14497 I metis_v2_OsenseCallBack: memLevel: 1 [Metis|com.oplus.metis|1.4.54-aa2067f]
02-27 20:56:45.431   646   646 E lowmemorykiller: device memory 413125 free 109061 file 301477
02-27 20:56:45.441  9645  9690 I gle.android.gms: Explicit concurrent copying GC freed 3248KB AllocSpace bytes, 0(0B) LOS objects, 24% free, 8184KB/10MB, paused 145us,29us total 167.537ms
02-27 20:56:45.461  2026  3795 I Osense-PsiDetector: 1619,431,1978,7679,75,389,214,1287,1552,465,712,0,8,8200
02-27 20:56:45.461 14128 14497 I metis_v2_OsenseCallBack: memLevel: 2 [Metis|com.oplus.metis|1.4.54-aa2067f]
02-27 20:56:45.504  1510  8349 I QC2Comp : [vp9D_3966] Stats: Pending(3) i/p-done(0) Works: Q: 26/Done 25|Work-Rate: Q(0.0/s Avg=0.0/s) Done(0.000/s Avg=0.001/s)| Stream: 30.30fps 174.6Kbps
02-27 20:56:45.504  1510  8349 I QC2Comp : Mem-usage:  [In-1D - 5 bufs 14.941 MB] [1D-0 - 15 bufs 0.234 MB] [2D-3823 - 23 bufs 17.250 MB]
02-27 20:56:45.504  1510  8349 I QC2Comp : Total Mem-usage: 32.426 MB
02-27 20:56:45.777  1540  1753 D BatteryChargeControl: bcc get no support from charging protocol
02-27 20:56:45.909  9934  8347 I OplusFeedbackInfo: 0xb4000078a9acaf00 c2.qti.vp9.decoder codec[0xb40000786d867000] 640x360 inputFps=0 outputFps=0 renderFps=0, discardFps=0
02-27 20:56:45.980  1540  1540 D vendor.oplus.hardware.charger-V6-service: getChargerControl:sub_current=100
02-27 20:56:45.980  1540  1540 D vendor.oplus.hardware.charger-V6-service: sub_voltage=3800
02-27 20:56:45.980  1540  1540 D vendor.oplus.hardware.charger-V6-service: sub_soc=-1
02-27 20:56:45.980  1540  1540 D vendor.oplus.hardware.charger-V6-service: sub_temperature=250
02-27 20:56:45.980  1540  1540 D vendor.oplus.hardware.charger-V6-service: main_soc=11
02-27 20:56:46.223  4130  4583 D CommonApp-271-10497: transport layer data is invalid
02-27 20:56:46.244   646   646 E lowmemorykiller: device memory 414872 free 110755 file 301530
02-27 20:56:46.397 14128 14497 I metis_v2_OsenseCallBack: memLevel: 1 [Metis|com.oplus.metis|1.4.54-aa2067f]
02-27 20:56:46.497  2026  3795 I Osense-PsiDetector: 1620,432,1978,7679,75,389,214,1288,1552,465,712,0,8,8200
02-27 20:56:46.497 14128 14497 I metis_v2_OsenseCallBack: memLevel: 2 [Metis|com.oplus.metis|1.4.54-aa2067f]
02-27 20:56:46.597   646   646 E lowmemorykiller: device memory 413809 free 109691 file 301531
02-27 20:56:46.776  5229  5303 E horae   : 0: back:36368,frame:35260,front:37384, 30 6, +(1157), 1 ,39322,36500,38645,38541, target_temp:37384, algo:0
02-27 20:56:46.780  7270 29953 D ShellSubscriberWorkerThread: the first 8 bytes empty, and RestData length > 8 
02-27 20:56:46.780  1540  1753 D BatteryChargeControl: bcc get no support from charging protocol
02-27 20:56:47.145  2026  3448 D WifiStaIfaceHidlImpl: getCachedScanData is not implemented by HIDL
02-27 20:56:47.160  4248  4248 D VendorWifiService: onEvent event:9,action:1
02-27 20:56:47.168  2026  3554 D OplusWifiPower_TriggerCenter: mComponentCallback: wifistat
02-27 20:56:47.198 14612 15418 I Supabase-Realtime: Heartbeat received
02-27 20:56:47.251  4130  4583 D CommonApp-271-10497: commonScoreStrategy scenarios low package
02-27 20:56:47.266  2026  4107 I OplusBinderProxy: pb uid: 10300 pid: 10619 desc: com.android.internal.telephony.IPhoneStateListener/10
02-27 20:56:47.268  4248  4248 D SubsysEventListenerManager-SubsysTelephonyCallback[1]: onSignalStrengthsChanged
02-27 20:56:47.278  3736  3959 I SystemUi--Statusbar: MobileConnectionRepositoryImpl-->subId:3 isSoftSimCard:false slotId:1
02-27 20:56:47.316 26780 23512 D CustomLogManagerService: WorkHandler msg.what :5
02-27 20:56:47.319 26780 23512 D CustomLogManagerService: user experience toggle off
02-27 20:56:47.434 14128 14497 I metis_v2_OsenseCallBack: memLevel: 1 [Metis|com.oplus.metis|1.4.54-aa2067f]
02-27 20:56:47.537 14128 14497 I metis_v2_OsenseCallBack: memLevel: 2 [Metis|com.oplus.metis|1.4.54-aa2067f]
02-27 20:56:47.538  2026  3795 I Osense-PsiDetector: 1616,428,1982,7679,75,389,214,1293,1551,465,712,0,8,8200
02-27 20:56:47.783  1540  1753 D BatteryChargeControl: bcc get no support from charging protocol
02-27 20:56:48.271  4130  4583 D CommonApp-271-10497: transport layer data is invalid
02-27 20:56:48.274  1510 18624 I QC2Comp : [vp9D_3677] Stats: Pending(3) i/p-done(0) Works: Q: 26/Done 25|Work-Rate: Q(0.0/s Avg=0.0/s) Done(0.000/s Avg=0.000/s)| Stream: 25.00fps 328.6Kbps
02-27 20:56:48.274  1510 18624 I QC2Comp : Mem-usage:  [In-1D - 5 bufs 14.941 MB] [1D-0 - 15 bufs 0.234 MB] [2D-3534 - 23 bufs 51.750 MB]
02-27 20:56:48.274  1510 18624 I QC2Comp : Total Mem-usage: 66.926 MB
02-27 20:56:48.416  4130  4583 D CommonApp-271-10497: DefaultState EVENT_SCENARIOS_CHANGE
02-27 20:56:48.416  4130  4583 D CommonApp-271-10497: scene=COMMON pn=com.esiri.esiriplus
02-27 20:56:48.469 14128 14497 I metis_v2_OsenseCallBack: memLevel: 1 [Metis|com.oplus.metis|1.4.54-aa2067f]
02-27 20:56:48.573  2026  3795 I Osense-PsiDetector: 1618,430,1980,7679,75,389,214,1291,1551,465,712,0,8,8200
02-27 20:56:48.573 14128 14497 I metis_v2_OsenseCallBack: memLevel: 2 [Metis|com.oplus.metis|1.4.54-aa2067f]
02-27 20:56:48.633  7270 19649 E MIDASApplication: MIDASPullAtomManager: onPullAtom 150122
02-27 20:56:48.683  2026  4109 W Settings: Setting notification_bubbles has moved from android.provider.Settings.Global to android.provider.Settings.Secure, returning read-only value.
02-27 20:56:48.683  2026  4109 W Settings: Setting apply_ramping_ringer has moved from android.provider.Settings.Global to android.provider.Settings.System, returning read-only value.
02-27 20:56:48.690  2026  4109 W SettingsStatsUtil: Can not parse value to float: +network
02-27 20:56:48.785  1540  1753 D BatteryChargeControl: bcc get no support from charging protocol
02-27 20:56:49.125  1535  4282 E PerformanceService: storage_feature: open /sys/devices/platform/soc/112b0000.ufshci//virtualtlcbuff fail
02-27 20:56:49.295  4130  4583 D CommonApp-271-10497: transport layer data is invalid
02-27 20:56:49.506 14128 14497 I metis_v2_OsenseCallBack: memLevel: 1 [Metis|com.oplus.metis|1.4.54-aa2067f]
02-27 20:56:49.608  2026  3795 I Osense-PsiDetector: 1618,430,1978,7679,75,389,214,1290,1551,465,712,0,8,8200
02-27 20:56:49.610 14128 14497 I metis_v2_OsenseCallBack: memLevel: 2 [Metis|com.oplus.metis|1.4.54-aa2067f]
02-27 20:56:49.789  1540  1753 D BatteryChargeControl: bcc get no support from charging protocol
02-27 20:56:50.021  1540  1717 D vendor.oplus.hardware.charger-V6-service: ret_value:127, read content:,375,364,3697,3697,-49,500,2200,11,12,1,4,-1,4927,11,1,0,1,1,0,0,4425,0,2,0,2,0,0,0,365,0,1,1,0,0,61,61,61,0,0,0,0,0,0,0,0,0,0
02-27 20:56:50.022  1540  1717 D vendor.oplus.hardware.charger-V6-service: gmtime: 2026-02-27-20-56-50
02-27 20:56:50.023  1540  1717 D vendor.oplus.hardware.charger-V6-service: usb_online:1, ac_online:0, wireless_online:-2147483648
02-27 20:56:50.172  2026  3448 D WifiStaIfaceHidlImpl: getCachedScanData is not implemented by HIDL
02-27 20:56:50.184  4248  4248 D VendorWifiService: onEvent event:9,action:1
02-27 20:56:50.190  2026  3554 D OplusWifiPower_TriggerCenter: mComponentCallback: wifistat
02-27 20:56:50.320  4130  4583 D CommonApp-271-10497: transport layer data is invalid
02-27 20:56:50.439  1540  1540 D vendor.oplus.hardware.charger-V6-service: get_ui_charge_icon_type 0 0 0 0 0
02-27 20:56:50.442  1540  1540 D vendor.oplus.hardware.charger-V6-service: oplus_chg_get_cpa_power 2500 charge_online 1 retention_topic 0
02-27 20:56:50.505  1510  8349 I QC2Comp : [vp9D_3966] Stats: Pending(3) i/p-done(0) Works: Q: 26/Done 25|Work-Rate: Q(0.0/s Avg=0.0/s) Done(0.000/s Avg=0.001/s)| Stream: 30.30fps 174.6Kbps
02-27 20:56:50.505  1510  8349 I QC2Comp : Mem-usage:  [In-1D - 5 bufs 14.941 MB] [1D-0 - 15 bufs 0.234 MB] [2D-3823 - 23 bufs 17.250 MB]
02-27 20:56:50.505  1510  8349 I QC2Comp : Total Mem-usage: 32.426 MB
02-27 20:56:50.545 14128 14497 I metis_v2_OsenseCallBack: memLevel: 1 [Metis|com.oplus.metis|1.4.54-aa2067f]
02-27 20:56:50.650  2026  3795 I Osense-PsiDetector: 1619,431,1976,7679,75,389,214,1289,1551,465,712,0,8,8200
02-27 20:56:50.651 14128 14497 I metis_v2_OsenseCallBack: memLevel: 2 [Metis|com.oplus.metis|1.4.54-aa2067f]
02-27 20:56:50.792  1540  1753 D BatteryChargeControl: bcc get no support from charging protocol
02-27 20:56:51.005  1540  1540 D vendor.oplus.hardware.charger-V6-service: getChargerControl:sub_current=100
02-27 20:56:51.005  1540  1540 D vendor.oplus.hardware.charger-V6-service: sub_voltage=3800
02-27 20:56:51.005  1540  1540 D vendor.oplus.hardware.charger-V6-service: sub_soc=-1
02-27 20:56:51.005  1540  1540 D vendor.oplus.hardware.charger-V6-service: sub_temperature=250
02-27 20:56:51.005  1540  1540 D vendor.oplus.hardware.charger-V6-service: main_soc=11
02-27 20:56:51.343  4130  4583 D CommonApp-271-10497: transport layer data is invalid
02-27 20:56:51.581 14128 14497 I metis_v2_OsenseCallBack: memLevel: 1 [Metis|com.oplus.metis|1.4.54-aa2067f]
02-27 20:56:51.686  2026  3795 I Osense-PsiDetector: 1620,432,1974,7679,75,389,214,1287,1550,465,712,0,8,8201
02-27 20:56:51.687 14128 14497 I metis_v2_OsenseCallBack: memLevel: 2 [Metis|com.oplus.metis|1.4.54-aa2067f]
02-27 20:56:51.783  7270 29953 D ShellSubscriberWorkerThread: the first 8 bytes empty, and RestData length > 8 
02-27 20:56:51.795  1540  1753 D BatteryChargeControl: bcc get no support from charging protocol
02-27 20:56:52.170   646   646 E lowmemorykiller: device memory 415387 free 110635 file 302165
02-27 20:56:52.368  4130  4583 D CommonApp-271-10497: transport layer data is invalid
02-27 20:56:52.429  4248  4248 D SubsysEventListenerManager-SubsysTelephonyCallback[1]: onSignalStrengthsChanged
02-27 20:56:52.444  3736  3959 I SystemUi--Statusbar: MobileConnectionRepositoryImpl-->subId:3 isSoftSimCard:false slotId:1
