02-27 20:56:52.617 14128 14497 I metis_v2_OsenseCallBack: memLevel: 1 [Metis|com.oplus.metis|1.4.54-aa2067f]
02-27 20:56:52.717  2026  3795 I Osense-PsiDetector: 1623,432,1973,7679,75,389,214,1286,1553,466,713,0,8,8201
02-27 20:56:52.718 14128 14497 I metis_v2_OsenseCallBack: memLevel: 2 [Metis|com.oplus.metis|1.4.54-aa2067f]
02-27 20:56:52.797  1540  1753 D BatteryChargeControl: bcc get no support from charging protocol
02-27 20:56:53.207  2026  3448 D WifiStaIfaceHidlImpl: getCachedScanData is not implemented by HIDL
02-27 20:56:53.231  4248  4248 D VendorWifiService: onEvent event:9,action:1
02-27 20:56:53.232  2026  3554 D OplusWifiPower_TriggerCenter: mComponentCallback: wifistat
02-27 20:56:53.274  1510 18624 I QC2Comp : [vp9D_3677] Stats: Pending(3) i/p-done(0) Works: Q: 26/Done 25|Work-Rate: Q(0.0/s Avg=0.0/s) Done(0.000/s Avg=0.000/s)| Stream: 25.00fps 328.6Kbps
02-27 20:56:53.274  1510 18624 I QC2Comp : Mem-usage:  [In-1D - 5 bufs 14.941 MB] [1D-0 - 15 bufs 0.234 MB] [2D-3534 - 23 bufs 51.750 MB]
02-27 20:56:53.274  1510 18624 I QC2Comp : Total Mem-usage: 66.926 MB
02-27 20:56:53.391  4130  4583 D CommonApp-271-10497: transport layer data is invalid
02-27 20:56:53.651 14128 14497 I metis_v2_OsenseCallBack: memLevel: 1 [Metis|com.oplus.metis|1.4.54-aa2067f]
02-27 20:56:53.754  2026  3795 I Osense-PsiDetector: 1624,434,1970,7679,75,389,214,1284,1552,466,713,0,8,8201
02-27 20:56:53.755 14128 14497 I metis_v2_OsenseCallBack: memLevel: 2 [Metis|com.oplus.metis|1.4.54-aa2067f]
02-27 20:56:53.800  1540  1753 D BatteryChargeControl: bcc get no support from charging protocol
02-27 20:56:54.125  1535  4282 E PerformanceService: storage_feature: open /sys/devices/platform/soc/112b0000.ufshci//virtualtlcbuff fail
02-27 20:56:54.416  4130  4583 D CommonApp-271-10497: transport layer data is invalid
02-27 20:56:54.689 14128 14497 I metis_v2_OsenseCallBack: memLevel: 1 [Metis|com.oplus.metis|1.4.54-aa2067f]
02-27 20:56:54.789  2026  3795 I Osense-PsiDetector: 1626,435,1968,7679,75,389,214,1282,1552,466,713,0,8,8201
02-27 20:56:54.790 14128 14497 I metis_v2_OsenseCallBack: memLevel: 2 [Metis|com.oplus.metis|1.4.54-aa2067f]
02-27 20:56:54.803  1540  1753 D BatteryChargeControl: bcc get no support from charging protocol
02-27 20:56:55.023  1540  1717 D vendor.oplus.hardware.charger-V6-service: ret_value:127, read content:,375,363,3697,3697,-71,500,2200,11,12,1,4,-1,4931,11,1,0,1,1,0,0,4425,0,2,0,2,0,0,0,366,0,1,1,0,0,61,61,61,0,0,0,0,0,0,0,0,0,0
02-27 20:56:55.024  1540  1717 D vendor.oplus.hardware.charger-V6-service: gmtime: 2026-02-27-20-56-55
02-27 20:56:55.024  1540  1717 D vendor.oplus.hardware.charger-V6-service: usb_online:1, ac_online:0, wireless_online:-2147483648
02-27 20:56:55.198  7647 31827 D gaia-GaiaConnectChecker: start connect check++
02-27 20:56:55.210  7647 31760 D gaia-GaiaConnectChecker: start connect check++
02-27 20:56:55.421  4130  4583 D CommonApp-271-10497: DefaultState EVENT_SCENARIOS_CHANGE
02-27 20:56:55.422  4130  4583 D CommonApp-271-10497: scene=COMMON pn=com.esiri.esiriplus
02-27 20:56:55.439  4130  4583 D CommonApp-271-10497: transport layer data is invalid
02-27 20:56:55.505  1510  8349 I QC2Comp : [vp9D_3966] Stats: Pending(3) i/p-done(0) Works: Q: 26/Done 25|Work-Rate: Q(0.0/s Avg=0.0/s) Done(0.000/s Avg=0.001/s)| Stream: 30.30fps 174.6Kbps
02-27 20:56:55.505  1510  8349 I QC2Comp : Mem-usage:  [In-1D - 5 bufs 14.941 MB] [1D-0 - 15 bufs 0.234 MB] [2D-3823 - 23 bufs 17.250 MB]
02-27 20:56:55.505  1510  8349 I QC2Comp : Total Mem-usage: 32.426 MB
02-27 20:56:55.726 14128 14497 I metis_v2_OsenseCallBack: memLevel: 1 [Metis|com.oplus.metis|1.4.54-aa2067f]
02-27 20:56:55.806  1540  1753 D BatteryChargeControl: bcc get no support from charging protocol
02-27 20:56:55.829  2026  3795 I Osense-PsiDetector: 1627,437,1967,7679,75,389,214,1281,1552,466,713,0,8,8200
02-27 20:56:55.829 14128 14497 I metis_v2_OsenseCallBack: memLevel: 2 [Metis|com.oplus.metis|1.4.54-aa2067f]
02-27 20:56:55.933  2026  3795 I Osense-PsiDetector: 1627,437,1966,7679,75,389,214,1280,1552,466,713,0,8,8200
02-27 20:56:55.935  2026  3784 I Osense-BaseDecisionMaker: notifySceneToAthenaPolicy: SCENE_RES_MEM_PSI_NORMAL, bundle: Bundle[{memLevel=3}]
02-27 20:56:56.029  1540  1540 D vendor.oplus.hardware.charger-V6-service: getChargerControl:sub_current=100
02-27 20:56:56.029  1540  1540 D vendor.oplus.hardware.charger-V6-service: sub_voltage=3800
02-27 20:56:56.029  1540  1540 D vendor.oplus.hardware.charger-V6-service: sub_soc=-1
02-27 20:56:56.029  1540  1540 D vendor.oplus.hardware.charger-V6-service: sub_temperature=250
02-27 20:56:56.029  1540  1540 D vendor.oplus.hardware.charger-V6-service: main_soc=11
02-27 20:56:56.239  2026  3448 D WifiStaIfaceHidlImpl: getCachedScanData is not implemented by HIDL
02-27 20:56:56.260  4248  4248 D VendorWifiService: onEvent event:9,action:1
02-27 20:56:56.261  2026  3554 D OplusWifiPower_TriggerCenter: mComponentCallback: wifistat
02-27 20:56:56.312  1540  1540 D vendor.oplus.hardware.charger-V6-service: get_ui_charge_icon_type 0 0 0 0 0
02-27 20:56:56.313  1540  1540 D vendor.oplus.hardware.charger-V6-service: oplus_chg_get_cpa_power 2500 charge_online 1 retention_topic 0
02-27 20:56:56.463  4130  4583 D CommonApp-271-10497: transport layer data is invalid
02-27 20:56:56.769 14128 14497 I metis_v2_OsenseCallBack: memLevel: 1 [Metis|com.oplus.metis|1.4.54-aa2067f]
02-27 20:56:56.809  1540  1753 D BatteryChargeControl: bcc get no support from charging protocol
02-27 20:56:56.871   646   646 E lowmemorykiller: device memory 417400 free 112247 file 302566
02-27 20:56:56.873  2026  3795 I Osense-PsiDetector: 1629,437,1965,7679,75,389,214,1280,1554,467,714,0,8,8200
02-27 20:56:56.875 14128 14497 I metis_v2_OsenseCallBack: memLevel: 2 [Metis|com.oplus.metis|1.4.54-aa2067f]
02-27 20:56:56.912  9645  9645 D BoundBrokerSvc: onBind: Intent { act=com.google.android.gms.onboardingconsent.api.ConsentManagerApiService.START dat=chimera-action:/... cmp=com.google.android.gms/.chimera.GmsApiService mCallingUid=10116 }
02-27 20:56:56.912  9645  9645 D BoundBrokerSvc: Loading bound service for intent: Intent { act=com.google.android.gms.onboardingconsent.api.ConsentManagerApiService.START dat=chimera-action:/... cmp=com.google.android.gms/.chimera.GmsApiService mCallingUid=10116 }
02-27 20:56:56.913   646   646 E lowmemorykiller: device memory 417498 free 111205 file 303706
02-27 20:56:56.917  1318 24659 E TetherController: property_get sys.radio.data.modem_share_flag return 0, 1!
02-27 20:56:56.924  9645 13187 W ConsentManagerApiServic: Consent Manager API is not enabled. [CONTEXT service_id=460 ]
02-27 20:56:56.954  2026  4109 I LocationManagerService: incoming location from: network
02-27 20:56:56.955  2026  4109 I LocationManagerService: incoming location from: network
02-27 20:56:57.013   646   646 E lowmemorykiller: device memory 417231 free 107746 file 306898
02-27 20:56:57.217   646   646 E lowmemorykiller: device memory 417469 free 107754 file 307128
02-27 20:56:57.488  4130  4583 D CommonApp-271-10497: transport layer data is invalid
02-27 20:56:57.810 14128 14497 I metis_v2_OsenseCallBack: memLevel: 1 [Metis|com.oplus.metis|1.4.54-aa2067f]
02-27 20:56:57.812  1540  1753 D BatteryChargeControl: bcc get no support from charging protocol
02-27 20:56:57.894 20407 20407 D BoundBrokerSvc: onRebind: Intent { act=com.google.android.gms.libs.gmscorelogger.service.START dat=chimera-action:/... cmp=com.google.android.gms/.chimera.PersistentDirectBootAwareApiService mCallingUid=10116 }
02-27 20:56:57.911   646   646 E lowmemorykiller: device memory 417436 free 107683 file 307166
02-27 20:56:57.912  2026  3795 I Osense-PsiDetector: 1630,420,1964,7679,75,389,214,1280,1572,471,728,0,8,8204
02-27 20:56:57.912 14128 14497 I metis_v2_OsenseCallBack: memLevel: 2 [Metis|com.oplus.metis|1.4.54-aa2067f]
02-27 20:56:58.013   646   646 E lowmemorykiller: device memory 417392 free 107620 file 307185
02-27 20:56:58.275  1510 18624 I QC2Comp : [vp9D_3677] Stats: Pending(3) i/p-done(0) Works: Q: 26/Done 25|Work-Rate: Q(0.0/s Avg=0.0/s) Done(0.000/s Avg=0.000/s)| Stream: 25.00fps 328.6Kbps
02-27 20:56:58.275  1510 18624 I QC2Comp : Mem-usage:  [In-1D - 5 bufs 14.941 MB] [1D-0 - 15 bufs 0.234 MB] [2D-3534 - 23 bufs 51.750 MB]
02-27 20:56:58.275  1510 18624 I QC2Comp : Total Mem-usage: 66.926 MB
02-27 20:56:58.512  4130  4583 D CommonApp-271-10497: transport layer data is invalid
02-27 20:56:58.814  1540  1753 D BatteryChargeControl: bcc get no support from charging protocol
02-27 20:56:58.847 14128 14497 I metis_v2_OsenseCallBack: memLevel: 1 [Metis|com.oplus.metis|1.4.54-aa2067f]
02-27 20:56:58.949  2026  3795 I Osense-PsiDetector: 1630,420,1963,7679,75,389,214,1280,1572,471,728,0,8,8204
02-27 20:56:58.949 14128 14497 I metis_v2_OsenseCallBack: memLevel: 2 [Metis|com.oplus.metis|1.4.54-aa2067f]
02-27 20:56:59.125  1535  4282 E PerformanceService: storage_feature: open /sys/devices/platform/soc/112b0000.ufshci//virtualtlcbuff fail
02-27 20:56:59.265  2026  3448 D WifiStaIfaceHidlImpl: getCachedScanData is not implemented by HIDL
02-27 20:56:59.280  4248  4248 D VendorWifiService: onEvent event:9,action:1
02-27 20:56:59.291  2026  3554 D OplusWifiPower_TriggerCenter: mComponentCallback: wifistat
02-27 20:56:59.358  4248  4248 D SubsysEventListenerManager-SubsysTelephonyCallback[1]: onSignalStrengthsChanged
02-27 20:56:59.365  3736  3959 I SystemUi--Statusbar: MobileConnectionRepositoryImpl-->subId:3 isSoftSimCard:false slotId:1
02-27 20:56:59.535  4130  4583 D CommonApp-271-10497: transport layer data is invalid
02-27 20:56:59.795  3736  8308 I PluginSeedling--Origin: OSenseManager-->isMEMHighPressure oldState:false newState: false isMEMHighPressure:false
02-27 20:56:59.816  1540  1753 D BatteryChargeControl: bcc get no support from charging protocol
02-27 20:56:59.843   646   646 E lowmemorykiller: device memory 417509 free 107695 file 307227
02-27 20:56:59.885 14128 14497 I metis_v2_OsenseCallBack: memLevel: 1 [Metis|com.oplus.metis|1.4.54-aa2067f]
02-27 20:56:59.989  2026  3795 I Osense-PsiDetector: 1630,420,1960,7679,75,389,214,1277,1572,471,728,0,8,8204
02-27 20:56:59.989 14128 14497 I metis_v2_OsenseCallBack: memLevel: 2 [Metis|com.oplus.metis|1.4.54-aa2067f]
02-27 20:57:00.001  2026  3361 V AlarmManager: sending alarm Alarm{15f8a96 type 3 origWhen 1204228323 whenElapsed 1204228323 android} uid 1000 whenElapsed 1204228323 windowLength 0 maxWhenElapsed 1204228323 repeatInterval 0 action null component null tag TIME_TICK flags 0x9 procName system_server
02-27 20:57:00.003  3736  3736 I SystemUi--SystemUi--: Clock-->smallTime: 20:57
02-27 20:57:00.005  3736  3736 I SystemUi--SystemUi--: Clock-->smallTime: 20:57
02-27 20:57:00.008  4248  4248 D SubsysBroadcastManager: onReceive action:android.intent.action.TIME_TICK
02-27 20:57:00.025  1540  1717 D vendor.oplus.hardware.charger-V6-service: ret_value:127, read content:,375,364,3697,3697,-70,500,2200,11,12,1,4,-1,4931,11,1,0,1,1,0,0,4425,0,2,0,2,0,0,0,366,0,1,1,0,0,61,61,61,0,0,0,0,0,0,0,0,0,0
02-27 20:57:00.025  1540  1717 D vendor.oplus.hardware.charger-V6-service: gmtime: 2026-02-27-20-57-00
02-27 20:57:00.027  1540  1717 D vendor.oplus.hardware.charger-V6-service: usb_online:1, ac_online:0, wireless_online:-2147483648
02-27 20:57:00.028  2026  2844 D OplusDisplayBrightnessBroadcastReceiver: onReceive action = android.intent.action.TIME_TICK , listeners = [com.android.server.display.ambience.events.event.TimeEvent$TimeChangeReceiver@6fe82a1]
02-27 20:57:00.030  7792  8952 D PhoneScreenOnTime: affairType:231
02-27 20:57:00.041  7792  8952 D PhoneUsageTime: affairType:231
02-27 20:57:00.506  1510  8349 I QC2Comp : [vp9D_3966] Stats: Pending(3) i/p-done(0) Works: Q: 26/Done 25|Work-Rate: Q(0.0/s Avg=0.0/s) Done(0.000/s Avg=0.001/s)| Stream: 30.30fps 174.6Kbps
02-27 20:57:00.506  1510  8349 I QC2Comp : Mem-usage:  [In-1D - 5 bufs 14.941 MB] [1D-0 - 15 bufs 0.234 MB] [2D-3823 - 23 bufs 17.250 MB]
02-27 20:57:00.506  1510  8349 I QC2Comp : Total Mem-usage: 32.426 MB
02-27 20:57:00.559  4130  4583 D CommonApp-271-10497: transport layer data is invalid
02-27 20:57:00.818  1540  1753 D BatteryChargeControl: bcc get no support from charging protocol
02-27 20:57:00.929 14128 14497 I metis_v2_OsenseCallBack: memLevel: 1 [Metis|com.oplus.metis|1.4.54-aa2067f]
02-27 20:57:01.033  2026  3795 I Osense-PsiDetector: 1632,421,1959,7679,75,389,213,1276,1572,471,728,0,8,8204
02-27 20:57:01.034 14128 14497 I metis_v2_OsenseCallBack: memLevel: 2 [Metis|com.oplus.metis|1.4.54-aa2067f]
02-27 20:57:01.051  1540  1540 D vendor.oplus.hardware.charger-V6-service: getChargerControl:sub_current=100
02-27 20:57:01.051  1540  1540 D vendor.oplus.hardware.charger-V6-service: sub_voltage=3800
02-27 20:57:01.051  1540  1540 D vendor.oplus.hardware.charger-V6-service: sub_soc=-1
02-27 20:57:01.051  1540  1540 D vendor.oplus.hardware.charger-V6-service: sub_temperature=250
02-27 20:57:01.051  1540  1540 D vendor.oplus.hardware.charger-V6-service: main_soc=11
02-27 20:57:01.121  7957  6863 I PTC.DISC.AndroidMultiLanServer: Watcher sysNif=[wlan0], userNif=[wlan0 state=(LISTEN JOIN(05A86A|11648)), ], clientNif=[wlan0 state=(LISTEN), ], tcpServer state=LISTEN, ipv4=**68.1.3
02-27 20:57:01.584  4130  4583 D CommonApp-271-10497: transport layer data is invalid
02-27 20:57:01.782  7270 29953 D ShellSubscriberWorkerThread: the first 8 bytes empty, and RestData length > 8 
02-27 20:57:01.821  1540  1753 D BatteryChargeControl: bcc get no support from charging protocol
02-27 20:57:01.892  3978 25348 D IpClient/wlan0: interfaceLinkStateChanged: ifindex 27 up
02-27 20:57:01.930  9645  9645 D BoundBrokerSvc: onUnbind: Intent { act=com.google.android.gms.onboardingconsent.api.ConsentManagerApiService.START dat=chimera-action:/... cmp=com.google.android.gms/.chimera.GmsApiService mCallingUid=10116 }
02-27 20:57:01.943  1318 24659 E TetherController: property_get sys.radio.data.modem_share_flag return 0, 1!
02-27 20:57:01.970 14128 14497 I metis_v2_OsenseCallBack: memLevel: 1 [Metis|com.oplus.metis|1.4.54-aa2067f]
02-27 20:57:02.074  2026  3795 I Osense-PsiDetector: 1635,424,1957,7679,75,389,213,1273,1572,471,728,0,8,8203
02-27 20:57:02.075 14128 14497 I metis_v2_OsenseCallBack: memLevel: 2 [Metis|com.oplus.metis|1.4.54-aa2067f]
02-27 20:57:02.189 14612 15418 I Supabase-Realtime: Heartbeat received
02-27 20:57:02.293  2026  3448 D WifiStaIfaceHidlImpl: getCachedScanData is not implemented by HIDL
02-27 20:57:02.313  4248  4248 D VendorWifiService: onEvent event:9,action:1
02-27 20:57:02.317  2026  3554 D OplusWifiPower_TriggerCenter: mComponentCallback: wifistat
02-27 20:57:02.428  4130  4583 D CommonApp-271-10497: DefaultState EVENT_SCENARIOS_CHANGE
02-27 20:57:02.428  4130  4583 D CommonApp-271-10497: scene=COMMON pn=com.esiri.esiriplus
02-27 20:57:02.454  1540  1540 D vendor.oplus.hardware.charger-V6-service: get_ui_charge_icon_type 0 0 0 0 0
02-27 20:57:02.456  1540  1540 D vendor.oplus.hardware.charger-V6-service: oplus_chg_get_cpa_power 2500 charge_online 1 retention_topic 0
02-27 20:57:02.609  4130  4583 D CommonApp-271-10497: commonScoreStrategy scenarios low package
02-27 20:57:02.825  1540  1753 D BatteryChargeControl: bcc get no support from charging protocol
02-27 20:57:03.005 14128 14497 I metis_v2_OsenseCallBack: memLevel: 1 [Metis|com.oplus.metis|1.4.54-aa2067f]
02-27 20:57:03.109  2026  3795 I Osense-PsiDetector: 1635,424,1956,7679,75,389,213,1272,1572,471,728,0,8,8203
02-27 20:57:03.111 14128 14497 I metis_v2_OsenseCallBack: memLevel: 2 [Metis|com.oplus.metis|1.4.54-aa2067f]
02-27 20:57:03.276  1510 18624 I QC2Comp : [vp9D_3677] Stats: Pending(3) i/p-done(0) Works: Q: 26/Done 25|Work-Rate: Q(0.0/s Avg=0.0/s) Done(0.000/s Avg=0.000/s)| Stream: 25.00fps 328.6Kbps
02-27 20:57:03.276  1510 18624 I QC2Comp : Mem-usage:  [In-1D - 5 bufs 14.941 MB] [1D-0 - 15 bufs 0.234 MB] [2D-3534 - 23 bufs 51.750 MB]
02-27 20:57:03.276  1510 18624 I QC2Comp : Total Mem-usage: 66.926 MB
02-27 20:57:03.631  4130  4583 D CommonApp-271-10497: transport layer data is invalid
02-27 20:57:03.828  1540  1753 D BatteryChargeControl: bcc get no support from charging protocol
02-27 20:57:03.925  2026  4109 D CompatChangeReporter: Compat change id reported: 311208629; UID 10116; state: ENABLED
02-27 20:57:04.046 14128 14497 I metis_v2_OsenseCallBack: memLevel: 1 [Metis|com.oplus.metis|1.4.54-aa2067f]
02-27 20:57:04.125  1535  4282 E PerformanceService: storage_feature: open /sys/devices/platform/soc/112b0000.ufshci//virtualtlcbuff fail
02-27 20:57:04.150  2026  3795 I Osense-PsiDetector: 1636,425,1956,7679,75,389,213,1272,1572,471,728,0,8,8202
02-27 20:57:04.151 14128 14497 I metis_v2_OsenseCallBack: memLevel: 2 [Metis|com.oplus.metis|1.4.54-aa2067f]
02-27 20:57:04.480  4248  4248 D SubsysEventListenerManager-SubsysTelephonyCallback[1]: onSignalStrengthsChanged
02-27 20:57:04.493  3736  3959 I SystemUi--Statusbar: MobileConnectionRepositoryImpl-->subId:3 isSoftSimCard:false slotId:1
02-27 20:57:04.555   646   646 E lowmemorykiller: device memory 418973 free 108738 file 307545
02-27 20:57:04.655  4130  4583 D CommonApp-271-10497: transport layer data is invalid
02-27 20:57:04.831  1540  1753 D BatteryChargeControl: bcc get no support from charging protocol
02-27 20:57:05.028  1540  1717 D vendor.oplus.hardware.charger-V6-service: ret_value:127, read content:,374,363,3697,3697,-57,500,2200,11,12,1,4,-1,4931,11,1,0,1,1,0,0,4425,0,2,0,2,0,0,0,366,0,1,1,0,0,61,61,61,0,0,0,0,0,0,0,0,0,0
02-27 20:57:05.028  1540  1717 D vendor.oplus.hardware.charger-V6-service: gmtime: 2026-02-27-20-57-05
02-27 20:57:05.029  1540  1717 D vendor.oplus.hardware.charger-V6-service: usb_online:1, ac_online:0, wireless_online:-2147483648
02-27 20:57:05.086 14128 14497 I metis_v2_OsenseCallBack: memLevel: 1 [Metis|com.oplus.metis|1.4.54-aa2067f]
02-27 20:57:05.189  2026  3795 I Osense-PsiDetector: 1636,424,1955,7679,75,389,213,1272,1573,471,729,0,8,8202
02-27 20:57:05.190 14128 14497 I metis_v2_OsenseCallBack: memLevel: 2 [Metis|com.oplus.metis|1.4.54-aa2067f]
02-27 20:57:05.198  7647 31827 D gaia-GaiaConnectChecker: start connect check++
02-27 20:57:05.211  7647 31760 D gaia-GaiaConnectChecker: start connect check++
02-27 20:57:05.323  2026  3448 D WifiStaIfaceHidlImpl: getCachedScanData is not implemented by HIDL
02-27 20:57:05.343  4248  4248 D VendorWifiService: onEvent event:9,action:1
02-27 20:57:05.348  2026  3554 D OplusWifiPower_TriggerCenter: mComponentCallback: wifistat
02-27 20:57:05.507  1510  8349 I QC2Comp : [vp9D_3966] Stats: Pending(3) i/p-done(0) Works: Q: 26/Done 25|Work-Rate: Q(0.0/s Avg=0.0/s) Done(0.000/s Avg=0.001/s)| Stream: 30.30fps 174.6Kbps
02-27 20:57:05.507  1510  8349 I QC2Comp : Mem-usage:  [In-1D - 5 bufs 14.941 MB] [1D-0 - 15 bufs 0.234 MB] [2D-3823 - 23 bufs 17.250 MB]
02-27 20:57:05.507  1510  8349 I QC2Comp : Total Mem-usage: 32.426 MB
02-27 20:57:05.680  4130  4583 D CommonApp-271-10497: transport layer data is invalid
02-27 20:57:05.834  1540  1753 D BatteryChargeControl: bcc get no support from charging protocol
02-27 20:57:06.072  1540  1540 D vendor.oplus.hardware.charger-V6-service: getChargerControl:sub_current=100
02-27 20:57:06.072  1540  1540 D vendor.oplus.hardware.charger-V6-service: sub_voltage=3800
02-27 20:57:06.072  1540  1540 D vendor.oplus.hardware.charger-V6-service: sub_soc=-1
02-27 20:57:06.072  1540  1540 D vendor.oplus.hardware.charger-V6-service: sub_temperature=250
02-27 20:57:06.072  1540  1540 D vendor.oplus.hardware.charger-V6-service: main_soc=11
02-27 20:57:06.121 14128 14497 I metis_v2_OsenseCallBack: memLevel: 1 [Metis|com.oplus.metis|1.4.54-aa2067f]
02-27 20:57:06.221  2026  3795 I Osense-PsiDetector: 1638,426,1954,7679,75,389,213,1271,1573,471,729,0,8,8202
02-27 20:57:06.221 14128 14497 I metis_v2_OsenseCallBack: memLevel: 2 [Metis|com.oplus.metis|1.4.54-aa2067f]
02-27 20:57:06.703  4130  4583 D CommonApp-271-10497: transport layer data is invalid
02-27 20:57:06.837  1540  1753 D BatteryChargeControl: bcc get no support from charging protocol
02-27 20:57:06.924  9934 18623 I OplusFeedbackInfo: 0xb4000078a2baaa00 c2.qti.vp9.decoder codec[0xb400007ab3678000] 720x1280 inputFps=0 outputFps=0 renderFps=0, discardFps=0
02-27 20:57:07.158 14128 14497 I metis_v2_OsenseCallBack: memLevel: 1 [Metis|com.oplus.metis|1.4.54-aa2067f]
02-27 20:57:07.261 14128 14497 I metis_v2_OsenseCallBack: memLevel: 2 [Metis|com.oplus.metis|1.4.54-aa2067f]
02-27 20:57:07.261  2026  3795 I Osense-PsiDetector: 1638,426,1954,7679,75,389,213,1271,1573,471,729,0,8,8200
02-27 20:57:07.727  4130  4583 D CommonApp-271-10497: transport layer data is invalid
02-27 20:57:07.840  1540  1753 D BatteryChargeControl: bcc get no support from charging protocol
02-27 20:57:08.197 14128 14497 I metis_v2_OsenseCallBack: memLevel: 1 [Metis|com.oplus.metis|1.4.54-aa2067f]
02-27 20:57:08.277  1510 18624 I QC2Comp : [vp9D_3677] Stats: Pending(3) i/p-done(0) Works: Q: 26/Done 25|Work-Rate: Q(0.0/s Avg=0.0/s) Done(0.000/s Avg=0.000/s)| Stream: 25.00fps 328.6Kbps
02-27 20:57:08.277  1510 18624 I QC2Comp : Mem-usage:  [In-1D - 5 bufs 14.941 MB] [1D-0 - 15 bufs 0.234 MB] [2D-3534 - 23 bufs 51.750 MB]
02-27 20:57:08.277  1510 18624 I QC2Comp : Total Mem-usage: 66.926 MB
02-27 20:57:08.303 14128 14497 I metis_v2_OsenseCallBack: memLevel: 2 [Metis|com.oplus.metis|1.4.54-aa2067f]
02-27 20:57:08.302  2026  3795 I Osense-PsiDetector: 1639,427,1953,7679,75,389,213,1270,1573,471,729,0,8,8199
02-27 20:57:08.350  1540  1540 D vendor.oplus.hardware.charger-V6-service: get_ui_charge_icon_type 0 0 0 0 0
02-27 20:57:08.353  1540  1540 D vendor.oplus.hardware.charger-V6-service: oplus_chg_get_cpa_power 2500 charge_online 1 retention_topic 0
02-27 20:57:08.363  2026  3448 D WifiStaIfaceHidlImpl: getCachedScanData is not implemented by HIDL
02-27 20:57:08.381  4248  4248 D VendorWifiService: onEvent event:9,action:1
02-27 20:57:08.391  2026  3554 D OplusWifiPower_TriggerCenter: mComponentCallback: wifistat
02-27 20:57:08.756  4130  4583 D CommonApp-271-10497: transport layer data is invalid
02-27 20:57:08.843  1540  1753 D BatteryChargeControl: bcc get no support from charging protocol
02-27 20:57:09.126  1535  4282 E PerformanceService: storage_feature: open /sys/devices/platform/soc/112b0000.ufshci//virtualtlcbuff fail
02-27 20:57:09.233 14128 14497 I metis_v2_OsenseCallBack: memLevel: 1 [Metis|com.oplus.metis|1.4.54-aa2067f]
02-27 20:57:09.337  2026  3795 I Osense-PsiDetector: 1640,428,1953,7679,75,389,213,1269,1573,471,729,0,8,8199
02-27 20:57:09.337 14128 14497 I metis_v2_OsenseCallBack: memLevel: 2 [Metis|com.oplus.metis|1.4.54-aa2067f]
02-27 20:57:09.436  4130  4583 D CommonApp-271-10497: DefaultState EVENT_SCENARIOS_CHANGE
02-27 20:57:09.436  4130  4583 D CommonApp-271-10497: scene=COMMON pn=com.esiri.esiriplus
02-27 20:57:09.775  4130  4583 D CommonApp-271-10497: transport layer data is invalid
02-27 20:57:09.846  1540  1753 D BatteryChargeControl: bcc get no support from charging protocol
02-27 20:57:10.030  1540  1717 D vendor.oplus.hardware.charger-V6-service: ret_value:127, read content:,374,363,3697,3697,-56,500,2200,11,12,1,4,-1,4931,11,1,0,1,1,0,0,4425,0,2,0,2,0,0,0,366,0,1,1,0,0,61,61,61,0,0,0,0,0,0,0,0,0,0
02-27 20:57:10.031  1540  1717 D vendor.oplus.hardware.charger-V6-service: gmtime: 2026-02-27-20-57-10
02-27 20:57:10.031  1540  1717 D vendor.oplus.hardware.charger-V6-service: usb_online:1, ac_online:0, wireless_online:-2147483648
02-27 20:57:10.265 14128 14497 I metis_v2_OsenseCallBack: memLevel: 1 [Metis|com.oplus.metis|1.4.54-aa2067f]
02-27 20:57:10.369  2026  3795 I Osense-PsiDetector: 1640,428,1952,7679,75,389,213,1269,1573,471,729,0,8,8199
02-27 20:57:10.369 14128 14497 I metis_v2_OsenseCallBack: memLevel: 2 [Metis|com.oplus.metis|1.4.54-aa2067f]
02-27 20:57:10.508  1510  8349 I QC2Comp : [vp9D_3966] Stats: Pending(3) i/p-done(0) Works: Q: 26/Done 25|Work-Rate: Q(0.0/s Avg=0.0/s) Done(0.000/s Avg=0.001/s)| Stream: 30.30fps 174.6Kbps
02-27 20:57:10.508  1510  8349 I QC2Comp : Mem-usage:  [In-1D - 5 bufs 14.941 MB] [1D-0 - 15 bufs 0.234 MB] [2D-3823 - 23 bufs 17.250 MB]
02-27 20:57:10.508  1510  8349 I QC2Comp : Total Mem-usage: 32.426 MB
02-27 20:57:10.800  4130  4583 D CommonApp-271-10497: transport layer data is invalid
02-27 20:57:10.849  1540  1753 D BatteryChargeControl: bcc get no support from charging protocol
02-27 20:57:11.097  1540  1540 D vendor.oplus.hardware.charger-V6-service: getChargerControl:sub_current=100
02-27 20:57:11.097  1540  1540 D vendor.oplus.hardware.charger-V6-service: sub_voltage=3800
02-27 20:57:11.097  1540  1540 D vendor.oplus.hardware.charger-V6-service: sub_soc=-1
02-27 20:57:11.097  1540  1540 D vendor.oplus.hardware.charger-V6-service: sub_temperature=250
02-27 20:57:11.097  1540  1540 D vendor.oplus.hardware.charger-V6-service: main_soc=11
02-27 20:57:11.306 14128 14497 I metis_v2_OsenseCallBack: memLevel: 1 [Metis|com.oplus.metis|1.4.54-aa2067f]
02-27 20:57:11.389  2026  3448 D WifiStaIfaceHidlImpl: getCachedScanData is not implemented by HIDL
02-27 20:57:11.406  4248  4248 D VendorWifiService: onEvent event:9,action:1
02-27 20:57:11.409  2026  3795 I Osense-PsiDetector: 1640,428,1952,7679,75,389,213,1269,1573,471,729,0,8,8197
02-27 20:57:11.409 14128 14497 I metis_v2_OsenseCallBack: memLevel: 2 [Metis|com.oplus.metis|1.4.54-aa2067f]
02-27 20:57:11.414  2026  3554 D OplusWifiPower_TriggerCenter: mComponentCallback: wifistat
02-27 20:57:11.767  7270 29953 D ShellSubscriberWorkerThread: the first 8 bytes empty, and RestData length > 8 
02-27 20:57:11.824  4130  4583 D CommonApp-271-10497: transport layer data is invalid
02-27 20:57:11.851  1540  1753 D BatteryChargeControl: bcc get no support from charging protocol
02-27 20:57:12.350 14128 14497 I metis_v2_OsenseCallBack: memLevel: 1 [Metis|com.oplus.metis|1.4.54-aa2067f]
02-27 20:57:12.448  2026  3795 I Osense-PsiDetector: 1641,429,1951,7679,75,389,213,1268,1573,471,729,0,8,8197
02-27 20:57:12.449 14128 14497 I metis_v2_OsenseCallBack: memLevel: 2 [Metis|com.oplus.metis|1.4.54-aa2067f]
02-27 20:57:12.848  4130  4583 D CommonApp-271-10497: transport layer data is invalid
02-27 20:57:12.853  1540  1753 D BatteryChargeControl: bcc get no support from charging protocol
02-27 20:57:12.918 20407 20407 D BoundBrokerSvc: onUnbind: Intent { act=com.google.android.gms.libs.gmscorelogger.service.START dat=chimera-action:/... cmp=com.google.android.gms/.chimera.PersistentDirectBootAwareApiService mCallingUid=10116 }
02-27 20:57:13.278  1510 18624 I QC2Comp : [vp9D_3677] Stats: Pending(3) i/p-done(0) Works: Q: 26/Done 25|Work-Rate: Q(0.0/s Avg=0.0/s) Done(0.000/s Avg=0.000/s)| Stream: 25.00fps 328.6Kbps
02-27 20:57:13.278  1510 18624 I QC2Comp : Mem-usage:  [In-1D - 5 bufs 14.941 MB] [1D-0 - 15 bufs 0.234 MB] [2D-3534 - 23 bufs 51.750 MB]
02-27 20:57:13.278  1510 18624 I QC2Comp : Total Mem-usage: 66.926 MB
02-27 20:57:13.385 14128 14497 I metis_v2_OsenseCallBack: memLevel: 1 [Metis|com.oplus.metis|1.4.54-aa2067f]
02-27 20:57:13.489 14128 14497 I metis_v2_OsenseCallBack: memLevel: 2 [Metis|com.oplus.metis|1.4.54-aa2067f]
02-27 20:57:13.489  2026  3795 I Osense-PsiDetector: 1641,429,1951,7679,75,389,213,1268,1573,471,729,0,8,8197
02-27 20:57:13.855  1540  1753 D BatteryChargeControl: bcc get no support from charging protocol
02-27 20:57:13.872  4130  4583 D CommonApp-271-10497: transport layer data is invalid
02-27 20:57:14.125  1535  4282 E PerformanceService: storage_feature: open /sys/devices/platform/soc/112b0000.ufshci//virtualtlcbuff fail
02-27 20:57:14.418  2026  3448 D WifiStaIfaceHidlImpl: getCachedScanData is not implemented by HIDL
02-27 20:57:14.422 14128 14497 I metis_v2_OsenseCallBack: memLevel: 1 [Metis|com.oplus.metis|1.4.54-aa2067f]
02-27 20:57:14.440  4248  4248 D VendorWifiService: onEvent event:9,action:1
02-27 20:57:14.445  2026  3554 D OplusWifiPower_TriggerCenter: mComponentCallback: wifistat
02-27 20:57:14.493  1540  1540 D vendor.oplus.hardware.charger-V6-service: get_ui_charge_icon_type 0 0 0 0 0
02-27 20:57:14.495  1540  1540 D vendor.oplus.hardware.charger-V6-service: oplus_chg_get_cpa_power 2500 charge_online 1 retention_topic 0
02-27 20:57:14.524  2026  3795 I Osense-PsiDetector: 1641,430,1950,7679,75,389,213,1268,1573,471,729,0,8,8197
02-27 20:57:14.525 14128 14497 I metis_v2_OsenseCallBack: memLevel: 2 [Metis|com.oplus.metis|1.4.54-aa2067f]
02-27 20:57:14.858  1540  1753 D BatteryChargeControl: bcc get no support from charging protocol
02-27 20:57:14.895  4130  4583 D CommonApp-271-10497: transport layer data is invalid
02-27 20:57:15.032  1540  1717 D vendor.oplus.hardware.charger-V6-service: ret_value:127, read content:,374,363,3697,3697,-70,500,2200,11,12,1,4,-1,4931,11,1,0,1,1,0,0,4425,0,2,0,2,0,0,0,366,0,1,1,0,0,61,61,61,0,0,0,0,0,0,0,0,0,0
02-27 20:57:15.033  1540  1717 D vendor.oplus.hardware.charger-V6-service: gmtime: 2026-02-27-20-57-15
02-27 20:57:15.033  1540  1717 D vendor.oplus.hardware.charger-V6-service: usb_online:1, ac_online:0, wireless_online:-2147483648
02-27 20:57:15.199  7647 31827 D gaia-GaiaConnectChecker: start connect check++
02-27 20:57:15.212  7647 31760 D gaia-GaiaConnectChecker: start connect check++
02-27 20:57:15.462 14128 14497 I metis_v2_OsenseCallBack: memLevel: 1 [Metis|com.oplus.metis|1.4.54-aa2067f]
02-27 20:57:15.509  1510  8349 I QC2Comp : [vp9D_3966] Stats: Pending(3) i/p-done(0) Works: Q: 26/Done 25|Work-Rate: Q(0.0/s Avg=0.0/s) Done(0.000/s Avg=0.001/s)| Stream: 30.30fps 174.6Kbps
02-27 20:57:15.509  1510  8349 I QC2Comp : Mem-usage:  [In-1D - 5 bufs 14.941 MB] [1D-0 - 15 bufs 0.234 MB] [2D-3823 - 23 bufs 17.250 MB]
02-27 20:57:15.509  1510  8349 I QC2Comp : Total Mem-usage: 32.426 MB
02-27 20:57:15.564  2026  3795 I Osense-PsiDetector: 1641,429,1950,7679,75,389,213,1268,1573,471,729,0,8,8197
02-27 20:57:15.565 14128 14497 I metis_v2_OsenseCallBack: memLevel: 2 [Metis|com.oplus.metis|1.4.54-aa2067f]
02-27 20:57:15.860  1540  1753 D BatteryChargeControl: bcc get no support from charging protocol
02-27 20:57:15.920  4130  4583 D CommonApp-271-10497: transport layer data is invalid
02-27 20:57:15.932  9934  8347 I OplusFeedbackInfo: 0xb4000078a9acaf00 c2.qti.vp9.decoder codec[0xb40000786d867000] 640x360 inputFps=0 outputFps=0 renderFps=0, discardFps=0
02-27 20:57:16.116  1540  1540 D vendor.oplus.hardware.charger-V6-service: getChargerControl:sub_current=100
02-27 20:57:16.116  1540  1540 D vendor.oplus.hardware.charger-V6-service: sub_voltage=3800
02-27 20:57:16.116  1540  1540 D vendor.oplus.hardware.charger-V6-service: sub_soc=-1
02-27 20:57:16.116  1540  1540 D vendor.oplus.hardware.charger-V6-service: sub_temperature=250
02-27 20:57:16.116  1540  1540 D vendor.oplus.hardware.charger-V6-service: main_soc=11
02-27 20:57:16.445  4130  4583 D CommonApp-271-10497: DefaultState EVENT_SCENARIOS_CHANGE
02-27 20:57:16.445  4130  4583 D CommonApp-271-10497: scene=COMMON pn=com.esiri.esiriplus
02-27 20:57:16.497 14128 14497 I metis_v2_OsenseCallBack: memLevel: 1 [Metis|com.oplus.metis|1.4.54-aa2067f]
02-27 20:57:16.601  2026  3795 I Osense-PsiDetector: 1641,429,1949,7679,75,389,213,1267,1573,471,729,0,8,8197
02-27 20:57:16.602 14128 14497 I metis_v2_OsenseCallBack: memLevel: 2 [Metis|com.oplus.metis|1.4.54-aa2067f]
02-27 20:57:16.863  1540  1753 D BatteryChargeControl: bcc get no support from charging protocol
02-27 20:57:16.944  4130  4583 D CommonApp-271-10497: commonScoreStrategy scenarios low package
02-27 20:57:17.076  3736  3736 D OplusPrivacyDotViewController: scheduleUpdate: 
02-27 20:57:17.077  3736  4019 D OplusPrivacyDotViewController: processNextViewState: 
02-27 20:57:17.077  3736  4019 D OplusPrivacyDotViewController: resolveState ViewState(systemPrivacyEventIsActive=false, shadeExpanded=false, needShow=true, rtl=false, rotation=0, height=12, x=42, y=56, cornerIndex=1, designatedCorner=android.widget.FrameLayout{e2d8ba8 G.E...... ......I. 0,0-12,12 #7f0a05b9 app:id/icons_container alpha=0.0 viewInfo = }, contentDescription=null, chipAnimationStart=false, preDraw=false) shouldShowDot false
02-27 20:57:17.077  3736  4019 W SystemUi--Common: OplusSysUiSchedMgr-->schedForPrivacyIconShowing not showing, no need release
02-27 20:57:17.135  1605  1605 I OplusPerfCount: The num of client composition of  in last 75360 ms is: 152
02-27 20:57:17.136  1605  1605 I OplusPerfCount: The num of blur fliter in last 75360 ms is: 203
02-27 20:57:17.137  1605  1605 I OplusPerfCount: The layer number in last 75360ms is: 6 layer, 52 time, 7 layer, 3 time, 8 layer, 207 time, 9 layer, 1 time, 10 layer, 48 time, 
02-27 20:57:17.199 14612 15408 I Supabase-Realtime: Heartbeat received
02-27 20:57:17.449  2026  3448 D WifiStaIfaceHidlImpl: getCachedScanData is not implemented by HIDL
02-27 20:57:17.470  4248  4248 D VendorWifiService: onEvent event:9,action:1
02-27 20:57:17.473  2026  3554 D OplusWifiPower_TriggerCenter: mComponentCallback: wifistat
02-27 20:57:17.537 14128 14497 I metis_v2_OsenseCallBack: memLevel: 1 [Metis|com.oplus.metis|1.4.54-aa2067f]
02-27 20:57:17.636  2026  3795 I Osense-PsiDetector: 1642,430,1948,7679,75,389,213,1267,1573,471,729,0,8,8197
02-27 20:57:17.637 14128 14497 I metis_v2_OsenseCallBack: memLevel: 2 [Metis|com.oplus.metis|1.4.54-aa2067f]
02-27 20:57:17.865  1540  1753 D BatteryChargeControl: bcc get no support from charging protocol
02-27 20:57:17.969  4130  4583 D CommonApp-271-10497: commonScoreStrategy scenarios low package
02-27 20:57:18.016   646   646 E lowmemorykiller: device memory 420446 free 110107 file 307645
02-27 20:57:18.279  1510 18624 I QC2Comp : [vp9D_3677] Stats: Pending(3) i/p-done(0) Works: Q: 26/Done 25|Work-Rate: Q(0.0/s Avg=0.0/s) Done(0.000/s Avg=0.000/s)| Stream: 25.00fps 328.6Kbps
02-27 20:57:18.279  1510 18624 I QC2Comp : Mem-usage:  [In-1D - 5 bufs 14.941 MB] [1D-0 - 15 bufs 0.234 MB] [2D-3534 - 23 bufs 51.750 MB]
02-27 20:57:18.279  1510 18624 I QC2Comp : Total Mem-usage: 66.926 MB
02-27 20:57:18.573 14128 14497 I metis_v2_OsenseCallBack: memLevel: 1 [Metis|com.oplus.metis|1.4.54-aa2067f]
02-27 20:57:18.633  7270 19649 E MIDASApplication: MIDASPullAtomManager: onPullAtom 150122
02-27 20:57:18.639  1540  1540 D vendor.oplus.hardware.charger-V6-service: get_ui_charge_icon_type 0 0 0 0 0
02-27 20:57:18.641  1540  1540 D vendor.oplus.hardware.charger-V6-service: oplus_chg_get_cpa_power 2500 charge_online 1 retention_topic 0
02-27 20:57:18.671  2026  7705 W Settings: Setting notification_bubbles has moved from android.provider.Settings.Global to android.provider.Settings.Secure, returning read-only value.
02-27 20:57:18.671  2026  7705 W Settings: Setting apply_ramping_ringer has moved from android.provider.Settings.Global to android.provider.Settings.System, returning read-only value.
02-27 20:57:18.675  2026  3795 I Osense-PsiDetector: 1643,430,1948,7679,75,389,213,1266,1573,471,729,0,8,8196
02-27 20:57:18.676 14128 14497 I metis_v2_OsenseCallBack: memLevel: 2 [Metis|com.oplus.metis|1.4.54-aa2067f]
02-27 20:57:18.679  2026  7705 W SettingsStatsUtil: Can not parse value to float: +network
02-27 20:57:18.757  2026 10204 D UsageStatsService: User[0] type=0 b=1772214720579 e=1772215038756 cb=1772189493018 ce=1772214903252 disk=0 all=1
02-27 20:57:18.868  1540  1753 D BatteryChargeControl: bcc get no support from charging protocol
02-27 20:57:18.991  4130  4583 D CommonApp-271-10497: transport layer data is invalid
02-27 20:57:19.125  1535  4282 E PerformanceService: storage_feature: open /sys/devices/platform/soc/112b0000.ufshci//virtualtlcbuff fail
02-27 20:57:19.613 14128 14497 I metis_v2_OsenseCallBack: memLevel: 1 [Metis|com.oplus.metis|1.4.54-aa2067f]
02-27 20:57:19.717  2026  3795 I Osense-PsiDetector: 1643,431,1948,7679,75,389,213,1266,1573,471,729,0,8,8196
02-27 20:57:19.718 14128 14497 I metis_v2_OsenseCallBack: memLevel: 2 [Metis|com.oplus.metis|1.4.54-aa2067f]
02-27 20:57:19.871  1540  1753 D BatteryChargeControl: bcc get no support from charging protocol
02-27 20:57:19.930  2026  3584 D OplusNetKit: in getLpByInterface name from LP: [wlan0]
02-27 20:57:19.968  2026  3584 D OplusNetRttKit: getIcmpEchoRtt addr:192.168.1.*** avgRtt: 9
02-27 20:57:20.015  4130  4583 D CommonApp-271-10497: transport layer data is invalid
02-27 20:57:20.034  1540  1717 D vendor.oplus.hardware.charger-V6-service: ret_value:127, read content:,374,363,3697,3697,-32,500,2200,11,12,1,4,-1,4927,11,1,0,1,1,0,0,4425,0,2,0,2,0,0,0,366,0,1,1,0,0,61,61,61,0,0,0,0,0,0,0,0,0,0
02-27 20:57:20.035  1540  1717 D vendor.oplus.hardware.charger-V6-service: gmtime: 2026-02-27-20-57-20
02-27 20:57:20.036  1540  1717 D vendor.oplus.hardware.charger-V6-service: usb_online:1, ac_online:0, wireless_online:-2147483648
02-27 20:57:20.378  1540  1540 D vendor.oplus.hardware.charger-V6-service: get_ui_charge_icon_type 0 0 0 0 0
02-27 20:57:20.380  1540  1540 D vendor.oplus.hardware.charger-V6-service: oplus_chg_get_cpa_power 2500 charge_online 1 retention_topic 0
02-27 20:57:20.395  3736  3736 I SystemUi--Statusbar: BatteryControllerExt-->updateBatteryChangeIntent():broadcast=android.intent.action.BATTERY_CHANGED,level=12,scale=100
02-27 20:57:20.395  3736  3736 I SystemUi--Statusbar: BatteryRepository-->level: 12 -- isSavingMode: false
02-27 20:57:20.401  2026  2844 D OplusDisplayBrightnessBroadcastReceiver: onReceive action = android.intent.action.BATTERY_CHANGED , listeners = [com.android.server.display.OplusFeatureHDREnhanceBrightness$PhoneInfoReceiver@d078a20, com.android.server.display.OplusFeatureEdrEnhanceBrightness$PhoneInfoReceiver@d0bbfd9]
02-27 20:57:20.402  4248  4248 D SubsysBroadcastManager: onReceive action:android.intent.action.BATTERY_CHANGED
02-27 20:57:20.406 26084 26084 D DeviceStatisticsService: onReceive: action= android.intent.action.BATTERY_CHANGED
02-27 20:57:20.415 26780 26780 D CustomLogManagerService: onReceive android.intent.action.BATTERY_CHANGED
02-27 20:57:20.417  7792  9430 E Battery : ChargeProtectionUtils: mCanlendarTmp.isEmpty()!
02-27 20:57:20.432  1540  1540 D vendor.oplus.hardware.charger-V6-service: getChargerControl:sub_current=100
02-27 20:57:20.432  1540  1540 D vendor.oplus.hardware.charger-V6-service: sub_voltage=3800
02-27 20:57:20.432  1540  1540 D vendor.oplus.hardware.charger-V6-service: sub_soc=-1
02-27 20:57:20.432  1540  1540 D vendor.oplus.hardware.charger-V6-service: sub_temperature=250
02-27 20:57:20.432  1540  1540 D vendor.oplus.hardware.charger-V6-service: main_soc=11
02-27 20:57:20.480  2026  3448 D WifiStaIfaceHidlImpl: getCachedScanData is not implemented by HIDL
02-27 20:57:20.503  4248  4248 D VendorWifiService: onEvent event:9,action:1
02-27 20:57:20.505  2026  3554 D OplusWifiPower_TriggerCenter: mComponentCallback: wifistat
02-27 20:57:20.510  1510  8349 I QC2Comp : [vp9D_3966] Stats: Pending(3) i/p-done(0) Works: Q: 26/Done 25|Work-Rate: Q(0.0/s Avg=0.0/s) Done(0.000/s Avg=0.001/s)| Stream: 30.30fps 174.6Kbps
02-27 20:57:20.510  1510  8349 I QC2Comp : Mem-usage:  [In-1D - 5 bufs 14.941 MB] [1D-0 - 15 bufs 0.234 MB] [2D-3823 - 23 bufs 17.250 MB]
02-27 20:57:20.510  1510  8349 I QC2Comp : Total Mem-usage: 32.426 MB
