02-26 22:39:13.316  4074  4074 D OplusTelephonyController: onSignalStrengthChanged: SignalStrength=SignalStrength:{mCdma=CellSignalStrengthCdma: cdmaDbm=2147483647 cdmaEcio=2147483647 evdoDbm=2147483647 evdoEcio=2147483647 evdoSnr=2147483647 level=0,mGsm=CellSignalStrengthGsm: rssi=2147483647 ber=2147483647 mTa=2147483647 mLevel=0,mWcdma=CellSignalStrengthWcdma: ss=2147483647 ber=2147483647 rscp=2147483647 ecno=2147483647 level=0,mTdscdma=CellSignalStrengthTdscdma: rssi=2147483647 ber=2147483647 rscp=2147483647 level=0,mLte=CellSignalStrengthLte: rssi=-65 rsrp=-101 rsrq=-17 rssnr=-3 cqiTableIndex=2147483647 cqi=2147483647 ta=2147483647 level=3 parametersUseForLevel=0,mNr=CellSignalStrengthNr:{ csiRsrp = 2147483647 csiRsrq = 2147483647 csiCqiTableIndex = 2147483647 csiCqiReport = [] ssRsrp = 2147483647 ssRsrq = 2147483647 ssSinr = 2147483647 level = 0 parametersUseForLevel = 0 timingAdvance = 2147483647 },primary=CellSignalStrengthLte}
02-26 22:39:13.316  4248  4248 D SubsysEventListenerManager-SubsysTelephonyCallback[0]: onSignalStrengthsChanged
02-26 22:39:13.321  3736  3959 I SystemUi--Statusbar: MobileConnectionRepositoryImpl-->subId:2 isSoftSimCard:false slotId:0
02-26 22:39:13.730  1493  1493 E ANDR-PERF-MPCTL: Active req limit reached, No optimizations performed
02-26 22:39:13.762  1493  1493 E ANDR-PERF-MPCTL: Active req limit reached, No optimizations performed
02-26 22:39:13.875  1540  1753 D BatteryChargeControl: bcc get no support from charging protocol
02-26 22:39:13.883  4130  4583 D CommonApp-254-10300: DefaultState EVENT_SCENARIOS_CHANGE
02-26 22:39:13.883  4130  4583 D CommonApp-254-10300: scene=COMMON pn=com.facebook.katana
02-26 22:39:14.151  2317 31726 D BufferPoolAccessor2.0: bufferpool2 0xb400006f1b931c28 : 5(20480 size) total buffers - 1(4096 size) used buffers - 16551/16565 (recycle/alloc) - 42/16564 (fetch/transfer)
02-26 22:39:14.158  4130  4583 D CommonApp-254-10300: transport layer data is invalid
02-26 22:39:14.330  2026  3448 D WifiStaIfaceHidlImpl: getCachedScanData is not implemented by HIDL
02-26 22:39:14.338  4248  4248 D VendorWifiService: onEvent event:9,action:1
02-26 22:39:14.342  2026  3554 D OplusWifiPower_TriggerCenter: mComponentCallback: wifistat
02-26 22:39:14.446  1493  1493 E ANDR-PERF-MPCTL: Active req limit reached, No optimizations performed
02-26 22:39:14.460  1493  1493 E ANDR-PERF-MPCTL: Active req limit reached, No optimizations performed
02-26 22:39:14.869 10619 31725 D BufferPoolAccessor2.0: bufferpool2 0xb400007a39247628 : 5(40960 size) total buffers - 1(8192 size) used buffers - 16569/16599 (recycle/alloc) - 39/16598 (fetch/transfer)
02-26 22:39:14.877  1540  1753 D BatteryChargeControl: bcc get no support from charging protocol
02-26 22:39:15.182  4130  4583 D CommonApp-254-10300: transport layer data is invalid
02-26 22:39:15.247  1535  4282 E PerformanceService: storage_feature: open /sys/devices/platform/soc/112b0000.ufshci//virtualtlcbuff fail
02-26 22:39:15.371  1493  1493 E ANDR-PERF-MPCTL: Active req limit reached, No optimizations performed
02-26 22:39:15.383  1493  1493 E ANDR-PERF-MPCTL: Active req limit reached, No optimizations performed
02-26 22:39:15.558  4248  4248 D SubsysEventListenerManager-SubsysTelephonyCallback[0]: onSignalStrengthsChanged
02-26 22:39:15.559  4074  4074 D OplusTelephonyController: onSignalStrengthChanged: SignalStrength=SignalStrength:{mCdma=CellSignalStrengthCdma: cdmaDbm=2147483647 cdmaEcio=2147483647 evdoDbm=2147483647 evdoEcio=2147483647 evdoSnr=2147483647 level=0,mGsm=CellSignalStrengthGsm: rssi=2147483647 ber=2147483647 mTa=2147483647 mLevel=0,mWcdma=CellSignalStrengthWcdma: ss=2147483647 ber=2147483647 rscp=2147483647 ecno=2147483647 level=0,mTdscdma=CellSignalStrengthTdscdma: rssi=2147483647 ber=2147483647 rscp=2147483647 level=0,mLte=CellSignalStrengthLte: rssi=-65 rsrp=-98 rsrq=-16 rssnr=1 cqiTableIndex=2147483647 cqi=2147483647 ta=2147483647 level=4 parametersUseForLevel=0,mNr=CellSignalStrengthNr:{ csiRsrp = 2147483647 csiRsrq = 2147483647 csiCqiTableIndex = 2147483647 csiCqiReport = [] ssRsrp = 2147483647 ssRsrq = 2147483647 ssSinr = 2147483647 level = 0 parametersUseForLevel = 0 timingAdvance = 2147483647 },primary=CellSignalStrengthLte}
02-26 22:39:15.564  3736  3959 I SystemUi--Statusbar: MobileConnectionRepositoryImpl-->subId:2 isSoftSimCard:false slotId:0
02-26 22:39:15.669  1510 18624 I QC2Comp : [vp9D_3677] Stats: Pending(3) i/p-done(0) Works: Q: 26/Done 25|Work-Rate: Q(0.0/s Avg=0.0/s) Done(0.000/s Avg=0.006/s)| Stream: 25.00fps 328.6Kbps
02-26 22:39:15.669  1510 18624 I QC2Comp : Mem-usage:  [In-1D - 5 bufs 14.941 MB] [1D-0 - 15 bufs 0.234 MB] [2D-3534 - 23 bufs 51.750 MB]
02-26 22:39:15.669  1510 18624 I QC2Comp : Total Mem-usage: 66.926 MB
02-26 22:39:15.879  1540  1753 D BatteryChargeControl: bcc get no support from charging protocol
02-26 22:39:15.881  1540  1540 D vendor.oplus.hardware.charger-V6-service: get_ui_charge_icon_type 0 0 0 0 0
02-26 22:39:15.882  1540  1540 D vendor.oplus.hardware.charger-V6-service: oplus_chg_get_cpa_power 2500 charge_online 1 retention_topic 0
02-26 22:39:16.205  4130  4583 D CommonApp-254-10300: transport layer data is invalid
02-26 22:39:16.273  7270 25436 E MIDASApplication: MIDASPullAtomManager: onPullAtom 150122
02-26 22:39:16.299  2026  4013 W Settings: Setting notification_bubbles has moved from android.provider.Settings.Global to android.provider.Settings.Secure, returning read-only value.
02-26 22:39:16.299  2026  4013 W Settings: Setting apply_ramping_ringer has moved from android.provider.Settings.Global to android.provider.Settings.System, returning read-only value.
02-26 22:39:16.304  2026  4013 W SettingsStatsUtil: Can not parse value to float: +network
02-26 22:39:16.304  1493  1493 E ANDR-PERF-MPCTL: Active req limit reached, No optimizations performed
02-26 22:39:16.329  1493  1493 E ANDR-PERF-MPCTL: Active req limit reached, No optimizations performed
02-26 22:39:16.557  4248  4248 D SubsysEventListenerManager-SubsysTelephonyCallback[0]: onSignalStrengthsChanged
02-26 22:39:16.558  4074  4074 D OplusTelephonyController: onSignalStrengthChanged: SignalStrength=SignalStrength:{mCdma=CellSignalStrengthCdma: cdmaDbm=2147483647 cdmaEcio=2147483647 evdoDbm=2147483647 evdoEcio=2147483647 evdoSnr=2147483647 level=0,mGsm=CellSignalStrengthGsm: rssi=2147483647 ber=2147483647 mTa=2147483647 mLevel=0,mWcdma=CellSignalStrengthWcdma: ss=2147483647 ber=2147483647 rscp=2147483647 ecno=2147483647 level=0,mTdscdma=CellSignalStrengthTdscdma: rssi=2147483647 ber=2147483647 rscp=2147483647 level=0,mLte=CellSignalStrengthLte: rssi=-67 rsrp=-100 rsrq=-17 rssnr=-2 cqiTableIndex=2147483647 cqi=2147483647 ta=2147483647 level=3 parametersUseForLevel=0,mNr=CellSignalStrengthNr:{ csiRsrp = 2147483647 csiRsrq = 2147483647 csiCqiTableIndex = 2147483647 csiCqiReport = [] ssRsrp = 2147483647 ssRsrq = 2147483647 ssSinr = 2147483647 level = 0 parametersUseForLevel = 0 timingAdvance = 2147483647 },primary=CellSignalStrengthLte}
02-26 22:39:16.563  3736  3959 I SystemUi--Statusbar: MobileConnectionRepositoryImpl-->subId:2 isSoftSimCard:false slotId:0
02-26 22:39:16.573  1540  1540 D vendor.oplus.hardware.charger-V6-service: get_ui_charge_icon_type 0 0 0 0 0
02-26 22:39:16.574  1540  1540 D vendor.oplus.hardware.charger-V6-service: oplus_chg_get_cpa_power 2500 charge_online 1 retention_topic 0
02-26 22:39:16.578  3736  3736 I SystemUi--Statusbar: BatteryControllerExt-->updateBatteryChangeIntent():broadcast=android.intent.action.BATTERY_CHANGED,level=1,scale=100
02-26 22:39:16.578  3736  3736 I SystemUi--Statusbar: BatteryRepository-->level: 1 -- isSavingMode: false
02-26 22:39:16.582  2026  2844 D OplusDisplayBrightnessBroadcastReceiver: onReceive action = android.intent.action.BATTERY_CHANGED , listeners = [com.android.server.display.OplusFeatureHDREnhanceBrightness$PhoneInfoReceiver@d078a20, com.android.server.display.OplusFeatureEdrEnhanceBrightness$PhoneInfoReceiver@d0bbfd9]
02-26 22:39:16.583  4248  4248 D SubsysBroadcastManager: onReceive action:android.intent.action.BATTERY_CHANGED
02-26 22:39:16.588 26084 26084 D DeviceStatisticsService: onReceive: action= android.intent.action.BATTERY_CHANGED
02-26 22:39:16.591  7792  9430 E Battery : ChargeProtectionUtils: mCanlendarTmp.isEmpty()!
02-26 22:39:16.592 26780 26780 D CustomLogManagerService: onReceive android.intent.action.BATTERY_CHANGED
02-26 22:39:16.611  1540  1540 D vendor.oplus.hardware.charger-V6-service: getChargerControl:sub_current=100
02-26 22:39:16.611  1540  1540 D vendor.oplus.hardware.charger-V6-service: sub_voltage=3800
02-26 22:39:16.611  1540  1540 D vendor.oplus.hardware.charger-V6-service: sub_soc=-1
02-26 22:39:16.611  1540  1540 D vendor.oplus.hardware.charger-V6-service: sub_temperature=250
02-26 22:39:16.611  1540  1540 D vendor.oplus.hardware.charger-V6-service: main_soc=0
02-26 22:39:16.880  1540  1753 D BatteryChargeControl: bcc get no support from charging protocol
02-26 22:39:16.997  1493  1493 E ANDR-PERF-MPCTL: Active req limit reached, No optimizations performed
02-26 22:39:17.039  1493  1493 E ANDR-PERF-MPCTL: Active req limit reached, No optimizations performed
02-26 22:39:17.229  4130  4583 D CommonApp-254-10300: udp pk is bigger than tcpPk,regard it as normal network
02-26 22:39:17.230  4130  4583 D CommonApp-254-10300: notifyScoreChange appScene COMMON score 80
02-26 22:39:17.230  4130  4511 E OplusDualPsManager: getDdsNetId, dual ps not init
02-26 22:39:17.232  4130  4583 D OplusScanQrCodeStatsService: get tencent pkg uid fail android.content.pm.PackageManager$NameNotFoundException: com.tencent.mm
02-26 22:39:17.345  2026  3448 D WifiStaIfaceHidlImpl: getCachedScanData is not implemented by HIDL
02-26 22:39:17.350  7647 31760 D gaia-GaiaConnectChecker: start connect check++
02-26 22:39:17.357  4248  4248 D VendorWifiService: onEvent event:9,action:1
02-26 22:39:17.358  2026  3554 D OplusWifiPower_TriggerCenter: mComponentCallback: wifistat
02-26 22:39:17.361  1540  1717 D vendor.oplus.hardware.charger-V6-service: ret_value:124, read content:,375,371,3652,3652,274,500,2200,0,1,1,4,-1,4908,0,1,0,1,1,0,0,4425,0,3,0,3,0,0,0,361,0,1,1,0,0,61,61,61,0,0,0,0,0,0,0,0,0,0
02-26 22:39:17.361  1540  1717 D vendor.oplus.hardware.charger-V6-service: gmtime: 2026-02-26-22-39-17
02-26 22:39:17.361  7647 31827 D gaia-GaiaConnectChecker: start connect check++
02-26 22:39:17.363  1540  1717 D vendor.oplus.hardware.charger-V6-service: usb_online:1, ac_online:0, wireless_online:-2147483648
02-26 22:39:17.395  4248  4287 W om.oplus.subsys: Reducing the number of considered missed Gc histogram windows from 167 to 100
02-26 22:39:17.690  1540  1540 D vendor.oplus.hardware.charger-V6-service: getChargerControl:sub_current=100
02-26 22:39:17.690  1540  1540 D vendor.oplus.hardware.charger-V6-service: sub_voltage=3800
02-26 22:39:17.690  1540  1540 D vendor.oplus.hardware.charger-V6-service: sub_soc=-1
02-26 22:39:17.690  1540  1540 D vendor.oplus.hardware.charger-V6-service: sub_temperature=250
02-26 22:39:17.690  1540  1540 D vendor.oplus.hardware.charger-V6-service: main_soc=0
02-26 22:39:17.793  4074  4074 D OplusTelephonyController: onSignalStrengthChanged: SignalStrength=SignalStrength:{mCdma=CellSignalStrengthCdma: cdmaDbm=2147483647 cdmaEcio=2147483647 evdoDbm=2147483647 evdoEcio=2147483647 evdoSnr=2147483647 level=0,mGsm=CellSignalStrengthGsm: rssi=2147483647 ber=2147483647 mTa=2147483647 mLevel=0,mWcdma=CellSignalStrengthWcdma: ss=2147483647 ber=2147483647 rscp=2147483647 ecno=2147483647 level=0,mTdscdma=CellSignalStrengthTdscdma: rssi=2147483647 ber=2147483647 rscp=2147483647 level=0,mLte=CellSignalStrengthLte: rssi=-69 rsrp=-99 rsrq=-14 rssnr=7 cqiTableIndex=2147483647 cqi=2147483647 ta=2147483647 level=3 parametersUseForLevel=0,mNr=CellSignalStrengthNr:{ csiRsrp = 2147483647 csiRsrq = 2147483647 csiCqiTableIndex = 2147483647 csiCqiReport = [] ssRsrp = 2147483647 ssRsrq = 2147483647 ssSinr = 2147483647 level = 0 parametersUseForLevel = 0 timingAdvance = 2147483647 },primary=CellSignalStrengthLte}
02-26 22:39:17.794  4248  4248 D SubsysEventListenerManager-SubsysTelephonyCallback[0]: onSignalStrengthsChanged
02-26 22:39:17.796  3736  3959 I SystemUi--Statusbar: MobileConnectionRepositoryImpl-->subId:2 isSoftSimCard:false slotId:0
02-26 22:39:17.886  1540  1753 D BatteryChargeControl: bcc get no support from charging protocol
02-26 22:39:17.932  1493  1493 E ANDR-PERF-MPCTL: Active req limit reached, No optimizations performed
02-26 22:39:17.964  1493  1493 E ANDR-PERF-MPCTL: Active req limit reached, No optimizations performed
02-26 22:39:18.056 27798  8296 I oppo_audiox_sw_effects: sweffectFx_algo_Process g_sweffectFx_Process_counter 4480 frame_count 1920 processedMsk 0x1 [2 4 48000 ] openCloseCrossFadeCfg enable 0, crossFadeCfg enable 0
02-26 22:39:18.056 27798  8296 I oppo_audiox_sw_effects: sweffectFx_algo_Processsession 0xe5617234 newDeviceID 2 deviceID 0 newServType 7 servType 6 newvolumelevel 0 volumeLevel 6 openCloseFadePath 0 fade_path 0
02-26 22:39:18.254  4130  4583 D CommonApp-254-10300: transport layer data is invalid
02-26 22:39:18.593 26780 23512 D CustomLogManagerService: WorkHandler msg.what :5
02-26 22:39:18.593 26780 23512 D CustomLogManagerService: user experience toggle off
02-26 22:39:18.867  1493  1493 E ANDR-PERF-MPCTL: Active req limit reached, No optimizations performed
02-26 22:39:18.888  1540  1753 D BatteryChargeControl: bcc get no support from charging protocol
02-26 22:39:18.907  1493  1493 E ANDR-PERF-MPCTL: Active req limit reached, No optimizations performed
02-26 22:39:19.278  4130  4583 D CommonApp-254-10300: commonScoreStrategy scenarios 5 mdnsScore=0
02-26 22:39:19.278  4130  4583 D CommonApp-254-10300: notifyScoreChange appScene COMMON score 80
02-26 22:39:19.279  4130  4511 E OplusDualPsManager: getDdsNetId, dual ps not init
02-26 22:39:19.280  4130  4583 D OplusScanQrCodeStatsService: get tencent pkg uid fail android.content.pm.PackageManager$NameNotFoundException: com.tencent.mm
02-26 22:39:19.413  2026  4174 I OplusHansManager : uid=10350, pkg=com.happymod.apk cannot transition from M to F, importance=fg-service
02-26 22:39:19.465  2317 31726 D BufferPoolAccessor2.0: bufferpool2 0xb400006f1b931c28 : 5(20480 size) total buffers - 1(4096 size) used buffers - 16780/16794 (recycle/alloc) - 42/16793 (fetch/transfer)
02-26 22:39:19.575  1493  1493 E ANDR-PERF-MPCTL: Active req limit reached, No optimizations performed
02-26 22:39:19.607  1493  1493 E ANDR-PERF-MPCTL: Active req limit reached, No optimizations performed
02-26 22:39:19.891  1540  1753 D BatteryChargeControl: bcc get no support from charging protocol
02-26 22:39:20.188 10619 31725 D BufferPoolAccessor2.0: bufferpool2 0xb400007a39247628 : 5(40960 size) total buffers - 1(8192 size) used buffers - 16798/16828 (recycle/alloc) - 39/16827 (fetch/transfer)
02-26 22:39:20.247  1535  4282 E PerformanceService: storage_feature: open /sys/devices/platform/soc/112b0000.ufshci//virtualtlcbuff fail
02-26 22:39:20.302  4130  4583 D CommonApp-254-10300: transport layer data is invalid
02-26 22:39:20.360  2026  3448 D WifiStaIfaceHidlImpl: getCachedScanData is not implemented by HIDL
02-26 22:39:20.372  4248  4248 D VendorWifiService: onEvent event:9,action:1
02-26 22:39:20.375  2026  3554 D OplusWifiPower_TriggerCenter: mComponentCallback: wifistat
02-26 22:39:20.514  1493  1493 E ANDR-PERF-MPCTL: Active req limit reached, No optimizations performed
02-26 22:39:20.532  1493  1493 E ANDR-PERF-MPCTL: Active req limit reached, No optimizations performed
02-26 22:39:20.670  1510 18624 I QC2Comp : [vp9D_3677] Stats: Pending(3) i/p-done(0) Works: Q: 26/Done 25|Work-Rate: Q(0.0/s Avg=0.0/s) Done(0.000/s Avg=0.006/s)| Stream: 25.00fps 328.6Kbps
02-26 22:39:20.670  1510 18624 I QC2Comp : Mem-usage:  [In-1D - 5 bufs 14.941 MB] [1D-0 - 15 bufs 0.234 MB] [2D-3534 - 23 bufs 51.750 MB]
02-26 22:39:20.670  1510 18624 I QC2Comp : Total Mem-usage: 66.926 MB
02-26 22:39:20.892  4130  4583 D CommonApp-254-10300: DefaultState EVENT_SCENARIOS_CHANGE
02-26 22:39:20.892  4130  4583 D CommonApp-254-10300: scene=COMMON pn=com.facebook.katana
02-26 22:39:20.893  1540  1753 D BatteryChargeControl: bcc get no support from charging protocol
02-26 22:39:21.326  4130  4583 D CommonApp-254-10300: transport layer data is invalid
02-26 22:39:21.371  9934 18623 I OplusFeedbackInfo: 0xb4000078a2baaa00 c2.qti.vp9.decoder codec[0xb400007ab3678000] 720x1280 inputFps=0 outputFps=0 renderFps=0, discardFps=0
02-26 22:39:21.441  1493  1493 E ANDR-PERF-MPCTL: Active req limit reached, No optimizations performed
02-26 22:39:21.466  1493  1493 E ANDR-PERF-MPCTL: Active req limit reached, No optimizations performed
02-26 22:39:21.895  1540  1753 D BatteryChargeControl: bcc get no support from charging protocol
02-26 22:39:22.133  1493  1493 E ANDR-PERF-MPCTL: Active req limit reached, No optimizations performed
02-26 22:39:22.165  1493  1493 E ANDR-PERF-MPCTL: Active req limit reached, No optimizations performed
02-26 22:39:22.350  4130  4583 D CommonApp-254-10300: udp pk is bigger than tcpPk,regard it as normal network
02-26 22:39:22.350  4130  4583 D CommonApp-254-10300: notifyScoreChange appScene COMMON score 80
02-26 22:39:22.351  4130  4511 E OplusDualPsManager: getDdsNetId, dual ps not init
02-26 22:39:22.352  4130  4583 D OplusScanQrCodeStatsService: get tencent pkg uid fail android.content.pm.PackageManager$NameNotFoundException: com.tencent.mm
02-26 22:39:22.364  1540  1717 D vendor.oplus.hardware.charger-V6-service: ret_value:124, read content:,375,371,3652,3652,292,500,2200,0,1,1,4,-1,4908,0,1,0,1,1,0,0,4425,0,3,0,3,0,0,0,361,0,1,1,0,0,61,61,61,0,0,0,0,0,0,0,0,0,0
02-26 22:39:22.365  1540  1717 D vendor.oplus.hardware.charger-V6-service: gmtime: 2026-02-26-22-39-22
02-26 22:39:22.366  1540  1717 D vendor.oplus.hardware.charger-V6-service: usb_online:1, ac_online:0, wireless_online:-2147483648
02-26 22:39:22.427 15862  7217 I gle.android.gms: Explicit concurrent copying GC freed 4137KB AllocSpace bytes, 17(968KB) LOS objects, 24% free, 20MB/27MB, paused 190us,92us total 325.897ms
02-26 22:39:22.452  1540  1540 D vendor.oplus.hardware.charger-V6-service: get_ui_charge_icon_type 0 0 0 0 0
02-26 22:39:22.453   646   646 E lowmemorykiller: device memory 446205 free 86618 file 390549
02-26 22:39:22.454  2026  3795 I Osense-PsiDetector: 1742,338,2318,7679,70,330,235,1371,1729,599,925,0,8,7933
02-26 22:39:22.454 32459  5952 I metis_v2_OsenseCallBack: memLevel: 2 [Metis|com.oplus.metis|1.4.54-aa2067f]
02-26 22:39:22.454  1540  1540 D vendor.oplus.hardware.charger-V6-service: oplus_chg_get_cpa_power 2500 charge_online 1 retention_topic 0
02-26 22:39:22.460  3736  3736 I SystemUi--Statusbar: BatteryControllerExt-->updateBatteryChangeIntent():broadcast=android.intent.action.BATTERY_CHANGED,level=1,scale=100
02-26 22:39:22.460  3736  3736 I SystemUi--Statusbar: BatteryRepository-->level: 1 -- isSavingMode: false
02-26 22:39:22.466  2026  2844 D OplusDisplayBrightnessBroadcastReceiver: onReceive action = android.intent.action.BATTERY_CHANGED , listeners = [com.android.server.display.OplusFeatureHDREnhanceBrightness$PhoneInfoReceiver@d078a20, com.android.server.display.OplusFeatureEdrEnhanceBrightness$PhoneInfoReceiver@d0bbfd9]
02-26 22:39:22.468  4248  4248 D SubsysBroadcastManager: onReceive action:android.intent.action.BATTERY_CHANGED
02-26 22:39:22.472 26084 26084 D DeviceStatisticsService: onReceive: action= android.intent.action.BATTERY_CHANGED
02-26 22:39:22.476  7792  9430 E Battery : ChargeProtectionUtils: mCanlendarTmp.isEmpty()!
02-26 22:39:22.477 26780 26780 D CustomLogManagerService: onReceive android.intent.action.BATTERY_CHANGED
02-26 22:39:22.494  1540  1540 D vendor.oplus.hardware.charger-V6-service: getChargerControl:sub_current=100
02-26 22:39:22.494  1540  1540 D vendor.oplus.hardware.charger-V6-service: sub_voltage=3800
02-26 22:39:22.494  1540  1540 D vendor.oplus.hardware.charger-V6-service: sub_soc=-1
02-26 22:39:22.494  1540  1540 D vendor.oplus.hardware.charger-V6-service: sub_temperature=250
02-26 22:39:22.494  1540  1540 D vendor.oplus.hardware.charger-V6-service: main_soc=0
02-26 22:39:22.554   646   646 E lowmemorykiller: device memory 446140 free 86492 file 390610
02-26 22:39:22.614  2026  4174 I OplusHansManager : uid=10412, pkg=cn.xender cannot transition from R to M, importance=fg-service
02-26 22:39:22.710  1540  1540 D vendor.oplus.hardware.charger-V6-service: getChargerControl:sub_current=100
02-26 22:39:22.710  1540  1540 D vendor.oplus.hardware.charger-V6-service: sub_voltage=3800
02-26 22:39:22.710  1540  1540 D vendor.oplus.hardware.charger-V6-service: sub_soc=-1
02-26 22:39:22.710  1540  1540 D vendor.oplus.hardware.charger-V6-service: sub_temperature=250
02-26 22:39:22.710  1540  1540 D vendor.oplus.hardware.charger-V6-service: main_soc=0
02-26 22:39:22.849  2026  2715 W BatteryExternalStatsWorker: error reading Bluetooth stats: 9
02-26 22:39:22.854  2026  3448 D WifiStaIfaceHidlImpl: getCachedScanData is not implemented by HIDL
02-26 22:39:22.862  1318  1421 E TetherController: property_get sys.radio.data.modem_share_flag return 0, 1!
02-26 22:39:22.870 32459  5952 I metis_v2_OsenseCallBack: memLevel: 1 [Metis|com.oplus.metis|1.4.54-aa2067f]
02-26 22:39:22.896  1540  1753 D BatteryChargeControl: bcc get no support from charging protocol
02-26 22:39:23.066  1493  1493 E ANDR-PERF-MPCTL: Active req limit reached, No optimizations performed
02-26 22:39:23.091  1493  1493 E ANDR-PERF-MPCTL: Active req limit reached, No optimizations performed
02-26 22:39:23.175 27798  8296 I oppo_audiox_sw_effects: sweffectFx_algo_Process g_sweffectFx_Process_counter 4608 frame_count 1920 processedMsk 0x1 [2 4 48000 ] openCloseCrossFadeCfg enable 0, crossFadeCfg enable 0
02-26 22:39:23.175 27798  8296 I oppo_audiox_sw_effects: sweffectFx_algo_Processsession 0xe5617234 newDeviceID 2 deviceID 0 newServType 7 servType 6 newvolumelevel 0 volumeLevel 6 openCloseFadePath 0 fade_path 0
02-26 22:39:23.260   646   646 E lowmemorykiller: device memory 443731 free 84013 file 390680
02-26 22:39:23.373  4130  4583 D CommonApp-254-10300: transport layer data is invalid
02-26 22:39:23.376  2026  3448 D WifiStaIfaceHidlImpl: getCachedScanData is not implemented by HIDL
02-26 22:39:23.384  4248  4248 D VendorWifiService: onEvent event:9,action:1
02-26 22:39:23.386  2026  3554 D OplusWifiPower_TriggerCenter: mComponentCallback: wifistat
02-26 22:39:23.451  2026  2142 I system_server: Background concurrent copying GC freed 27MB AllocSpace bytes, 11(236KB) LOS objects, 11% free, 177MB/201MB, paused 191us,342us total 461.284ms
02-26 22:39:23.897  1540  1753 D BatteryChargeControl: bcc get no support from charging protocol
02-26 22:39:24.002  1493  1493 E ANDR-PERF-MPCTL: Active req limit reached, No optimizations performed
02-26 22:39:24.026  1493  1493 E ANDR-PERF-MPCTL: Active req limit reached, No optimizations performed
02-26 22:39:24.398  4130  4583 D CommonApp-254-10300: transport layer data is invalid
02-26 22:39:24.480 26780 23512 D CustomLogManagerService: WorkHandler msg.what :5
02-26 22:39:24.480 26780 23512 D CustomLogManagerService: user experience toggle off
02-26 22:39:24.702  1493  1493 E ANDR-PERF-MPCTL: Active req limit reached, No optimizations performed
02-26 22:39:24.718  1493  1493 E ANDR-PERF-MPCTL: Active req limit reached, No optimizations performed
02-26 22:39:24.752  2317 31726 D BufferPoolAccessor2.0: bufferpool2 0xb400006f1b931c28 : 5(20480 size) total buffers - 1(4096 size) used buffers - 17008/17022 (recycle/alloc) - 42/17021 (fetch/transfer)
02-26 22:39:24.899  1540  1753 D BatteryChargeControl: bcc get no support from charging protocol
02-26 22:39:25.247  1535  4282 E PerformanceService: storage_feature: open /sys/devices/platform/soc/112b0000.ufshci//virtualtlcbuff fail
02-26 22:39:25.342 10619 31725 D BufferPoolAccessor2.0: bufferpool2 0xb400007a39247628 : 5(40960 size) total buffers - 1(8192 size) used buffers - 17021/17051 (recycle/alloc) - 39/17050 (fetch/transfer)
02-26 22:39:25.422  4130  4583 D CommonApp-254-10300: transport layer data is invalid
02-26 22:39:25.635  1493  1493 E ANDR-PERF-MPCTL: Active req limit reached, No optimizations performed
02-26 22:39:25.661  1493  1493 E ANDR-PERF-MPCTL: Active req limit reached, No optimizations performed
02-26 22:39:25.671  1510 18624 I QC2Comp : [vp9D_3677] Stats: Pending(3) i/p-done(0) Works: Q: 26/Done 25|Work-Rate: Q(0.0/s Avg=0.0/s) Done(0.000/s Avg=0.006/s)| Stream: 25.00fps 328.6Kbps
02-26 22:39:25.671  1510 18624 I QC2Comp : Mem-usage:  [In-1D - 5 bufs 14.941 MB] [1D-0 - 15 bufs 0.234 MB] [2D-3534 - 23 bufs 51.750 MB]
02-26 22:39:25.671  1510 18624 I QC2Comp : Total Mem-usage: 66.926 MB
02-26 22:39:25.901  1540  1753 D BatteryChargeControl: bcc get no support from charging protocol
02-26 22:39:26.230  5229  5303 E horae   : 0: back:37186,frame:35806,front:38228, 28 5, +(1042), 1 ,41802,36100,41337,39270, target_temp:38228, algo:0
02-26 22:39:26.232  7270 29953 D ShellSubscriberWorkerThread: the first 8 bytes empty, and RestData length > 8 
02-26 22:39:26.386  2026  3448 D WifiStaIfaceHidlImpl: getCachedScanData is not implemented by HIDL
02-26 22:39:26.395  4248  4248 D VendorWifiService: onEvent event:9,action:1
02-26 22:39:26.396  2026  3554 D OplusWifiPower_TriggerCenter: mComponentCallback: wifistat
02-26 22:39:26.446  4130  4583 D CommonApp-254-10300: transport layer data is invalid
02-26 22:39:26.580  1493  1493 E ANDR-PERF-MPCTL: Active req limit reached, No optimizations performed
02-26 22:39:26.595  1493  1493 E ANDR-PERF-MPCTL: Active req limit reached, No optimizations performed
02-26 22:39:26.902  1540  1753 D BatteryChargeControl: bcc get no support from charging protocol
02-26 22:39:27.273  1493  1493 E ANDR-PERF-MPCTL: Active req limit reached, No optimizations performed
02-26 22:39:27.296  1493  1493 E ANDR-PERF-MPCTL: Active req limit reached, No optimizations performed
02-26 22:39:27.351  7647 31760 D gaia-GaiaConnectChecker: start connect check++
02-26 22:39:27.361  7647 31827 D gaia-GaiaConnectChecker: start connect check++
02-26 22:39:27.366  1540  1717 D vendor.oplus.hardware.charger-V6-service: ret_value:124, read content:,375,371,3629,3629,314,500,2200,0,1,1,4,-1,4908,0,1,0,1,1,0,0,4425,0,3,0,3,0,0,0,361,0,1,1,0,0,61,61,61,0,0,0,0,0,0,0,0,0,0
02-26 22:39:27.366  1540  1717 D vendor.oplus.hardware.charger-V6-service: gmtime: 2026-02-26-22-39-27
02-26 22:39:27.367  1540  1717 D vendor.oplus.hardware.charger-V6-service: usb_online:1, ac_online:0, wireless_online:-2147483648
02-26 22:39:27.470  4130  4583 D CommonApp-254-10300: udp pk is bigger than tcpPk,regard it as normal network
02-26 22:39:27.470  4130  4583 D CommonApp-254-10300: notifyScoreChange appScene COMMON score 80
02-26 22:39:27.472  4130  4511 E OplusDualPsManager: getDdsNetId, dual ps not init
02-26 22:39:27.475  4130  4583 D OplusScanQrCodeStatsService: get tencent pkg uid fail android.content.pm.PackageManager$NameNotFoundException: com.tencent.mm
02-26 22:39:27.731  1540  1540 D vendor.oplus.hardware.charger-V6-service: getChargerControl:sub_current=100
02-26 22:39:27.731  1540  1540 D vendor.oplus.hardware.charger-V6-service: sub_voltage=3800
02-26 22:39:27.731  1540  1540 D vendor.oplus.hardware.charger-V6-service: sub_soc=-1
02-26 22:39:27.731  1540  1540 D vendor.oplus.hardware.charger-V6-service: sub_temperature=250
02-26 22:39:27.731  1540  1540 D vendor.oplus.hardware.charger-V6-service: main_soc=0
02-26 22:39:27.897  4130  4583 D CommonApp-254-10300: DefaultState EVENT_SCENARIOS_CHANGE
02-26 22:39:27.897  4130  4583 D CommonApp-254-10300: scene=COMMON pn=com.facebook.katana
02-26 22:39:27.904  1540  1753 D BatteryChargeControl: bcc get no support from charging protocol
02-26 22:39:28.138  7957 18951 I PTC.DISC.AndroidMultiLanServer: Watcher sysNif=[wlan0], userNif=[wlan0 state=(LISTEN JOIN(05A86A|11648)), ], clientNif=[wlan0 state=(LISTEN), ], tcpServer state=LISTEN, ipv4=**68.1.3
02-26 22:39:28.206  1493  1493 E ANDR-PERF-MPCTL: Active req limit reached, No optimizations performed
02-26 22:39:28.230  1493  1493 E ANDR-PERF-MPCTL: Active req limit reached, No optimizations performed
02-26 22:39:28.296 27798  8296 I oppo_audiox_sw_effects: sweffectFx_algo_Process g_sweffectFx_Process_counter 4736 frame_count 1920 processedMsk 0x1 [2 4 48000 ] openCloseCrossFadeCfg enable 0, crossFadeCfg enable 0
02-26 22:39:28.296 27798  8296 I oppo_audiox_sw_effects: sweffectFx_algo_Processsession 0xe5617234 newDeviceID 2 deviceID 0 newServType 7 servType 6 newvolumelevel 0 volumeLevel 6 openCloseFadePath 0 fade_path 0
02-26 22:39:28.346  1540  1540 D vendor.oplus.hardware.charger-V6-service: get_ui_charge_icon_type 0 0 0 0 0
02-26 22:39:28.347  1540  1540 D vendor.oplus.hardware.charger-V6-service: oplus_chg_get_cpa_power 2500 charge_online 1 retention_topic 0
02-26 22:39:28.356  3736  3736 I SystemUi--Statusbar: BatteryControllerExt-->updateBatteryChangeIntent():broadcast=android.intent.action.BATTERY_CHANGED,level=1,scale=100
02-26 22:39:28.357  3736  3736 I SystemUi--Statusbar: BatteryRepository-->level: 1 -- isSavingMode: false
02-26 22:39:28.359  2026  2844 D OplusDisplayBrightnessBroadcastReceiver: onReceive action = android.intent.action.BATTERY_CHANGED , listeners = [com.android.server.display.OplusFeatureHDREnhanceBrightness$PhoneInfoReceiver@d078a20, com.android.server.display.OplusFeatureEdrEnhanceBrightness$PhoneInfoReceiver@d0bbfd9]
02-26 22:39:28.361  4248  4248 D SubsysBroadcastManager: onReceive action:android.intent.action.BATTERY_CHANGED
02-26 22:39:28.365 26084 26084 D DeviceStatisticsService: onReceive: action= android.intent.action.BATTERY_CHANGED
02-26 22:39:28.368  7792  9430 E Battery : ChargeProtectionUtils: mCanlendarTmp.isEmpty()!
02-26 22:39:28.369 26780 26780 D CustomLogManagerService: onReceive android.intent.action.BATTERY_CHANGED
02-26 22:39:28.387  1540  1540 D vendor.oplus.hardware.charger-V6-service: getChargerControl:sub_current=100
02-26 22:39:28.387  1540  1540 D vendor.oplus.hardware.charger-V6-service: sub_voltage=3800
02-26 22:39:28.387  1540  1540 D vendor.oplus.hardware.charger-V6-service: sub_soc=-1
02-26 22:39:28.387  1540  1540 D vendor.oplus.hardware.charger-V6-service: sub_temperature=250
02-26 22:39:28.387  1540  1540 D vendor.oplus.hardware.charger-V6-service: main_soc=0
02-26 22:39:28.494  4130  4583 D CommonApp-254-10300: transport layer data is invalid
02-26 22:39:28.906  1540  1753 D BatteryChargeControl: bcc get no support from charging protocol
02-26 22:39:29.141  1493  1493 E ANDR-PERF-MPCTL: Active req limit reached, No optimizations performed
02-26 22:39:29.164  1493  1493 E ANDR-PERF-MPCTL: Active req limit reached, No optimizations performed
02-26 22:39:29.396  2026  3448 D WifiStaIfaceHidlImpl: getCachedScanData is not implemented by HIDL
02-26 22:39:29.407  4248  4248 D VendorWifiService: onEvent event:9,action:1
02-26 22:39:29.410  2026  3554 D OplusWifiPower_TriggerCenter: mComponentCallback: wifistat
02-26 22:39:29.518  4130  4583 D CommonApp-254-10300: transport layer data is invalid
02-26 22:39:29.838  1493  1493 E ANDR-PERF-MPCTL: Active req limit reached, No optimizations performed
02-26 22:39:29.871  1493  1493 E ANDR-PERF-MPCTL: Active req limit reached, No optimizations performed
02-26 22:39:29.908  1540  1753 D BatteryChargeControl: bcc get no support from charging protocol
02-26 22:39:29.984  2317 31726 D BufferPoolAccessor2.0: bufferpool2 0xb400006f1b931c28 : 5(20480 size) total buffers - 1(4096 size) used buffers - 17233/17247 (recycle/alloc) - 42/17246 (fetch/transfer)
02-26 22:39:30.246  1535  4282 E PerformanceService: storage_feature: open /sys/devices/platform/soc/112b0000.ufshci//virtualtlcbuff fail
02-26 22:39:30.371 26780 23512 D CustomLogManagerService: WorkHandler msg.what :5
02-26 22:39:30.371 26780 23512 D CustomLogManagerService: user experience toggle off
02-26 22:39:30.460 10619 31725 D BufferPoolAccessor2.0: bufferpool2 0xb400007a39247628 : 5(40960 size) total buffers - 1(8192 size) used buffers - 17241/17271 (recycle/alloc) - 39/17270 (fetch/transfer)
02-26 22:39:30.541  4130  4583 D CommonApp-254-10300: transport layer data is invalid
02-26 22:39:30.671  1510 18624 I QC2Comp : [vp9D_3677] Stats: Pending(3) i/p-done(0) Works: Q: 26/Done 25|Work-Rate: Q(0.0/s Avg=0.0/s) Done(0.000/s Avg=0.006/s)| Stream: 25.00fps 328.6Kbps
02-26 22:39:30.671  1510 18624 I QC2Comp : Mem-usage:  [In-1D - 5 bufs 14.941 MB] [1D-0 - 15 bufs 0.234 MB] [2D-3534 - 23 bufs 51.750 MB]
02-26 22:39:30.671  1510 18624 I QC2Comp : Total Mem-usage: 66.926 MB
02-26 22:39:30.782  1493  1493 E ANDR-PERF-MPCTL: Active req limit reached, No optimizations performed
02-26 22:39:30.797  1493  1493 E ANDR-PERF-MPCTL: Active req limit reached, No optimizations performed
02-26 22:39:30.909  1540  1753 D BatteryChargeControl: bcc get no support from charging protocol
02-26 22:39:31.233  4248  4248 D SubsysEventListenerManager-SubsysTelephonyCallback[1]: onSignalStrengthsChanged
02-26 22:39:31.235  3736  3959 I SystemUi--Statusbar: MobileConnectionRepositoryImpl-->subId:3 isSoftSimCard:false slotId:1
02-26 22:39:31.566  4130  4583 D CommonApp-254-10300: transport layer data is invalid
02-26 22:39:31.716  1493  1493 E ANDR-PERF-MPCTL: Active req limit reached, No optimizations performed
02-26 22:39:31.726  1493  1493 E ANDR-PERF-MPCTL: Active req limit reached, No optimizations performed
02-26 22:39:31.910  1540  1753 D BatteryChargeControl: bcc get no support from charging protocol
02-26 22:39:32.075 10619 10625 I facebook.katana: Background young concurrent copying GC freed 21MB AllocSpace bytes, 39(1932KB) LOS objects, 8% free, 254MB/277MB, paused 213us,175us total 208.477ms
02-26 22:39:32.367  1540  1717 D vendor.oplus.hardware.charger-V6-service: ret_value:124, read content:,375,371,3643,3643,223,500,2200,0,1,1,4,-1,4905,0,1,0,1,1,0,0,4425,0,3,0,3,0,0,0,361,0,1,1,0,0,61,61,61,0,0,0,0,0,0,0,0,0,0
02-26 22:39:32.368  1540  1717 D vendor.oplus.hardware.charger-V6-service: gmtime: 2026-02-26-22-39-32
02-26 22:39:32.368  1540  1717 D vendor.oplus.hardware.charger-V6-service: usb_online:1, ac_online:0, wireless_online:-2147483648
02-26 22:39:32.411  2026  3448 D WifiStaIfaceHidlImpl: getCachedScanData is not implemented by HIDL
02-26 22:39:32.418  1493  1493 E ANDR-PERF-MPCTL: Active req limit reached, No optimizations performed
02-26 22:39:32.424  4248  4248 D VendorWifiService: onEvent event:9,action:1
02-26 22:39:32.426  2026  3554 D OplusWifiPower_TriggerCenter: mComponentCallback: wifistat
02-26 22:39:32.431  1493  1493 E ANDR-PERF-MPCTL: Active req limit reached, No optimizations performed
02-26 22:39:32.590  4130  4583 D CommonApp-254-10300: udp pk is bigger than tcpPk,regard it as normal network
02-26 22:39:32.590  4130  4583 D CommonApp-254-10300: notifyScoreChange appScene COMMON score 80
02-26 22:39:32.591  4130  4511 E OplusDualPsManager: getDdsNetId, dual ps not init
02-26 22:39:32.593  4130  4583 D OplusScanQrCodeStatsService: get tencent pkg uid fail android.content.pm.PackageManager$NameNotFoundException: com.tencent.mm
02-26 22:39:32.750  1540  1540 D vendor.oplus.hardware.charger-V6-service: getChargerControl:sub_current=100
02-26 22:39:32.750  1540  1540 D vendor.oplus.hardware.charger-V6-service: sub_voltage=3800
02-26 22:39:32.750  1540  1540 D vendor.oplus.hardware.charger-V6-service: sub_soc=-1
02-26 22:39:32.750  1540  1540 D vendor.oplus.hardware.charger-V6-service: sub_temperature=250
02-26 22:39:32.750  1540  1540 D vendor.oplus.hardware.charger-V6-service: main_soc=0
02-26 22:39:32.912  1540  1753 D BatteryChargeControl: bcc get no support from charging protocol
02-26 22:39:32.913  1318  1421 E TetherController: property_get sys.radio.data.modem_share_flag return 0, 1!
02-26 22:39:32.939  2026  3446 V NetworkPolicy: updateNetworkEnabledNL() return
02-26 22:39:32.939  2026  3446 V NetworkPolicy: updateNotificationsNL not process
02-26 22:39:32.946  4130  4583 V MonthTrafficAlert: getWarningNotification subId:3 numWarningNotificaion:0
02-26 22:39:32.947  4130  4583 V MonthTrafficAlert: getWarningNotification subId:2 numWarningNotificaion:0
02-26 22:39:33.351  1493  1493 E ANDR-PERF-MPCTL: Active req limit reached, No optimizations performed
02-26 22:39:33.374  1493  1493 E ANDR-PERF-MPCTL: Active req limit reached, No optimizations performed
02-26 22:39:33.415 27798  8296 I oppo_audiox_sw_effects: sweffectFx_algo_Process g_sweffectFx_Process_counter 4864 frame_count 1920 processedMsk 0x1 [2 4 48000 ] openCloseCrossFadeCfg enable 0, crossFadeCfg enable 0
02-26 22:39:33.415 27798  8296 I oppo_audiox_sw_effects: sweffectFx_algo_Processsession 0xe5617234 newDeviceID 2 deviceID 0 newServType 7 servType 6 newvolumelevel 0 volumeLevel 6 openCloseFadePath 0 fade_path 0
02-26 22:39:33.614  4130  4583 D CommonApp-254-10300: transport layer data is invalid
02-26 22:39:33.914  1540  1753 D BatteryChargeControl: bcc get no support from charging protocol
02-26 22:39:34.136  1605  1605 I OplusPerfCount: The num of client composition of  in last 60007 ms is: 144
02-26 22:39:34.136  1605  1605 I OplusPerfCount: The num of blur fliter in last 60007 ms is: 382
02-26 22:39:34.137  1605  1605 I OplusPerfCount: The layer number in last 60007ms is: 7 layer, 1859 time, 
02-26 22:39:34.284  1493  1493 E ANDR-PERF-MPCTL: Active req limit reached, No optimizations performed
02-26 22:39:34.300  1493  1493 E ANDR-PERF-MPCTL: Active req limit reached, No optimizations performed
02-26 22:39:34.488  1540  1540 D vendor.oplus.hardware.charger-V6-service: get_ui_charge_icon_type 0 0 0 0 0
02-26 22:39:34.490  1540  1540 D vendor.oplus.hardware.charger-V6-service: oplus_chg_get_cpa_power 2500 charge_online 1 retention_topic 0
02-26 22:39:34.498  3736  3736 I SystemUi--Statusbar: BatteryControllerExt-->updateBatteryChangeIntent():broadcast=android.intent.action.BATTERY_CHANGED,level=1,scale=100
02-26 22:39:34.498  3736  3736 I SystemUi--Statusbar: BatteryRepository-->level: 1 -- isSavingMode: false
02-26 22:39:34.499  2026  2844 D OplusDisplayBrightnessBroadcastReceiver: onReceive action = android.intent.action.BATTERY_CHANGED , listeners = [com.android.server.display.OplusFeatureHDREnhanceBrightness$PhoneInfoReceiver@d078a20, com.android.server.display.OplusFeatureEdrEnhanceBrightness$PhoneInfoReceiver@d0bbfd9]
02-26 22:39:34.499  4248  4248 D SubsysBroadcastManager: onReceive action:android.intent.action.BATTERY_CHANGED
02-26 22:39:34.503 26084 26084 D DeviceStatisticsService: onReceive: action= android.intent.action.BATTERY_CHANGED
02-26 22:39:34.507  7792  9430 E Battery : ChargeProtectionUtils: mCanlendarTmp.isEmpty()!
02-26 22:39:34.508 26780 26780 D CustomLogManagerService: onReceive android.intent.action.BATTERY_CHANGED
02-26 22:39:34.526  1540  1540 D vendor.oplus.hardware.charger-V6-service: getChargerControl:sub_current=100
02-26 22:39:34.526  1540  1540 D vendor.oplus.hardware.charger-V6-service: sub_voltage=3800
02-26 22:39:34.526  1540  1540 D vendor.oplus.hardware.charger-V6-service: sub_soc=-1
02-26 22:39:34.526  1540  1540 D vendor.oplus.hardware.charger-V6-service: sub_temperature=250
02-26 22:39:34.526  1540  1540 D vendor.oplus.hardware.charger-V6-service: main_soc=0
02-26 22:39:34.639  4130  4583 D CommonApp-254-10300: transport layer data is invalid
02-26 22:39:34.902  4130  4583 D CommonApp-254-10300: DefaultState EVENT_SCENARIOS_CHANGE
02-26 22:39:34.902  4130  4583 D CommonApp-254-10300: scene=COMMON pn=com.facebook.katana
02-26 22:39:34.917  1540  1753 D BatteryChargeControl: bcc get no support from charging protocol
02-26 22:39:34.937  3978 13340 D IpClient/wlan0: interfaceLinkStateChanged: ifindex 27 up
02-26 22:39:34.986  1493  1493 E ANDR-PERF-MPCTL: Active req limit reached, No optimizations performed
02-26 22:39:34.997  1493  1493 E ANDR-PERF-MPCTL: Active req limit reached, No optimizations performed
02-26 22:39:35.198  2317 31726 D BufferPoolAccessor2.0: bufferpool2 0xb400006f1b931c28 : 5(20480 size) total buffers - 1(4096 size) used buffers - 17457/17471 (recycle/alloc) - 43/17470 (fetch/transfer)
02-26 22:39:35.248  1535  4282 E PerformanceService: storage_feature: open /sys/devices/platform/soc/112b0000.ufshci//virtualtlcbuff fail
02-26 22:39:35.432  2026  3448 D WifiStaIfaceHidlImpl: getCachedScanData is not implemented by HIDL
02-26 22:39:35.442  4248  4248 D VendorWifiService: onEvent event:9,action:1
02-26 22:39:35.445  2026  3554 D OplusWifiPower_TriggerCenter: mComponentCallback: wifistat
02-26 22:39:35.662  4130  4583 D CommonApp-254-10300: transport layer data is invalid
02-26 22:39:35.671  1510 18624 I QC2Comp : [vp9D_3677] Stats: Pending(3) i/p-done(0) Works: Q: 26/Done 25|Work-Rate: Q(0.0/s Avg=0.0/s) Done(0.000/s Avg=0.006/s)| Stream: 25.00fps 328.6Kbps
02-26 22:39:35.671  1510 18624 I QC2Comp : Mem-usage:  [In-1D - 5 bufs 14.941 MB] [1D-0 - 15 bufs 0.234 MB] [2D-3534 - 23 bufs 51.750 MB]
02-26 22:39:35.671  1510 18624 I QC2Comp : Total Mem-usage: 66.926 MB
02-26 22:39:35.784 10619 31725 D BufferPoolAccessor2.0: bufferpool2 0xb400007a39247628 : 5(40960 size) total buffers - 1(8192 size) used buffers - 17470/17500 (recycle/alloc) - 39/17499 (fetch/transfer)
02-26 22:39:35.919  1540  1753 D BatteryChargeControl: bcc get no support from charging protocol
02-26 22:39:35.919  1493  1493 E ANDR-PERF-MPCTL: Active req limit reached, No optimizations performed
02-26 22:39:35.926  1493  1493 E ANDR-PERF-MPCTL: Active req limit reached, No optimizations performed
02-26 22:39:36.510 26780 23512 D CustomLogManagerService: WorkHandler msg.what :5
02-26 22:39:36.511 26780 23512 D CustomLogManagerService: user experience toggle off
02-26 22:39:36.686  4130  4583 D CommonApp-254-10300: transport layer data is invalid
02-26 22:39:36.852  1493  1493 E ANDR-PERF-MPCTL: Active req limit reached, No optimizations performed
02-26 22:39:36.859  1493  1493 E ANDR-PERF-MPCTL: Active req limit reached, No optimizations performed
02-26 22:39:36.920  1540  1753 D BatteryChargeControl: bcc get no support from charging protocol
02-26 22:39:37.352  7647 31760 D gaia-GaiaConnectChecker: start connect check++
02-26 22:39:37.362  7647 31827 D gaia-GaiaConnectChecker: start connect check++
02-26 22:39:37.369  1540  1717 D vendor.oplus.hardware.charger-V6-service: ret_value:124, read content:,375,372,3637,3637,442,500,2200,0,1,1,4,-1,4908,0,1,0,1,1,0,0,4425,0,3,0,3,0,0,0,361,0,1,1,0,0,61,61,61,0,0,0,0,0,0,0,0,0,0
02-26 22:39:37.369  1540  1717 D vendor.oplus.hardware.charger-V6-service: gmtime: 2026-02-26-22-39-37
02-26 22:39:37.369  1540  1717 D vendor.oplus.hardware.charger-V6-service: usb_online:1, ac_online:0, wireless_online:-2147483648
02-26 22:39:37.553  1493  1493 E ANDR-PERF-MPCTL: Active req limit reached, No optimizations performed
02-26 22:39:37.562  1493  1493 E ANDR-PERF-MPCTL: Active req limit reached, No optimizations performed
02-26 22:39:37.710  4130  4583 D CommonApp-254-10300: udp pk is bigger than tcpPk,regard it as normal network
02-26 22:39:37.710  4130  4583 D CommonApp-254-10300: notifyScoreChange appScene COMMON score 80
02-26 22:39:37.710  4130  4511 E OplusDualPsManager: getDdsNetId, dual ps not init
02-26 22:39:37.711  4130  4583 D OplusScanQrCodeStatsService: get tencent pkg uid fail android.content.pm.PackageManager$NameNotFoundException: com.tencent.mm
02-26 22:39:37.770  1540  1540 D vendor.oplus.hardware.charger-V6-service: getChargerControl:sub_current=100
02-26 22:39:37.770  1540  1540 D vendor.oplus.hardware.charger-V6-service: sub_voltage=3800
02-26 22:39:37.770  1540  1540 D vendor.oplus.hardware.charger-V6-service: sub_soc=-1
02-26 22:39:37.770  1540  1540 D vendor.oplus.hardware.charger-V6-service: sub_temperature=250
02-26 22:39:37.770  1540  1540 D vendor.oplus.hardware.charger-V6-service: main_soc=0
02-26 22:39:37.922  1540  1753 D BatteryChargeControl: bcc get no support from charging protocol
02-26 22:39:38.293  4074  4485 I m.android.phone: Explicit concurrent copying GC freed 3448KB AllocSpace bytes, 0(0B) LOS objects, 49% free, 10MB/20MB, paused 94us,62us total 50.059ms
02-26 22:39:38.298  4074  4085 W System  : A resource failed to call AbstractCursor.close. 
02-26 22:39:38.298  4074  4085 W System  : A resource failed to call AbstractCursor.close. 
02-26 22:39:38.450  2026  3448 D WifiStaIfaceHidlImpl: getCachedScanData is not implemented by HIDL
02-26 22:39:38.462  4248  4248 D VendorWifiService: onEvent event:9,action:1
02-26 22:39:38.463  2026  3554 D OplusWifiPower_TriggerCenter: mComponentCallback: wifistat
02-26 22:39:38.485  1493  1493 E ANDR-PERF-MPCTL: Active req limit reached, No optimizations performed
02-26 22:39:38.495  1493  1493 E ANDR-PERF-MPCTL: Active req limit reached, No optimizations performed
02-26 22:39:38.537 27798  8296 I oppo_audiox_sw_effects: sweffectFx_algo_Process g_sweffectFx_Process_counter 4992 frame_count 1920 processedMsk 0x1 [2 4 48000 ] openCloseCrossFadeCfg enable 0, crossFadeCfg enable 0
02-26 22:39:38.537 27798  8296 I oppo_audiox_sw_effects: sweffectFx_algo_Processsession 0xe5617234 newDeviceID 2 deviceID 0 newServType 7 servType 6 newvolumelevel 0 volumeLevel 6 openCloseFadePath 0 fade_path 0
02-26 22:39:38.553  2026  3487 W ContextImpl: Calling a method in the system process without a qualified user: android.app.ContextImpl.sendBroadcast:1261 com.android.server.job.controllers.OplusCpuController.notifyHighCpuEventForApp:387 com.android.server.job.controllers.OplusCpuController.handleCpuUpdate:333 com.android.server.job.controllers.OplusCpuController.-$$Nest$mhandleCpuUpdate:0 com.android.server.job.controllers.OplusCpuController$CpuTrackerHandler.handleMessage:257 
02-26 22:39:38.734  4130  4583 D CommonApp-254-10300: transport layer data is invalid
02-26 22:39:38.925  1540  1753 D BatteryChargeControl: bcc get no support from charging protocol
02-26 22:39:39.422  1493  1493 E ANDR-PERF-MPCTL: Active req limit reached, No optimizations performed
02-26 22:39:39.433  1493  1493 E ANDR-PERF-MPCTL: Active req limit reached, No optimizations performed
02-26 22:39:39.758  4130  4583 D CommonApp-254-10300: transport layer data is invalid
02-26 22:39:39.927  1540  1753 D BatteryChargeControl: bcc get no support from charging protocol
02-26 22:39:40.125  1493  1493 E ANDR-PERF-MPCTL: Active req limit reached, No optimizations performed
02-26 22:39:40.137  1493  1493 E ANDR-PERF-MPCTL: Active req limit reached, No optimizations performed
02-26 22:39:40.247  1535  4282 E PerformanceService: storage_feature: open /sys/devices/platform/soc/112b0000.ufshci//virtualtlcbuff fail
02-26 22:39:40.369  1540  1540 D vendor.oplus.hardware.charger-V6-service: get_ui_charge_icon_type 0 0 0 0 0
02-26 22:39:40.370  1540  1540 D vendor.oplus.hardware.charger-V6-service: oplus_chg_get_cpa_power 2500 charge_online 1 retention_topic 0
02-26 22:39:40.377  3736  3736 I SystemUi--Statusbar: BatteryControllerExt-->updateBatteryChangeIntent():broadcast=android.intent.action.BATTERY_CHANGED,level=1,scale=100
02-26 22:39:40.377  3736  3736 I SystemUi--Statusbar: BatteryRepository-->level: 1 -- isSavingMode: false
02-26 22:39:40.378  2026  2844 D OplusDisplayBrightnessBroadcastReceiver: onReceive action = android.intent.action.BATTERY_CHANGED , listeners = [com.android.server.display.OplusFeatureHDREnhanceBrightness$PhoneInfoReceiver@d078a20, com.android.server.display.OplusFeatureEdrEnhanceBrightness$PhoneInfoReceiver@d0bbfd9]
02-26 22:39:40.379  4248  4248 D SubsysBroadcastManager: onReceive action:android.intent.action.BATTERY_CHANGED
02-26 22:39:40.381 26084 26084 D DeviceStatisticsService: onReceive: action= android.intent.action.BATTERY_CHANGED
02-26 22:39:40.385  7792  9430 E Battery : ChargeProtectionUtils: mCanlendarTmp.isEmpty()!
02-26 22:39:40.387 26780 26780 D CustomLogManagerService: onReceive android.intent.action.BATTERY_CHANGED
02-26 22:39:40.388  2317 31726 D BufferPoolAccessor2.0: bufferpool2 0xb400006f1b931c28 : 5(20480 size) total buffers - 1(4096 size) used buffers - 17681/17695 (recycle/alloc) - 45/17694 (fetch/transfer)
02-26 22:39:40.411  1540  1540 D vendor.oplus.hardware.charger-V6-service: getChargerControl:sub_current=100
02-26 22:39:40.411  1540  1540 D vendor.oplus.hardware.charger-V6-service: sub_voltage=3800
02-26 22:39:40.411  1540  1540 D vendor.oplus.hardware.charger-V6-service: sub_soc=-1
02-26 22:39:40.411  1540  1540 D vendor.oplus.hardware.charger-V6-service: sub_temperature=250
02-26 22:39:40.411  1540  1540 D vendor.oplus.hardware.charger-V6-service: main_soc=0
02-26 22:39:40.672  1510 18624 I QC2Comp : [vp9D_3677] Stats: Pending(3) i/p-done(0) Works: Q: 26/Done 25|Work-Rate: Q(0.0/s Avg=0.0/s) Done(0.000/s Avg=0.006/s)| Stream: 25.00fps 328.6Kbps
02-26 22:39:40.672  1510 18624 I QC2Comp : Mem-usage:  [In-1D - 5 bufs 14.941 MB] [1D-0 - 15 bufs 0.234 MB] [2D-3534 - 23 bufs 51.750 MB]
02-26 22:39:40.672  1510 18624 I QC2Comp : Total Mem-usage: 66.926 MB
02-26 22:39:40.781  4130  4583 D CommonApp-254-10300: transport layer data is invalid
02-26 22:39:40.929  1540  1753 D BatteryChargeControl: bcc get no support from charging protocol
02-26 22:39:40.988 10619 31725 D BufferPoolAccessor2.0: bufferpool2 0xb400007a39247628 : 5(40960 size) total buffers - 1(8192 size) used buffers - 17694/17724 (recycle/alloc) - 39/17723 (fetch/transfer)
02-26 22:39:41.058  1493  1493 E ANDR-PERF-MPCTL: Active req limit reached, No optimizations performed
02-26 22:39:41.098  1493  1493 E ANDR-PERF-MPCTL: Active req limit reached, No optimizations performed
02-26 22:39:41.468  2026  3448 D WifiStaIfaceHidlImpl: getCachedScanData is not implemented by HIDL
02-26 22:39:41.478  4248  4248 D VendorWifiService: onEvent event:9,action:1
02-26 22:39:41.481  2026  3554 D OplusWifiPower_TriggerCenter: mComponentCallback: wifistat
02-26 22:39:41.805  4130  4583 D CommonApp-254-10300: transport layer data is invalid
02-26 22:39:41.909  4130  4583 D CommonApp-254-10300: DefaultState EVENT_SCENARIOS_CHANGE
02-26 22:39:41.910  4130  4583 D CommonApp-254-10300: scene=COMMON pn=com.facebook.katana
