02-27 20:57:14.525 14128 14497 I metis_v2_OsenseCallBack: memLevel: 2 [Metis|com.oplus.metis|1.4.54-aa2067f]
02-27 20:57:14.858  1540  1753 D BatteryChargeControl: bcc get no support from charging protocol
02-27 20:57:14.895  4130  4583 D CommonApp-271-10497: transport layer data is invalid
02-27 20:57:15.032  1540  1717 D vendor.oplus.hardware.charger-V6-service: ret_value:127, read content:,374,363,3697,3697,-70,500,2200,11,12,1,4,-1,4931,11,1,0,1,1,0,0,4425,0,2,0,2,0,0,0,366,0,1,1,0,0,61,61,61,0,0,0,0,0,0,0,0,0,0
02-27 20:57:15.033  1540  1717 D vendor.oplus.hardware.charger-V6-service: gmtime: 2026-02-27-20-57-15
02-27 20:57:15.033  1540  1717 D vendor.oplus.hardware.charger-V6-service: usb_online:1, ac_online:0, wireless_online:-2147483648
02-27 20:57:15.199  7647 31827 D gaia-GaiaConnectChecker: start connect check++
02-27 20:57:15.212  7647 31760 D gaia-GaiaConnectChecker: start connect check++
02-27 20:57:15.462 14128 14497 I metis_v2_OsenseCallBack: memLevel: 1 [Metis|com.oplus.metis|1.4.54-aa2067f]
02-27 20:57:15.509  1510  8349 I QC2Comp : [vp9D_3966] Stats: Pending(3) i/p-done(0) Works: Q: 26/Done 25|Work-Rate: Q(0.0/s Avg=0.0/s) Done(0.000/s Avg=0.001/s)| Stream: 30.30fps 174.6Kbps
02-27 20:57:15.509  1510  8349 I QC2Comp : Mem-usage:  [In-1D - 5 bufs 14.941 MB] [1D-0 - 15 bufs 0.234 MB] [2D-3823 - 23 bufs 17.250 MB]
02-27 20:57:15.509  1510  8349 I QC2Comp : Total Mem-usage: 32.426 MB
02-27 20:57:15.564  2026  3795 I Osense-PsiDetector: 1641,429,1950,7679,75,389,213,1268,1573,471,729,0,8,8197
02-27 20:57:15.565 14128 14497 I metis_v2_OsenseCallBack: memLevel: 2 [Metis|com.oplus.metis|1.4.54-aa2067f]
02-27 20:57:15.860  1540  1753 D BatteryChargeControl: bcc get no support from charging protocol
02-27 20:57:15.920  4130  4583 D CommonApp-271-10497: transport layer data is invalid
02-27 20:57:15.932  9934  8347 I OplusFeedbackInfo: 0xb4000078a9acaf00 c2.qti.vp9.decoder codec[0xb40000786d867000] 640x360 inputFps=0 outputFps=0 renderFps=0, discardFps=0
02-27 20:57:16.116  1540  1540 D vendor.oplus.hardware.charger-V6-service: getChargerControl:sub_current=100
02-27 20:57:16.116  1540  1540 D vendor.oplus.hardware.charger-V6-service: sub_voltage=3800
02-27 20:57:16.116  1540  1540 D vendor.oplus.hardware.charger-V6-service: sub_soc=-1
02-27 20:57:16.116  1540  1540 D vendor.oplus.hardware.charger-V6-service: sub_temperature=250
02-27 20:57:16.116  1540  1540 D vendor.oplus.hardware.charger-V6-service: main_soc=11
02-27 20:57:16.445  4130  4583 D CommonApp-271-10497: DefaultState EVENT_SCENARIOS_CHANGE
02-27 20:57:16.445  4130  4583 D CommonApp-271-10497: scene=COMMON pn=com.esiri.esiriplus
02-27 20:57:16.497 14128 14497 I metis_v2_OsenseCallBack: memLevel: 1 [Metis|com.oplus.metis|1.4.54-aa2067f]
02-27 20:57:16.601  2026  3795 I Osense-PsiDetector: 1641,429,1949,7679,75,389,213,1267,1573,471,729,0,8,8197
02-27 20:57:16.602 14128 14497 I metis_v2_OsenseCallBack: memLevel: 2 [Metis|com.oplus.metis|1.4.54-aa2067f]
02-27 20:57:16.863  1540  1753 D BatteryChargeControl: bcc get no support from charging protocol
02-27 20:57:16.944  4130  4583 D CommonApp-271-10497: commonScoreStrategy scenarios low package
02-27 20:57:17.076  3736  3736 D OplusPrivacyDotViewController: scheduleUpdate: 
02-27 20:57:17.077  3736  4019 D OplusPrivacyDotViewController: processNextViewState: 
02-27 20:57:17.077  3736  4019 D OplusPrivacyDotViewController: resolveState ViewState(systemPrivacyEventIsActive=false, shadeExpanded=false, needShow=true, rtl=false, rotation=0, height=12, x=42, y=56, cornerIndex=1, designatedCorner=android.widget.FrameLayout{e2d8ba8 G.E...... ......I. 0,0-12,12 #7f0a05b9 app:id/icons_container alpha=0.0 viewInfo = }, contentDescription=null, chipAnimationStart=false, preDraw=false) shouldShowDot false
02-27 20:57:17.077  3736  4019 W SystemUi--Common: OplusSysUiSchedMgr-->schedForPrivacyIconShowing not showing, no need release
02-27 20:57:17.135  1605  1605 I OplusPerfCount: The num of client composition of  in last 75360 ms is: 152
02-27 20:57:17.136  1605  1605 I OplusPerfCount: The num of blur fliter in last 75360 ms is: 203
02-27 20:57:17.137  1605  1605 I OplusPerfCount: The layer number in last 75360ms is: 6 layer, 52 time, 7 layer, 3 time, 8 layer, 207 time, 9 layer, 1 time, 10 layer, 48 time, 
02-27 20:57:17.199 14612 15408 I Supabase-Realtime: Heartbeat received
02-27 20:57:17.449  2026  3448 D WifiStaIfaceHidlImpl: getCachedScanData is not implemented by HIDL
02-27 20:57:17.470  4248  4248 D VendorWifiService: onEvent event:9,action:1
02-27 20:57:17.473  2026  3554 D OplusWifiPower_TriggerCenter: mComponentCallback: wifistat
02-27 20:57:17.537 14128 14497 I metis_v2_OsenseCallBack: memLevel: 1 [Metis|com.oplus.metis|1.4.54-aa2067f]
02-27 20:57:17.636  2026  3795 I Osense-PsiDetector: 1642,430,1948,7679,75,389,213,1267,1573,471,729,0,8,8197
02-27 20:57:17.637 14128 14497 I metis_v2_OsenseCallBack: memLevel: 2 [Metis|com.oplus.metis|1.4.54-aa2067f]
02-27 20:57:17.865  1540  1753 D BatteryChargeControl: bcc get no support from charging protocol
02-27 20:57:17.969  4130  4583 D CommonApp-271-10497: commonScoreStrategy scenarios low package
02-27 20:57:18.016   646   646 E lowmemorykiller: device memory 420446 free 110107 file 307645
02-27 20:57:18.279  1510 18624 I QC2Comp : [vp9D_3677] Stats: Pending(3) i/p-done(0) Works: Q: 26/Done 25|Work-Rate: Q(0.0/s Avg=0.0/s) Done(0.000/s Avg=0.000/s)| Stream: 25.00fps 328.6Kbps
02-27 20:57:18.279  1510 18624 I QC2Comp : Mem-usage:  [In-1D - 5 bufs 14.941 MB] [1D-0 - 15 bufs 0.234 MB] [2D-3534 - 23 bufs 51.750 MB]
02-27 20:57:18.279  1510 18624 I QC2Comp : Total Mem-usage: 66.926 MB
02-27 20:57:18.573 14128 14497 I metis_v2_OsenseCallBack: memLevel: 1 [Metis|com.oplus.metis|1.4.54-aa2067f]
02-27 20:57:18.633  7270 19649 E MIDASApplication: MIDASPullAtomManager: onPullAtom 150122
02-27 20:57:18.639  1540  1540 D vendor.oplus.hardware.charger-V6-service: get_ui_charge_icon_type 0 0 0 0 0
02-27 20:57:18.641  1540  1540 D vendor.oplus.hardware.charger-V6-service: oplus_chg_get_cpa_power 2500 charge_online 1 retention_topic 0
02-27 20:57:18.671  2026  7705 W Settings: Setting notification_bubbles has moved from android.provider.Settings.Global to android.provider.Settings.Secure, returning read-only value.
02-27 20:57:18.671  2026  7705 W Settings: Setting apply_ramping_ringer has moved from android.provider.Settings.Global to android.provider.Settings.System, returning read-only value.
02-27 20:57:18.675  2026  3795 I Osense-PsiDetector: 1643,430,1948,7679,75,389,213,1266,1573,471,729,0,8,8196
02-27 20:57:18.676 14128 14497 I metis_v2_OsenseCallBack: memLevel: 2 [Metis|com.oplus.metis|1.4.54-aa2067f]
02-27 20:57:18.679  2026  7705 W SettingsStatsUtil: Can not parse value to float: +network
02-27 20:57:18.757  2026 10204 D UsageStatsService: User[0] type=0 b=1772214720579 e=1772215038756 cb=1772189493018 ce=1772214903252 disk=0 all=1
02-27 20:57:18.868  1540  1753 D BatteryChargeControl: bcc get no support from charging protocol
02-27 20:57:18.991  4130  4583 D CommonApp-271-10497: transport layer data is invalid
02-27 20:57:19.125  1535  4282 E PerformanceService: storage_feature: open /sys/devices/platform/soc/112b0000.ufshci//virtualtlcbuff fail
02-27 20:57:19.613 14128 14497 I metis_v2_OsenseCallBack: memLevel: 1 [Metis|com.oplus.metis|1.4.54-aa2067f]
02-27 20:57:19.717  2026  3795 I Osense-PsiDetector: 1643,431,1948,7679,75,389,213,1266,1573,471,729,0,8,8196
02-27 20:57:19.718 14128 14497 I metis_v2_OsenseCallBack: memLevel: 2 [Metis|com.oplus.metis|1.4.54-aa2067f]
02-27 20:57:19.871  1540  1753 D BatteryChargeControl: bcc get no support from charging protocol
02-27 20:57:19.930  2026  3584 D OplusNetKit: in getLpByInterface name from LP: [wlan0]
02-27 20:57:19.968  2026  3584 D OplusNetRttKit: getIcmpEchoRtt addr:192.168.1.*** avgRtt: 9
02-27 20:57:20.015  4130  4583 D CommonApp-271-10497: transport layer data is invalid
02-27 20:57:20.034  1540  1717 D vendor.oplus.hardware.charger-V6-service: ret_value:127, read content:,374,363,3697,3697,-32,500,2200,11,12,1,4,-1,4927,11,1,0,1,1,0,0,4425,0,2,0,2,0,0,0,366,0,1,1,0,0,61,61,61,0,0,0,0,0,0,0,0,0,0
02-27 20:57:20.035  1540  1717 D vendor.oplus.hardware.charger-V6-service: gmtime: 2026-02-27-20-57-20
02-27 20:57:20.036  1540  1717 D vendor.oplus.hardware.charger-V6-service: usb_online:1, ac_online:0, wireless_online:-2147483648
02-27 20:57:20.378  1540  1540 D vendor.oplus.hardware.charger-V6-service: get_ui_charge_icon_type 0 0 0 0 0
02-27 20:57:20.380  1540  1540 D vendor.oplus.hardware.charger-V6-service: oplus_chg_get_cpa_power 2500 charge_online 1 retention_topic 0
02-27 20:57:20.395  3736  3736 I SystemUi--Statusbar: BatteryControllerExt-->updateBatteryChangeIntent():broadcast=android.intent.action.BATTERY_CHANGED,level=12,scale=100
02-27 20:57:20.395  3736  3736 I SystemUi--Statusbar: BatteryRepository-->level: 12 -- isSavingMode: false
02-27 20:57:20.401  2026  2844 D OplusDisplayBrightnessBroadcastReceiver: onReceive action = android.intent.action.BATTERY_CHANGED , listeners = [com.android.server.display.OplusFeatureHDREnhanceBrightness$PhoneInfoReceiver@d078a20, com.android.server.display.OplusFeatureEdrEnhanceBrightness$PhoneInfoReceiver@d0bbfd9]
02-27 20:57:20.402  4248  4248 D SubsysBroadcastManager: onReceive action:android.intent.action.BATTERY_CHANGED
02-27 20:57:20.406 26084 26084 D DeviceStatisticsService: onReceive: action= android.intent.action.BATTERY_CHANGED
02-27 20:57:20.415 26780 26780 D CustomLogManagerService: onReceive android.intent.action.BATTERY_CHANGED
02-27 20:57:20.417  7792  9430 E Battery : ChargeProtectionUtils: mCanlendarTmp.isEmpty()!
02-27 20:57:20.432  1540  1540 D vendor.oplus.hardware.charger-V6-service: getChargerControl:sub_current=100
02-27 20:57:20.432  1540  1540 D vendor.oplus.hardware.charger-V6-service: sub_voltage=3800
02-27 20:57:20.432  1540  1540 D vendor.oplus.hardware.charger-V6-service: sub_soc=-1
02-27 20:57:20.432  1540  1540 D vendor.oplus.hardware.charger-V6-service: sub_temperature=250
02-27 20:57:20.432  1540  1540 D vendor.oplus.hardware.charger-V6-service: main_soc=11
02-27 20:57:20.480  2026  3448 D WifiStaIfaceHidlImpl: getCachedScanData is not implemented by HIDL
02-27 20:57:20.503  4248  4248 D VendorWifiService: onEvent event:9,action:1
02-27 20:57:20.505  2026  3554 D OplusWifiPower_TriggerCenter: mComponentCallback: wifistat
02-27 20:57:20.510  1510  8349 I QC2Comp : [vp9D_3966] Stats: Pending(3) i/p-done(0) Works: Q: 26/Done 25|Work-Rate: Q(0.0/s Avg=0.0/s) Done(0.000/s Avg=0.001/s)| Stream: 30.30fps 174.6Kbps
02-27 20:57:20.510  1510  8349 I QC2Comp : Mem-usage:  [In-1D - 5 bufs 14.941 MB] [1D-0 - 15 bufs 0.234 MB] [2D-3823 - 23 bufs 17.250 MB]
02-27 20:57:20.510  1510  8349 I QC2Comp : Total Mem-usage: 32.426 MB
02-27 20:57:20.653 14128 14497 I metis_v2_OsenseCallBack: memLevel: 1 [Metis|com.oplus.metis|1.4.54-aa2067f]
02-27 20:57:20.753 14128 14497 I metis_v2_OsenseCallBack: memLevel: 2 [Metis|com.oplus.metis|1.4.54-aa2067f]
02-27 20:57:20.755  2026  3795 I Osense-PsiDetector: 1642,430,1947,7679,75,389,213,1266,1573,471,729,0,8,8194
02-27 20:57:20.874  1540  1753 D BatteryChargeControl: bcc get no support from charging protocol
02-27 20:57:21.039  4130  4583 D CommonApp-271-10497: transport layer data is invalid
02-27 20:57:21.137  1540  1540 D vendor.oplus.hardware.charger-V6-service: getChargerControl:sub_current=100
02-27 20:57:21.137  1540  1540 D vendor.oplus.hardware.charger-V6-service: sub_voltage=3800
02-27 20:57:21.137  1540  1540 D vendor.oplus.hardware.charger-V6-service: sub_soc=-1
02-27 20:57:21.137  1540  1540 D vendor.oplus.hardware.charger-V6-service: sub_temperature=250
02-27 20:57:21.137  1540  1540 D vendor.oplus.hardware.charger-V6-service: main_soc=11
02-27 20:57:21.259   646   646 E lowmemorykiller: device memory 420652 free 110236 file 307713
02-27 20:57:21.759 14128 14497 I metis_v2_OsenseCallBack: memLevel: 0 [Metis|com.oplus.metis|1.4.54-aa2067f]
02-27 20:57:21.878  1540  1753 D BatteryChargeControl: bcc get no support from charging protocol
02-27 20:57:22.065  4130  4583 D CommonApp-271-10497: transport layer data is invalid
02-27 20:57:22.418 26780 23512 D CustomLogManagerService: WorkHandler msg.what :5
02-27 20:57:22.419 26780 23512 D CustomLogManagerService: user experience toggle off
02-27 20:57:22.882  1540  1753 D BatteryChargeControl: bcc get no support from charging protocol
02-27 20:57:23.088  4130  4583 D CommonApp-271-10497: transport layer data is invalid
02-27 20:57:23.208  1483  1483 I android.hardware.thermal@2.0-service.qti: Sensor Name:skintemp: 38.854. prev severity:0. cur severity:3 New severity:3
02-27 20:57:23.217  1483  1483 I android.hardware.thermal@2.0-service.qti: Sensor Name:skintemp: 38.854. prev severity:0. cur severity:3 New severity:3
02-27 20:57:23.226  1483  1483 I android.hardware.thermal@2.0-service.qti: Sensor Name:skintemp: 38.854. prev severity:0. cur severity:3 New severity:3
02-27 20:57:23.235  1483  1483 I android.hardware.thermal@2.0-service.qti: Sensor Name:skintemp: 38.854. prev severity:0. cur severity:3 New severity:3
02-27 20:57:23.239  5236  5396 I midasd  : OplusObrainService::notifyEventInt eventId:21 iParam:0
02-27 20:57:23.243  7270 19649 I OplusObrain: OplusObrainClientInvoke.nativeGetTelephonyInfo
02-27 20:57:23.246  7270 19649 I OplusObrain: OplusObrainClientInvoke.nativeGetTrafficTypeInfoForNetworkType networkType 0
02-27 20:57:23.247  2026  4109 D KernelStatsHelper: getKernelStats start!
02-27 20:57:23.251  2026  3531 D OplusNetlinkSocket: handleNetlinkRecvKernelMessage:nlmsghdr:StructNlMsgHdr{ nlmsg_len{3004}, nlmsg_type{33()}, nlmsg_flags{0()}, nlmsg_seq{0}, nlmsg_pid{132779467} }
02-27 20:57:23.251  2026  3531 D KernelStatsHelper: get magic :[-1, -1, -1, 77, 65, 71, 73, 67]
02-27 20:57:23.251  2026  3531 D KernelStatsHelper: magic matched count:441 data_len:22932
02-27 20:57:23.252  2026  3531 D OplusNetlinkSocket: handleNetlinkRecvKernelMessage:nlmsghdr:StructNlMsgHdr{ nlmsg_len{2988}, nlmsg_type{33()}, nlmsg_flags{0()}, nlmsg_seq{0}, nlmsg_pid{132779467} }
02-27 20:57:23.252  2026  3531 D OplusNetlinkSocket: handleNetlinkRecvKernelMessage:nlmsghdr:StructNlMsgHdr{ nlmsg_len{2988}, nlmsg_type{33()}, nlmsg_flags{0()}, nlmsg_seq{0}, nlmsg_pid{132779467} }
02-27 20:57:23.252  2026  3531 D OplusNetlinkSocket: handleNetlinkRecvKernelMessage:nlmsghdr:StructNlMsgHdr{ nlmsg_len{2988}, nlmsg_type{33()}, nlmsg_flags{0()}, nlmsg_seq{0}, nlmsg_pid{132779467} }
02-27 20:57:23.252  2026  3531 D OplusNetlinkSocket: handleNetlinkRecvKernelMessage:nlmsghdr:StructNlMsgHdr{ nlmsg_len{2988}, nlmsg_type{33()}, nlmsg_flags{0()}, nlmsg_seq{0}, nlmsg_pid{132779467} }
02-27 20:57:23.253  2026  3531 D OplusNetlinkSocket: handleNetlinkRecvKernelMessage:nlmsghdr:StructNlMsgHdr{ nlmsg_len{2988}, nlmsg_type{33()}, nlmsg_flags{0()}, nlmsg_seq{0}, nlmsg_pid{132779467} }
02-27 20:57:23.253  2026  3531 D OplusNetlinkSocket: handleNetlinkRecvKernelMessage:nlmsghdr:StructNlMsgHdr{ nlmsg_len{2988}, nlmsg_type{33()}, nlmsg_flags{0()}, nlmsg_seq{0}, nlmsg_pid{132779467} }
02-27 20:57:23.253  2026  3531 D OplusNetlinkSocket: handleNetlinkRecvKernelMessage:nlmsghdr:StructNlMsgHdr{ nlmsg_len{2208}, nlmsg_type{33()}, nlmsg_flags{0()}, nlmsg_seq{0}, nlmsg_pid{132779467} }
02-27 20:57:23.253  2026  3531 D KernelStatsHelper: data over! check: true
02-27 20:57:23.254  5236 13430 E midasd  : Read file /sys/class/power_supply/usb/current_now failed.(No data available)
02-27 20:57:23.280  1510 18624 I QC2Comp : [vp9D_3677] Stats: Pending(3) i/p-done(0) Works: Q: 26/Done 25|Work-Rate: Q(0.0/s Avg=0.0/s) Done(0.000/s Avg=0.000/s)| Stream: 25.00fps 328.6Kbps
02-27 20:57:23.280  1510 18624 I QC2Comp : Mem-usage:  [In-1D - 5 bufs 14.941 MB] [1D-0 - 15 bufs 0.234 MB] [2D-3534 - 23 bufs 51.750 MB]
02-27 20:57:23.280  1510 18624 I QC2Comp : Total Mem-usage: 66.926 MB
02-27 20:57:23.327  2026  3361 V AlarmManager: sending alarm Alarm{5f95e5c type 3 origWhen 1204181762 whenElapsed 1204181762 android} uid 1000 whenElapsed 1204181762 windowLength 661289 maxWhenElapsed 1204843051 repeatInterval 0 action null component null tag *CountQuotaTracker.cleanup* flags 0x8 procName system_server
02-27 20:57:23.334  2026  3361 V AlarmManager: sending alarm Alarm{d156565 type 2 origWhen 1204115287 whenElapsed 1204115287 com.facebook.services} uid 10260 whenElapsed 1204115287 windowLength 224999 maxWhenElapsed 1204340286 repeatInterval 0 action com.facebook.rti.fbns.intent.ACTION_ALARM.FBNS_SCHEDULED_REDELIVERY component null flags 0x20 procName com.facebook.services
02-27 20:57:23.338  2026  3361 V AlarmManager: sending alarm Alarm{81f223a type 0 origWhen 1772215033319 whenElapsed 1204241642 com.heytap.mcs} uid 1000 whenElapsed 1204241642 windowLength 10000 maxWhenElapsed 1204251642 repeatInterval 0 action com.heytap.mcs.action component null flags 0x8 procName com.heytap.mcs
02-27 20:57:23.351  2026  3361 V AlarmManager: sending alarm Alarm{fec0448 type 3 origWhen 1204115211 whenElapsed 1204115211 com.oplus.obrain} uid 1000 whenElapsed 1204115211 windowLength 225000 maxWhenElapsed 1204340211 repeatInterval 300000 action MIDAS FIVE MINUTE CLOCK ACTION component null flags 0x8 procName com.oplus.midas
02-27 20:57:23.353  2026  3361 V AlarmManager: sending alarm Alarm{87bf2e1 type 3 origWhen 1204157597 whenElapsed 1204157597 com.oplus.nhs} uid 1001 whenElapsed 1204157597 windowLength 225000 maxWhenElapsed 1204382597 repeatInterval 300000 action oplus.intent.action.INTERNAL_LOOP_UPDATE_ACTIVITYINFO_ALARM component ComponentInfo{com.oplus.nhs/com.oplus.nhs.pwr.ModemAci.ModemAciAlarmReceiver} flags 0x8 procName com.oplus.nhs
02-27 20:57:23.357  5236  5396 I midasd  : OplusObrainService::notifyEventInt eventId:49 iParam:0
02-27 20:57:23.361  7270 19649 I OplusObrain: OplusObrainClientInvoke.nativeGetTrafficTypeInfoForNetworkType networkType 1
02-27 20:57:23.363  7270 19649 I OplusObrain: OplusObrainClientInvoke.nativeGetTelephonyInfo
02-27 20:57:23.368  5236 13430 E midasd  : Read file /sys/class/power_supply/usb/current_now failed.(No data available)
02-27 20:57:23.373  7270 19527 I OplusObrain: OplusObrainClientInvoke.nativeGetTrafficTypeInfoForNetworkType networkType 0
02-27 20:57:23.379  4141  4141 D ModemAciService: onReceive oplus.intent.action.INTERNAL_LOOP_UPDATE_ACTIVITYINFO_ALARM
02-27 20:57:23.384  4141  4422 I ModemAciService: handleMessage:12
02-27 20:57:23.384  4141  4422 I ModemAciService: handleMessage:14
02-27 20:57:23.385  4130  4641 I PKPI    : [KpiRadio] receive MDPWR_UPDATE_TRAFFIC_KERNEL_INFO !
02-27 20:57:23.390  4248  4248 D RadioMessenger: handleMessage Request msgid 2294
02-27 20:57:23.394  2577  2794 D QmiClient: qmiServiceEventCallback recv msg id 1085
02-27 20:57:23.394  2577  2794 D QmiVsClient: enter - onQmiServiceEventCallback msgId 1085
02-27 20:57:23.394  2577  2794 D QmiVsClientEvent: qmiVsClientNotifyNecEvent - RADIO_EVENT_NEC_IND
02-27 20:57:23.395  2577  2634 D VsProxy : handleMessage msg is 2403
02-27 20:57:23.395  2577  2634 D VsProxy : handleNecInd for instance 0
02-27 20:57:23.396  4248 16931 D SubsysRadioIndication: [PHONE0]radioNecInd 
02-27 20:57:23.401 14163 14294 W ContextImpl: Calling a method in the system process without a qualified user: android.app.ContextImpl.bindService:2061 android.content.ContextWrapper.bindService:873 com.heytap.mcs.biz.statistics.agent.OBUSAgent.bindStatisticsApiService:8 com.heytap.mcs.biz.statistics.agent.OBUSAgent.upload:7 com.heytap.mcs.biz.statistics.agent.AgentManager.upload:3 
02-27 20:57:23.404  4248  4248 D RadioProxyJ: [PHONE0][24736]>getIndicationReportRecords
02-27 20:57:23.405  4248  4248 D RadioMessenger: handleMessage Request msgid 2220
02-27 20:57:23.407  2577  2634 D QmiVsClient: getIndicationReportRecords - enter
02-27 20:57:23.407  2577  2634 E QmiVsClient: sendAsyncRequest QMI_VS_GET_INDICATION_REPORT_RECORDS_REQ_MSG_V01 ret 0
02-27 20:57:23.407  2026  4235 D CompatChangeReporter: Compat change id reported: 151861875; UID 1000; state: ENABLED
02-27 20:57:23.408  4248  4248 D RadioMessenger: handleSetSyncWithAp: -1, syncFlag: 1
02-27 20:57:23.408  4248  4248 D QtiRadioService: setSyncWithAp
02-27 20:57:23.409  2577  2794 D QmiVsClient: operator() callback - enter
02-27 20:57:23.409  2577  2794 E QmiVsClient: error : PARAM_CHECK_RESP_NO_RETURN 3
02-27 20:57:23.409  2577  2794 D QmiClient: QmiErrorToRadioApiError qmiError 3, radio result 1
02-27 20:57:23.409  2577  2634 D VsProxy : handleMessage msg is 4001
02-27 20:57:23.409  4248  4248 D RadioProxyJ: [PHONE0][24737]> setSyncWithAp syncFlag:1
02-27 20:57:23.409  2577  2634 D RadioProxy: getIndicationReportRecords : response cb for instance 0
02-27 20:57:23.409  2577  2623 D RadioService: setSyncWithAp with instance 0
02-27 20:57:23.409  4248  4248 D ModemChannel: handleMessage what:102
02-27 20:57:23.409  2577  2623 D VendorService: VendorService::setSyncWithAp
02-27 20:57:23.409  4248  4248 D ModemChannel: handleNecEvent
02-27 20:57:23.409  2577  2634 D QmiVsClient: setSyncWithAp - enter
02-27 20:57:23.410  4248 16931 D SubsysRadioResponse: responseIndreportrecordArrayList data.len: 0
02-27 20:57:23.410  2577  2634 E QmiVsClient: sendAsyncRequest QMI_VS_SET_SYNC_WITH_AP_REQ_MSG_V01 ret 0
02-27 20:57:23.411  2577  2634 D VsProxy : handleMessage msg is 4001
02-27 20:57:23.411  4141  4422 I ModemAciService: handleMessage:5
02-27 20:57:23.412  4130  4587 D SubsysCallManager: handleMessage what:102
02-27 20:57:23.412  4130  4587 D SubsysCallManager: parseMdmInfoData len:392
02-27 20:57:23.412  4130  4587 D SubsysCallManager: onMdmEvent moduleId:6,eventId:4
02-27 20:57:23.412  2577  2634 D RadioProxy: setSyncWithAp : response cb for instance 0
02-27 20:57:23.413  4141  4422 I ModemAciService: sendSettleObj2Statsd over!
02-27 20:57:23.413  5236  5396 I midasd  : OplusObrainService::notifyEventString eventId:11 strParam:{"5gRxTimeMs":0,"5gTxTimeMs":[],"idleTimeMs":76669,"lteRrcC":[0,0],"lteRrcT":[0,0],"nrRrcC":[0,0],"nrRrcT":[0,0],"rxTimeMs":10024,"sleepTimeMs":243892,"timestamp":1772215043412,"txTimeMs":[0,0,0,0,0]}
02-27 20:57:23.414  4141  4422 D ModemAciService: sendSettleObj2Amc:info=sleepTimes=244,244, idleTimes = 77,77, rxTimes = 10,10, nrRxTimes = 0,0, rrcConnC = 0,0, saRrcConnC = 0,0, cellUpdateC = 0,0, iRatC = 0,0, csChangedC = 0,0, psChangedC = 0,0, nwSrchC = 0,0, nwSrchT = 0,0, lteRrcConnT = 0,0, sarrct = 0,0, psRegT = 330,330, csRegT = 330,330, psNoRegT = 0,0, csNoRegT = 0,0, saRachC = 0,0, lteHoC = 0,0, saHoC = 0,0, sigGridT = 0,0, lteGridT = 0,0, saGridT = 0,0, ulHiLayerT=0,0, dlHiLayerT=0,0, highTxPower=0,0, highpwro20t=0,0, 
02-27 20:57:23.414  4130  4641 D PKPI    : [KpiModem] update kpi:highpwro20t value:0 duration:330
02-27 20:57:23.414  4130  4641 D PKPI    : [KpiModem] update kpi:nweaksigt value:0 duration:330 pn:0
02-27 20:57:23.414  4130  4641 D PKPI    : [KpiModem] update kpi:nweaksigt value:0 duration:330 pn:1
02-27 20:57:23.414  4130  4641 D PKPI    : [KpiModem] update kpi:nwsrchc value:0 duration:330 pn:0
02-27 20:57:23.414  4130  4641 D PKPI    : [KpiModem] update kpi:nwsrchc value:0 duration:330 pn:1
02-27 20:57:23.414  4130  4641 D PKPI    : [KpiModem] update kpi:nwsrcht value:0 duration:330 pn:0
02-27 20:57:23.414  4130  4641 D PKPI    : [KpiModem] update kpi:nwsrcht value:0 duration:330 pn:1
02-27 20:57:23.414  4130  4641 D PKPI    : [KpiModem] update kpi:highpwrt value:0 duration:330
02-27 20:57:23.414  4130  4641 D PKPI    : [KpiModem] update kpi:dlhilayert value:0 duration:330 pn:0
02-27 20:57:23.414  4130  4641 D PKPI    : [KpiModem] update kpi:dlhilayert value:0 duration:330 pn:1
02-27 20:57:23.414  4130  4641 D PKPI    : [KpiModem] update kpi:csregt value:330 duration:330 pn:0
02-27 20:57:23.414  4130  4641 D PKPI    : [KpiModem] update kpi:csregt value:330 duration:330 pn:1
02-27 20:57:23.414  4130  4641 D PKPI    : [KpiModem] update kpi:csnoregt value:0 duration:330 pn:0
02-27 20:57:23.414  4130  4641 D PKPI    : [KpiModem] update kpi:csnoregt value:0 duration:330 pn:1
02-27 20:57:23.414  4130  4641 D PKPI    : [KpiModem] update kpi:pschangec value:0 duration:330 pn:0
02-27 20:57:23.414  4130  4641 D PKPI    : [KpiModem] update kpi:pschangec value:0 duration:330 pn:1
02-27 20:57:23.414  4130  4641 D PKPI    : [KpiModem] update kpi:ltehoc value:0 duration:330 pn:0
02-27 20:57:23.414  4130  4641 D PKPI    : [KpiModem] update kpi:ltehoc value:0 duration:330 pn:1
02-27 20:57:23.415  4130  4641 D PKPI    : [KpiModem] update kpi:nrrrcc value:0 duration:330 pn:0
02-27 20:57:23.415  4130  4641 D PKPI    : [KpiModem] update kpi:nrrrcc value:0 duration:330 pn:1
02-27 20:57:23.415  4130  4641 D PKPI    : [KpiModem] update kpi:psregt value:330 duration:330 pn:0
02-27 20:57:23.415  4130  4641 D PKPI    : [KpiModem] update kpi:psregt value:330 duration:330 pn:1
02-27 20:57:23.415  4130  4641 D PKPI    : [KpiModem] update kpi:sarrct value:0 duration:330 pn:0
02-27 20:57:23.415  4130  4641 D PKPI    : [KpiModem] update kpi:sarrct value:0 duration:330 pn:1
02-27 20:57:23.415  4130  4641 D PKPI    : [KpiModem] update kpi:totalcat value:0 duration:330 pn:0
02-27 20:57:23.415  4130  4641 D PKPI    : [KpiModem] update kpi:totalcat value:0 duration:330 pn:1
02-27 20:57:23.415  4130  4641 D PKPI    : [KpiModem] update kpi:weaksigt value:0 duration:330 pn:0
02-27 20:57:23.415  4130  4641 D PKPI    : [KpiModem] update kpi:weaksigt value:0 duration:330 pn:1
02-27 20:57:23.415  4130  4641 D PKPI    : [KpiModem] update kpi:ulhilayert value:0 duration:330 pn:0
02-27 20:57:23.415  4130  4641 D PKPI    : [KpiModem] update kpi:ulhilayert value:0 duration:330 pn:1
02-27 20:57:23.415  4130  4641 D PKPI    : [KpiModem] update kpi:psnoregt value:0 duration:330 pn:0
02-27 20:57:23.415  4130  4641 D PKPI    : [KpiModem] update kpi:psnoregt value:0 duration:330 pn:1
02-27 20:57:23.415  4130  4641 D PKPI    : [KpiModem] update kpi:rxt value:10 duration:330
02-27 20:57:23.415  4130  4641 D PKPI    : [KpiModem] update kpi:5grxt value:0 duration:330
02-27 20:57:23.415  4130  4641 D PKPI    : [KpiModem] update kpi:idlet value:77 duration:330
02-27 20:57:23.415  4130  4641 D PKPI    : [KpiModem] update kpi:iratc value:0 duration:330 pn:0
02-27 20:57:23.415  4130  4641 D PKPI    : [KpiModem] update kpi:iratc value:0 duration:330 pn:1
02-27 20:57:23.415  4130  4641 D PKPI    : [KpiModem] update kpi:rachc value:0 duration:330 pn:0
02-27 20:57:23.415  4130  4641 D PKPI    : [KpiModem] update kpi:rachc value:0 duration:330 pn:1
02-27 20:57:23.415  4130  4641 D PKPI    : [KpiModem] update kpi:sahoc value:0 duration:330 pn:0
02-27 20:57:23.415  4130  4641 D PKPI    : [KpiModem] update kpi:sahoc value:0 duration:330 pn:1
02-27 20:57:23.415  4130  4641 D PKPI    : [KpiModem] update kpi:lterrcc value:0 duration:330 pn:0
02-27 20:57:23.415  4130  4641 D PKPI    : [KpiModem] update kpi:lterrcc value:0 duration:330 pn:1
02-27 20:57:23.415  4130  4641 D PKPI    : [KpiModem] update kpi:lterrct value:0 duration:330 pn:0
02-27 20:57:23.415  4130  4641 D PKPI    : [KpiModem] update kpi:lterrct value:0 duration:330 pn:1
02-27 20:57:23.415  4130  4641 D PKPI    : [KpiModem] update kpi:radiosleept value:244 duration:330
02-27 20:57:23.415  4130  4641 D PKPI    : [KpiModem] update kpi:cschangec value:0 duration:330 pn:0
02-27 20:57:23.415  4130  4641 D PKPI    : [KpiModem] update kpi:cschangec value:0 duration:330 pn:1
02-27 20:57:23.415  4130  4641 D PKPI    : [KpiModem] update kpi:cellupdatec value:0 duration:330 pn:0
02-27 20:57:23.415  4130  4641 D PKPI    : [KpiModem] update kpi:cellupdatec value:0 duration:330 pn:1
02-27 20:57:23.415  4130  4641 D PKPI    : [KpiModem] update kpi:eweaksigt value:0 duration:330 pn:0
02-27 20:57:23.415  4130  4641 D PKPI    : [KpiModem] update kpi:eweaksigt value:0 duration:330 pn:1
02-27 20:57:23.417  4141  4422 I ModemAciService: UMF LO,DC: OplusModemActivityInfo{ date=02-27 20:57:23.412 modemPowermA[]=[10.03,10.03,10.03] sleepTimeMs=243892 idleTimeMs=76669 rxTimeMs=10024 5gRxTimeMs=0 txTimeMs[]=[0, 0, 0, 0, 0] 5gTxTimeMsSIM1=[0, 0, 0, 0, 0, 0, 0, 0] 5gTxTimeMsSIM2=[0, 0, 0, 0, 0, 0, 0, 0] 5gTxTimeSum[]=[0, 0] techTimeMs[]=[0, 0, 0, 0, 6504, 3518, 0, 0, 0] rrcConn10sC[]=[0, 0] rrcConn20sC[]=[0, 0] rrcConnMore20sC[]=[0, 0] rrcConnC[]=[0, 0] csChangedC[]=[0, 0] psChangedC[]=[0, 0] iRatC[]=[0, 0] cellUpdateC[]=[0, 0] nwSrchC[]=[0, 0] nwSrchT[]=[0, 0] lteRrcConnT[]=[0, 0] psRegT[]=[330, 330] csRegT[]=[330, 330] psNoRegT[]=[0, 0] csNoRegT[]=[0, 0] sigGrid0T[]=[0, 0] endcActT[]=[0, 0] saActT[]=[0, 0] gpsTimeMs=29 wlanTimeMs=76401 regReqFbC[]=[0, 0] regReqTransAcqDbC[]=[0, 0] saRrcConn10sC[]=[0, 0] saRrcConn20sC[]=[0, 0] saRrcConnMore20sC[]=[0, 0] saRrcConnC[]=[0, 0] lteHoC[]=[0, 0] saHoC[]=[0, 0] saRrcConnT[]=[0, 0] sensorStationaryC=0 sensorStationaryT=0 modemStationaryC=0 modemStationaryT=0}
02-27 20:57:23.420  4141  4422 E PowerMitigationService: onPowerKpiChanged():SettleObj{ what=LO date=02-27 20:57:23.417 duration=2305 screenOnRatio=0 screenOffRatio=0 power=0 current=0 networkType=null dataNetworkType=0 signalStrength=0 aodState=0 softAp=false charge=false simCount=0 defaultPhone=0 apssSleepC=0 apssSleepRatio=0 mpssSleepC=0 mpssSleepRatio=0 vminSleepC=0 vminSleepRatio=0 vlowSleepC=0 vlowSleepRatio=0 modemPowermA[]=[137.42,126.06,175.63] sleepRatio=14.31 idleRatio=12.53 rxRatio=2.38 5gRxRatio=0 txSumRatio=70.78 txRatio[]=[99.87,0.03,0.09,0.01,0.00] 5gTxRatioSIM1=[0,0,0,0,0,0,0,0] 5gTxRatioSIM2=[0,0,0,0,0,0,0,0] techRatio[]=[0,0,68.30,2.48,2.89,69.56,0,0,0]5gTxSumRatio=0 rrcConn10sC[]=[0, 3] rrcConn20sC[]=[0, 0] rrcConnMore20sC[]=[0, 0] rrcConnC[]=[0, 3] csChangedC[]=[0, 0] psChangedC[]=[2, 0] nwSrchC[]=[1, 2] nwSrchRatio[]=[2.13,67.89] lteRrcConnRatio[]=[0,1.30] psRegRatio[]=[31.71,99.99] csRegRatio[]=[99.99,99.99] psNoRegRatio[]=[68.28,0] csNoRegRatio[]=[0,0] sigGrid0Ratio[]=[0,0] endcActRatio[]=[0,0] saActRatio[]=[0,0] gpsRatio=0.30 wlanRatio=26.13 qrtrWakeupC={} allWakeupC={} appInWakeupC={} appOutWakeupC={} appWakeupRatio={} appTrafficC={} regReqFbC=[0, 0] regReqTransAcqDbC=[0, 0] saRrcConn10sC[]=[0, 0] saRrcConn20sC[]=[0, 0] saRrcConnMore20sC[]=[0, 0] saRrcConnC[]=[0, 0] lteHoC[]=[0, 0] saHoC[]=[0, 0] saRrcConnRatio[]=[0,0] lteBandRatiosim0[]=[0,0,0,0,0,0,0,0,0] lteBandRatiosim1[]=[0,0,0,0,0,0,0,0,0] nrBandRatiosim0[]=[0,0,0,0,0,0,0,0] nrBandRatiosim1[]=[0,0,0,0,0,0,0,0] sensorStationaryC=0 sensorStationaryT=0 modemStationaryC=0 modemStationaryT=0 cellUpdateC[]=[6, 2] iRatC[]=[2, 2] ModemIndicationC={}}
02-27 20:57:23.421 14163 14294 W ContextImpl: Calling a method in the system process without a qualified user: android.app.ContextImpl.startService:1958 android.content.ContextWrapper.startService:837 com.heytap.mcs.service.McsService.a:13 com.heytap.mcs.service.McsService.a:4 com.heytap.mcs.service.McsService$c.run:47 
02-27 20:57:23.424  4141  4141 D PowerMitigationService: checkAbnormalState SALTEPINGPONG isAbnormalState=[0, 0] isRestrainState=[0, 0] SAACTIVEHIGH isAbnormalState=[0, 0] isRestrainState=[0, 0] NOSIMLOWSLEEPRATIO isAbnormalState=[0] isRestrainState=[0] FREQUENTMODEMDATA isAbnormalState=[0, 0] isRestrainState=[0, 0] 5GRXACTIVEHIGH isAbnormalState=[0, 0] isRestrainState=[0, 0] IDLERATIOHIGH isAbnormalState=[0, 0] isRestrainState=[0, 0] 
02-27 20:57:23.424  4141  4141 D PowerMitigationService: handleMessage: { when=-7ms what=10 target=z0.b$b }
02-27 20:57:23.426  2577  2577 D RadioServiceResponse: RadioServiceResponse::setSyncWithApResponse
02-27 20:57:23.427  4248 16931 E CommandException: Unrecognized subsys errno 2
02-27 20:57:23.427  7270 19649 I OplusObrain: OplusObrainClientInvoke.nativeGetTelephonyInfo
02-27 20:57:23.427  4248 16931 D RadioProxyJ: [PHONE0][24736]< getIndicationReportRecordsResponse [] [convertToString]
02-27 20:57:23.427  4248  4248 D MessengerResponseHandler: handleMessage Response msgid 272
02-27 20:57:23.427  4248 16931 D SubsysRadioResponse: setSyncWithApResponse info.error = 0
02-27 20:57:23.427  4248 16931 D RadioProxyJ: [PHONE0][24737]< setSyncWithApResponse 
02-27 20:57:23.427  4248  4248 E ServiceMessengerHelper: handleSendErrorResponse error 1
02-27 20:57:23.427  4248  4248 D MessengerResponseHandler: handleMessage Response msgid 210
02-27 20:57:23.428  4130  4641 E PKPI    : [KpiRadio] parcelables is null, return! 
02-27 20:57:23.428  7270 19649 I OplusObrain: OplusObrainClientInvoke.nativeGetTrafficTypeInfoForNetworkType networkType 0
02-27 20:57:23.429  1319  1319 D Zygote  : Forked child process 15884
02-27 20:57:23.430  2026  2704 I ActivityManager: Start proc 15884:com.heytap.mcs.statistics/1000 for service {com.heytap.mcs/com.heytap.mcs.biz.statistics.service.StatisticsApiService}
02-27 20:57:23.431  7270 29953 D ShellSubscriberWorkerThread: the first 8 bytes empty, and RestData length > 8 
02-27 20:57:23.444  1319  1319 D Zygote  : Forked child process 15886
02-27 20:57:23.444  2026  2704 I ActivityManager: Start proc 15886:com.heytap.mcs.appservice/1000 for service {com.heytap.mcs/com.heytap.mcs.biz.appservice.McsSdkService}
02-27 20:57:23.451  4130  4583 D CommonApp-271-10497: DefaultState EVENT_SCENARIOS_CHANGE
02-27 20:57:23.451  4130  4583 D CommonApp-271-10497: scene=COMMON pn=com.esiri.esiriplus
02-27 20:57:23.464 15884 15884 E .mcs.statistics: Unknown bits set in runtime_flags: 0x40000000
02-27 20:57:23.464 15886 15886 E .mcs.appservice: Unknown bits set in runtime_flags: 0x40000000
02-27 20:57:23.464 15884 15884 I .mcs.statistics: Using CollectorTypeCC GC.
02-27 20:57:23.464 15886 15886 I .mcs.appservice: Using CollectorTypeCC GC.
02-27 20:57:23.473 15886 15886 D nativeloader: Load libframework-connectivity-tiramisu-jni.so using APEX ns com_android_tethering for caller /apex/com.android.tethering/javalib/framework-connectivity-t.jar: ok
02-27 20:57:23.473 15884 15884 D nativeloader: Load libframework-connectivity-tiramisu-jni.so using APEX ns com_android_tethering for caller /apex/com.android.tethering/javalib/framework-connectivity-t.jar: ok
02-27 20:57:23.475  8762 15885 W ContextImpl: Calling a method in the system process without a qualified user: android.app.ContextImpl.startService:1958 android.content.ContextWrapper.startService:837 com.heytap.mcs.biz.message.h.a:18 com.heytap.mcs.biz.message.h.a:6 com.heytap.mcs.base.task.a.b:6 
02-27 20:57:23.477 15884 15884 D OplusActivityThreadExtImpl: java.lang.NoSuchMethodException: dalvik.system.VMRuntime.SupressionGC [int, int]
02-27 20:57:23.477 15886 15886 D OplusActivityThreadExtImpl: java.lang.NoSuchMethodException: dalvik.system.VMRuntime.SupressionGC [int, int]
02-27 20:57:23.478 15886 15886 W libc    : Access denied finding property "persist.vendor.sys.activitylog"
02-27 20:57:23.478 15884 15884 W libc    : Access denied finding property "persist.vendor.sys.activitylog"
02-27 20:57:23.478 15886 15886 I OneTrace: Mark active for pid=15886? true
02-27 20:57:23.478 15884 15884 I OneTrace: Mark active for pid=15884? true
02-27 20:57:23.478 15886 15886 D cutils-dev: otrace_set_tracing_enabled? true tag:0
02-27 20:57:23.478 15884 15884 D cutils-dev: otrace_set_tracing_enabled? true tag:0
02-27 20:57:23.478 15884 15884 D cutils-dev: properties changed in otrace_seq_number_changed!
02-27 20:57:23.479 15886 15886 D cutils-dev: properties changed in otrace_seq_number_changed!
02-27 20:57:23.483  8762 15885 I Process : Sending signal. PID: 8762 SIG: 9
02-27 20:57:23.490  2026  4109 D ActivityTaskManagerServiceExtImpl: preBindApplication record is null
02-27 20:57:23.490  2026  4109 D RGBNormalizeServer: OplusRGBNormalize feature enabled ? false
02-27 20:57:23.490  2026  4109 D ResourcesManagerCache: For package com.heytap.mcs we got cacheList [null] appInfoExt is null ? false hasFeature ? false
02-27 20:57:23.498 15884 15903 D OplusAppHeapManager: java.lang.NoSuchMethodException: dalvik.system.VMRuntime.updateProcessValue [int, int, int]
02-27 20:57:23.501 15884 15884 D OplusActivityManager: get AMS extension: android.os.BinderProxy@b4cb17f
02-27 20:57:23.503 15884 15884 D callGcSupression: java.lang.NullPointerException: Attempt to invoke virtual method 'java.lang.Object java.lang.reflect.Method.invoke(java.lang.Object, java.lang.Object[])' on a null object reference
02-27 20:57:23.503  2026  4107 D ActivityTaskManagerServiceExtImpl: preBindApplication record is null
02-27 20:57:23.503  2026  4107 D RGBNormalizeServer: OplusRGBNormalize feature enabled ? false
02-27 20:57:23.503  2026  4107 D ResourcesManagerCache: For package com.heytap.mcs we got cacheList [null] appInfoExt is null ? false hasFeature ? false
02-27 20:57:23.504  2026  3448 D WifiStaIfaceHidlImpl: getCachedScanData is not implemented by HIDL
02-27 20:57:23.504 15884 15884 D CompactWindowAppManager: initCompactApplicationInfo CompactMode: , NormalMode: 
02-27 20:57:23.506 15884 15884 D OplusScrollToTopManager: setIsInWhiteList false
02-27 20:57:23.507 15884 15884 D OplusViewDebugManager: OplusViewDebugManager Constructor android.view.debug.OplusViewDebugManager@9754995 [mHasViewDebugProperty true] [mHasMsgDebugProperty false] [DEBUG false] [EXTRAINFOENABLE false] [LIGHT_OS false]
02-27 20:57:23.509 15886 15904 D OplusAppHeapManager: java.lang.NoSuchMethodException: dalvik.system.VMRuntime.updateProcessValue [int, int, int]
02-27 20:57:23.509 15886 15886 D OplusActivityManager: get AMS extension: android.os.BinderProxy@b4cb17f
02-27 20:57:23.510  2026  3235 D CompatChangeReporter: Compat change id reported: 311208629; UID 1000; state: ENABLED
02-27 20:57:23.511 15886 15886 D callGcSupression: java.lang.NullPointerException: Attempt to invoke virtual method 'java.lang.Object java.lang.reflect.Method.invoke(java.lang.Object, java.lang.Object[])' on a null object reference
02-27 20:57:23.511 15884 15884 W libc    : Access denied finding property "ro.odm.prev.product.name"
02-27 20:57:23.512 15886 15886 D CompactWindowAppManager: initCompactApplicationInfo CompactMode: , NormalMode: 
02-27 20:57:23.514  2026  3235 W ActivityManager: pid 2026 system sent binder code 42 with flags 1 to frozen apps and got error -32
02-27 20:57:23.515 15884 15884 D ApplicationLoaders: Returning zygote-cached class loader: /system_ext/framework/androidx.window.extensions.jar
02-27 20:57:23.515 15884 15884 D ApplicationLoaders: Returning zygote-cached class loader: /system_ext/framework/androidx.window.sidecar.jar
02-27 20:57:23.515 15884 15884 D ApplicationLoaders: Returning zygote-cached class loader: /system/framework/org.apache.http.legacy.jar
02-27 20:57:23.516 15886 15886 D OplusScrollToTopManager: setIsInWhiteList false
02-27 20:57:23.516 15886 15886 D OplusViewDebugManager: OplusViewDebugManager Constructor android.view.debug.OplusViewDebugManager@9754995 [mHasViewDebugProperty true] [mHasMsgDebugProperty false] [DEBUG false] [EXTRAINFOENABLE false] [LIGHT_OS false]
02-27 20:57:23.517  1319  1319 I Zygote  : Process 8762 exited due to signal 9 (Killed)
02-27 20:57:23.517  2026  4107 I ActivityManager: Death received, pid = 8762, processName = com.heytap.mcs.biz.message for thread android.os.BinderProxy@ef4f042
02-27 20:57:23.520 15886 15886 W libc    : Access denied finding property "ro.odm.prev.product.name"
02-27 20:57:23.520  4248  4248 D VendorWifiService: onEvent event:9,action:1
02-27 20:57:23.521 15886 15886 D ApplicationLoaders: Returning zygote-cached class loader: /system_ext/framework/androidx.window.extensions.jar
02-27 20:57:23.521 15886 15886 D ApplicationLoaders: Returning zygote-cached class loader: /system_ext/framework/androidx.window.sidecar.jar
02-27 20:57:23.521 15886 15886 D ApplicationLoaders: Returning zygote-cached class loader: /system/framework/org.apache.http.legacy.jar
02-27 20:57:23.524  2026  3554 D OplusWifiPower_TriggerCenter: mComponentCallback: wifistat
02-27 20:57:23.524  2026  3898 I ActivityManager: Process com.heytap.mcs.biz.message (pid 8762) has died: fg  SVC 
02-27 20:57:23.525  2026  3898 D OplusAppStartupManager: prevent restart service, pkgName = com.heytap.mcs, scenePriority = -1
02-27 20:57:23.525  2026  2706 I libprocessgroup: Removed cgroup /sys/fs/cgroup/uid_1000/pid_8762
02-27 20:57:23.528  4130  4554 I ProcessManager: onProcessDied pid:8762, uid:1000
02-27 20:57:23.528  4130  4554 D AppSceneEventManager: handleMessage: 101
02-27 20:57:23.528  4130  4554 I DispatcherPolicy: onBaseEvent EventId=22	INPUT_PROCESS_DIED	TimeStamp =1772215043528	Intent =null	Content =null	Pid =8762	PkgName =com.heytap.mcs
02-27 20:57:23.528  4130  4554 I GamingScene: onInputEvent : INPUT_PROCESS_DIED
02-27 20:57:23.530  3736  4732 I PluginSeedling--Base: SeedlingPluginService-->onStateChange: Bundle[{pkgName=android.uid.system:1000, pid=8762, uid=1000, state=onProcessDied}]
02-27 20:57:23.574 15884 15884 D nativeloader: Configuring clns-7 for other apk /data/app/~~B5Cp3P9ewky0t4Hptjnnkw==/com.heytap.mcs-y1UXme1cWARc0HiSvz_OAg==/base.apk. target_sdk_version=35, uses_libraries=, library_path=/data/app/~~B5Cp3P9ewky0t4Hptjnnkw==/com.heytap.mcs-y1UXme1cWARc0HiSvz_OAg==/lib/arm64:/data/app/~~B5Cp3P9ewky0t4Hptjnnkw==/com.heytap.mcs-y1UXme1cWARc0HiSvz_OAg==/base.apk!/lib/arm64-v8a, permitted_path=/data:/mnt/expand:/data/user_de/0/com.heytap.mcs
02-27 20:57:23.574 15886 15886 D nativeloader: Configuring clns-7 for other apk /data/app/~~B5Cp3P9ewky0t4Hptjnnkw==/com.heytap.mcs-y1UXme1cWARc0HiSvz_OAg==/base.apk. target_sdk_version=35, uses_libraries=, library_path=/data/app/~~B5Cp3P9ewky0t4Hptjnnkw==/com.heytap.mcs-y1UXme1cWARc0HiSvz_OAg==/lib/arm64:/data/app/~~B5Cp3P9ewky0t4Hptjnnkw==/com.heytap.mcs-y1UXme1cWARc0HiSvz_OAg==/base.apk!/lib/arm64-v8a, permitted_path=/data:/mnt/expand:/data/user_de/0/com.heytap.mcs
02-27 20:57:23.579 15886 15886 D CompatChangeReporter: Compat change id reported: 202956589; UID 1000; state: ENABLED
02-27 20:57:23.579 15884 15884 D CompatChangeReporter: Compat change id reported: 202956589; UID 1000; state: ENABLED
02-27 20:57:23.612 15886 15886 V GraphicsEnvironment: Currently set values for:
02-27 20:57:23.612 15884 15884 V GraphicsEnvironment: Currently set values for:
02-27 20:57:23.612 15886 15886 V GraphicsEnvironment:   angle_gl_driver_selection_pkgs=[]
02-27 20:57:23.612 15884 15884 V GraphicsEnvironment:   angle_gl_driver_selection_pkgs=[]
02-27 20:57:23.612 15884 15884 V GraphicsEnvironment:   angle_gl_driver_selection_values=[]
02-27 20:57:23.612 15886 15886 V GraphicsEnvironment:   angle_gl_driver_selection_values=[]
02-27 20:57:23.612 15884 15884 V GraphicsEnvironment: Global.Settings values are invalid: number of packages: 0, number of values: 0
02-27 20:57:23.612 15886 15886 V GraphicsEnvironment: Global.Settings values are invalid: number of packages: 0, number of values: 0
02-27 20:57:23.612 15884 15884 V GraphicsEnvironment: Neither updatable production driver nor prerelease driver is supported.
02-27 20:57:23.612 15886 15886 V GraphicsEnvironment: Neither updatable production driver nor prerelease driver is supported.
02-27 20:57:23.616 15886 15886 I LoadedApk: No resource references to update in package com.heytap.mcs.kit_sys_integrity
02-27 20:57:23.616 15884 15884 I LoadedApk: No resource references to update in package com.heytap.mcs.kit_sys_integrity
02-27 20:57:23.616 15884 15884 I LoadedApk: No resource references to update in package com.heytap.mcs.kit_quickapp
02-27 20:57:23.616 15886 15886 I LoadedApk: No resource references to update in package com.heytap.mcs.kit_quickapp
02-27 20:57:23.616 15884 15884 I LoadedApk: No resource references to update in package com.heytap.mcs.kit_region
02-27 20:57:23.616 15886 15886 I LoadedApk: No resource references to update in package com.heytap.mcs.kit_region
02-27 20:57:23.620 15886 15886 I LoadedApk: No resource references to update in package com.heytap.mcs.kit_mcs
02-27 20:57:23.620 15884 15884 I LoadedApk: No resource references to update in package com.heytap.mcs.kit_mcs
02-27 20:57:23.656  2026  3782 I Osense-BaseDecisionMaker: notifySceneToAthenaPolicy: SCENE_RES_IO_PSI, bundle: Bundle[{ioLevel=3}]
02-27 20:57:23.657  2026  3782 I Osense-BaseDecisionMaker: OSense not supported scene! SCENE_RES_IO_PSI
02-27 20:57:23.664 15886 15886 I MultiDex: VM with version 2.1.0 has multidex support
02-27 20:57:23.664 15884 15884 I MultiDex: VM with version 2.1.0 has multidex support
02-27 20:57:23.664 15886 15886 I MultiDex: Installing application
02-27 20:57:23.664 15886 15886 I MultiDex: VM has multidex support, MultiDex support library is disabled.
02-27 20:57:23.664 15884 15884 I MultiDex: Installing application
02-27 20:57:23.664 15884 15884 I MultiDex: VM has multidex support, MultiDex support library is disabled.
02-27 20:57:23.676 15886 15886 I MSP-LOG-APP-: create msplog:logcat
02-27 20:57:23.676 15884 15884 I MSP-LOG-APP-: create msplog:logcat
02-27 20:57:23.707 15884 15884 I Application: addBackgroundRestrictedInfo use: 4
02-27 20:57:23.707 15886 15886 I Application: addBackgroundRestrictedInfo use: 4
02-27 20:57:23.709 15886 15886 W SkyEye.HandlerThread: warning: create new handler thread with name skyEye_auto_speed_thread,alive thread size:1
02-27 20:57:23.709 15884 15884 W SkyEye.HandlerThread: warning: create new handler thread with name skyEye_auto_speed_thread,alive thread size:1
02-27 20:57:23.710 15884 15884 I Application: Application init: 
02-27 20:57:23.710 15886 15886 I Application: Application init: 
02-27 20:57:23.710 15884 15884 I KitInfoManager: Kit infos: {cloudctrl=KitInfo{kitName='cloudctrl', kitVersionCode=10000, kitVersionName='1.0.0', kitApplicationClass='com.heytap.msp.cloudctrl.CloudCtrlApplication', callMothodInterval=0}, kit-core=KitInfo{kitName='kit-core', kitVersionCode=0, kitVersionName='', kitApplicationClass='com.heytap.msp.v2.MspCoreApplication', callMothodInterval=0}, sysintegrity=KitInfo{kitName='sysintegrity', kitVersionCode=0, kitVersionName='', kitApplicationClass='com.oplus.omes.srp.SrpApplication', callMothodInterval=0}, kit-mcs=KitInfo{kitName='kit-mcs', kitVersionCode=0, kitVersionName='', kitApplicationClass='com.heytap.mcs.msp.McsForMspApplication', callMothodInterval=0}, regionkit=KitInfo{kitName='regionkit', kitVersionCode=0, kitVersionName='', kitApplicationClass='com.heytap.msp.kit.region.RegionKitApplication', callMothodInterval=0}, instant=KitInfo{kitName='instant', kitVersionCode=0, kitVersionName='', kitApplicationClass='com.nearme.instant.platform.Application', callMothodInterval=0}}
02-27 20:57:23.710 15886 15886 I KitInfoManager: Kit infos: {cloudctrl=KitInfo{kitName='cloudctrl', kitVersionCode=10000, kitVersionName='1.0.0', kitApplicationClass='com.heytap.msp.cloudctrl.CloudCtrlApplication', callMothodInterval=0}, kit-core=KitInfo{kitName='kit-core', kitVersionCode=0, kitVersionName='', kitApplicationClass='com.heytap.msp.v2.MspCoreApplication', callMothodInterval=0}, sysintegrity=KitInfo{kitName='sysintegrity', kitVersionCode=0, kitVersionName='', kitApplicationClass='com.oplus.omes.srp.SrpApplication', callMothodInterval=0}, kit-mcs=KitInfo{kitName='kit-mcs', kitVersionCode=0, kitVersionName='', kitApplicationClass='com.heytap.mcs.msp.McsForMspApplication', callMothodInterval=0}, regionkit=KitInfo{kitName='regionkit', kitVersionCode=0, kitVersionName='', kitApplicationClass='com.heytap.msp.kit.region.RegionKitApplication', callMothodInterval=0}, instant=KitInfo{kitName='instant', kitVersionCode=0, kitVersionName='', kitApplicationClass='com.nearme.instant.platform.Application', callMothodInterval=0}}
02-27 20:57:23.711 15884 15884 I AbstractModuleApplication: AbstractModuleApplication attachBaseContext com.heytap.mcs.statistics
02-27 20:57:23.711 15886 15886 I AbstractModuleApplication: AbstractModuleApplication attachBaseContext com.heytap.mcs.appservice
02-27 20:57:23.714 15886 15886 I MspBaseApplication: current processName:com.heytap.mcs.appservice,pid:15886
02-27 20:57:23.714 15886 15886 I AbstractModuleApplication: AbstractModuleApplication init com.heytap.mcs.appservice
02-27 20:57:23.715 15884 15884 I MspBaseApplication: current processName:com.heytap.mcs.statistics,pid:15884
02-27 20:57:23.715 15884 15884 I AbstractModuleApplication: AbstractModuleApplication init com.heytap.mcs.statistics
02-27 20:57:23.719 15886 15886 I McsForMspApplication: metaData key = mspcore_push_prxoy_com.nearme.instant.platform, value = instant:30
02-27 20:57:23.719 15886 15886 I MspBaseApplication: app version:2.1.23_f20b72e_251205_mcs_oplusexp_sea,2012312
02-27 20:57:23.719  2026  7705 I ActivityManager: Flag disabled. Ignoring finishAttachApplication from uid: 1000. pid: 15886
02-27 20:57:23.720 15884 15884 I McsForMspApplication: metaData key = mspcore_push_prxoy_com.nearme.instant.platform, value = instant:30
02-27 20:57:23.720 15884 15884 I MspBaseApplication: app version:2.1.23_f20b72e_251205_mcs_oplusexp_sea,2012312
02-27 20:57:23.721  2026  7705 I ActivityManager: Flag disabled. Ignoring finishAttachApplication from uid: 1000. pid: 15884
02-27 20:57:23.733 15886 15918 I MMKV    : Disable checkProcessMode()
02-27 20:57:23.733 15886 15916 I MMKV    : Disable checkProcessMode()
02-27 20:57:23.745  2026  4235 D ConnectivityService: requestNetwork for uid/pid:1000/15884 activeRequest: null callbackRequest: 106428 [NetworkRequest [ REQUEST id=106429, [ Capabilities: INTERNET&NOT_RESTRICTED&TRUSTED&NOT_VCN_MANAGED&NOT_BANDWIDTH_CONSTRAINED Uid: 1000 RequestorUid: 1000 RequestorPkg: com.heytap.mcs UnderlyingNetworks: Null] ]] callback flags: 0 order: 2147483647 isUidTracked: false declaredMethods: AVAIL|LOST|NC
02-27 20:57:23.749  2026  3448 D OemPaidWifiNetworkFactory: got request NetworkRequest [ REQUEST id=106429, [ Capabilities: INTERNET&NOT_RESTRICTED&TRUSTED&NOT_VCN_MANAGED&NOT_BANDWIDTH_CONSTRAINED Uid: 1000 RequestorUid: 1000 RequestorPkg: com.heytap.mcs UnderlyingNetworks: Null] ]
02-27 20:57:23.749  2026  3448 D MultiInternetWifiNetworkFactory: got request NetworkRequest [ REQUEST id=106429, [ Capabilities: INTERNET&NOT_RESTRICTED&TRUSTED&NOT_VCN_MANAGED&NOT_BANDWIDTH_CONSTRAINED Uid: 1000 RequestorUid: 1000 RequestorPkg: com.heytap.mcs UnderlyingNetworks: Null] ]
