02-27 20:57:43.697 14128 14497 I metis_v2_OsenseCallBack: memLevel: 2 [Metis|com.oplus.metis|1.4.54-aa2067f]
02-27 20:57:43.860 15886 15886 I Process : Sending signal. PID: 15886 SIG: 9
02-27 20:57:43.909  2026  4107 I ActivityManager: Death received, pid = 15886, processName = com.heytap.mcs.appservice for thread android.os.BinderProxy@6ec1250
02-27 20:57:43.909  1319  1319 I Zygote  : Process 15886 exited due to signal 9 (Killed)
02-27 20:57:43.909  2026  3898 I ActivityManager: Process com.heytap.mcs.appservice (pid 15886) has died: cch+5 CEM 
02-27 20:57:43.910  2026  2706 I libprocessgroup: Removed cgroup /sys/fs/cgroup/uid_1000/pid_15886
02-27 20:57:43.910  2026  3898 D OplusAppStartupManager: prevent restart service, pkgName = com.heytap.mcs, scenePriority = -1
02-27 20:57:43.913  3736  4732 I PluginSeedling--Base: SeedlingPluginService-->onStateChange: Bundle[{pkgName=android.uid.system:1000, pid=15886, uid=1000, state=onProcessDied}]
02-27 20:57:43.914  7270 29953 D ShellSubscriberWorkerThread: the first 8 bytes empty, and RestData length > 8 
02-27 20:57:43.914  4130  4554 I ProcessManager: onProcessDied pid:15886, uid:1000
02-27 20:57:43.915  4130  4554 D RunningProcessManager: genEmptyProcessInfo from pid = 15886
02-27 20:57:43.915  4130  4554 D AppSceneEventManager: handleMessage: 101
02-27 20:57:43.915  4130  4554 I DispatcherPolicy: onBaseEvent EventId=22	INPUT_PROCESS_DIED	TimeStamp =1772215063915	Intent =null	Content =null	Pid =15886	PkgName =null
02-27 20:57:43.915  4130  4554 I GamingScene: onInputEvent : INPUT_PROCESS_DIED
02-27 20:57:43.935  1540  1753 D BatteryChargeControl: bcc get no support from charging protocol
02-27 20:57:44.125  1535  4282 E PerformanceService: storage_feature: open /sys/devices/platform/soc/112b0000.ufshci//virtualtlcbuff fail
02-27 20:57:44.156  4074  4074 D OplusTelephonyController: onSignalStrengthChanged: SignalStrength=SignalStrength:{mCdma=CellSignalStrengthCdma: cdmaDbm=2147483647 cdmaEcio=2147483647 evdoDbm=2147483647 evdoEcio=2147483647 evdoSnr=2147483647 level=0,mGsm=CellSignalStrengthGsm: rssi=2147483647 ber=2147483647 mTa=2147483647 mLevel=0,mWcdma=CellSignalStrengthWcdma: ss=2147483647 ber=2147483647 rscp=2147483647 ecno=2147483647 level=0,mTdscdma=CellSignalStrengthTdscdma: rssi=2147483647 ber=2147483647 rscp=2147483647 level=0,mLte=CellSignalStrengthLte: rssi=-63 rsrp=-97 rsrq=-18 rssnr=4 cqiTableIndex=2147483647 cqi=2147483647 ta=2147483647 level=4 parametersUseForLevel=0,mNr=CellSignalStrengthNr:{ csiRsrp = 2147483647 csiRsrq = 2147483647 csiCqiTableIndex = 2147483647 csiCqiReport = [] ssRsrp = 2147483647 ssRsrq = 2147483647 ssSinr = 2147483647 level = 0 parametersUseForLevel = 0 timingAdvance = 2147483647 },primary=CellSignalStrengthLte}
02-27 20:57:44.157  4248  4248 D SubsysEventListenerManager-SubsysTelephonyCallback[0]: onSignalStrengthsChanged
02-27 20:57:44.162  2026  4107 I OplusBinderProxy: pb uid: 10300 pid: 10619 desc: com.android.internal.telephony.IPhoneStateListener/10
02-27 20:57:44.166  3736  3959 I SystemUi--Statusbar: MobileConnectionRepositoryImpl-->subId:2 isSoftSimCard:false slotId:0
02-27 20:57:44.326 14128 14497 I metis_v2_OsenseCallBack: memLevel: 1 [Metis|com.oplus.metis|1.4.54-aa2067f]
02-27 20:57:44.476  4130  4583 D CommonApp-271-10497: DefaultState EVENT_SCENARIOS_CHANGE
02-27 20:57:44.476  4130  4583 D CommonApp-271-10497: scene=COMMON pn=com.esiri.esiriplus
02-27 20:57:44.592  4130  4583 D CommonApp-271-10497: transport layer data is invalid
02-27 20:57:44.700  2026  3448 D WifiStaIfaceHidlImpl: getCachedScanData is not implemented by HIDL
02-27 20:57:44.725  4248  4248 D VendorWifiService: onEvent event:9,action:1
02-27 20:57:44.738  2026  3554 D OplusWifiPower_TriggerCenter: mComponentCallback: wifistat
02-27 20:57:44.740  2026  3795 I Osense-PsiDetector: 1656,375,1940,7679,75,389,213,1260,1641,486,783,0,8,8167
02-27 20:57:44.744 14128 14497 I metis_v2_OsenseCallBack: memLevel: 2 [Metis|com.oplus.metis|1.4.54-aa2067f]
02-27 20:57:44.937  1540  1753 D BatteryChargeControl: bcc get no support from charging protocol
02-27 20:57:45.046  1540  1717 D vendor.oplus.hardware.charger-V6-service: ret_value:127, read content:,373,362,3697,3697,-62,500,2200,12,12,1,4,-1,4931,12,1,0,1,1,0,0,4425,0,2,0,2,0,0,0,365,0,1,1,0,0,61,61,61,0,0,0,0,0,0,0,0,0,0
02-27 20:57:45.047  1540  1717 D vendor.oplus.hardware.charger-V6-service: gmtime: 2026-02-27-20-57-45
02-27 20:57:45.047  1540  1717 D vendor.oplus.hardware.charger-V6-service: usb_online:1, ac_online:0, wireless_online:-2147483648
02-27 20:57:45.200  7647 31827 D gaia-GaiaConnectChecker: start connect check++
02-27 20:57:45.210   646   646 E lowmemorykiller: device memory 424150 free 96211 file 325222
02-27 20:57:45.212  7647 31760 D gaia-GaiaConnectChecker: start connect check++
02-27 20:57:45.312   646   646 E lowmemorykiller: device memory 424214 free 96233 file 325264
02-27 20:57:45.365 14128 14497 I metis_v2_OsenseCallBack: memLevel: 1 [Metis|com.oplus.metis|1.4.54-aa2067f]
02-27 20:57:45.437  4074  4074 D OplusTelephonyController: onSignalStrengthChanged: SignalStrength=SignalStrength:{mCdma=CellSignalStrengthCdma: cdmaDbm=2147483647 cdmaEcio=2147483647 evdoDbm=2147483647 evdoEcio=2147483647 evdoSnr=2147483647 level=0,mGsm=CellSignalStrengthGsm: rssi=2147483647 ber=2147483647 mTa=2147483647 mLevel=0,mWcdma=CellSignalStrengthWcdma: ss=2147483647 ber=2147483647 rscp=2147483647 ecno=2147483647 level=0,mTdscdma=CellSignalStrengthTdscdma: rssi=2147483647 ber=2147483647 rscp=2147483647 level=0,mLte=CellSignalStrengthLte: rssi=-63 rsrp=-97 rsrq=-15 rssnr=4 cqiTableIndex=2147483647 cqi=2147483647 ta=2147483647 level=4 parametersUseForLevel=0,mNr=CellSignalStrengthNr:{ csiRsrp = 2147483647 csiRsrq = 2147483647 csiCqiTableIndex = 2147483647 csiCqiReport = [] ssRsrp = 2147483647 ssRsrq = 2147483647 ssSinr = 2147483647 level = 0 parametersUseForLevel = 0 timingAdvance = 2147483647 },primary=CellSignalStrengthLte}
02-27 20:57:45.438  4248  4248 D SubsysEventListenerManager-SubsysTelephonyCallback[0]: onSignalStrengthsChanged
02-27 20:57:45.447  3736  3959 I SystemUi--Statusbar: MobileConnectionRepositoryImpl-->subId:2 isSoftSimCard:false slotId:0
02-27 20:57:45.514  1510  8349 I QC2Comp : [vp9D_3966] Stats: Pending(3) i/p-done(0) Works: Q: 26/Done 25|Work-Rate: Q(0.0/s Avg=0.0/s) Done(0.000/s Avg=0.001/s)| Stream: 30.30fps 174.6Kbps
02-27 20:57:45.514  1510  8349 I QC2Comp : Mem-usage:  [In-1D - 5 bufs 14.941 MB] [1D-0 - 15 bufs 0.234 MB] [2D-3823 - 23 bufs 17.250 MB]
02-27 20:57:45.514  1510  8349 I QC2Comp : Total Mem-usage: 32.426 MB
02-27 20:57:45.615  4130  4583 D CommonApp-271-10497: transport layer data is invalid
02-27 20:57:45.783  2026  3795 I Osense-PsiDetector: 1657,375,1940,7679,75,389,213,1261,1641,486,783,0,8,8167
02-27 20:57:45.783 14128 14497 I metis_v2_OsenseCallBack: memLevel: 2 [Metis|com.oplus.metis|1.4.54-aa2067f]
02-27 20:57:45.939  1540  1753 D BatteryChargeControl: bcc get no support from charging protocol
02-27 20:57:45.950  9934  8347 I OplusFeedbackInfo: 0xb4000078a9acaf00 c2.qti.vp9.decoder codec[0xb40000786d867000] 640x360 inputFps=0 outputFps=0 renderFps=0, discardFps=0
02-27 20:57:46.245  1540  1540 D vendor.oplus.hardware.charger-V6-service: getChargerControl:sub_current=100
02-27 20:57:46.245  1540  1540 D vendor.oplus.hardware.charger-V6-service: sub_voltage=3800
02-27 20:57:46.245  1540  1540 D vendor.oplus.hardware.charger-V6-service: sub_soc=-1
02-27 20:57:46.245  1540  1540 D vendor.oplus.hardware.charger-V6-service: sub_temperature=250
02-27 20:57:46.245  1540  1540 D vendor.oplus.hardware.charger-V6-service: main_soc=12
02-27 20:57:46.405 14128 14497 I metis_v2_OsenseCallBack: memLevel: 1 [Metis|com.oplus.metis|1.4.54-aa2067f]
02-27 20:57:46.639  4130  4583 D CommonApp-271-10497: transport layer data is invalid
02-27 20:57:46.821  2026  3795 I Osense-PsiDetector: 1657,376,1939,7679,75,389,213,1260,1641,486,783,0,8,8165
02-27 20:57:46.821 14128 14497 I metis_v2_OsenseCallBack: memLevel: 2 [Metis|com.oplus.metis|1.4.54-aa2067f]
02-27 20:57:46.942  1540  1753 D BatteryChargeControl: bcc get no support from charging protocol
02-27 20:57:47.219 14612 15409 I Supabase-Realtime: Heartbeat received
02-27 20:57:47.445 14128 14497 I metis_v2_OsenseCallBack: memLevel: 1 [Metis|com.oplus.metis|1.4.54-aa2067f]
02-27 20:57:47.664  4130  4583 D CommonApp-271-10497: commonScoreStrategy scenarios low package
02-27 20:57:47.737  2026  3448 D WifiStaIfaceHidlImpl: getCachedScanData is not implemented by HIDL
02-27 20:57:47.759  4248  4248 D VendorWifiService: onEvent event:9,action:1
02-27 20:57:47.766  2026  3554 D OplusWifiPower_TriggerCenter: mComponentCallback: wifistat
02-27 20:57:47.861  2026  3795 I Osense-PsiDetector: 1657,376,1939,7679,75,389,213,1260,1641,486,783,0,8,8165
02-27 20:57:47.862 14128 14497 I metis_v2_OsenseCallBack: memLevel: 2 [Metis|com.oplus.metis|1.4.54-aa2067f]
02-27 20:57:47.945  1540  1753 D BatteryChargeControl: bcc get no support from charging protocol
02-27 20:57:48.284  1510 18624 I QC2Comp : [vp9D_3677] Stats: Pending(3) i/p-done(0) Works: Q: 26/Done 25|Work-Rate: Q(0.0/s Avg=0.0/s) Done(0.000/s Avg=0.000/s)| Stream: 25.00fps 328.6Kbps
02-27 20:57:48.284  1510 18624 I QC2Comp : Mem-usage:  [In-1D - 5 bufs 14.941 MB] [1D-0 - 15 bufs 0.234 MB] [2D-3534 - 23 bufs 51.750 MB]
02-27 20:57:48.284  1510 18624 I QC2Comp : Total Mem-usage: 66.926 MB
02-27 20:57:48.481 14128 14497 I metis_v2_OsenseCallBack: memLevel: 1 [Metis|com.oplus.metis|1.4.54-aa2067f]
02-27 20:57:48.633  7270 19649 E MIDASApplication: MIDASPullAtomManager: onPullAtom 150122
02-27 20:57:48.687  2026  4107 W Settings: Setting notification_bubbles has moved from android.provider.Settings.Global to android.provider.Settings.Secure, returning read-only value.
02-27 20:57:48.687  4130  4583 D CommonApp-271-10497: transport layer data is invalid
02-27 20:57:48.688  2026  4107 W Settings: Setting apply_ramping_ringer has moved from android.provider.Settings.Global to android.provider.Settings.System, returning read-only value.
02-27 20:57:48.700  2026  4107 W SettingsStatsUtil: Can not parse value to float: +network
02-27 20:57:48.897  2026  3795 I Osense-PsiDetector: 1658,377,1938,7679,75,389,213,1260,1641,486,783,0,8,8164
02-27 20:57:48.898 14128 14497 I metis_v2_OsenseCallBack: memLevel: 2 [Metis|com.oplus.metis|1.4.54-aa2067f]
02-27 20:57:48.948  1540  1753 D BatteryChargeControl: bcc get no support from charging protocol
02-27 20:57:49.125  1535  4282 E PerformanceService: storage_feature: open /sys/devices/platform/soc/112b0000.ufshci//virtualtlcbuff fail
02-27 20:57:49.306  1540  1540 D vendor.oplus.hardware.charger-V6-service: get_ui_charge_icon_type 0 0 0 0 0
02-27 20:57:49.309  1540  1540 D vendor.oplus.hardware.charger-V6-service: oplus_chg_get_cpa_power 2500 charge_online 1 retention_topic 0
02-27 20:57:49.526 14128 14497 I metis_v2_OsenseCallBack: memLevel: 1 [Metis|com.oplus.metis|1.4.54-aa2067f]
02-27 20:57:49.711  4130  4583 D CommonApp-271-10497: transport layer data is invalid
02-27 20:57:49.941  2026  3795 I Osense-PsiDetector: 1659,377,1938,7679,75,389,213,1260,1641,486,783,0,8,8164
02-27 20:57:49.942 14128 14497 I metis_v2_OsenseCallBack: memLevel: 2 [Metis|com.oplus.metis|1.4.54-aa2067f]
02-27 20:57:49.951  1540  1753 D BatteryChargeControl: bcc get no support from charging protocol
02-27 20:57:50.048  1540  1717 D vendor.oplus.hardware.charger-V6-service: ret_value:127, read content:,373,362,3697,3697,-70,500,2200,12,12,1,4,-1,4931,12,1,0,1,1,0,0,4425,0,2,0,2,0,0,0,365,0,1,1,0,0,61,61,61,0,0,0,0,0,0,0,0,0,0
02-27 20:57:50.049  1540  1717 D vendor.oplus.hardware.charger-V6-service: gmtime: 2026-02-27-20-57-50
02-27 20:57:50.049  1540  1717 D vendor.oplus.hardware.charger-V6-service: usb_online:1, ac_online:0, wireless_online:-2147483648
02-27 20:57:50.515  1510  8349 I QC2Comp : [vp9D_3966] Stats: Pending(3) i/p-done(0) Works: Q: 26/Done 25|Work-Rate: Q(0.0/s Avg=0.0/s) Done(0.000/s Avg=0.001/s)| Stream: 30.30fps 174.6Kbps
02-27 20:57:50.515  1510  8349 I QC2Comp : Mem-usage:  [In-1D - 5 bufs 14.941 MB] [1D-0 - 15 bufs 0.234 MB] [2D-3823 - 23 bufs 17.250 MB]
02-27 20:57:50.515  1510  8349 I QC2Comp : Total Mem-usage: 32.426 MB
02-27 20:57:50.565 14128 14497 I metis_v2_OsenseCallBack: memLevel: 1 [Metis|com.oplus.metis|1.4.54-aa2067f]
02-27 20:57:50.738  4130  4583 D CommonApp-271-10497: transport layer data is invalid
02-27 20:57:50.771  2026  3448 D WifiStaIfaceHidlImpl: getCachedScanData is not implemented by HIDL
02-27 20:57:50.785  4248  4248 D VendorWifiService: onEvent event:9,action:1
02-27 20:57:50.795  2026  3554 D OplusWifiPower_TriggerCenter: mComponentCallback: wifistat
02-27 20:57:50.954  1540  1753 D BatteryChargeControl: bcc get no support from charging protocol
02-27 20:57:50.981  2026  3795 I Osense-PsiDetector: 1659,378,1937,7679,75,389,213,1259,1641,486,783,0,8,8164
02-27 20:57:50.982 14128 14497 I metis_v2_OsenseCallBack: memLevel: 2 [Metis|com.oplus.metis|1.4.54-aa2067f]
02-27 20:57:51.268  1540  1540 D vendor.oplus.hardware.charger-V6-service: getChargerControl:sub_current=100
02-27 20:57:51.268  1540  1540 D vendor.oplus.hardware.charger-V6-service: sub_voltage=3800
02-27 20:57:51.268  1540  1540 D vendor.oplus.hardware.charger-V6-service: sub_soc=-1
02-27 20:57:51.268  1540  1540 D vendor.oplus.hardware.charger-V6-service: sub_temperature=250
02-27 20:57:51.268  1540  1540 D vendor.oplus.hardware.charger-V6-service: main_soc=12
02-27 20:57:51.484  4130  4583 D CommonApp-271-10497: DefaultState EVENT_SCENARIOS_CHANGE
02-27 20:57:51.484  4130  4583 D CommonApp-271-10497: scene=COMMON pn=com.esiri.esiriplus
02-27 20:57:51.605 14128 14497 I metis_v2_OsenseCallBack: memLevel: 1 [Metis|com.oplus.metis|1.4.54-aa2067f]
02-27 20:57:51.678  2026  3361 V AlarmManager: sending alarm Alarm{3e7507b type 3 origWhen 1204280000 whenElapsed 1204280000 android} uid 1000 whenElapsed 1204280000 windowLength 0 maxWhenElapsed 1204280000 repeatInterval 0 action null component null tag StatsCompanionService.periodic flags 0x9 procName system_server
02-27 20:57:51.694  1317  1333 I statsd  : Fate decided that an alarm will trigger subscribers.
02-27 20:57:51.699  7270 19649 I OplusObrain: OplusObrainClientInvoke.nativeGetTelephonyInfo
02-27 20:57:51.703  7270 19649 I OplusObrain: OplusObrainClientInvoke.nativeGetTrafficTypeInfoForNetworkType networkType 0
02-27 20:57:51.703  2026  4233 D KernelStatsHelper: getKernelStats start!
02-27 20:57:51.706  2026  3531 D OplusNetlinkSocket: handleNetlinkRecvKernelMessage:nlmsghdr:StructNlMsgHdr{ nlmsg_len{3004}, nlmsg_type{33()}, nlmsg_flags{0()}, nlmsg_seq{0}, nlmsg_pid{132779467} }
02-27 20:57:51.706  2026  3531 D KernelStatsHelper: get magic :[-1, -1, -1, 77, 65, 71, 73, 67]
02-27 20:57:51.706  2026  3531 D KernelStatsHelper: magic matched count:441 data_len:22932
02-27 20:57:51.706  2026  3531 D OplusNetlinkSocket: handleNetlinkRecvKernelMessage:nlmsghdr:StructNlMsgHdr{ nlmsg_len{2988}, nlmsg_type{33()}, nlmsg_flags{0()}, nlmsg_seq{0}, nlmsg_pid{132779467} }
02-27 20:57:51.706  2026  3531 D OplusNetlinkSocket: handleNetlinkRecvKernelMessage:nlmsghdr:StructNlMsgHdr{ nlmsg_len{2988}, nlmsg_type{33()}, nlmsg_flags{0()}, nlmsg_seq{0}, nlmsg_pid{132779467} }
02-27 20:57:51.707  2026  3531 D OplusNetlinkSocket: handleNetlinkRecvKernelMessage:nlmsghdr:StructNlMsgHdr{ nlmsg_len{2988}, nlmsg_type{33()}, nlmsg_flags{0()}, nlmsg_seq{0}, nlmsg_pid{132779467} }
02-27 20:57:51.707  2026  3531 D OplusNetlinkSocket: handleNetlinkRecvKernelMessage:nlmsghdr:StructNlMsgHdr{ nlmsg_len{2988}, nlmsg_type{33()}, nlmsg_flags{0()}, nlmsg_seq{0}, nlmsg_pid{132779467} }
02-27 20:57:51.707  2026  3531 D OplusNetlinkSocket: handleNetlinkRecvKernelMessage:nlmsghdr:StructNlMsgHdr{ nlmsg_len{2988}, nlmsg_type{33()}, nlmsg_flags{0()}, nlmsg_seq{0}, nlmsg_pid{132779467} }
02-27 20:57:51.707  2026  3531 D OplusNetlinkSocket: handleNetlinkRecvKernelMessage:nlmsghdr:StructNlMsgHdr{ nlmsg_len{2988}, nlmsg_type{33()}, nlmsg_flags{0()}, nlmsg_seq{0}, nlmsg_pid{132779467} }
02-27 20:57:51.707  2026  3531 D OplusNetlinkSocket: handleNetlinkRecvKernelMessage:nlmsghdr:StructNlMsgHdr{ nlmsg_len{2208}, nlmsg_type{33()}, nlmsg_flags{0()}, nlmsg_seq{0}, nlmsg_pid{132779467} }
02-27 20:57:51.707  2026  3531 D KernelStatsHelper: data over! check: true
02-27 20:57:51.710  5236 13430 E midasd  : Read file /sys/class/power_supply/usb/current_now failed.(No data available)
02-27 20:57:51.759  4130  4583 D CommonApp-271-10497: transport layer data is invalid
02-27 20:57:51.768   646   646 E lowmemorykiller: device memory 424561 free 97107 file 324737
02-27 20:57:51.773  7270 29953 D ShellSubscriberWorkerThread: the first 8 bytes empty, and RestData length > 8 
02-27 20:57:51.956  1540  1753 D BatteryChargeControl: bcc get no support from charging protocol
02-27 20:57:52.021  2026  3795 I Osense-PsiDetector: 1658,379,1938,7679,75,389,213,1261,1639,486,782,0,8,8165
02-27 20:57:52.022 14128 14497 I metis_v2_OsenseCallBack: memLevel: 2 [Metis|com.oplus.metis|1.4.54-aa2067f]
02-27 20:57:52.060  3978 25348 D IpClient/wlan0: interfaceLinkStateChanged: ifindex 27 up
02-27 20:57:52.222   646   646 E lowmemorykiller: device memory 424583 free 97113 file 324753
02-27 20:57:52.360  2026  3361 V AlarmManager: sending alarm Alarm{6907957 type 3 origWhen 1204280682 whenElapsed 1204280682 android} uid 1000 whenElapsed 1204280682 windowLength 0 maxWhenElapsed 1204280682 repeatInterval 0 action null component null tag StatsCompanionService.pull flags 0x9 procName system_server
02-27 20:57:52.395  1318 24659 E TetherController: property_get sys.radio.data.modem_share_flag return 0, 1!
02-27 20:57:52.445  4130  4583 V MonthTrafficAlert: getWarningNotification subId:3 numWarningNotificaion:0
02-27 20:57:52.448  4130  4583 V MonthTrafficAlert: getWarningNotification subId:2 numWarningNotificaion:0
02-27 20:57:52.466  2026  4233 W StatsPullAtomService: error reading Bluetooth stats: 9
02-27 20:57:52.479  2026  3448 D WifiStaIfaceHidlImpl: getCachedScanData is not implemented by HIDL
02-27 20:57:52.525   646   646 E lowmemorykiller: device memory 420422 free 92892 file 324813
02-27 20:57:52.534  1483  1483 I android.hardware.thermal@2.0-service.qti: Sensor Name:skintemp: 38.75. prev severity:0. cur severity:3 New severity:3
02-27 20:57:52.546  1530  1530 E android.hardware.power.stats-impl.oplus: HandleFactory::read open battery_ui_level(/sys/class/power_supply/battery/capacity) failed! fd: -1 errno: 13
02-27 20:57:52.546  1530  1530 W android.hardware.power.stats-impl.oplus: PruneException: Unknown binder exception (13) pruned into EX_TRANSACTION_FAILED
02-27 20:57:52.547  5270  5348 W ostats_pullerd: handleFactory read failed.
02-27 20:57:52.547  5270  5348 D ostats_pullerd: PullAtomCallback handleBatteryLevel handler for realLevel = 12, uiLevel = -1
02-27 20:57:52.551  1540  1540 D chg_exchange_soh_mesg: [GET]ui_soh_data.ui_soh :97 1
02-27 20:57:52.555  7270 19649 E MIDASApplication: MIDASPullAtomManager: onPullAtom 150016
02-27 20:57:52.555  2026  4233 D KernelStatsHelper: getKernelStats start!
02-27 20:57:52.556  2026  3531 D OplusNetlinkSocket: handleNetlinkRecvKernelMessage:nlmsghdr:StructNlMsgHdr{ nlmsg_len{3004}, nlmsg_type{33()}, nlmsg_flags{0()}, nlmsg_seq{0}, nlmsg_pid{132779467} }
02-27 20:57:52.556  2026  3531 D KernelStatsHelper: get magic :[-1, -1, -1, 77, 65, 71, 73, 67]
02-27 20:57:52.556  2026  3531 D KernelStatsHelper: magic matched count:441 data_len:22932
02-27 20:57:52.556  2026  3531 D OplusNetlinkSocket: handleNetlinkRecvKernelMessage:nlmsghdr:StructNlMsgHdr{ nlmsg_len{2988}, nlmsg_type{33()}, nlmsg_flags{0()}, nlmsg_seq{0}, nlmsg_pid{132779467} }
02-27 20:57:52.556  2026  3531 D OplusNetlinkSocket: handleNetlinkRecvKernelMessage:nlmsghdr:StructNlMsgHdr{ nlmsg_len{2988}, nlmsg_type{33()}, nlmsg_flags{0()}, nlmsg_seq{0}, nlmsg_pid{132779467} }
02-27 20:57:52.556  2026  3531 D OplusNetlinkSocket: handleNetlinkRecvKernelMessage:nlmsghdr:StructNlMsgHdr{ nlmsg_len{2988}, nlmsg_type{33()}, nlmsg_flags{0()}, nlmsg_seq{0}, nlmsg_pid{132779467} }
02-27 20:57:52.556  2026  3531 D OplusNetlinkSocket: handleNetlinkRecvKernelMessage:nlmsghdr:StructNlMsgHdr{ nlmsg_len{2988}, nlmsg_type{33()}, nlmsg_flags{0()}, nlmsg_seq{0}, nlmsg_pid{132779467} }
02-27 20:57:52.556  2026  3531 D OplusNetlinkSocket: handleNetlinkRecvKernelMessage:nlmsghdr:StructNlMsgHdr{ nlmsg_len{2988}, nlmsg_type{33()}, nlmsg_flags{0()}, nlmsg_seq{0}, nlmsg_pid{132779467} }
02-27 20:57:52.556  2026  3531 D OplusNetlinkSocket: handleNetlinkRecvKernelMessage:nlmsghdr:StructNlMsgHdr{ nlmsg_len{2988}, nlmsg_type{33()}, nlmsg_flags{0()}, nlmsg_seq{0}, nlmsg_pid{132779467} }
02-27 20:57:52.557  2026  3531 D OplusNetlinkSocket: handleNetlinkRecvKernelMessage:nlmsghdr:StructNlMsgHdr{ nlmsg_len{2208}, nlmsg_type{33()}, nlmsg_flags{0()}, nlmsg_seq{0}, nlmsg_pid{132779467} }
02-27 20:57:52.557  2026  3531 D KernelStatsHelper: data over! check: true
02-27 20:57:52.570  7270 19649 E MIDASApplication: MIDASPullAtomManager: onPullAtom 150017
02-27 20:57:52.572  1530  1530 E android.hardware.power.stats-impl.oplus: HandleFactory::read open power_ddr_residency(/sys/power/ddr/residency) failed! fd: -1 errno: 2
02-27 20:57:52.572  1530  1530 W android.hardware.power.stats-impl.oplus: PruneException: Unknown binder exception (2) pruned into EX_TRANSACTION_FAILED
02-27 20:57:52.572  5270  5348 W ostats_pullerd: handleFactory read failed.
02-27 20:57:52.572  5270  5348 E ostats_pullerd: PullAtomCallback getContentByHandleKey read nodeKey: power_ddr_residency, len=0
02-27 20:57:52.573  1530  1530 E android.hardware.power.stats-impl.oplus: HandleFactory::read open ufs_freq_time(/sys/devices/platform/soc/4804000.ufshc/ufs_transmission_status) failed! fd: -1 errno: 2
02-27 20:57:52.573  1530  1530 W android.hardware.power.stats-impl.oplus: PruneException: Unknown binder exception (2) pruned into EX_TRANSACTION_FAILED
02-27 20:57:52.574  5270  5348 W ostats_pullerd: handleFactory read failed.
02-27 20:57:52.574  5270  5348 E ostats_pullerd: PullAtomCallback getContentByHandleKey read nodeKey: ufs_freq_time, len=0
02-27 20:57:52.574  5270  5348 E ostats_pullerd: Ufs get Node file is fail
02-27 20:57:52.579  1530  1530 E android.hardware.power.stats-impl.oplus: HandleFactory::read open gpu_freq_table_qual(/sys/class/kgsl/kgsl-3d0/freq_table_mhz) failed! fd: -1 errno: 13
02-27 20:57:52.579  1530  1530 W android.hardware.power.stats-impl.oplus: PruneException: Unknown binder exception (13) pruned into EX_TRANSACTION_FAILED
02-27 20:57:52.579  5270  5348 W ostats_pullerd: handleFactory read failed.
02-27 20:57:52.580  5270  5348 E ostats_pullerd: getContentByHandleKey read nodeKey: gpu_freq_table_qual, len=0
02-27 20:57:52.580  1530  1530 E android.hardware.power.stats-impl.oplus: HandleFactory::read open gpu_freq_time_qual(/sys/class/kgsl/kgsl-3d0/gpu_clock_stats) failed! fd: -1 errno: 13
02-27 20:57:52.580  1530  1530 W android.hardware.power.stats-impl.oplus: PruneException: Unknown binder exception (13) pruned into EX_TRANSACTION_FAILED
02-27 20:57:52.580  5270  5348 W ostats_pullerd: handleFactory read failed.
02-27 20:57:52.580  5270  5348 E ostats_pullerd: getContentByHandleKey read nodeKey: gpu_freq_time_qual, len=0
02-27 20:57:52.593  5270  5348 W ostats_pullerd: handleTouchRefreshRateLevel getService failed
02-27 20:57:52.595  2026  4233 W SurfaceFlingerPuller: Failed to pull atom 150134 from surfaceflinger. Success is 0, binder status is EX_NONE
02-27 20:57:52.596  1530  1530 E android.hardware.power.stats-impl.oplus: HandleFactory::read failed! _hidl_mNamePathMap not found key:ufs_total_read_size
02-27 20:57:52.596  5270  5348 W ostats_pullerd: handleFactory read failed.
02-27 20:57:52.596  5270  5348 E ostats_pullerd: PullAtomCallback getContentByHandleKey read nodeKey: ufs_total_read_size, len=0
02-27 20:57:52.596  1530  1530 E android.hardware.power.stats-impl.oplus: HandleFactory::read failed! _hidl_mNamePathMap not found key:ufs_total_write_size
02-27 20:57:52.596  5270  5348 W ostats_pullerd: handleFactory read failed.
02-27 20:57:52.596  5270  5348 E ostats_pullerd: PullAtomCallback getContentByHandleKey read nodeKey: ufs_total_write_size, len=0
02-27 20:57:52.597  5270  5348 I [UAH_CLIENT]: Uah_fetch_dataset enter
02-27 20:57:52.598  5270  5348 E [UAH_CLIENT]: failed to get resource value
02-27 20:57:52.628   646   646 E lowmemorykiller: device memory 429217 free 101650 file 324813
02-27 20:57:52.646 14128 14497 I metis_v2_OsenseCallBack: memLevel: 1 [Metis|com.oplus.metis|1.4.54-aa2067f]
02-27 20:57:52.784  4130  4583 D CommonApp-271-10497: transport layer data is invalid
02-27 20:57:52.959  1540  1753 D BatteryChargeControl: bcc get no support from charging protocol
02-27 20:57:53.061  2026  3795 I Osense-PsiDetector: 1676,397,1938,7679,75,389,213,1243,1639,486,782,0,8,8169
02-27 20:57:53.062 14128 14497 I metis_v2_OsenseCallBack: memLevel: 2 [Metis|com.oplus.metis|1.4.54-aa2067f]
02-27 20:57:53.234   646   646 E lowmemorykiller: device memory 429324 free 101732 file 324875
02-27 20:57:53.285  1510 18624 I QC2Comp : [vp9D_3677] Stats: Pending(3) i/p-done(0) Works: Q: 26/Done 25|Work-Rate: Q(0.0/s Avg=0.0/s) Done(0.000/s Avg=0.000/s)| Stream: 25.00fps 328.6Kbps
02-27 20:57:53.285  1510 18624 I QC2Comp : Mem-usage:  [In-1D - 5 bufs 14.941 MB] [1D-0 - 15 bufs 0.234 MB] [2D-3534 - 23 bufs 51.750 MB]
02-27 20:57:53.285  1510 18624 I QC2Comp : Total Mem-usage: 66.926 MB
02-27 20:57:53.687 14128 14497 I metis_v2_OsenseCallBack: memLevel: 1 [Metis|com.oplus.metis|1.4.54-aa2067f]
02-27 20:57:53.800  2026  3448 D WifiStaIfaceHidlImpl: getCachedScanData is not implemented by HIDL
02-27 20:57:53.807  4130  4583 D CommonApp-271-10497: transport layer data is invalid
02-27 20:57:53.823  4248  4248 D VendorWifiService: onEvent event:9,action:1
02-27 20:57:53.835  2026  3554 D OplusWifiPower_TriggerCenter: mComponentCallback: wifistat
02-27 20:57:53.962  1540  1753 D BatteryChargeControl: bcc get no support from charging protocol
02-27 20:57:54.101  2026  3795 I Osense-PsiDetector: 1677,397,1938,7679,75,389,213,1243,1639,486,782,0,8,8168
02-27 20:57:54.101 14128 14497 I metis_v2_OsenseCallBack: memLevel: 2 [Metis|com.oplus.metis|1.4.54-aa2067f]
02-27 20:57:54.125  1535  4282 E PerformanceService: storage_feature: open /sys/devices/platform/soc/112b0000.ufshci//virtualtlcbuff fail
02-27 20:57:54.429  1540  1540 D vendor.oplus.hardware.charger-V6-service: get_ui_charge_icon_type 0 0 0 0 0
02-27 20:57:54.431  1540  1540 D vendor.oplus.hardware.charger-V6-service: oplus_chg_get_cpa_power 2500 charge_online 1 retention_topic 0
02-27 20:57:54.725 14128 14497 I metis_v2_OsenseCallBack: memLevel: 1 [Metis|com.oplus.metis|1.4.54-aa2067f]
02-27 20:57:54.835  4130  4583 D CommonApp-271-10497: transport layer data is invalid
02-27 20:57:54.965  1540  1753 D BatteryChargeControl: bcc get no support from charging protocol
02-27 20:57:55.051  1540  1717 D vendor.oplus.hardware.charger-V6-service: ret_value:127, read content:,373,362,3697,3697,-67,500,2200,12,12,1,4,-1,4927,12,1,0,1,1,0,0,4425,0,2,0,2,0,0,0,365,0,1,1,0,0,61,61,61,0,0,0,0,0,0,0,0,0,0
02-27 20:57:55.051  1540  1717 D vendor.oplus.hardware.charger-V6-service: gmtime: 2026-02-27-20-57-55
02-27 20:57:55.052  1540  1717 D vendor.oplus.hardware.charger-V6-service: usb_online:1, ac_online:0, wireless_online:-2147483648
02-27 20:57:55.133  2026  3795 I Osense-PsiDetector: 1677,397,1937,7679,75,389,213,1243,1639,486,782,0,8,8168
02-27 20:57:55.134 14128 14497 I metis_v2_OsenseCallBack: memLevel: 2 [Metis|com.oplus.metis|1.4.54-aa2067f]
02-27 20:57:55.200  7647 31827 D gaia-GaiaConnectChecker: start connect check++
02-27 20:57:55.213  7647 31760 D gaia-GaiaConnectChecker: start connect check++
02-27 20:57:55.516  1510  8349 I QC2Comp : [vp9D_3966] Stats: Pending(3) i/p-done(0) Works: Q: 26/Done 25|Work-Rate: Q(0.0/s Avg=0.0/s) Done(0.000/s Avg=0.001/s)| Stream: 30.30fps 174.6Kbps
02-27 20:57:55.516  1510  8349 I QC2Comp : Mem-usage:  [In-1D - 5 bufs 14.941 MB] [1D-0 - 15 bufs 0.234 MB] [2D-3823 - 23 bufs 17.250 MB]
02-27 20:57:55.516  1510  8349 I QC2Comp : Total Mem-usage: 32.426 MB
02-27 20:57:55.757 14128 14497 I metis_v2_OsenseCallBack: memLevel: 1 [Metis|com.oplus.metis|1.4.54-aa2067f]
02-27 20:57:55.855  4130  4583 D CommonApp-271-10497: transport layer data is invalid
02-27 20:57:55.968  1540  1753 D BatteryChargeControl: bcc get no support from charging protocol
02-27 20:57:56.173  2026  3795 I Osense-PsiDetector: 1677,397,1937,7679,75,389,213,1242,1639,486,782,0,8,8167
02-27 20:57:56.174 14128 14497 I metis_v2_OsenseCallBack: memLevel: 2 [Metis|com.oplus.metis|1.4.54-aa2067f]
02-27 20:57:56.288  1540  1540 D vendor.oplus.hardware.charger-V6-service: getChargerControl:sub_current=100
02-27 20:57:56.288  1540  1540 D vendor.oplus.hardware.charger-V6-service: sub_voltage=3800
02-27 20:57:56.288  1540  1540 D vendor.oplus.hardware.charger-V6-service: sub_soc=-1
02-27 20:57:56.288  1540  1540 D vendor.oplus.hardware.charger-V6-service: sub_temperature=250
02-27 20:57:56.288  1540  1540 D vendor.oplus.hardware.charger-V6-service: main_soc=12
02-27 20:57:56.799 14128 14497 I metis_v2_OsenseCallBack: memLevel: 1 [Metis|com.oplus.metis|1.4.54-aa2067f]
02-27 20:57:56.832  2026  3448 D WifiStaIfaceHidlImpl: getCachedScanData is not implemented by HIDL
02-27 20:57:56.850  4248  4248 D VendorWifiService: onEvent event:9,action:1
02-27 20:57:56.872  2026  3554 D OplusWifiPower_TriggerCenter: mComponentCallback: wifistat
02-27 20:57:56.882  4130  4583 D CommonApp-271-10497: transport layer data is invalid
02-27 20:57:56.970  1540  1753 D BatteryChargeControl: bcc get no support from charging protocol
02-27 20:57:57.212  2026  3795 I Osense-PsiDetector: 1676,398,1936,7679,75,389,213,1242,1638,486,780,0,8,8167
02-27 20:57:57.213 14128 14497 I metis_v2_OsenseCallBack: memLevel: 2 [Metis|com.oplus.metis|1.4.54-aa2067f]
02-27 20:57:57.838 14128 14497 I metis_v2_OsenseCallBack: memLevel: 1 [Metis|com.oplus.metis|1.4.54-aa2067f]
02-27 20:57:57.903  4130  4583 D CommonApp-271-10497: transport layer data is invalid
02-27 20:57:57.972  1540  1753 D BatteryChargeControl: bcc get no support from charging protocol
02-27 20:57:58.245  2026  3795 I Osense-PsiDetector: 1677,398,1934,7679,75,389,213,1240,1638,486,780,0,8,8167
02-27 20:57:58.245 14128 14497 I metis_v2_OsenseCallBack: memLevel: 2 [Metis|com.oplus.metis|1.4.54-aa2067f]
02-27 20:57:58.286  1510 18624 I QC2Comp : [vp9D_3677] Stats: Pending(3) i/p-done(0) Works: Q: 26/Done 25|Work-Rate: Q(0.0/s Avg=0.0/s) Done(0.000/s Avg=0.000/s)| Stream: 25.00fps 328.6Kbps
02-27 20:57:58.286  1510 18624 I QC2Comp : Mem-usage:  [In-1D - 5 bufs 14.941 MB] [1D-0 - 15 bufs 0.234 MB] [2D-3534 - 23 bufs 51.750 MB]
02-27 20:57:58.286  1510 18624 I QC2Comp : Total Mem-usage: 66.926 MB
02-27 20:57:58.490  4130  4583 D CommonApp-271-10497: DefaultState EVENT_SCENARIOS_CHANGE
02-27 20:57:58.490  4130  4583 D CommonApp-271-10497: scene=COMMON pn=com.esiri.esiriplus
02-27 20:57:58.865 14128 14497 I metis_v2_OsenseCallBack: memLevel: 1 [Metis|com.oplus.metis|1.4.54-aa2067f]
02-27 20:57:58.928  4130  4583 D CommonApp-271-10497: transport layer data is invalid
02-27 20:57:58.975  1540  1753 D BatteryChargeControl: bcc get no support from charging protocol
02-27 20:57:59.125  1535  4282 E PerformanceService: storage_feature: open /sys/devices/platform/soc/112b0000.ufshci//virtualtlcbuff fail
02-27 20:57:59.277  2026  3795 I Osense-PsiDetector: 1677,399,1933,7679,75,389,213,1239,1638,486,780,0,8,8167
02-27 20:57:59.278 14128 14497 I metis_v2_OsenseCallBack: memLevel: 2 [Metis|com.oplus.metis|1.4.54-aa2067f]
02-27 20:57:59.859  2026  3448 D WifiStaIfaceHidlImpl: getCachedScanData is not implemented by HIDL
02-27 20:57:59.879  4248  4248 D VendorWifiService: onEvent event:9,action:1
02-27 20:57:59.889  2026  3554 D OplusWifiPower_TriggerCenter: mComponentCallback: wifistat
02-27 20:57:59.909 14128 14497 I metis_v2_OsenseCallBack: memLevel: 1 [Metis|com.oplus.metis|1.4.54-aa2067f]
02-27 20:57:59.951  4130  4583 D CommonApp-271-10497: transport layer data is invalid
02-27 20:57:59.977  1540  1753 D BatteryChargeControl: bcc get no support from charging protocol
02-27 20:58:00.001  2026  3361 V AlarmManager: sending alarm Alarm{1cc6647 type 3 origWhen 1204288323 whenElapsed 1204288323 android} uid 1000 whenElapsed 1204288323 windowLength 0 maxWhenElapsed 1204288323 repeatInterval 0 action null component null tag TIME_TICK flags 0x9 procName system_server
02-27 20:58:00.003  3736  3736 I SystemUi--SystemUi--: Clock-->smallTime: 20:58
02-27 20:58:00.005  3736  3736 I SystemUi--SystemUi--: Clock-->smallTime: 20:58
02-27 20:58:00.012  4248  4248 D SubsysBroadcastManager: onReceive action:android.intent.action.TIME_TICK
02-27 20:58:00.022  2026  2844 D OplusDisplayBrightnessBroadcastReceiver: onReceive action = android.intent.action.TIME_TICK , listeners = [com.android.server.display.ambience.events.event.TimeEvent$TimeChangeReceiver@6fe82a1]
02-27 20:58:00.026  7792  8951 D PhoneScreenOnTime: affairType:231
02-27 20:58:00.037  7792  8951 D PhoneUsageTime: affairType:231
02-27 20:58:00.052  1540  1717 D vendor.oplus.hardware.charger-V6-service: ret_value:127, read content:,373,362,3697,3697,-74,500,2200,12,12,1,4,-1,4927,12,1,0,1,1,0,0,4425,0,2,0,2,0,0,0,365,0,1,1,0,0,61,61,61,0,0,0,0,0,0,0,0,0,0
02-27 20:58:00.052  1540  1717 D vendor.oplus.hardware.charger-V6-service: gmtime: 2026-02-27-20-58-00
02-27 20:58:00.053  1540  1717 D vendor.oplus.hardware.charger-V6-service: usb_online:1, ac_online:0, wireless_online:-2147483648
02-27 20:58:00.315  1540  1540 D vendor.oplus.hardware.charger-V6-service: get_ui_charge_icon_type 0 0 0 0 0
02-27 20:58:00.317  1540  1540 D vendor.oplus.hardware.charger-V6-service: oplus_chg_get_cpa_power 2500 charge_online 1 retention_topic 0
02-27 20:58:00.324  2026  3795 I Osense-PsiDetector: 1678,399,1932,7679,75,389,213,1239,1638,486,780,0,8,8167
02-27 20:58:00.324 14128 14497 I metis_v2_OsenseCallBack: memLevel: 2 [Metis|com.oplus.metis|1.4.54-aa2067f]
02-27 20:58:00.332  3736  3736 I SystemUi--Statusbar: BatteryControllerExt-->updateBatteryChangeIntent():broadcast=android.intent.action.BATTERY_CHANGED,level=12,scale=100
02-27 20:58:00.332  3736  3736 I SystemUi--Statusbar: BatteryRepository-->level: 12 -- isSavingMode: false
02-27 20:58:00.335  2026  2844 D OplusDisplayBrightnessBroadcastReceiver: onReceive action = android.intent.action.BATTERY_CHANGED , listeners = [com.android.server.display.OplusFeatureHDREnhanceBrightness$PhoneInfoReceiver@d078a20, com.android.server.display.OplusFeatureEdrEnhanceBrightness$PhoneInfoReceiver@d0bbfd9]
02-27 20:58:00.336  4248  4248 D SubsysBroadcastManager: onReceive action:android.intent.action.BATTERY_CHANGED
02-27 20:58:00.339 26084 26084 D DeviceStatisticsService: onReceive: action= android.intent.action.BATTERY_CHANGED
02-27 20:58:00.349  7792  9430 E Battery : ChargeProtectionUtils: mCanlendarTmp.isEmpty()!
02-27 20:58:00.352 26780 26780 D CustomLogManagerService: onReceive android.intent.action.BATTERY_CHANGED
02-27 20:58:00.372  1540  1540 D vendor.oplus.hardware.charger-V6-service: getChargerControl:sub_current=100
02-27 20:58:00.372  1540  1540 D vendor.oplus.hardware.charger-V6-service: sub_voltage=3800
02-27 20:58:00.372  1540  1540 D vendor.oplus.hardware.charger-V6-service: sub_soc=-1
02-27 20:58:00.372  1540  1540 D vendor.oplus.hardware.charger-V6-service: sub_temperature=250
02-27 20:58:00.372  1540  1540 D vendor.oplus.hardware.charger-V6-service: main_soc=12
02-27 20:58:00.518  1510  8349 I QC2Comp : [vp9D_3966] Stats: Pending(3) i/p-done(0) Works: Q: 26/Done 25|Work-Rate: Q(0.0/s Avg=0.0/s) Done(0.000/s Avg=0.001/s)| Stream: 30.30fps 174.6Kbps
02-27 20:58:00.518  1510  8349 I QC2Comp : Mem-usage:  [In-1D - 5 bufs 14.941 MB] [1D-0 - 15 bufs 0.234 MB] [2D-3823 - 23 bufs 17.250 MB]
02-27 20:58:00.518  1510  8349 I QC2Comp : Total Mem-usage: 32.426 MB
02-27 20:58:00.949 14128 14497 I metis_v2_OsenseCallBack: memLevel: 1 [Metis|com.oplus.metis|1.4.54-aa2067f]
02-27 20:58:00.975  4130  4583 D CommonApp-271-10497: transport layer data is invalid
02-27 20:58:00.981  1540  1753 D BatteryChargeControl: bcc get no support from charging protocol
02-27 20:58:01.149  7957  6863 I PTC.DISC.AndroidMultiLanServer: Watcher sysNif=[wlan0], userNif=[wlan0 state=(LISTEN JOIN(05A86A|11648)), ], clientNif=[wlan0 state=(LISTEN), ], tcpServer state=LISTEN, ipv4=**68.1.3
02-27 20:58:01.308  1540  1540 D vendor.oplus.hardware.charger-V6-service: getChargerControl:sub_current=100
02-27 20:58:01.308  1540  1540 D vendor.oplus.hardware.charger-V6-service: sub_voltage=3800
02-27 20:58:01.308  1540  1540 D vendor.oplus.hardware.charger-V6-service: sub_soc=-1
02-27 20:58:01.308  1540  1540 D vendor.oplus.hardware.charger-V6-service: sub_temperature=250
02-27 20:58:01.308  1540  1540 D vendor.oplus.hardware.charger-V6-service: main_soc=12
02-27 20:58:01.365  2026  3795 I Osense-PsiDetector: 1678,400,1930,7679,75,389,213,1237,1638,486,780,0,8,8167
02-27 20:58:01.365 14128 14497 I metis_v2_OsenseCallBack: memLevel: 2 [Metis|com.oplus.metis|1.4.54-aa2067f]
02-27 20:58:01.984  1540  1753 D BatteryChargeControl: bcc get no support from charging protocol
02-27 20:58:01.994 14128 14497 I metis_v2_OsenseCallBack: memLevel: 1 [Metis|com.oplus.metis|1.4.54-aa2067f]
02-27 20:58:02.000  4130  4583 D CommonApp-271-10497: commonScoreStrategy scenarios low package
02-27 20:58:02.223 14612 15418 I Supabase-Realtime: Heartbeat received
02-27 20:58:02.355 26780 23512 D CustomLogManagerService: WorkHandler msg.what :5
02-27 20:58:02.356 26780 23512 D CustomLogManagerService: user experience toggle off
02-27 20:58:02.409  2026  3795 I Osense-PsiDetector: 1683,404,1930,7679,75,389,213,1231,1638,486,780,0,8,8166
02-27 20:58:02.411 14128 14497 I metis_v2_OsenseCallBack: memLevel: 2 [Metis|com.oplus.metis|1.4.54-aa2067f]
02-27 20:58:02.890  2026  3448 D WifiStaIfaceHidlImpl: getCachedScanData is not implemented by HIDL
02-27 20:58:02.909  4248  4248 D VendorWifiService: onEvent event:9,action:1
02-27 20:58:02.916  2026  3554 D OplusWifiPower_TriggerCenter: mComponentCallback: wifistat
02-27 20:58:02.987  1540  1753 D BatteryChargeControl: bcc get no support from charging protocol
02-27 20:58:03.025  4130  4583 D CommonApp-271-10497: commonScoreStrategy scenarios low package
02-27 20:58:03.038 14128 14497 I metis_v2_OsenseCallBack: memLevel: 1 [Metis|com.oplus.metis|1.4.54-aa2067f]
02-27 20:58:03.288  1510 18624 I QC2Comp : [vp9D_3677] Stats: Pending(3) i/p-done(0) Works: Q: 26/Done 25|Work-Rate: Q(0.0/s Avg=0.0/s) Done(0.000/s Avg=0.000/s)| Stream: 25.00fps 328.6Kbps
02-27 20:58:03.288  1510 18624 I QC2Comp : Mem-usage:  [In-1D - 5 bufs 14.941 MB] [1D-0 - 15 bufs 0.234 MB] [2D-3534 - 23 bufs 51.750 MB]
02-27 20:58:03.288  1510 18624 I QC2Comp : Total Mem-usage: 66.926 MB
02-27 20:58:03.453  2026  3795 I Osense-PsiDetector: 1683,404,1930,7679,75,389,213,1232,1638,486,780,0,8,8166
02-27 20:58:03.455 14128 14497 I metis_v2_OsenseCallBack: memLevel: 2 [Metis|com.oplus.metis|1.4.54-aa2067f]
02-27 20:58:03.989  1540  1753 D BatteryChargeControl: bcc get no support from charging protocol
02-27 20:58:04.048  4130  4583 D CommonApp-271-10497: transport layer data is invalid
02-27 20:58:04.076 14128 14497 I metis_v2_OsenseCallBack: memLevel: 1 [Metis|com.oplus.metis|1.4.54-aa2067f]
02-27 20:58:04.125  1535  4282 E PerformanceService: storage_feature: open /sys/devices/platform/soc/112b0000.ufshci//virtualtlcbuff fail
02-27 20:58:04.489  2026  3795 I Osense-PsiDetector: 1683,405,1930,7679,75,389,213,1231,1638,486,780,0,8,8166
02-27 20:58:04.490 14128 14497 I metis_v2_OsenseCallBack: memLevel: 2 [Metis|com.oplus.metis|1.4.54-aa2067f]
02-27 20:58:04.582 10619 10619 I Choreographer: Skipped 7248 frames!  The application may be doing too much work on its main thread.
02-27 20:58:04.589   646   646 E lowmemorykiller: device memory 431041 free 103688 file 324633
02-27 20:58:04.598  2026  4191 I OplusHansManager : unfreeze uid: 10300 com.facebook.katana pids: [10619, 13629] reason: Packet scene: LcdOn
02-27 20:58:04.598  2026  4174 I OplusHansManager : uid=10300, pkg=com.facebook.katana F exit(), F stay=80, reason=Packet
02-27 20:58:04.599  2026  4192 I OplusHansManager : up_BC uid=10300 pkg=com.facebook.katana
02-27 20:58:04.599  2026  4192 I OplusCameraManagerGlobal: reportAppFreeze E
02-27 20:58:04.601  2026  4192 I OplusBinderProxy: un_pb uid: 10300 pid: 10619 rst: true , Desc: com.android.internal.telephony.IPhoneStateListener/10
02-27 20:58:04.602  2026  4192 I OplusBinderProxy: un_pb uid: 10300 pid: 10619 rst: true , Desc: com.android.internal.telephony.IPhoneStateListener/10
02-27 20:58:04.602  2026  4192 I OplusBinderProxy: proxyBinder uid: 10300 pkg: com.facebook.katana proxy: false calling: OFreezer
02-27 20:58:04.611 10619 11077 E fb4a.msys: E[C MEMConnectionManager]__DisconnectIfNeededOnNetworkContextAsyncImpl(1271)=>[Critical] Call WCCConnectionDisconnect with event id: 3
02-27 20:58:04.612 10619 11077 E fb4a.msys: E[N WCCConnectionMEM]_WCCConnectionMEMDoDisconnect(1889)=>[INFO] connection/disconnect/[internalState=5]
02-27 20:58:04.613 10619 11077 E fb4a.msys: E[N WA]_WCCXMPPStreamSendStanzaOrData(994)=>xmpp/send/error, stream not fully connected. StreamState=4
02-27 20:58:04.613 10619 11077 E fb4a.msys: E[N WA]_WCCXMPPStreamSendStanzaOrData(999)=>xmpp/send/error/envelope <iq id to type xmlns />
02-27 20:58:04.613 10619 11077 E fb4a.msys: E[N WA]_WCSConnectionSendCompletion(404)=>connection/send connection-id 68873012 send error: Error Domain=WhatsAppCoreFoundation Code=-860880889 UserInfo=0xa8518a80 {MCFErrorDirectDescriptionKey=Stream error: stream disconnected}
02-27 20:58:04.614 10619 11077 E fb4a.msys: E[N WCCConnectionMEM]_WCCConnectionMEMSendSyncWithFlags(846)=>connection/send error/1: Error Domain=WCCConnectionSendErrorDomain Code=1 UserInfo=0xa8518a40 {MCFErrorDirectDescriptionKey=stream disconnected}
02-27 20:58:04.616 10619 11252 E fb4a.msys: E[C 1]MCCLogErrorWithTraceOrQPL(281)=>8/391/1573/-860880889
02-27 20:58:04.690   646   646 E lowmemorykiller: device memory 431461 free 103633 file 325108
02-27 20:58:04.992  1540  1753 D BatteryChargeControl: bcc get no support from charging protocol
02-27 20:58:05.054  1540  1717 D vendor.oplus.hardware.charger-V6-service: ret_value:127, read content:,373,361,3698,3698,-63,500,2200,12,12,1,4,-1,4935,12,1,0,1,1,0,0,4425,0,2,0,2,0,0,0,365,0,1,1,0,0,61,61,61,0,0,0,0,0,0,0,0,0,0
02-27 20:58:05.055  1540  1717 D vendor.oplus.hardware.charger-V6-service: gmtime: 2026-02-27-20-58-05
02-27 20:58:05.056  1540  1717 D vendor.oplus.hardware.charger-V6-service: usb_online:1, ac_online:0, wireless_online:-2147483648
02-27 20:58:05.071  4130  4583 D CommonApp-271-10497: transport layer data is invalid
02-27 20:58:05.113 14128 14497 I metis_v2_OsenseCallBack: memLevel: 1 [Metis|com.oplus.metis|1.4.54-aa2067f]
02-27 20:58:05.200  7647 31827 D gaia-GaiaConnectChecker: start connect check++
02-27 20:58:05.212  7647 31760 D gaia-GaiaConnectChecker: start connect check++
02-27 20:58:05.297   646   646 E lowmemorykiller: device memory 431420 free 103570 file 325130
02-27 20:58:05.316  4130  4511 I PluginManager: dalvikMax=12,dalvikFree=6dalvikAllocated=6
02-27 20:58:05.499  4130  4583 D CommonApp-271-10497: DefaultState EVENT_SCENARIOS_CHANGE
02-27 20:58:05.500  4130  4583 D CommonApp-271-10497: scene=COMMON pn=com.esiri.esiriplus
02-27 20:58:05.519  1510  8349 I QC2Comp : [vp9D_3966] Stats: Pending(3) i/p-done(0) Works: Q: 26/Done 25|Work-Rate: Q(0.0/s Avg=0.0/s) Done(0.000/s Avg=0.001/s)| Stream: 30.30fps 174.6Kbps
02-27 20:58:05.519  1510  8349 I QC2Comp : Mem-usage:  [In-1D - 5 bufs 14.941 MB] [1D-0 - 15 bufs 0.234 MB] [2D-3823 - 23 bufs 17.250 MB]
02-27 20:58:05.519  1510  8349 I QC2Comp : Total Mem-usage: 32.426 MB
02-27 20:58:05.525  2026  3795 I Osense-PsiDetector: 1684,404,1930,7679,75,389,213,1233,1639,487,783,0,8,8166
02-27 20:58:05.527 14128 14497 I metis_v2_OsenseCallBack: memLevel: 2 [Metis|com.oplus.metis|1.4.54-aa2067f]
02-27 20:58:05.632 10619 11077 E fb4a.msys: E[N 1283]errorHandlerDispatched(189)=>262/1283/3347/-1
02-27 20:58:05.643 10619 11077 E fb4a.msys: E[N WA]_WCCXMPPStreamDisconnectHandler(342)=>xmpp/disconnect - WCIStreamStateErrorCode: 2, domain: WCIStreamState, subdomain: MCCWDGWStream: Error Domain=WCIStreamState Code=2 UserInfo=0xa8519440 {MCFErrorDirectUnderlyingErrorKey=0xb400007aaea35970 "Error Domain=MCCWDGWStream Code=0 UserInfo=0xa8519400 {MCFErrorDirectLocalizedFailureReasonKey=TRANSIENT}"}
02-27 20:58:05.644 10619 11077 E fb4a.msys: E[N WCCConnectionMEM]_WCCConnectionMEMLifecycleEventHandler(2214)=>[INFO] connection/xmpp/lifecycle_event/not-connected, [182.7747s]
02-27 20:58:05.644 10619 11077 E fb4a.msys: E[N WA]_WCCXMPPStreamDoDisconnect(1295)=>xmpp/disconnect - flags: 256
02-27 20:58:05.644 10619 11077 E fb4a.msys: E[N WCCConnectionMEM]_WCCConnectionMEMDisconnectHandler(2325)=>connection/disconnected, peer reset
02-27 20:58:05.645 10619 11077 E fb4a.msys: E[N WCCConnectionMEM]_WCCConnectionMEMEmitStateChange(3213)=>[INFO] connection/new_state/not-connected [connection_id=68873012, wcc_source=0, wcc_reason=0]
02-27 20:58:05.647 10619 11077 E fb4a.msys: E[C MEMConnectionManager]_MEMConnectionManagerStateChangeHandler(587)=>[Critical] MEMConnectionState updated to ID: 0 with connectionId: 68873012
02-27 20:58:05.701   646   646 E lowmemorykiller: device memory 431501 free 103184 file 325597
02-27 20:58:05.914  2026  3448 D WifiStaIfaceHidlImpl: getCachedScanData is not implemented by HIDL
02-27 20:58:05.930  4248  4248 D VendorWifiService: onEvent event:9,action:1
02-27 20:58:05.939  2026  3554 D OplusWifiPower_TriggerCenter: mComponentCallback: wifistat
02-27 20:58:05.995  1540  1753 D BatteryChargeControl: bcc get no support from charging protocol
02-27 20:58:06.095  4130  4583 D CommonApp-271-10497: transport layer data is invalid
02-27 20:58:06.149 14128 14497 I metis_v2_OsenseCallBack: memLevel: 1 [Metis|com.oplus.metis|1.4.54-aa2067f]
02-27 20:58:06.329  1540  1540 D vendor.oplus.hardware.charger-V6-service: getChargerControl:sub_current=100
02-27 20:58:06.329  1540  1540 D vendor.oplus.hardware.charger-V6-service: sub_voltage=3800
02-27 20:58:06.329  1540  1540 D vendor.oplus.hardware.charger-V6-service: sub_soc=-1
02-27 20:58:06.329  1540  1540 D vendor.oplus.hardware.charger-V6-service: sub_temperature=250
02-27 20:58:06.329  1540  1540 D vendor.oplus.hardware.charger-V6-service: main_soc=12
02-27 20:58:06.461  1540  1540 D vendor.oplus.hardware.charger-V6-service: get_ui_charge_icon_type 0 0 0 0 0
02-27 20:58:06.465  1540  1540 D vendor.oplus.hardware.charger-V6-service: oplus_chg_get_cpa_power 2500 charge_online 1 retention_topic 0
02-27 20:58:06.476  3736  3736 I SystemUi--Statusbar: BatteryControllerExt-->updateBatteryChangeIntent():broadcast=android.intent.action.BATTERY_CHANGED,level=12,scale=100
02-27 20:58:06.476  3736  3736 I SystemUi--Statusbar: BatteryRepository-->level: 12 -- isSavingMode: false
02-27 20:58:06.489  2026  2844 D OplusDisplayBrightnessBroadcastReceiver: onReceive action = android.intent.action.BATTERY_CHANGED , listeners = [com.android.server.display.OplusFeatureHDREnhanceBrightness$PhoneInfoReceiver@d078a20, com.android.server.display.OplusFeatureEdrEnhanceBrightness$PhoneInfoReceiver@d0bbfd9]
02-27 20:58:06.490  4248  4248 D SubsysBroadcastManager: onReceive action:android.intent.action.BATTERY_CHANGED
02-27 20:58:06.496 26084 26084 D DeviceStatisticsService: onReceive: action= android.intent.action.BATTERY_CHANGED
02-27 20:58:06.508 26780 26780 D CustomLogManagerService: onReceive android.intent.action.BATTERY_CHANGED
02-27 20:58:06.512  7792  9430 E Battery : ChargeProtectionUtils: mCanlendarTmp.isEmpty()!
02-27 20:58:06.532  1540  1540 D vendor.oplus.hardware.charger-V6-service: getChargerControl:sub_current=100
02-27 20:58:06.532  1540  1540 D vendor.oplus.hardware.charger-V6-service: sub_voltage=3800
02-27 20:58:06.532  1540  1540 D vendor.oplus.hardware.charger-V6-service: sub_soc=-1
02-27 20:58:06.532  1540  1540 D vendor.oplus.hardware.charger-V6-service: sub_temperature=250
02-27 20:58:06.532  1540  1540 D vendor.oplus.hardware.charger-V6-service: main_soc=12
02-27 20:58:06.564  2026  3795 I Osense-PsiDetector: 1685,402,1930,7679,75,389,213,1233,1640,488,783,0,8,8166
02-27 20:58:06.565 14128 14497 I metis_v2_OsenseCallBack: memLevel: 2 [Metis|com.oplus.metis|1.4.54-aa2067f]
02-27 20:58:06.962  9934 18623 I OplusFeedbackInfo: 0xb4000078a2baaa00 c2.qti.vp9.decoder codec[0xb400007ab3678000] 720x1280 inputFps=0 outputFps=0 renderFps=0, discardFps=0
02-27 20:58:06.997  1540  1753 D BatteryChargeControl: bcc get no support from charging protocol
02-27 20:58:07.120  4130  4583 D CommonApp-271-10497: transport layer data is invalid
02-27 20:58:07.181 14128 14497 I metis_v2_OsenseCallBack: memLevel: 1 [Metis|com.oplus.metis|1.4.54-aa2067f]
02-27 20:58:07.594  2026  3795 I Osense-PsiDetector: 1684,402,1930,7679,75,389,213,1234,1640,488,783,0,8,8166
02-27 20:58:07.595 14128 14497 I metis_v2_OsenseCallBack: memLevel: 2 [Metis|com.oplus.metis|1.4.54-aa2067f]
02-27 20:58:08.000  1540  1753 D BatteryChargeControl: bcc get no support from charging protocol
02-27 20:58:08.143  4130  4583 D CommonApp-271-10497: transport layer data is invalid
02-27 20:58:08.219 14128 14497 I metis_v2_OsenseCallBack: memLevel: 1 [Metis|com.oplus.metis|1.4.54-aa2067f]
02-27 20:58:08.288  1510 18624 I QC2Comp : [vp9D_3677] Stats: Pending(3) i/p-done(0) Works: Q: 26/Done 25|Work-Rate: Q(0.0/s Avg=0.0/s) Done(0.000/s Avg=0.000/s)| Stream: 25.00fps 328.6Kbps
02-27 20:58:08.288  1510 18624 I QC2Comp : Mem-usage:  [In-1D - 5 bufs 14.941 MB] [1D-0 - 15 bufs 0.234 MB] [2D-3534 - 23 bufs 51.750 MB]
02-27 20:58:08.288  1510 18624 I QC2Comp : Total Mem-usage: 66.926 MB
02-27 20:58:08.509 26780 23512 D CustomLogManagerService: WorkHandler msg.what :5
