02-26 22:53:44.127  2026  4235 D CompatChangeReporter: Compat change id reported: 297989574; UID 10343; state: ENABLED
02-26 22:53:44.190  2026  4235 W PackageManager: package com.lemon.lvoverseas uid 10343 pid 21402 call SetEnabledSetting(com.lemon.lvoverseas component = com.ss.android.deviceregister.AActivity, 2, 0)
02-26 22:53:44.211  2026  4235 D CompatChangeReporter: Compat change id reported: 319212206; UID 10343; state: ENABLED
02-26 22:53:44.285  2026  4112 I ActivityManager: Flag disabled. Ignoring finishAttachApplication from uid: 10343. pid: 21402
02-26 22:53:44.318  2026  4236 W PackageManager: package com.lemon.lvoverseas uid 10343 pid 21402 call SetEnabledSetting(com.lemon.lvoverseas component = androidx.work.impl.background.systemjob.SystemJobService, 1, 0)
02-26 22:53:44.453  2026  2844 D OplusDisplayBrightnessBroadcastReceiver: onReceive action = android.intent.action.BATTERY_CHANGED , listeners = [com.android.server.display.OplusFeatureHDREnhanceBrightness$PhoneInfoReceiver@d078a20, com.android.server.display.OplusFeatureEdrEnhanceBrightness$PhoneInfoReceiver@d0bbfd9]
02-26 22:53:44.664  2026  4112 W BroadcastQueue: Ignoring finishReceiverLocked; no active broadcast for BroadcastProcessQueue{2a64a2b 21402:com.lemon.lvoverseas/u0a343}
02-26 22:53:44.666  2026  7782 W BroadcastQueue: Ignoring finishReceiverLocked; no active broadcast for BroadcastProcessQueue{2a64a2b 21402:com.lemon.lvoverseas/u0a343}
02-26 22:53:44.667  2026  7782 W BroadcastQueue: Ignoring finishReceiverLocked; no active broadcast for BroadcastProcessQueue{2a64a2b 21402:com.lemon.lvoverseas/u0a343}
02-26 22:53:44.668  2026  7782 W BroadcastQueue: Ignoring finishReceiverLocked; no active broadcast for BroadcastProcessQueue{2a64a2b 21402:com.lemon.lvoverseas/u0a343}
02-26 22:53:44.668  2026  7782 W BroadcastQueue: Ignoring finishReceiverLocked; no active broadcast for BroadcastProcessQueue{2a64a2b 21402:com.lemon.lvoverseas/u0a343}
02-26 22:53:44.668  2026  7782 W BroadcastQueue: Ignoring finishReceiverLocked; no active broadcast for BroadcastProcessQueue{2a64a2b 21402:com.lemon.lvoverseas/u0a343}
02-26 22:53:45.057  2026  3382 D PowerManagerService: userActivityNoUpdateLocked: groupId=0, eventTime=783260594, event=touch, flags=0x0, uid=1000
02-26 22:53:45.182  2026  4112 D WindowManager: NFW_findFocusedWindowIfNeeded:Window{b0f40dd u0 com.android.settings/com.android.settings.SubSettings} mCurrentFocus:Window{e54c83c u0 com.android.settings/com.android.settings.SubSettings}
02-26 22:53:45.183  2026  4112 V WindowManager: Changing focus from Window{e54c83c u0 com.android.settings/com.android.settings.SubSettings} to Window{b0f40dd u0 com.android.settings/com.android.settings.SubSettings},diplayid=0
02-26 22:53:45.184  2026  3545 E UAH-Framework: invalid window type -1, return
02-26 22:53:45.187  2026  4112 D WindowManager: setFrameRateStart invalid typeId return!
02-26 22:53:45.190  2026  4112 D WindowManager: setFrameRateStart invalid typeId return!
02-26 22:53:45.191  2026  4112 I WindowManager: addWindow: New client android.os.BinderProxy@fbc1cb4 : window=Window{b0f40dd u0 com.android.settings/com.android.settings.SubSettings}
02-26 22:53:45.204  2026  7782 D CoreBackPreview: Window{b0f40dd u0 com.android.settings/com.android.settings.SubSettings}: Setting back callback OnBackInvokedCallbackInfo{mCallback=android.window.IOnBackInvokedCallback$Stub$Proxy@4c24e4c, mPriority=0, mIsAnimationCallback=false}
02-26 22:53:45.207  2026  7782 V WindowManager: Relayout Window{b0f40dd u0 com.android.settings/com.android.settings.SubSettings}: viewVisibility=0, oldvis=0, req=1080x653, vsysui=LIGHT_STATUS_BAR, x=0, y=0
02-26 22:53:45.207  2026  7782 I WindowManager: Window{b0f40dd u0 com.android.settings/com.android.settings.SubSettings} state from NO_SURFACE to DRAW_PENDING; reason: resetDrawState
02-26 22:53:45.215  2026  7782 D WindowManager: NFW_findFocusedWindowIfNeeded:Window{b0f40dd u0 com.android.settings/com.android.settings.SubSettings} mCurrentFocus:Window{b0f40dd u0 com.android.settings/com.android.settings.SubSettings}
02-26 22:53:45.239  2026  4112 I WindowManager: Window{b0f40dd u0 com.android.settings/com.android.settings.SubSettings} state from DRAW_PENDING to COMMIT_DRAW_PENDING; reason: finishDrawingLocked
02-26 22:53:45.246  2026  2618 I WindowManager: Window{b0f40dd u0 com.android.settings/com.android.settings.SubSettings} state from COMMIT_DRAW_PENDING to READY_TO_SHOW; reason: commitFinishDrawingLocked
02-26 22:53:45.246  2026  2618 D OplusAppQuickStart_AppQuickStartController: onFirstWindowDrawn ar=ActivityRecord{a1e2bdc u0 com.android.settings/.SubSettings t7940}
02-26 22:53:45.246  2026  2618 D ActivityTaskManager: Clearing startingData for activity=ActivityRecord{a1e2bdc u0 com.android.settings/.SubSettings t7940} mStartingData=null mStartingSurface=null
02-26 22:53:45.255  2026  2618 D WindowManager: setFrameRateStart invalid typeId return!
02-26 22:53:45.256  2026  2618 I WindowManager: Window{b0f40dd u0 com.android.settings/com.android.settings.SubSettings} state from READY_TO_SHOW to HAS_DRAWN; reason: performShowLocked
02-26 22:53:45.260  2026  2620 D SurfaceAnimationRunner: onAnimationStart:Surface(name=Surface(name=b0f40dd com.android.settings/com.android.settings.SubSettings)/@0x7d6870a - animation-leash of window_animation)/@0xf38bb7b
02-26 22:53:45.282  2026  2620 D SurfaceAnimationRunner: onAnimationStart:Surface(name=Dim Layer for - Task=7940)/@0xd0d9457
02-26 22:53:45.516  2026  2620 D SurfaceAnimationRunner: onAnimationEnd:Surface(name=Surface(name=b0f40dd com.android.settings/com.android.settings.SubSettings)/@0x7d6870a - animation-leash of window_animation)/@0xf38bb7b
02-26 22:53:45.538  2026  2620 D SurfaceAnimationRunner: onAnimationEnd:Surface(name=Dim Layer for - Task=7940)/@0xd0d9457
02-26 22:53:45.954  2026  3382 D PowerManagerService: userActivityNoUpdateLocked: groupId=0, eventTime=783261491, event=touch, flags=0x0, uid=1000
02-26 22:53:46.044  2026  4112 I ActivityManager: Force stopping com.esiri.esiriplus appid=10494 user=0: clear data
02-26 22:53:46.053  2026  4112 I FlexibleTaskController: destroyFlexibleTaskSurface() called with: transaction = [Task{de0dfcc #7941 type=standard A=10494:com.esiri.esiriplus}], reason = [RemoveTask]
02-26 22:53:46.055  2026  4112 D ActivityTaskManager: notifyTaskRemoved, task: Task{de0dfcc #7941 type=standard A=10494:com.esiri.esiriplus} trace:com.android.server.wm.RecentTasks.remove:1485 com.android.server.wm.ActivityTaskSupervisor.cleanUpRemovedTask:2039 com.android.server.wm.ActivityTaskSupervisor.removeTask:2003 com.android.server.wm.ActivityTaskSupervisor.removeTask:1931 com.android.server.wm.RecentTasks.removeTasksByPackageName:815 
02-26 22:53:46.059  2026  2702 I ActivityManager: Force stopping com.esiri.esiriplus appid=10494 user=-1: clearApplicationUserData
02-26 22:53:46.063  2026  7782 D CoreBackPreview: Window{b0f40dd u0 com.android.settings/com.android.settings.SubSettings}: Setting back callback null
02-26 22:53:46.072  2026  4235 D WindowManager: setFrameRateStart invalid typeId return!
02-26 22:53:46.073  2026  2678 D AppProfilerExtImpl: Skipped pss collection for CPU busy
02-26 22:53:46.073  2026  4235 D WindowManager: NFW_findFocusedWindowIfNeeded:Window{e54c83c u0 com.android.settings/com.android.settings.SubSettings} mCurrentFocus:Window{b0f40dd u0 com.android.settings/com.android.settings.SubSettings EXITING}
02-26 22:53:46.074  2026  4235 V WindowManager: Changing focus from Window{b0f40dd u0 com.android.settings/com.android.settings.SubSettings EXITING} to Window{e54c83c u0 com.android.settings/com.android.settings.SubSettings},diplayid=0
02-26 22:53:46.077  2026  4235 D WindowManager: setFrameRateStart invalid typeId return!
02-26 22:53:46.079  2026  4235 D WindowManager: setFrameRateStart invalid typeId return!
02-26 22:53:46.083  2026  2620 D SurfaceAnimationRunner: onAnimationStart:Surface(name=Surface(name=b0f40dd com.android.settings/com.android.settings.SubSettings)/@0x7d6870a - animation-leash of window_animation)/@0x754123f
02-26 22:53:46.094  2026  2620 D SurfaceAnimationRunner: onAnimationStart:Surface(name=Dim Layer for - Task=7940)/@0xd0d9457
02-26 22:53:46.102  2026  2615 V WindowManager: Unknown focus tokens, dropping reportFocusChanged
02-26 22:53:46.135  2026  4112 W PackageConfigPersister: App-specific configuration not found for packageName: com.android.settings and userId: 0
02-26 22:53:46.160  2026  4235 D OplusSplitScreenManagerService: com.android.settings unSupportsSplitScreen by blockList or ForbidActivityList
02-26 22:53:46.161  2026  4235 D OplusSplitScreenManagerService: com.android.settings unSupportsSplitScreen by blockList or ForbidActivityList
02-26 22:53:46.162  2026  4112 D OplusSplitScreenManagerService: com.android.settings unSupportsSplitScreen by blockList or ForbidActivityList
02-26 22:53:46.162  2026  4112 D OplusSplitScreenManagerService: com.android.settings unSupportsSplitScreen by blockList or ForbidActivityList
02-26 22:53:46.181   714   714 I keystore2: system/security/keystore2/src/maintenance.rs:341 - clearNamespace(r#APP, nspace=10494)
02-26 22:53:46.254   714 21655 I keystore2: system/security/keystore2/src/database.rs:1321 - First database operation finished
02-26 22:53:46.261  2026  2997 I AppsFilter: interaction: PackageSetting{e85bf4e com.android.microdroid.empty_payload/10292} -> PackageSetting{3462362 com.esiri.esiriplus/10494} BLOCKED
02-26 22:53:46.261  2026  2997 I AppsFilter: interaction: PackageSetting{d27b205 com.nialite.app/10418} -> PackageSetting{3462362 com.esiri.esiriplus/10494} BLOCKED
02-26 22:53:46.261  2026  2997 I AppsFilter: interaction: PackageSetting{741b168 com.example.shop_manager_pro/10492} -> PackageSetting{3462362 com.esiri.esiriplus/10494} BLOCKED
02-26 22:53:46.261  2026  2997 I AppsFilter: interaction: PackageSetting{9766981 com.safari.exchange/10430} -> PackageSetting{3462362 com.esiri.esiriplus/10494} BLOCKED
02-26 22:53:46.261  2026  2997 I AppsFilter: interaction: PackageSetting{6566a26 com.oplus.locationproxy/10180} -> PackageSetting{3462362 com.esiri.esiriplus/10494} BLOCKED
02-26 22:53:46.261  2026  2997 I AppsFilter: interaction: PackageSetting{686f667 com.android.certinstaller/10225} -> PackageSetting{3462362 com.esiri.esiriplus/10494} BLOCKED
02-26 22:53:46.261  2026  2997 I AppsFilter: interaction: PackageSetting{1347c14 com.oplus.location/10239} -> PackageSetting{3462362 com.esiri.esiriplus/10494} BLOCKED
02-26 22:53:46.261  2026  2997 I AppsFilter: interaction: PackageSetting{e85bf4e com.android.microdroid.empty_payload/10292} -> PackageSetting{3462362 com.esiri.esiriplus/10494} BLOCKED
02-26 22:53:46.261  2026  2997 I AppsFilter: interaction: PackageSetting{d27b205 com.nialite.app/10418} -> PackageSetting{3462362 com.esiri.esiriplus/10494} BLOCKED
02-26 22:53:46.261  2026  2997 I AppsFilter: interaction: PackageSetting{741b168 com.example.shop_manager_pro/10492} -> PackageSetting{3462362 com.esiri.esiriplus/10494} BLOCKED
02-26 22:53:46.262  2026  2997 I AppsFilter: interaction: PackageSetting{9766981 com.safari.exchange/10430} -> PackageSetting{3462362 com.esiri.esiriplus/10494} BLOCKED
02-26 22:53:46.262  2026  2997 I AppsFilter: interaction: PackageSetting{6566a26 com.oplus.locationproxy/10180} -> PackageSetting{3462362 com.esiri.esiriplus/10494} BLOCKED
02-26 22:53:46.262  2026  2997 I AppsFilter: interaction: PackageSetting{686f667 com.android.certinstaller/10225} -> PackageSetting{3462362 com.esiri.esiriplus/10494} BLOCKED
02-26 22:53:46.262  2026  2997 I AppsFilter: interaction: PackageSetting{1347c14 com.oplus.location/10239} -> PackageSetting{3462362 com.esiri.esiriplus/10494} BLOCKED
02-26 22:53:46.285  2026  3507 D ShortcutService: received package broadcast intent: Intent { act=android.intent.action.PACKAGE_DATA_CLEARED dat=package: flg=0x5000010 (has extras) }
02-26 22:53:46.285  2026  3507 D ShortcutService: clearing data for package: com.esiri.esiriplus userId0
02-26 22:53:46.285  2026  3507 D ShortcutService: handlePackageDataCleared: com.esiri.esiriplus user=0
02-26 22:53:46.300  2026  3507 D ShortcutService: rescanPackageIfNeeded 0@com.esiri.esiriplus, forceRescan=true , isNewApp=true
02-26 22:53:46.333   714 21655 I keystore2: system/security/keystore2/src/database.rs:1394 - No superseded key blob
02-26 22:53:46.338  2026  2620 D SurfaceAnimationRunner: onAnimationEnd:Surface(name=Surface(name=b0f40dd com.android.settings/com.android.settings.SubSettings)/@0x7d6870a - animation-leash of window_animation)/@0x754123f
02-26 22:53:46.338  2026  2704 I ActivityManager: Start proc 21658:com.google.android.documentsui/u0a73 for broadcast {com.google.android.documentsui/com.android.documentsui.PackageReceiver}
02-26 22:53:46.339  2026  2618 I WindowManager: Window{b0f40dd u0 com.android.settings/com.android.settings.SubSettings EXITING} state from HAS_DRAWN to NO_SURFACE; reason: destroySurface
02-26 22:53:46.349  2026  2620 D SurfaceAnimationRunner: onAnimationEnd:Surface(name=Dim Layer for - Task=7940)/@0xd0d9457
02-26 22:53:46.359  2026  3507 D ShortcutService: Package com.esiri.esiriplus has 0 manifest shortcut(s), and 0 share target(s)
02-26 22:53:46.396  2026  3507 D ShortcutService: Saving package item com.android.launcher to /data/system_ce/0/shortcut_service/launchers/com.android.launcher0.xml
02-26 22:53:46.434  2026  4236 W SettingsStatsUtil: Can not parse value to float: +network
02-26 22:53:46.436  2026  3507 D ShortcutService: Saving package item android to /data/system_ce/0/shortcut_service/launchers/android0.xml
02-26 22:53:46.451  2026  3507 D ShortcutService: Saving package item com.google.android.as to /data/system_ce/0/shortcut_service/launchers/com.google.android.as0.xml
02-26 22:53:46.474  2026  3215 D ActivityTaskManagerServiceExtImpl: preBindApplication record is null
02-26 22:53:46.476  2026  3507 D ShortcutService: Saving package item com.android.intentresolver to /data/system_ce/0/shortcut_service/launchers/com.android.intentresolver0.xml
02-26 22:53:46.503  2026  3507 D ShortcutService: Saving package item com.android.systemui to /data/system_ce/0/shortcut_service/launchers/com.android.systemui0.xml
02-26 22:53:46.504  2026  3590 D OplusSplitScreenManagerService: com.android.settings unSupportsSplitScreen by blockList or ForbidActivityList
02-26 22:53:46.504  2026  3590 D OplusSplitScreenManagerService: com.android.settings unSupportsSplitScreen by blockList or ForbidActivityList
02-26 22:53:46.531  2026  2712 D CompatChangeReporter: Compat change id reported: 151861875; UID 10174; state: ENABLED
02-26 22:53:46.552  2026  2704 I ActivityManager: Start proc 21686:com.heytap.cloud/u0a174 for broadcast {com.heytap.cloud/com.heytap.cloud.receiver.ColorCloudReceiver}
02-26 22:53:46.593 19688 19688 I Quality : GetResourcesInfo:130979271,/system/framework/framework-res.apk
02-26 22:53:46.626  2026  4236 D ActivityTaskManagerServiceExtImpl: preBindApplication record is null
02-26 22:53:46.647  2026  3590 D OplusSplitScreenManagerService: com.android.settings unSupportsSplitScreen by blockList or ForbidActivityList
02-26 22:53:46.647  2026  3590 D OplusSplitScreenManagerService: com.android.settings unSupportsSplitScreen by blockList or ForbidActivityList
02-26 22:53:46.725   714 21654 W keystore2: system/security/keystore2/watchdog/src/lib.rs:114 - ### Keystore Watchdog report - BEGIN ###
02-26 22:53:46.725   714 21654 W keystore2: system/security/keystore2/watchdog/src/lib.rs:123 - When extracting from a bug report, please include this header
02-26 22:53:46.725   714 21654 W keystore2: system/security/keystore2/watchdog/src/lib.rs:124 - and all 1 records below.
02-26 22:53:46.725   714 21654 W keystore2: system/security/keystore2/watchdog/src/lib.rs:164 - ThreadId(7723) KeystoreDB::handle_next_superseded_blob Pending: 500.587084ms Overdue 589.219µs
02-26 22:53:46.725   714 21654 W keystore2: system/security/keystore2/watchdog/src/lib.rs:175 - ### Keystore Watchdog report - END ###
02-26 22:53:46.743  2026  3487 W ContextImpl: Calling a method in the system process without a qualified user: android.app.ContextImpl.sendBroadcast:1261 com.android.server.job.controllers.OplusCpuController.notifyHighCpuEventForApp:387 com.android.server.job.controllers.OplusCpuController.handleCpuUpdate:333 com.android.server.job.controllers.OplusCpuController.-$$Nest$mhandleCpuUpdate:0 com.android.server.job.controllers.OplusCpuController$CpuTrackerHandler.handleMessage:257 
02-26 22:53:46.753 21658 21658 D ResourcesManagerExtImpl: applyConfigurationToAppResourcesLocked app.getDisplayId() return callback.displayId:-1
02-26 22:53:46.792  2026  2712 D CompatChangeReporter: Compat change id reported: 151861875; UID 10121; state: ENABLED
02-26 22:53:46.804  2026  2150 D CompatChangeReporter: Compat change id reported: 151861875; UID 1000; state: ENABLED
02-26 22:53:46.810  2026  2704 I ActivityManager: Start proc 21708:com.microsoft.appmanager/u0a121 for broadcast {com.microsoft.appmanager/com.samsung.android.sdk.mdx.windowslink.tileservice.WindowsLinkTileBroadcastReceiver}
02-26 22:53:46.810 21686 21686 D ResourcesManagerExtImpl: applyConfigurationToAppResourcesLocked app.getDisplayId() return callback.displayId:-1
02-26 22:53:46.812  2026  7782 D CompatChangeReporter: Compat change id reported: 308670109; UID 1000; state: ENABLED
02-26 22:53:46.821  2026  2704 I ActivityManager: Start proc 21709:com.heytap.mcs.appservice/1000 for content provider {com.heytap.mcs/com.heytap.mcs.biz.appservice.provider.AppServiceContentProvider}
02-26 22:53:46.834   714 21654 W keystore2: system/security/keystore2/watchdog/src/lib.rs:114 - ### Keystore Watchdog report - BEGIN ###
02-26 22:53:46.834   714 21654 W keystore2: system/security/keystore2/watchdog/src/lib.rs:123 - When extracting from a bug report, please include this header
02-26 22:53:46.834   714 21654 W keystore2: system/security/keystore2/watchdog/src/lib.rs:124 - and all 3 records below.
02-26 22:53:46.834   714 21654 W keystore2: system/security/keystore2/watchdog/src/lib.rs:164 - ThreadId(7723) KeystoreDB::handle_next_superseded_blob Pending: 609.559219ms Overdue 109.560938ms
02-26 22:53:46.834   714 21654 W keystore2: system/security/keystore2/watchdog/src/lib.rs:164 - ThreadId(7723) TX_handle_next_superseded_blob Pending: 579.732552ms Overdue 79.734583ms
02-26 22:53:46.834   714 21654 W keystore2: system/security/keystore2/watchdog/src/lib.rs:164 - ThreadId(7723) KeystoreDB::handle_next_superseded_blob delete v2 Pending: 500.56302ms Overdue 563.489µs
02-26 22:53:46.834   714 21654 W keystore2: system/security/keystore2/watchdog/src/lib.rs:175 - ### Keystore Watchdog report - END ###
02-26 22:53:46.852  2026  3215 D ActivityTaskManagerServiceExtImpl: preBindApplication record is null
02-26 22:53:46.864  2026  3590 D OplusSplitScreenManagerService: com.android.settings unSupportsSplitScreen by blockList or ForbidActivityList
02-26 22:53:46.865  2026  3590 D OplusSplitScreenManagerService: com.android.settings unSupportsSplitScreen by blockList or ForbidActivityList
02-26 22:53:46.896 21658 21658 E OplusCustomizeRestrictionManager: sInstance is null, start a new sInstance
02-26 22:53:46.905  2026  2150 D ActivityTaskManagerServiceExtImpl: preBindApplication record is null
02-26 22:53:46.917 19901 20027 W ContextImpl: Calling a method in the system process without a qualified user: android.app.ContextImpl.sendBroadcast:1276 com.oplus.notificationmanager.AppModificationReceiver.notifyAppDataCleared:10 com.oplus.notificationmanager.NotificationBackend.processPackageBroadcast:98 com.oplus.notificationmanager.NotificationBackend.lambda$onReceivedBroadcast$5:12 com.oplus.notificationmanager.NotificationBackend.i:1 
02-26 22:53:46.921  2026  2151 I ActivityManager: Flag disabled. Ignoring finishAttachApplication from uid: 10073. pid: 21658
02-26 22:53:46.960  2026  4236 D OplusSplitScreenManagerService: com.android.settings unSupportsSplitScreen by blockList or ForbidActivityList
02-26 22:53:46.960  2026  4236 D OplusSplitScreenManagerService: com.android.settings unSupportsSplitScreen by blockList or ForbidActivityList
02-26 22:53:46.998  2026  2712 D CompatChangeReporter: Compat change id reported: 151861875; UID 10128; state: ENABLED
02-26 22:53:47.011  2026  3215 I OplusStatusBarManagerServiceEnhance:  getTopIsFullscreen mTopIsFullscreen: false
02-26 22:53:47.016  2026  2704 I ActivityManager: Start proc 21765:com.oplus.linker/u0a128 for broadcast {com.oplus.linker/com.oplus.linker.devicemanager.receiver.PackageDataClearedReceiver}
02-26 22:53:47.085  2026  2150 D ActivityTaskManagerServiceExtImpl: preBindApplication record is null
02-26 22:53:47.098  2026  3590 D OplusSplitScreenManagerService: com.android.settings unSupportsSplitScreen by blockList or ForbidActivityList
02-26 22:53:47.099  2026  3590 D OplusSplitScreenManagerService: com.android.settings unSupportsSplitScreen by blockList or ForbidActivityList
02-26 22:53:47.138 21708 21708 D ResourcesManagerExtImpl: applyConfigurationToAppResourcesLocked app.getDisplayId() return callback.displayId:-1
02-26 22:53:47.256  2026  3215 I ActivityManager: Flag disabled. Ignoring finishAttachApplication from uid: 1000. pid: 21709
02-26 22:53:47.287 21765 21765 I Quality : GetResourcesInfo:51461093,/product/priv-app/OPSynergy/OPSynergy.apk
02-26 22:53:47.302  2026  4236 I ActivityManager: Flag disabled. Ignoring finishAttachApplication from uid: 10174. pid: 21686
02-26 22:53:47.310 21765 21765 D ResourcesManagerExtImpl: applyConfigurationToAppResourcesLocked app.getDisplayId() return callback.displayId:-1
02-26 22:53:47.321  2026  4236 D VRR [OPlusExternalRefreshRateManager]: isPkgTfcEnable: pkgName = com.heytap.cloud, enable = false
02-26 22:53:47.321  2026  4236 D VRR [OPlusExternalRefreshRateManager]: getTfcMinFramerate: pkgName = com.heytap.cloud, min framerate = 0
02-26 22:53:47.334  2026  2704 I ActivityManager: Start proc 21812:com.microsoft.emmx/u0a336 for broadcast {com.microsoft.emmx/org.chromium.chrome.browser.browserservices.InstalledWebappBroadcastReceiver}
02-26 22:53:47.423  2026  2151 D ActivityTaskManagerServiceExtImpl: preBindApplication record is null
02-26 22:53:47.442  2026  3590 D OplusSplitScreenManagerService: com.android.settings unSupportsSplitScreen by blockList or ForbidActivityList
02-26 22:53:47.442  2026  3590 D OplusSplitScreenManagerService: com.android.settings unSupportsSplitScreen by blockList or ForbidActivityList
02-26 22:53:47.487  2026  2704 I ActivityManager: Start proc 21867:com.google.android.webview:sandboxed_process0:org.chromium.content.app.SandboxedProcessService0:0/u0i261 for  {com.lemon.lvoverseas/org.chromium.content.app.SandboxedProcessService0:0}
02-26 22:53:47.496 21708 21708 E ActivityThread: Failed to find provider info for com.microsoft.yourphonecompanion.contentprovider.featureoverride
02-26 22:53:47.514 21708 21708 E ActivityThread: Failed to find provider info for com.samsung.android.mdx.windowslink.Tile.Provider
02-26 22:53:47.520  2026  2151 D CompatChangeReporter: Compat change id reported: 319471980; UID 10121; state: ENABLED
02-26 22:53:47.541  2026  7782 D ActivityTaskManagerServiceExtImpl: preBindApplication record is null
02-26 22:53:47.555  2026  3590 D OplusSplitScreenManagerService: com.android.settings unSupportsSplitScreen by blockList or ForbidActivityList
02-26 22:53:47.555  2026  3590 D OplusSplitScreenManagerService: com.android.settings unSupportsSplitScreen by blockList or ForbidActivityList
02-26 22:53:47.589 21867 21867 E OplusCustomizePackageManager: mIOplusCustomizePackageManagerService is null
02-26 22:53:47.592 21867 21867 E OplusCustomizePackageManager: mIOplusCustomizePackageManagerService is null
02-26 22:53:47.592 21867 21867 E OplusCustomizePackageManager: isOplusCertificatePackage Errorjava.lang.NullPointerException: Attempt to invoke interface method 'boolean android.os.customize.IOplusCustomizePackageManagerService.isOplusCertificatePackage(java.lang.String)' on a null object reference
02-26 22:53:47.607 21867 21867 D ResourcesManagerExtImpl: applyConfigurationToAppResourcesLocked app.getDisplayId() return callback.displayId:-1
02-26 22:53:47.616  2026  3215 W PackageManager: package com.microsoft.appmanager uid 10121 pid 21708 call SetEnabledSetting(com.microsoft.appmanager component = androidx.work.impl.background.systemjob.SystemJobService, 1, 0)
02-26 22:53:47.621  2026  3215 I ActivityManager: Flag disabled. Ignoring finishAttachApplication from uid: 99261. pid: 21867
02-26 22:53:47.765 21812 21812 D ResourcesManagerExtImpl: applyConfigurationToAppResourcesLocked app.getDisplayId() return callback.displayId:-1
02-26 22:53:47.850  2026  7782 D CompatChangeReporter: Compat change id reported: 319212206; UID 10343; state: ENABLED
02-26 22:53:47.885  2026  3822 W ActivityManager: Unable to start service Intent { act=com.heytap.accessory.ScanService pkg=com.heytap.accessory (has extras) mCallingUid=10128 } U=0: not found
02-26 22:53:47.889 21765 21932 I MirageDisplayWindow: OplusActivityManager createMirageWindowSession
02-26 22:53:47.913  2026  3215 V OplusMiragerDisplaySession: add mUid: 10128 mPid: 21765 com.android.server.display.OplusMiragerDisplaySession@2d70cf9
02-26 22:53:47.928 21402 21895 D OplusInputMethodUtil: init sDebug to false, init sDebugIme to false, init sAlwaysOn to false
02-26 22:53:47.928 21402 21895 D OplusInputMethodUtil: updateDebugToClass InputMethodManager.DEBUG = false
02-26 22:53:47.928 21402 21895 D OplusInputMethodUtil: updateDebugToClass ImeFocusController.DEBUG = false
02-26 22:53:47.928 21402 21895 D OplusInputMethodUtil: updateDebugToClass InsetsController.DEBUG = false
02-26 22:53:47.928 21402 21895 D OplusInputMethodUtil: updateDebugToClass BaseInputConnection.DEBUG = false
02-26 22:53:47.940  2026  4236 W PackageManager: package com.microsoft.appmanager uid 10121 pid 21708 call SetEnabledSetting(com.microsoft.appmanager component = com.microsoft.appmanager.quicksettings.WindowsLinkTileService, 1, 0)
02-26 22:53:47.943  2026  2150 W PackageManager: package com.microsoft.appmanager uid 10121 pid 21708 call SetEnabledSetting(com.microsoft.appmanager component = com.microsoft.appmanager.receiver.LocaleChangeReceiver, 1, 0)
02-26 22:53:47.949  2026  4236 W PackageManager: package com.microsoft.appmanager uid 10121 pid 21708 call SetEnabledSetting(com.microsoft.appmanager component = com.microsoft.appmanager.oem.account.AccountAuthenticatorService, 1, 0)
02-26 22:53:47.977  2026  4114 D VRR [OPlusExternalRefreshRateManager]: isPkgTfcEnable: pkgName = com.lemon.lvoverseas, enable = false
02-26 22:53:47.977  2026  4114 D VRR [OPlusExternalRefreshRateManager]: getTfcMinFramerate: pkgName = com.lemon.lvoverseas, min framerate = 0
02-26 22:53:48.043  2026  4114 D CompatChangeReporter: Compat change id reported: 319212206; UID 10121; state: ENABLED
02-26 22:53:48.045  2026  3822 I ActivityManager: Flag disabled. Ignoring finishAttachApplication from uid: 10128. pid: 21765
02-26 22:53:48.051  2026  2150 W PackageManager: package com.microsoft.appmanager uid 10121 pid 21708 call SetEnabledSetting(com.microsoft.appmanager component = com.microsoft.appmanager.OEMStartUpActivity, 1, 0)
02-26 22:53:48.058  2026  2151 D CompatChangeReporter: Compat change id reported: 151861875; UID 10112; state: ENABLED
02-26 22:53:48.095  2026  2704 I ActivityManager: Start proc 21979:com.microsoft.deviceintegrationservice/u0a112 for content provider {com.microsoft.deviceintegrationservice/com.microsoft.deviceExperiences.DeviceExperiencesContentProvider}
02-26 22:53:48.129  2026  7782 D CompatChangeReporter: Compat change id reported: 297989574; UID 10121; state: ENABLED
02-26 22:53:48.130  2026  2151 D CompatChangeReporter: Compat change id reported: 311208629; UID 1000; state: ENABLED
02-26 22:53:48.133  2026  2151 D VRR [OPlusExternalRefreshRateManager]: isPkgTfcEnable: pkgName = com.oplus.linker, enable = false
02-26 22:53:48.133  2026  2151 D VRR [OPlusExternalRefreshRateManager]: getTfcMinFramerate: pkgName = com.oplus.linker, min framerate = 0
02-26 22:53:48.175  2026  2150 D CompatChangeReporter: Compat change id reported: 297989574; UID 10128; state: ENABLED
02-26 22:53:48.183  2026  7782 D ActivityTaskManagerServiceExtImpl: preBindApplication record is null
02-26 22:53:48.190  2026  7782 W BroadcastQueue: Ignoring finishReceiverLocked; no active broadcast for BroadcastProcessQueue{2a64a2b 21402:com.lemon.lvoverseas/u0a343}
02-26 22:53:48.201  2026  3590 D OplusSplitScreenManagerService: com.android.settings unSupportsSplitScreen by blockList or ForbidActivityList
02-26 22:53:48.202  2026  3590 D OplusSplitScreenManagerService: com.android.settings unSupportsSplitScreen by blockList or ForbidActivityList
02-26 22:53:48.304  2026  2702 D CompatChangeReporter: Compat change id reported: 151861875; UID 10153; state: ENABLED
02-26 22:53:48.321  2026  2704 I ActivityManager: Start proc 22002:com.oplus.camera/u0a153 for service {com.oplus.camera/com.oplus.camera.aps.service.ApsService}
02-26 22:53:48.366 21812 21812 I Quality : ActivityThread: makeApplication delay 615 com.microsoft.emmx 21812
02-26 22:53:48.408  2026  4236 D ActivityTaskManagerServiceExtImpl: preBindApplication record is null
02-26 22:53:48.424 21979 21979 D ResourcesManagerExtImpl: applyConfigurationToAppResourcesLocked app.getDisplayId() return callback.displayId:-1
02-26 22:53:48.430  2026  3590 D OplusSplitScreenManagerService: com.android.settings unSupportsSplitScreen by blockList or ForbidActivityList
02-26 22:53:48.430  2026  3590 D OplusSplitScreenManagerService: com.android.settings unSupportsSplitScreen by blockList or ForbidActivityList
02-26 22:53:48.466  2026  4236 D CompatChangeReporter: Compat change id reported: 151861875; UID 10084; state: ENABLED
02-26 22:53:48.487  2026  4236 I ActivityManager: Flag disabled. Ignoring finishAttachApplication from uid: 10112. pid: 21979
02-26 22:53:48.500  2026  2704 I ActivityManager: Start proc 22021:com.microsoftsdk.crossdeviceservicebroker/u0a84 for service {com.microsoftsdk.crossdeviceservicebroker/com.microsoftsdk.crossdeviceservicebroker.CrossDeviceServiceBroker}
02-26 22:53:48.668 21708 21708 I Quality : ActivityThread: callApplicationOnCreate delay 923 com.microsoft.appmanager 21708
02-26 22:53:48.674  2026  3215 I ActivityManager: Flag disabled. Ignoring finishAttachApplication from uid: 10121. pid: 21708
02-26 22:53:48.724  2026  4112 D VRR [OPlusExternalRefreshRateManager]: isPkgTfcEnable: pkgName = com.microsoft.appmanager, enable = false
02-26 22:53:48.724  2026  4112 D VRR [OPlusExternalRefreshRateManager]: getTfcMinFramerate: pkgName = com.microsoft.appmanager, min framerate = 0
02-26 22:53:48.820  2026  7782 D ActivityTaskManagerServiceExtImpl: preBindApplication record is null
02-26 22:53:48.844  2026  3590 D OplusSplitScreenManagerService: com.android.settings unSupportsSplitScreen by blockList or ForbidActivityList
02-26 22:53:48.844  2026  3590 D OplusSplitScreenManagerService: com.android.settings unSupportsSplitScreen by blockList or ForbidActivityList
02-26 22:53:48.899 22002 22002 I Quality : ActivityThread: createClassLoader delay 369 /product/app/OplusCamera/OplusCamera.apk 22002
02-26 22:53:48.935 22002 22002 I Quality : ActivityThread: createOrUpdateClassLoaderLocked delay 467 com.oplus.camera 22002
02-26 22:53:49.001 22021 22021 D ResourcesManagerExtImpl: applyConfigurationToAppResourcesLocked app.getDisplayId() return callback.displayId:-1
02-26 22:53:49.007  2026  3215 I ActivityManager: Flag disabled. Ignoring finishAttachApplication from uid: 10084. pid: 22021
02-26 22:53:49.049  2026  7782 V ActivityManager: Has totaly same connectionRecord, just reuse it!
02-26 22:53:49.096  2026  4112 D CompatChangeReporter: Compat change id reported: 311402873; UID 10121; state: ENABLED
02-26 22:53:49.097  2026  4112 D CompatChangeReporter: Compat change id reported: 323349338; UID 10121; state: ENABLED
02-26 22:53:49.146 21812 21812 I Quality : ActivityThread: callApplicationOnCreate delay 628 com.microsoft.emmx 21812
02-26 22:53:49.169  2026  4112 I ActivityManager: Flag disabled. Ignoring finishAttachApplication from uid: 10336. pid: 21812
02-26 22:53:49.203  2026  7782 D CompatChangeReporter: Compat change id reported: 151861875; UID 10121; state: ENABLED
02-26 22:53:49.206 22002 22002 I Quality : GetResourcesInfo:270121771,/product/app/OplusCamera/OplusCamera.apk
02-26 22:53:49.249  2026  2704 I ActivityManager: Start proc 22160:com.microsoft.appmanager:auth/u0a121 for content provider {com.microsoft.appmanager/com.microsoft.identity.client.BrokerContentProvider}
02-26 22:53:49.263 22002 22002 D ResourcesManagerExtImpl: applyConfigurationToAppResourcesLocked app.getDisplayId() return callback.displayId:-1
02-26 22:53:49.291  2026  7782 D ActivityTaskManagerServiceExtImpl: preBindApplication record is null
02-26 22:53:49.493 22160 22160 D ResourcesManagerExtImpl: applyConfigurationToAppResourcesLocked app.getDisplayId() return callback.displayId:-1
02-26 22:53:49.547 22160 22160 E ActivityThread: Failed to find provider info for com.microsoft.yourphonecompanion.contentprovider.featureoverride
02-26 22:53:49.556 22160 22160 E ActivityThread: Failed to find provider info for com.samsung.android.mdx.windowslink.Tile.Provider
02-26 22:53:49.586 22002 22002 I Quality : ActivityThread: makeApplication delay 325 com.oplus.camera 22002
02-26 22:53:49.601 21257 21257 I ServiceConnector.Impl: unbindJobThread: connection = ServiceConnector@902(Intent { act=android.permission.PermissionControllerService cmp=com.google.android.permissioncontroller/com.android.permissioncontroller.permission.service.PermissionControllerServiceImpl }, user: 0)[Unbinding...]service = android.permission.IPermissionController$Stub$Proxy@1b0cbf3 mBinding = false
02-26 22:53:49.636  2026  2150 I ActivityManager: Flag disabled. Ignoring finishAttachApplication from uid: 10121. pid: 22160
02-26 22:53:49.673  2026  2150 W PackageManager: package com.microsoft.appmanager uid 10121 pid 21708 call SetEnabledSetting(com.microsoft.appmanager component = com.microsoft.tokenshare.TokenSharingService, 1, 0)
02-26 22:53:49.828  2026 10204 D UsageStatsService: User[0] type=0 b=1772135452525 e=1772135629826 cb=1772102933798 ce=1772135629265 disk=0 all=18
02-26 22:53:49.858  2026  3215 I ActivityManager: Flag disabled. Ignoring finishAttachApplication from uid: 10153. pid: 22002
02-26 22:53:49.905  2026  3215 D CompatChangeReporter: Compat change id reported: 311208629; UID 10153; state: ENABLED
02-26 22:53:49.911  2026  7782 D CompatChangeReporter: Compat change id reported: 319471980; UID 10153; state: ENABLED
02-26 22:53:50.184 22160 22169 E ActivityThread: Failed to find provider info for com.microsoft.intune.mam.policy
02-26 22:53:50.577  2026  2844 D OplusDisplayBrightnessBroadcastReceiver: onReceive action = android.intent.action.BATTERY_CHANGED , listeners = [com.android.server.display.OplusFeatureHDREnhanceBrightness$PhoneInfoReceiver@d078a20, com.android.server.display.OplusFeatureEdrEnhanceBrightness$PhoneInfoReceiver@d0bbfd9]
02-26 22:53:50.682  2026  2997 I AppsFilter: interaction: PackageSetting{3462362 com.esiri.esiriplus/10494} -> PackageSetting{8fe90a1 com.microsoft.appmanager/10121} BLOCKED
02-26 22:53:50.684  2026  2997 I AppsFilter: interaction: PackageSetting{e85bf4e com.android.microdroid.empty_payload/10292} -> PackageSetting{8fe90a1 com.microsoft.appmanager/10121} BLOCKED
02-26 22:53:50.684  2026  2997 I AppsFilter: interaction: PackageSetting{d27b205 com.nialite.app/10418} -> PackageSetting{8fe90a1 com.microsoft.appmanager/10121} BLOCKED
02-26 22:53:50.684  2026  2997 I AppsFilter: interaction: PackageSetting{741b168 com.example.shop_manager_pro/10492} -> PackageSetting{8fe90a1 com.microsoft.appmanager/10121} BLOCKED
02-26 22:53:50.684  2026  2997 I AppsFilter: interaction: PackageSetting{9766981 com.safari.exchange/10430} -> PackageSetting{8fe90a1 com.microsoft.appmanager/10121} BLOCKED
02-26 22:53:50.684  2026  2997 I AppsFilter: interaction: PackageSetting{6566a26 com.oplus.locationproxy/10180} -> PackageSetting{8fe90a1 com.microsoft.appmanager/10121} BLOCKED
02-26 22:53:50.684  2026  2997 I AppsFilter: interaction: PackageSetting{686f667 com.android.certinstaller/10225} -> PackageSetting{8fe90a1 com.microsoft.appmanager/10121} BLOCKED
02-26 22:53:50.684  2026  2997 I AppsFilter: interaction: PackageSetting{1347c14 com.oplus.location/10239} -> PackageSetting{8fe90a1 com.microsoft.appmanager/10121} BLOCKED
02-26 22:53:50.696  2026  3507 D ShortcutService: received package broadcast intent: Intent { act=android.intent.action.PACKAGE_CHANGED dat=package: flg=0x45000010 (has extras) }
02-26 22:53:50.696  2026  3507 D ShortcutService: changing package: com.microsoft.appmanager userId0
02-26 22:53:50.696  2026  3507 D ShortcutService: handlePackageChanged: com.microsoft.appmanager user=0
02-26 22:53:50.696  2026  3507 D ShortcutService: rescanPackageIfNeeded 0@com.microsoft.appmanager, forceRescan=true , isNewApp=false
02-26 22:53:50.740  2026  3507 D ShortcutService: Package com.microsoft.appmanager has 0 manifest shortcut(s), and 1 share target(s)
02-26 22:53:50.740  2026  3507 D ShortcutService: Package com.microsoft.appmanager updated, version 7560364 -> 7560364
02-26 22:53:50.741  2026  3507 D ShortcutService: Package com.microsoft.appmanager: publishing manifest shortcuts
02-26 22:53:50.842  2026  3507 D ShortcutService: Saving package item com.microsoft.appmanager to /data/system_ce/0/shortcut_service/packages/com.microsoft.appmanager.xml
02-26 22:53:50.842  2026  2609 D ShortcutService: Getting shortcuts for launcher= com.google.android.asuser=0 pkg=com.microsoft.appmanager
02-26 22:53:50.842  2026  4022 W AppOpService: Ignored setUidMode call for runtime permission app op: uid = 10264, code = FINE_LOCATION, mode = allow, callingUid = 1000, oldMode = allow
02-26 22:53:50.855  2026  2609 D ShortcutService: Getting shortcuts for launcher= com.android.systemuiuser=0 pkg=com.microsoft.appmanager
02-26 22:53:50.856  2026  2609 D ShortcutService: Getting shortcuts for launcher= com.android.launcheruser=0 pkg=com.microsoft.appmanager
02-26 22:53:50.886  2026  3404 V AccessibilityManagerService: onUserStateChangedLocked for user 0 with forceUpdate: false mEnabledServices = [] mCrashedServices = []
02-26 22:53:50.887  2026  3404 W MagnificationConnectionManager: requestConnection duplicated request: connect=false, mConnectionState=DISCONNECTED
02-26 22:53:50.892  2026  4022 W AppOpService: Ignored setUidMode call for runtime permission app op: uid = 10264, code = FINE_LOCATION, mode = allow, callingUid = 1000, oldMode = allow
02-26 22:53:51.076  2026  7782 W BroadcastQueue: Ignoring finishReceiverLocked; no active broadcast for BroadcastProcessQueue{2a64a2b 21402:com.lemon.lvoverseas/u0a343}
02-26 22:53:51.677  2026  3361 V AlarmManager: sending alarm Alarm{2e10564 type 3 origWhen 1124840000 whenElapsed 1124840000 android} uid 1000 whenElapsed 1124840000 windowLength 0 maxWhenElapsed 1124840000 repeatInterval 0 action null component null tag StatsCompanionService.periodic flags 0x9 procName system_server
02-26 22:53:52.732  2026  2151 W AppOpService: Ignored setUidMode call for runtime permission app op: uid = 10267, code = READ_CELL_BROADCASTS, mode = allow, callingUid = 1001, oldMode = allow
02-26 22:53:52.750  2026  2151 W AppOpService: Ignored setUidMode call for runtime permission app op: uid = 1001, code = READ_SMS, mode = allow, callingUid = 1001, oldMode = allow
02-26 22:53:52.751  2026  7782 W AppOpService: Ignored setUidMode call for runtime permission app op: uid = 1001, code = RECEIVE_SMS, mode = allow, callingUid = 1001, oldMode = allow
02-26 22:53:52.752  2026  7782 W AppOpService: Ignored setUidMode call for runtime permission app op: uid = 1001, code = RECEIVE_WAP_PUSH, mode = allow, callingUid = 1001, oldMode = allow
02-26 22:53:52.753  2026  7782 W AppOpService: Ignored setUidMode call for runtime permission app op: uid = 1001, code = SEND_SMS, mode = allow, callingUid = 1001, oldMode = allow
02-26 22:53:52.754  2026  7782 W AppOpService: Ignored setUidMode call for runtime permission app op: uid = 1001, code = READ_CELL_BROADCASTS, mode = allow, callingUid = 1001, oldMode = allow
02-26 22:53:54.607  2026  3924 I ActivityManager: Death received, pid = 18599, processName = com.google.android.googlequicksearchbox:search for thread android.os.BinderProxy@f571bfd
02-26 22:53:54.607  2026  3885 I ActivityManager: Process com.google.android.googlequicksearchbox:search (pid 18599) has died: cch+55 CEM 
02-26 22:53:56.442  2026  2844 D OplusDisplayBrightnessBroadcastReceiver: onReceive action = android.intent.action.BATTERY_CHANGED , listeners = [com.android.server.display.OplusFeatureHDREnhanceBrightness$PhoneInfoReceiver@d078a20, com.android.server.display.OplusFeatureEdrEnhanceBrightness$PhoneInfoReceiver@d0bbfd9]
02-26 22:53:57.398  2026  3924 I ActivityManager: Death received, pid = 21709, processName = com.heytap.mcs.appservice for thread android.os.BinderProxy@b0f1c20
02-26 22:53:57.399  2026  3898 I ActivityManager: Process com.heytap.mcs.appservice (pid 21709) has died: vis IMPF
02-26 22:53:57.401 32454 32454 I ActivityThread: Removing dead content provider:android.content.ContentProviderProxy@b3838cc
02-26 22:53:58.305  2026  2702 D CompatChangeReporter: Compat change id reported: 151861875; UID 10310; state: ENABLED
02-26 22:53:58.326  2026  2704 I ActivityManager: Start proc 22347:com.google.android.apps.chromecast.app/u0a310 for service {com.google.android.apps.chromecast.app/com.google.android.apps.chromecast.app.systemcontrol.HomeControlService}
02-26 22:53:58.387  2026  3822 D ActivityTaskManagerServiceExtImpl: preBindApplication record is null
02-26 22:53:58.398  2026  3590 D OplusSplitScreenManagerService: com.android.settings unSupportsSplitScreen by blockList or ForbidActivityList
02-26 22:53:58.399  2026  3590 D OplusSplitScreenManagerService: com.android.settings unSupportsSplitScreen by blockList or ForbidActivityList
02-26 22:53:58.567 22347 22347 D ResourcesManagerExtImpl: applyConfigurationToAppResourcesLocked app.getDisplayId() return callback.displayId:-1
02-26 22:53:58.854  2026  4114 I ActivityManager: Flag disabled. Ignoring finishAttachApplication from uid: 10310. pid: 22347
02-26 22:53:58.925  2026  4112 D CompatChangeReporter: Compat change id reported: 311402873; UID 10310; state: ENABLED
02-26 22:53:58.925  2026  4112 D CompatChangeReporter: Compat change id reported: 323349338; UID 10310; state: ENABLED
02-26 22:53:59.381  2026  3924 D CompatChangeReporter: Compat change id reported: 319212206; UID 10310; state: ENABLED
02-26 22:53:59.999  2026  3361 V AlarmManager: sending alarm Alarm{d99874a type 3 origWhen 1124848322 whenElapsed 1124848322 android} uid 1000 whenElapsed 1124848322 windowLength 0 maxWhenElapsed 1124848322 repeatInterval 0 action null component null tag TIME_TICK flags 0x9 procName system_server
02-26 22:54:00.021  2026  2844 D OplusDisplayBrightnessBroadcastReceiver: onReceive action = android.intent.action.TIME_TICK , listeners = [com.android.server.display.ambience.events.event.TimeEvent$TimeChangeReceiver@b6f442e]
02-26 22:54:00.021  2026  3361 V AlarmManager: sending alarm Alarm{30d2731 type 3 origWhen 1124848323 whenElapsed 1124848327 android} uid 1000 whenElapsed 1124848327 windowLength 0 maxWhenElapsed 1124848327 repeatInterval 0 action null component null tag TIME_TICK flags 0x9 procName system_server
02-26 22:54:00.037  2026  2844 D OplusDisplayBrightnessBroadcastReceiver: onReceive action = android.intent.action.TIME_TICK , listeners = [com.android.server.display.ambience.events.event.TimeEvent$TimeChangeReceiver@b6f442e]
02-26 22:54:00.147  2026  3361 V AlarmManager: sending alarm Alarm{fa46e8f type 2 origWhen 1124848470 whenElapsed 1124848470 android} uid 1000 whenElapsed 1124848470 windowLength 0 maxWhenElapsed 1124848470 repeatInterval 0 action com.android.server.audio.action.CHECK_MUSIC_ACTIVE component null flags 0x9 procName system_server
02-26 22:54:00.549  2026  2844 D Arc[OplusBrightnessSceneAdapter]: Arc scene change!!! NormalScene -> StableScene [erraticScore:-1, stableScore:5467] isLuxRefresh:false
02-26 22:54:00.559  2026  2844 D Arc[OplusBrightnessAmbientAdapter[StabilityProcess]]: updateRangeStrategy: reason[SceneChange ] baseLux:42.955, scene:StableScene large{14.653542, 189.96677} largeForAux{14.653542, 189.96677} small{21.040848, 64.869156} hbm{0.0, 20101.0}
02-26 22:54:01.600  2026  3554 D CompatChangeReporter: Compat change id reported: 297989574; UID 1000; state: ENABLED
02-26 22:54:02.334  2026  2844 D OplusDisplayBrightnessBroadcastReceiver: onReceive action = android.intent.action.BATTERY_CHANGED , listeners = [com.android.server.display.OplusFeatureHDREnhanceBrightness$PhoneInfoReceiver@d078a20, com.android.server.display.OplusFeatureEdrEnhanceBrightness$PhoneInfoReceiver@d0bbfd9]
02-26 22:54:02.948   714 21654 I keystore2: system/security/keystore2/watchdog/src/lib.rs:319 - Watchdog thread idle -> terminating. Have a great day.
02-26 22:54:04.917  2026  2702 I ActivityManager: Waited long enough for: ServiceRecord{cbaf6c7 u0 com.oplus.camera/.aps.service.ApsService c:com.oplus.camera}
02-26 22:54:07.467  2026  2844 D OplusDisplayBrightnessBroadcastReceiver: onReceive action = android.intent.action.BATTERY_CHANGED , listeners = [com.android.server.display.OplusFeatureHDREnhanceBrightness$PhoneInfoReceiver@d078a20, com.android.server.display.OplusFeatureEdrEnhanceBrightness$PhoneInfoReceiver@d0bbfd9]
02-26 22:54:13.344  2026  2844 D OplusDisplayBrightnessBroadcastReceiver: onReceive action = android.intent.action.BATTERY_CHANGED , listeners = [com.android.server.display.OplusFeatureHDREnhanceBrightness$PhoneInfoReceiver@d078a20, com.android.server.display.OplusFeatureEdrEnhanceBrightness$PhoneInfoReceiver@d0bbfd9]
02-26 22:54:16.394  2026  4112 W SettingsStatsUtil: Can not parse value to float: +network
02-26 22:54:18.465  2026  2844 D OplusDisplayBrightnessBroadcastReceiver: onReceive action = android.intent.action.BATTERY_CHANGED , listeners = [com.android.server.display.OplusFeatureHDREnhanceBrightness$PhoneInfoReceiver@d078a20, com.android.server.display.OplusFeatureEdrEnhanceBrightness$PhoneInfoReceiver@d0bbfd9]
02-26 22:54:18.943  2026  4107 D CompatChangeReporter: Compat change id reported: 311208629; UID 10121; state: ENABLED
02-26 22:54:24.372  2026  2715 D OplusThermalStats: REPORT_UPDATE_CPU  ->  phoneTemp:420  preHeatThreshold:400
02-26 22:54:24.376  2026  2844 D OplusDisplayBrightnessBroadcastReceiver: onReceive action = android.intent.action.BATTERY_CHANGED , listeners = [com.android.server.display.OplusFeatureHDREnhanceBrightness$PhoneInfoReceiver@d078a20, com.android.server.display.OplusFeatureEdrEnhanceBrightness$PhoneInfoReceiver@d0bbfd9]
02-26 22:54:24.448  2026  2713 D ProcessCpuTrackerExtImpl: mContext is already set, return now! 
02-26 22:54:30.095 20407 20407 I Quality : SlowSqliteOp:close,/data/user/0/com.google.android.gms/databases/phenotype.db,false,true,14
02-26 22:54:30.536  2026  2844 D OplusDisplayBrightnessBroadcastReceiver: onReceive action = android.intent.action.BATTERY_CHANGED , listeners = [com.android.server.display.OplusFeatureHDREnhanceBrightness$PhoneInfoReceiver@d078a20, com.android.server.display.OplusFeatureEdrEnhanceBrightness$PhoneInfoReceiver@d0bbfd9]
02-26 22:54:30.960  2026  3382 D PowerManagerService: userActivityNoUpdateLocked: groupId=0, eventTime=783306442, event=touch, flags=0x0, uid=1000
02-26 22:54:30.970  2026  2680 D OplusSplitScreenManagerService: com.android.settings unSupportsSplitScreen by blockList or ForbidActivityList
02-26 22:54:30.971  2026  2680 D OplusSplitScreenManagerService: com.android.settings unSupportsSplitScreen by blockList or ForbidActivityList
02-26 22:54:30.986  2026  2610 D WindowManager: request show transient bar, navigationBar already visible
02-26 22:54:31.005  2026  3382 D PowerManagerService: userActivityNoUpdateLocked: groupId=0, eventTime=783306543, event=touch, flags=0x0, uid=1000
02-26 22:54:31.057  2026  2680 D OplusSplitScreenManagerService: com.android.settings unSupportsSplitScreen by blockList or ForbidActivityList
02-26 22:54:31.057  2026  2680 D OplusSplitScreenManagerService: com.android.settings unSupportsSplitScreen by blockList or ForbidActivityList
02-26 22:54:31.059  2026  2680 D OplusSplitScreenManagerService: com.android.settings unSupportsSplitScreen by blockList or ForbidActivityList
02-26 22:54:31.059  2026  2680 D OplusSplitScreenManagerService: com.android.settings unSupportsSplitScreen by blockList or ForbidActivityList
02-26 22:54:31.142  3736  3838 V ShellRecents: RecentsTransitionHandler.startRecentsTransition
02-26 22:54:31.158  3736  3838 V WindowManagerShell: Directly starting a new transition type=3 wct=WindowContainerTransaction { changes = {} hops = [{PendingIntent: options=Bundle[mParcelledData.dataSize=648]}] errorCallbackToken=null taskFragmentOrganizer=null } handler=com.android.wm.shell.recents.RecentsTransitionHandler@9588d
02-26 22:54:31.175  2026  2026 D OplusFlexibleWindowMinimizedManagerHelper: onReceive, intent = android.intent.action.CLOSE_SYSTEM_DIALOGS reason:recentapps state:0
02-26 22:54:31.175  2026  4112 D FlexibleTaskController: hideZoomWindow flag = 12 ,caller = 3981
02-26 22:54:31.188  2026  3924 I OplusAccessController: enter isIgnoreAppSwitchActivity
02-26 22:54:31.188  2026  3924 I OplusAccessController: enter isIgnoreAppSwitchActivity and intent != null
02-26 22:54:31.188  2026  3924 I OplusAccessController: enter isIgnoreAppSwitchActivity and componentName != null
02-26 22:54:31.188  2026  3924 I OplusAccessController: enter isIgnoreAppSwitchActivity and packageName&activity is not Empty
02-26 22:54:31.189  2026  3924 D RefreshRate: boostRefreshId choose max:currentRefreshRate:90.0 targetRefreshRate:120.0 mCurrentPickRate:0.0
