02-27 20:58:08.509 26780 23512 D CustomLogManagerService: user experience toggle off
02-27 20:58:08.633  2026  3795 I Osense-PsiDetector: 1684,401,1930,7679,75,389,213,1234,1640,488,783,0,8,8166
02-27 20:58:08.634 14128 14497 I metis_v2_OsenseCallBack: memLevel: 2 [Metis|com.oplus.metis|1.4.54-aa2067f]
02-27 20:58:08.943  2026  3448 D WifiStaIfaceHidlImpl: getCachedScanData is not implemented by HIDL
02-27 20:58:08.960  4248  4248 D VendorWifiService: onEvent event:9,action:1
02-27 20:58:08.967  2026  3554 D OplusWifiPower_TriggerCenter: mComponentCallback: wifistat
02-27 20:58:09.002  1540  1753 D BatteryChargeControl: bcc get no support from charging protocol
02-27 20:58:09.043  1540  1756 D [ANTI_EXPANSION]: mKeyAntiExpansionData :1772214488,1772206409,0,0,0,0,14,21,0,54,1,1,7,25,29,29,0,33,33,37,3,13,8,7,24,25,0,17164,0.C=.L=106!!!
02-27 20:58:09.044  1540  1756 D [ANTI_EXPANSION]: chg_update_anti_expansion_check_thread In progress: [12,false] [1772215089,838755] [2,10],[0,0,17] 116
02-27 20:58:09.125  1535  4282 E PerformanceService: storage_feature: open /sys/devices/platform/soc/112b0000.ufshci//virtualtlcbuff fail
02-27 20:58:09.167  4130  4583 D CommonApp-271-10497: transport layer data is invalid
02-27 20:58:09.257 14128 14497 I metis_v2_OsenseCallBack: memLevel: 1 [Metis|com.oplus.metis|1.4.54-aa2067f]
02-27 20:58:09.678  2026  3795 I Osense-PsiDetector: 1684,401,1930,7679,75,389,213,1235,1640,488,783,0,8,8166
02-27 20:58:09.679 14128 14497 I metis_v2_OsenseCallBack: memLevel: 2 [Metis|com.oplus.metis|1.4.54-aa2067f]
02-27 20:58:10.005  1540  1753 D BatteryChargeControl: bcc get no support from charging protocol
02-27 20:58:10.057  1540  1717 D vendor.oplus.hardware.charger-V6-service: ret_value:127, read content:,373,361,3694,3694,-44,500,2200,12,12,1,4,-1,4931,12,1,0,1,1,0,0,4425,0,2,0,2,0,0,0,365,0,1,1,0,0,61,61,61,0,0,0,0,0,0,0,0,0,0
02-27 20:58:10.058  1540  1717 D vendor.oplus.hardware.charger-V6-service: gmtime: 2026-02-27-20-58-10
02-27 20:58:10.058  1540  1717 D vendor.oplus.hardware.charger-V6-service: usb_online:1, ac_online:0, wireless_online:-2147483648
02-27 20:58:10.191  4130  4583 D CommonApp-271-10497: transport layer data is invalid
02-27 20:58:10.301 14128 14497 I metis_v2_OsenseCallBack: memLevel: 1 [Metis|com.oplus.metis|1.4.54-aa2067f]
02-27 20:58:10.520  1510  8349 I QC2Comp : [vp9D_3966] Stats: Pending(3) i/p-done(0) Works: Q: 26/Done 25|Work-Rate: Q(0.0/s Avg=0.0/s) Done(0.000/s Avg=0.001/s)| Stream: 30.30fps 174.6Kbps
02-27 20:58:10.520  1510  8349 I QC2Comp : Mem-usage:  [In-1D - 5 bufs 14.941 MB] [1D-0 - 15 bufs 0.234 MB] [2D-3823 - 23 bufs 17.250 MB]
02-27 20:58:10.520  1510  8349 I QC2Comp : Total Mem-usage: 32.426 MB
02-27 20:58:10.720  2026  3795 I Osense-PsiDetector: 1684,401,1930,7679,75,389,213,1235,1640,488,783,0,8,8166
02-27 20:58:10.721 14128 14497 I metis_v2_OsenseCallBack: memLevel: 2 [Metis|com.oplus.metis|1.4.54-aa2067f]
02-27 20:58:11.007  1540  1753 D BatteryChargeControl: bcc get no support from charging protocol
02-27 20:58:11.216  4130  4583 D CommonApp-271-10497: transport layer data is invalid
02-27 20:58:11.348  1540  1540 D vendor.oplus.hardware.charger-V6-service: getChargerControl:sub_current=100
02-27 20:58:11.348  1540  1540 D vendor.oplus.hardware.charger-V6-service: sub_voltage=3800
02-27 20:58:11.348  1540  1540 D vendor.oplus.hardware.charger-V6-service: sub_soc=-1
02-27 20:58:11.348  1540  1540 D vendor.oplus.hardware.charger-V6-service: sub_temperature=250
02-27 20:58:11.348  1540  1540 D vendor.oplus.hardware.charger-V6-service: main_soc=12
02-27 20:58:11.725 14128 14497 I metis_v2_OsenseCallBack: memLevel: 0 [Metis|com.oplus.metis|1.4.54-aa2067f]
02-27 20:58:11.773  7270 29953 D ShellSubscriberWorkerThread: the first 8 bytes empty, and RestData length > 8 
02-27 20:58:11.963  2026  3448 D WifiStaIfaceHidlImpl: getCachedScanData is not implemented by HIDL
02-27 20:58:11.980  4248  4248 D VendorWifiService: onEvent event:9,action:1
02-27 20:58:11.987  2026  3554 D OplusWifiPower_TriggerCenter: mComponentCallback: wifistat
02-27 20:58:12.010  1540  1753 D BatteryChargeControl: bcc get no support from charging protocol
02-27 20:58:12.239  4130  4583 D CommonApp-271-10497: transport layer data is invalid
02-27 20:58:12.280  2026  3795 I Osense-PsiDetector: 1682,400,1930,7679,75,389,213,1235,1640,488,783,0,8,8164
02-27 20:58:12.281 14128 14497 I metis_v2_OsenseCallBack: memLevel: 2 [Metis|com.oplus.metis|1.4.54-aa2067f]
02-27 20:58:12.342  1540  1540 D vendor.oplus.hardware.charger-V6-service: get_ui_charge_icon_type 0 0 0 0 0
02-27 20:58:12.344  1540  1540 D vendor.oplus.hardware.charger-V6-service: oplus_chg_get_cpa_power 2500 charge_online 1 retention_topic 0
02-27 20:58:12.502  4130  4583 D CommonApp-271-10497: DefaultState EVENT_SCENARIOS_CHANGE
02-27 20:58:12.502  4130  4583 D CommonApp-271-10497: scene=COMMON pn=com.esiri.esiriplus
02-27 20:58:13.013  1540  1753 D BatteryChargeControl: bcc get no support from charging protocol
02-27 20:58:13.113 14128 14497 I metis_v2_OsenseCallBack: memLevel: 1 [Metis|com.oplus.metis|1.4.54-aa2067f]
02-27 20:58:13.264  4130  4583 D CommonApp-271-10497: transport layer data is invalid
02-27 20:58:13.289  1510 18624 I QC2Comp : [vp9D_3677] Stats: Pending(3) i/p-done(0) Works: Q: 26/Done 25|Work-Rate: Q(0.0/s Avg=0.0/s) Done(0.000/s Avg=0.000/s)| Stream: 25.00fps 328.6Kbps
02-27 20:58:13.289  1510 18624 I QC2Comp : Mem-usage:  [In-1D - 5 bufs 14.941 MB] [1D-0 - 15 bufs 0.234 MB] [2D-3534 - 23 bufs 51.750 MB]
02-27 20:58:13.289  1510 18624 I QC2Comp : Total Mem-usage: 66.926 MB
02-27 20:58:13.320  2026  3795 I Osense-PsiDetector: 1682,400,1929,7679,75,389,213,1234,1640,488,783,0,8,8164
02-27 20:58:13.321 14128 14497 I metis_v2_OsenseCallBack: memLevel: 2 [Metis|com.oplus.metis|1.4.54-aa2067f]
02-27 20:58:14.015  1540  1753 D BatteryChargeControl: bcc get no support from charging protocol
02-27 20:58:14.125  1535  4282 E PerformanceService: storage_feature: open /sys/devices/platform/soc/112b0000.ufshci//virtualtlcbuff fail
02-27 20:58:14.153 14128 14497 I metis_v2_OsenseCallBack: memLevel: 1 [Metis|com.oplus.metis|1.4.54-aa2067f]
02-27 20:58:14.287  4130  4583 D CommonApp-271-10497: transport layer data is invalid
02-27 20:58:14.361  2026  3795 I Osense-PsiDetector: 1683,400,1928,7679,75,389,213,1234,1640,488,783,0,8,8164
02-27 20:58:14.361 14128 14497 I metis_v2_OsenseCallBack: memLevel: 2 [Metis|com.oplus.metis|1.4.54-aa2067f]
02-27 20:58:14.609  2026  4174 I OplusHansManager : uid=10300, pkg=com.facebook.katana F enter(), M stay=10
02-27 20:58:14.636  2026  4174 I OplusHansManager : freeze uid: 10300 com.facebook.katana pids: [10619, 13629] IsolatedUid: [99175] scene: LcdOn
02-27 20:58:14.637  2026  4192 I OplusHansManager : p_BC uid=10300 pkg=com.facebook.katana
02-27 20:58:14.637  2026  4192 I OplusCameraManagerGlobal: reportAppFreeze E
02-27 20:58:14.638 10532 10537 D IHansComunication: HANS sendMessageToKernel: threadId = 526745844848, netLinkSetup = 1, type = PKG, targetUid = 10300, pkgCmd = ADD_ONE_UID
02-27 20:58:14.638  2026  4192 I OplusBinderProxy: proxyBinder uid: 10300 pkg: com.facebook.katana proxy: true calling: OFreezer
02-27 20:58:14.663   646   646 E lowmemorykiller: device memory 430998 free 102593 file 325685
02-27 20:58:14.993  2026  3448 D WifiStaIfaceHidlImpl: getCachedScanData is not implemented by HIDL
02-27 20:58:15.013  4248  4248 D VendorWifiService: onEvent event:9,action:1
02-27 20:58:15.018  1540  1753 D BatteryChargeControl: bcc get no support from charging protocol
02-27 20:58:15.022  2026  3554 D OplusWifiPower_TriggerCenter: mComponentCallback: wifistat
02-27 20:58:15.059  1540  1717 D vendor.oplus.hardware.charger-V6-service: ret_value:127, read content:,372,361,3694,3694,-38,500,2200,12,12,1,4,-1,4931,12,1,0,1,1,0,0,4425,0,2,0,2,0,0,0,365,0,1,1,0,0,61,61,61,0,0,0,0,0,0,0,0,0,0
02-27 20:58:15.059  1540  1717 D vendor.oplus.hardware.charger-V6-service: gmtime: 2026-02-27-20-58-15
02-27 20:58:15.059  1540  1717 D vendor.oplus.hardware.charger-V6-service: usb_online:1, ac_online:0, wireless_online:-2147483648
02-27 20:58:15.193 14128 14497 I metis_v2_OsenseCallBack: memLevel: 1 [Metis|com.oplus.metis|1.4.54-aa2067f]
02-27 20:58:15.201  7647 31827 D gaia-GaiaConnectChecker: start connect check++
02-27 20:58:15.213  7647 31760 D gaia-GaiaConnectChecker: start connect check++
02-27 20:58:15.311  4130  4583 D CommonApp-271-10497: transport layer data is invalid
02-27 20:58:15.401  2026  3795 I Osense-PsiDetector: 1683,400,1928,7679,75,389,213,1234,1641,488,784,0,8,8161
02-27 20:58:15.401 14128 14497 I metis_v2_OsenseCallBack: memLevel: 2 [Metis|com.oplus.metis|1.4.54-aa2067f]
02-27 20:58:15.520  1510  8349 I QC2Comp : [vp9D_3966] Stats: Pending(3) i/p-done(0) Works: Q: 26/Done 25|Work-Rate: Q(0.0/s Avg=0.0/s) Done(0.000/s Avg=0.001/s)| Stream: 30.30fps 174.6Kbps
02-27 20:58:15.520  1510  8349 I QC2Comp : Mem-usage:  [In-1D - 5 bufs 14.941 MB] [1D-0 - 15 bufs 0.234 MB] [2D-3823 - 23 bufs 17.250 MB]
02-27 20:58:15.520  1510  8349 I QC2Comp : Total Mem-usage: 32.426 MB
02-27 20:58:15.639 10532 10537 D IHansComunication: HANS sendMessageToKernel: threadId = 526745844848, netLinkSetup = 1, type = FROZEN_TRANS, targetUid = 10300, pkgCmd = PKG_CMD_MAX
02-27 20:58:15.968  9934  8347 I OplusFeedbackInfo: 0xb4000078a9acaf00 c2.qti.vp9.decoder codec[0xb40000786d867000] 640x360 inputFps=0 outputFps=0 renderFps=0, discardFps=0
02-27 20:58:16.020  1540  1753 D BatteryChargeControl: bcc get no support from charging protocol
02-27 20:58:16.229 14128 14497 I metis_v2_OsenseCallBack: memLevel: 1 [Metis|com.oplus.metis|1.4.54-aa2067f]
02-27 20:58:16.335  4130  4583 D CommonApp-271-10497: transport layer data is invalid
02-27 20:58:16.368  1540  1540 D vendor.oplus.hardware.charger-V6-service: getChargerControl:sub_current=100
02-27 20:58:16.368  1540  1540 D vendor.oplus.hardware.charger-V6-service: sub_voltage=3800
02-27 20:58:16.368  1540  1540 D vendor.oplus.hardware.charger-V6-service: sub_soc=-1
02-27 20:58:16.368  1540  1540 D vendor.oplus.hardware.charger-V6-service: sub_temperature=250
02-27 20:58:16.368  1540  1540 D vendor.oplus.hardware.charger-V6-service: main_soc=12
02-27 20:58:16.388  3978 25348 D IpClient/wlan0: interfaceLinkStateChanged: ifindex 27 up
02-27 20:58:16.437  2026  3795 I Osense-PsiDetector: 1683,400,1928,7679,75,389,213,1234,1641,488,784,0,8,8161
02-27 20:58:16.437 14128 14497 I metis_v2_OsenseCallBack: memLevel: 2 [Metis|com.oplus.metis|1.4.54-aa2067f]
02-27 20:58:16.638   646   646 E lowmemorykiller: device memory 431080 free 102276 file 326084
02-27 20:58:17.023  1540  1753 D BatteryChargeControl: bcc get no support from charging protocol
02-27 20:58:17.080  3736  3736 D OplusPrivacyDotViewController: scheduleUpdate: 
02-27 20:58:17.081  3736  4019 D OplusPrivacyDotViewController: processNextViewState: 
02-27 20:58:17.082  3736  4019 D OplusPrivacyDotViewController: resolveState ViewState(systemPrivacyEventIsActive=false, shadeExpanded=false, needShow=true, rtl=false, rotation=0, height=12, x=43, y=56, cornerIndex=1, designatedCorner=android.widget.FrameLayout{e2d8ba8 G.E...... ......I. 0,0-12,12 #7f0a05b9 app:id/icons_container alpha=0.0 viewInfo = }, contentDescription=null, chipAnimationStart=false, preDraw=false) shouldShowDot false
02-27 20:58:17.082  3736  4019 W SystemUi--Common: OplusSysUiSchedMgr-->schedForPrivacyIconShowing not showing, no need release
02-27 20:58:17.250   646   646 E lowmemorykiller: device memory 431044 free 102221 file 326103
02-27 20:58:17.265 14128 14497 I metis_v2_OsenseCallBack: memLevel: 1 [Metis|com.oplus.metis|1.4.54-aa2067f]
02-27 20:58:17.298 14612 15408 I Supabase-Realtime: Heartbeat received
02-27 20:58:17.360  4130  4583 D CommonApp-271-10497: commonScoreStrategy scenarios low package
02-27 20:58:17.477  2026  3795 I Osense-PsiDetector: 1683,399,1929,7679,75,389,213,1235,1642,488,785,0,8,8161
02-27 20:58:17.477 14128 14497 I metis_v2_OsenseCallBack: memLevel: 2 [Metis|com.oplus.metis|1.4.54-aa2067f]
02-27 20:58:17.862  1605  1605 I OplusPerfCount: The num of client composition of  in last 60014 ms is: 11
02-27 20:58:17.862  1605  1605 I OplusPerfCount: The num of blur fliter in last 60014 ms is: 33
02-27 20:58:17.863  1605  1605 I OplusPerfCount: The layer number in last 60014ms is: 6 layer, 22 time, 
02-27 20:58:18.023  2026  3448 D WifiStaIfaceHidlImpl: getCachedScanData is not implemented by HIDL
02-27 20:58:18.025  1540  1753 D BatteryChargeControl: bcc get no support from charging protocol
02-27 20:58:18.043  4248  4248 D VendorWifiService: onEvent event:9,action:1
02-27 20:58:18.051  2026  3554 D OplusWifiPower_TriggerCenter: mComponentCallback: wifistat
02-27 20:58:18.291  1510 18624 I QC2Comp : [vp9D_3677] Stats: Pending(3) i/p-done(0) Works: Q: 26/Done 25|Work-Rate: Q(0.0/s Avg=0.0/s) Done(0.000/s Avg=0.000/s)| Stream: 25.00fps 328.6Kbps
02-27 20:58:18.291  1510 18624 I QC2Comp : Mem-usage:  [In-1D - 5 bufs 14.941 MB] [1D-0 - 15 bufs 0.234 MB] [2D-3534 - 23 bufs 51.750 MB]
02-27 20:58:18.291  1510 18624 I QC2Comp : Total Mem-usage: 66.926 MB
02-27 20:58:18.309 14128 14497 I metis_v2_OsenseCallBack: memLevel: 1 [Metis|com.oplus.metis|1.4.54-aa2067f]
02-27 20:58:18.383  4130  4583 D CommonApp-271-10497: transport layer data is invalid
02-27 20:58:18.485  1540  1540 D vendor.oplus.hardware.charger-V6-service: get_ui_charge_icon_type 0 0 0 0 0
02-27 20:58:18.488  1540  1540 D vendor.oplus.hardware.charger-V6-service: oplus_chg_get_cpa_power 2500 charge_online 1 retention_topic 0
02-27 20:58:18.497  3736  3736 I SystemUi--Statusbar: BatteryControllerExt-->updateBatteryChangeIntent():broadcast=android.intent.action.BATTERY_CHANGED,level=12,scale=100
02-27 20:58:18.497  3736  3736 I SystemUi--Statusbar: BatteryRepository-->level: 12 -- isSavingMode: false
02-27 20:58:18.511  4248  4248 D SubsysBroadcastManager: onReceive action:android.intent.action.BATTERY_CHANGED
02-27 20:58:18.512  2026  3795 I Osense-PsiDetector: 1683,398,1929,7679,75,389,213,1235,1642,488,785,0,8,8161
02-27 20:58:18.513  2026  2844 D OplusDisplayBrightnessBroadcastReceiver: onReceive action = android.intent.action.BATTERY_CHANGED , listeners = [com.android.server.display.OplusFeatureHDREnhanceBrightness$PhoneInfoReceiver@d078a20, com.android.server.display.OplusFeatureEdrEnhanceBrightness$PhoneInfoReceiver@d0bbfd9]
02-27 20:58:18.513 14128 14497 I metis_v2_OsenseCallBack: memLevel: 2 [Metis|com.oplus.metis|1.4.54-aa2067f]
02-27 20:58:18.517 26084 26084 D DeviceStatisticsService: onReceive: action= android.intent.action.BATTERY_CHANGED
02-27 20:58:18.526  7792  9430 E Battery : ChargeProtectionUtils: mCanlendarTmp.isEmpty()!
02-27 20:58:18.527 26780 26780 D CustomLogManagerService: onReceive android.intent.action.BATTERY_CHANGED
02-27 20:58:18.549  1540  1540 D vendor.oplus.hardware.charger-V6-service: getChargerControl:sub_current=100
02-27 20:58:18.549  1540  1540 D vendor.oplus.hardware.charger-V6-service: sub_voltage=3800
02-27 20:58:18.549  1540  1540 D vendor.oplus.hardware.charger-V6-service: sub_soc=-1
02-27 20:58:18.549  1540  1540 D vendor.oplus.hardware.charger-V6-service: sub_temperature=250
02-27 20:58:18.549  1540  1540 D vendor.oplus.hardware.charger-V6-service: main_soc=12
02-27 20:58:18.636  7270 19649 E MIDASApplication: MIDASPullAtomManager: onPullAtom 150122
02-27 20:58:18.640  1540  1540 D vendor.oplus.hardware.charger-V6-service: get_ui_charge_icon_type 0 0 0 0 0
02-27 20:58:18.643  1540  1540 D vendor.oplus.hardware.charger-V6-service: oplus_chg_get_cpa_power 2500 charge_online 1 retention_topic 0
02-27 20:58:18.686  2026  4233 W Settings: Setting notification_bubbles has moved from android.provider.Settings.Global to android.provider.Settings.Secure, returning read-only value.
02-27 20:58:18.687  2026  4233 W Settings: Setting apply_ramping_ringer has moved from android.provider.Settings.Global to android.provider.Settings.System, returning read-only value.
02-27 20:58:18.699  2026  4233 W SettingsStatsUtil: Can not parse value to float: +network
02-27 20:58:19.029  1540  1753 D BatteryChargeControl: bcc get no support from charging protocol
02-27 20:58:19.118   646   646 E lowmemorykiller: device memory 430858 free 101961 file 326177
02-27 20:58:19.125  1535  4282 E PerformanceService: storage_feature: open /sys/devices/platform/soc/112b0000.ufshci//virtualtlcbuff fail
02-27 20:58:19.345 14128 14497 I metis_v2_OsenseCallBack: memLevel: 1 [Metis|com.oplus.metis|1.4.54-aa2067f]
02-27 20:58:19.408  4130  4583 D CommonApp-271-10497: transport layer data is invalid
02-27 20:58:19.513  4130  4583 D CommonApp-271-10497: DefaultState EVENT_SCENARIOS_CHANGE
02-27 20:58:19.513  4130  4583 D CommonApp-271-10497: scene=COMMON pn=com.esiri.esiriplus
02-27 20:58:19.553  2026  3795 I Osense-PsiDetector: 1682,397,1929,7679,75,389,213,1236,1643,488,785,0,8,8161
02-27 20:58:19.553 14128 14497 I metis_v2_OsenseCallBack: memLevel: 2 [Metis|com.oplus.metis|1.4.54-aa2067f]
02-27 20:58:19.935  2026  3584 D OplusNetKit: in getLpByInterface name from LP: [wlan0]
02-27 20:58:19.973  2026  3584 D OplusNetRttKit: getIcmpEchoRtt addr:192.168.1.*** avgRtt: 9
02-27 20:58:20.032  1540  1753 D BatteryChargeControl: bcc get no support from charging protocol
02-27 20:58:20.060  1540  1717 D vendor.oplus.hardware.charger-V6-service: ret_value:127, read content:,372,361,3697,3697,-55,500,2200,12,12,1,4,-1,4931,12,1,0,1,1,0,0,4425,0,2,0,2,0,0,0,365,0,1,1,0,0,61,61,61,0,0,0,0,0,0,0,0,0,0
02-27 20:58:20.061  1540  1717 D vendor.oplus.hardware.charger-V6-service: gmtime: 2026-02-27-20-58-20
02-27 20:58:20.061  1540  1717 D vendor.oplus.hardware.charger-V6-service: usb_online:1, ac_online:0, wireless_online:-2147483648
02-27 20:58:20.381 14128 14497 I metis_v2_OsenseCallBack: memLevel: 1 [Metis|com.oplus.metis|1.4.54-aa2067f]
02-27 20:58:20.432  4130  4583 D CommonApp-271-10497: transport layer data is invalid
02-27 20:58:20.521  1510  8349 I QC2Comp : [vp9D_3966] Stats: Pending(3) i/p-done(0) Works: Q: 26/Done 25|Work-Rate: Q(0.0/s Avg=0.0/s) Done(0.000/s Avg=0.001/s)| Stream: 30.30fps 174.6Kbps
02-27 20:58:20.521  1510  8349 I QC2Comp : Mem-usage:  [In-1D - 5 bufs 14.941 MB] [1D-0 - 15 bufs 0.234 MB] [2D-3823 - 23 bufs 17.250 MB]
02-27 20:58:20.521  1510  8349 I QC2Comp : Total Mem-usage: 32.426 MB
02-27 20:58:20.530 26780 23512 D CustomLogManagerService: WorkHandler msg.what :5
02-27 20:58:20.530 26780 23512 D CustomLogManagerService: user experience toggle off
02-27 20:58:20.585  2026  3795 I Osense-PsiDetector: 1682,397,1929,7679,75,389,213,1236,1643,488,785,0,8,8161
02-27 20:58:20.585 14128 14497 I metis_v2_OsenseCallBack: memLevel: 2 [Metis|com.oplus.metis|1.4.54-aa2067f]
02-27 20:58:21.037  1540  1753 D BatteryChargeControl: bcc get no support from charging protocol
02-27 20:58:21.055  2026  3448 D WifiStaIfaceHidlImpl: getCachedScanData is not implemented by HIDL
02-27 20:58:21.076  4248  4248 D VendorWifiService: onEvent event:9,action:1
02-27 20:58:21.083  2026  3554 D OplusWifiPower_TriggerCenter: mComponentCallback: wifistat
02-27 20:58:21.391  1540  1540 D vendor.oplus.hardware.charger-V6-service: getChargerControl:sub_current=100
02-27 20:58:21.391  1540  1540 D vendor.oplus.hardware.charger-V6-service: sub_voltage=3800
02-27 20:58:21.391  1540  1540 D vendor.oplus.hardware.charger-V6-service: sub_soc=-1
02-27 20:58:21.391  1540  1540 D vendor.oplus.hardware.charger-V6-service: sub_temperature=250
02-27 20:58:21.391  1540  1540 D vendor.oplus.hardware.charger-V6-service: main_soc=12
02-27 20:58:21.413 14128 14497 I metis_v2_OsenseCallBack: memLevel: 1 [Metis|com.oplus.metis|1.4.54-aa2067f]
02-27 20:58:21.457  4130  4583 D CommonApp-271-10497: transport layer data is invalid
02-27 20:58:21.621  2026  3795 I Osense-PsiDetector: 1681,397,1929,7679,75,389,213,1236,1642,488,785,0,8,8161
02-27 20:58:21.622 14128 14497 I metis_v2_OsenseCallBack: memLevel: 2 [Metis|com.oplus.metis|1.4.54-aa2067f]
02-27 20:58:22.040  1540  1753 D BatteryChargeControl: bcc get no support from charging protocol
02-27 20:58:22.453 14128 14497 I metis_v2_OsenseCallBack: memLevel: 1 [Metis|com.oplus.metis|1.4.54-aa2067f]
02-27 20:58:22.479  4130  4583 D CommonApp-271-10497: transport layer data is invalid
02-27 20:58:22.662 14128 14497 I metis_v2_OsenseCallBack: memLevel: 2 [Metis|com.oplus.metis|1.4.54-aa2067f]
02-27 20:58:22.661  2026  3795 I Osense-PsiDetector: 1681,397,1928,7679,75,389,213,1235,1642,488,785,0,8,8161
02-27 20:58:23.042  1540  1753 D BatteryChargeControl: bcc get no support from charging protocol
02-27 20:58:23.207  1483  1483 I android.hardware.thermal@2.0-service.qti: Sensor Name:skintemp: 38.645. prev severity:0. cur severity:3 New severity:3
02-27 20:58:23.217  1483  1483 I android.hardware.thermal@2.0-service.qti: Sensor Name:skintemp: 38.645. prev severity:0. cur severity:3 New severity:3
02-27 20:58:23.226  1483  1483 I android.hardware.thermal@2.0-service.qti: Sensor Name:skintemp: 38.645. prev severity:0. cur severity:3 New severity:3
02-27 20:58:23.236  1483  1483 I android.hardware.thermal@2.0-service.qti: Sensor Name:skintemp: 38.645. prev severity:0. cur severity:3 New severity:3
02-27 20:58:23.239  5236  5396 I midasd  : OplusObrainService::notifyEventInt eventId:21 iParam:0
02-27 20:58:23.242  7270 19649 I OplusObrain: OplusObrainClientInvoke.nativeGetTelephonyInfo
02-27 20:58:23.247  7270 19649 I OplusObrain: OplusObrainClientInvoke.nativeGetTrafficTypeInfoForNetworkType networkType 0
02-27 20:58:23.248  2026  3235 D KernelStatsHelper: getKernelStats start!
02-27 20:58:23.249  5236 13430 E midasd  : Read file /sys/class/power_supply/usb/current_now failed.(No data available)
02-27 20:58:23.252  2026  3531 D OplusNetlinkSocket: handleNetlinkRecvKernelMessage:nlmsghdr:StructNlMsgHdr{ nlmsg_len{3004}, nlmsg_type{33()}, nlmsg_flags{0()}, nlmsg_seq{0}, nlmsg_pid{132779467} }
02-27 20:58:23.252  2026  3531 D KernelStatsHelper: get magic :[-1, -1, -1, 77, 65, 71, 73, 67]
02-27 20:58:23.252  2026  3531 D KernelStatsHelper: magic matched count:441 data_len:22932
02-27 20:58:23.252  2026  3531 D OplusNetlinkSocket: handleNetlinkRecvKernelMessage:nlmsghdr:StructNlMsgHdr{ nlmsg_len{2988}, nlmsg_type{33()}, nlmsg_flags{0()}, nlmsg_seq{0}, nlmsg_pid{132779467} }
02-27 20:58:23.253  2026  3531 D OplusNetlinkSocket: handleNetlinkRecvKernelMessage:nlmsghdr:StructNlMsgHdr{ nlmsg_len{2988}, nlmsg_type{33()}, nlmsg_flags{0()}, nlmsg_seq{0}, nlmsg_pid{132779467} }
02-27 20:58:23.253  2026  3531 D OplusNetlinkSocket: handleNetlinkRecvKernelMessage:nlmsghdr:StructNlMsgHdr{ nlmsg_len{2988}, nlmsg_type{33()}, nlmsg_flags{0()}, nlmsg_seq{0}, nlmsg_pid{132779467} }
02-27 20:58:23.253  2026  3531 D OplusNetlinkSocket: handleNetlinkRecvKernelMessage:nlmsghdr:StructNlMsgHdr{ nlmsg_len{2988}, nlmsg_type{33()}, nlmsg_flags{0()}, nlmsg_seq{0}, nlmsg_pid{132779467} }
02-27 20:58:23.253  2026  3531 D OplusNetlinkSocket: handleNetlinkRecvKernelMessage:nlmsghdr:StructNlMsgHdr{ nlmsg_len{2988}, nlmsg_type{33()}, nlmsg_flags{0()}, nlmsg_seq{0}, nlmsg_pid{132779467} }
02-27 20:58:23.254  2026  3531 D OplusNetlinkSocket: handleNetlinkRecvKernelMessage:nlmsghdr:StructNlMsgHdr{ nlmsg_len{2988}, nlmsg_type{33()}, nlmsg_flags{0()}, nlmsg_seq{0}, nlmsg_pid{132779467} }
02-27 20:58:23.254  2026  3531 D OplusNetlinkSocket: handleNetlinkRecvKernelMessage:nlmsghdr:StructNlMsgHdr{ nlmsg_len{2208}, nlmsg_type{33()}, nlmsg_flags{0()}, nlmsg_seq{0}, nlmsg_pid{132779467} }
02-27 20:58:23.254  2026  3531 D KernelStatsHelper: data over! check: true
02-27 20:58:23.291  1510 18624 I QC2Comp : [vp9D_3677] Stats: Pending(3) i/p-done(0) Works: Q: 26/Done 25|Work-Rate: Q(0.0/s Avg=0.0/s) Done(0.000/s Avg=0.000/s)| Stream: 25.00fps 328.6Kbps
02-27 20:58:23.291  1510 18624 I QC2Comp : Mem-usage:  [In-1D - 5 bufs 14.941 MB] [1D-0 - 15 bufs 0.234 MB] [2D-3534 - 23 bufs 51.750 MB]
02-27 20:58:23.291  1510 18624 I QC2Comp : Total Mem-usage: 66.926 MB
02-27 20:58:23.491 14128 14497 I metis_v2_OsenseCallBack: memLevel: 1 [Metis|com.oplus.metis|1.4.54-aa2067f]
02-27 20:58:23.504  4130  4583 D CommonApp-271-10497: transport layer data is invalid
02-27 20:58:23.698  2026  3795 I Osense-PsiDetector: 1681,396,1928,7679,75,389,213,1237,1642,488,785,0,8,8161
02-27 20:58:23.698 14128 14497 I metis_v2_OsenseCallBack: memLevel: 2 [Metis|com.oplus.metis|1.4.54-aa2067f]
02-27 20:58:24.045  1540  1753 D BatteryChargeControl: bcc get no support from charging protocol
02-27 20:58:24.087  2026  3448 D WifiStaIfaceHidlImpl: getCachedScanData is not implemented by HIDL
02-27 20:58:24.103  4248  4248 D VendorWifiService: onEvent event:9,action:1
02-27 20:58:24.111  2026  3554 D OplusWifiPower_TriggerCenter: mComponentCallback: wifistat
02-27 20:58:24.125  1535  4282 E PerformanceService: storage_feature: open /sys/devices/platform/soc/112b0000.ufshci//virtualtlcbuff fail
02-27 20:58:24.374  1540  1540 D vendor.oplus.hardware.charger-V6-service: get_ui_charge_icon_type 0 0 0 0 0
02-27 20:58:24.377  1540  1540 D vendor.oplus.hardware.charger-V6-service: oplus_chg_get_cpa_power 2500 charge_online 1 retention_topic 0
02-27 20:58:24.393  3736  3736 I SystemUi--Statusbar: BatteryControllerExt-->updateBatteryChangeIntent():broadcast=android.intent.action.BATTERY_CHANGED,level=12,scale=100
02-27 20:58:24.393  3736  3736 I SystemUi--Statusbar: BatteryRepository-->level: 12 -- isSavingMode: false
02-27 20:58:24.395  2026  2844 D OplusDisplayBrightnessBroadcastReceiver: onReceive action = android.intent.action.BATTERY_CHANGED , listeners = [com.android.server.display.OplusFeatureHDREnhanceBrightness$PhoneInfoReceiver@d078a20, com.android.server.display.OplusFeatureEdrEnhanceBrightness$PhoneInfoReceiver@d0bbfd9]
02-27 20:58:24.397  4248  4248 D SubsysBroadcastManager: onReceive action:android.intent.action.BATTERY_CHANGED
02-27 20:58:24.402 26084 26084 D DeviceStatisticsService: onReceive: action= android.intent.action.BATTERY_CHANGED
02-27 20:58:24.408 26780 26780 D CustomLogManagerService: onReceive android.intent.action.BATTERY_CHANGED
02-27 20:58:24.408  7792  9430 E Battery : ChargeProtectionUtils: mCanlendarTmp.isEmpty()!
02-27 20:58:24.433  1540  1540 D vendor.oplus.hardware.charger-V6-service: getChargerControl:sub_current=100
02-27 20:58:24.433  1540  1540 D vendor.oplus.hardware.charger-V6-service: sub_voltage=3800
02-27 20:58:24.433  1540  1540 D vendor.oplus.hardware.charger-V6-service: sub_soc=-1
02-27 20:58:24.433  1540  1540 D vendor.oplus.hardware.charger-V6-service: sub_temperature=250
02-27 20:58:24.433  1540  1540 D vendor.oplus.hardware.charger-V6-service: main_soc=12
02-27 20:58:24.525 14128 14497 I metis_v2_OsenseCallBack: memLevel: 1 [Metis|com.oplus.metis|1.4.54-aa2067f]
02-27 20:58:24.527  4130  4583 D CommonApp-271-10497: transport layer data is invalid
02-27 20:58:24.734  2026  3795 I Osense-PsiDetector: 1680,396,1930,7679,75,389,213,1238,1643,488,785,0,8,8161
02-27 20:58:24.735 14128 14497 I metis_v2_OsenseCallBack: memLevel: 2 [Metis|com.oplus.metis|1.4.54-aa2067f]
02-27 20:58:25.048  1540  1753 D BatteryChargeControl: bcc get no support from charging protocol
02-27 20:58:25.063  1540  1717 D vendor.oplus.hardware.charger-V6-service: ret_value:127, read content:,372,361,3698,3698,-69,500,2200,12,12,1,4,-1,4931,12,1,0,1,1,0,0,4425,0,2,0,2,0,0,0,365,0,1,1,0,0,61,61,61,0,0,0,0,0,0,0,0,0,0
02-27 20:58:25.063  1540  1717 D vendor.oplus.hardware.charger-V6-service: gmtime: 2026-02-27-20-58-25
02-27 20:58:25.063  1540  1717 D vendor.oplus.hardware.charger-V6-service: usb_online:1, ac_online:0, wireless_online:-2147483648
02-27 20:58:25.201  7647 31827 D gaia-GaiaConnectChecker: start connect check++
02-27 20:58:25.214  7647 31760 D gaia-GaiaConnectChecker: start connect check++
02-27 20:58:25.522  1510  8349 I QC2Comp : [vp9D_3966] Stats: Pending(3) i/p-done(0) Works: Q: 26/Done 25|Work-Rate: Q(0.0/s Avg=0.0/s) Done(0.000/s Avg=0.001/s)| Stream: 30.30fps 174.6Kbps
02-27 20:58:25.522  1510  8349 I QC2Comp : Mem-usage:  [In-1D - 5 bufs 14.941 MB] [1D-0 - 15 bufs 0.234 MB] [2D-3823 - 23 bufs 17.250 MB]
02-27 20:58:25.522  1510  8349 I QC2Comp : Total Mem-usage: 32.426 MB
02-27 20:58:25.551  4130  4583 D CommonApp-271-10497: transport layer data is invalid
02-27 20:58:25.565 14128 14497 I metis_v2_OsenseCallBack: memLevel: 1 [Metis|com.oplus.metis|1.4.54-aa2067f]
02-27 20:58:25.772  2026  3795 I Osense-PsiDetector: 1680,396,1930,7679,75,389,213,1238,1642,488,785,0,8,8161
02-27 20:58:25.773 14128 14497 I metis_v2_OsenseCallBack: memLevel: 2 [Metis|com.oplus.metis|1.4.54-aa2067f]
02-27 20:58:26.050  1540  1753 D BatteryChargeControl: bcc get no support from charging protocol
02-27 20:58:26.295 20407 20562 W Settings: Setting airplane_mode_on has moved from android.provider.Settings.System to android.provider.Settings.Global, returning read-only value.
02-27 20:58:26.309 20407 15838 W SystemServiceRegistry: No service published for: wifirtt
02-27 20:58:26.314  2217  2217 W wificond: Failed to get NL80211_ATTR_MAX_NUM_AKM_SUITES
02-27 20:58:26.316  2217  2217 W wificond: Failed to get NL80211_ATTR_MAX_NUM_AKM_SUITES
02-27 20:58:26.319  2217  2217 W wificond: Failed to get NL80211_ATTR_MAX_NUM_AKM_SUITES
02-27 20:58:26.322  4248  4248 D SubsysEventListenerManager-SubsysTelephonyCallback[0]: onCellInfoChanged
02-27 20:58:26.324  4074  4074 W Settings: Setting airplane_mode_on has moved from android.provider.Settings.System to android.provider.Settings.Global, returning read-only value.
02-27 20:58:26.327  1317  1363 I statsd  : An anomaly (103940000001) (39)0x2018001->10116[I] (39)0x20000->1[I]  has occurred! Informing subscribers.
02-27 20:58:26.411 26780 23512 D CustomLogManagerService: WorkHandler msg.what :5
02-27 20:58:26.411 26780 23512 D CustomLogManagerService: user experience toggle off
02-27 20:58:26.412  1540  1540 D vendor.oplus.hardware.charger-V6-service: getChargerControl:sub_current=100
02-27 20:58:26.412  1540  1540 D vendor.oplus.hardware.charger-V6-service: sub_voltage=3800
02-27 20:58:26.412  1540  1540 D vendor.oplus.hardware.charger-V6-service: sub_soc=-1
02-27 20:58:26.412  1540  1540 D vendor.oplus.hardware.charger-V6-service: sub_temperature=250
02-27 20:58:26.412  1540  1540 D vendor.oplus.hardware.charger-V6-service: main_soc=12
02-27 20:58:26.520  4130  4583 D CommonApp-271-10497: DefaultState EVENT_SCENARIOS_CHANGE
02-27 20:58:26.520  4130  4583 D CommonApp-271-10497: scene=COMMON pn=com.esiri.esiriplus
02-27 20:58:26.575  4130  4583 D CommonApp-271-10497: transport layer data is invalid
02-27 20:58:26.604 14128 14497 I metis_v2_OsenseCallBack: memLevel: 1 [Metis|com.oplus.metis|1.4.54-aa2067f]
02-27 20:58:26.777  7270 29953 D ShellSubscriberWorkerThread: the first 8 bytes empty, and RestData length > 8 
02-27 20:58:26.812  2026  3795 I Osense-PsiDetector: 1679,394,1932,7679,75,389,213,1240,1643,488,785,0,8,8161
02-27 20:58:26.813 14128 14497 I metis_v2_OsenseCallBack: memLevel: 2 [Metis|com.oplus.metis|1.4.54-aa2067f]
02-27 20:58:27.052  1540  1753 D BatteryChargeControl: bcc get no support from charging protocol
02-27 20:58:27.108  2026  3448 D WifiStaIfaceHidlImpl: getCachedScanData is not implemented by HIDL
02-27 20:58:27.121  4248  4248 D VendorWifiService: onEvent event:9,action:1
02-27 20:58:27.127  2026  3554 D OplusWifiPower_TriggerCenter: mComponentCallback: wifistat
02-27 20:58:27.599  4130  4583 D CommonApp-271-10497: transport layer data is invalid
02-27 20:58:27.644 14128 14497 I metis_v2_OsenseCallBack: memLevel: 1 [Metis|com.oplus.metis|1.4.54-aa2067f]
02-27 20:58:27.848  2026  3795 I Osense-PsiDetector: 1679,394,1932,7679,75,389,213,1240,1643,488,785,0,8,8161
02-27 20:58:27.848 14128 14497 I metis_v2_OsenseCallBack: memLevel: 2 [Metis|com.oplus.metis|1.4.54-aa2067f]
02-27 20:58:28.055  1540  1753 D BatteryChargeControl: bcc get no support from charging protocol
02-27 20:58:28.085  2026  4107 D WifiNl80211Manager: Scan result ready event
02-27 20:58:28.085  2026  4107 D WifiNative: Scan result ready event
02-27 20:58:28.096 20407 20428 I WifiScanner: onFullResults
02-27 20:58:28.098 20407 20951 I WifiScanner: onFullResults
02-27 20:58:28.099 20407 23184 I WifiScanner: onFullResults
02-27 20:58:28.107  1317  1363 I statsd  : An anomaly (103940000001) (39)0x2018001->10116[I] (39)0x20000->0[I]  has occurred! Informing subscribers.
02-27 20:58:28.113  4248  4248 D SubsysBroadcastManager: onReceive action:android.net.wifi.SCAN_RESULTS
02-27 20:58:28.115  4248  6466 D SubsysEventListenerManager: onScanResultsAvailable
02-27 20:58:28.130  2026  3448 D WifiStaIfaceHidlImpl: getCachedScanData is not implemented by HIDL
02-27 20:58:28.135  2026  3448 I HalDevMgr: bestIfaceCreationProposal is null, requestIface=STA, existingIface=[name=wlan0 type=STA]
02-27 20:58:28.136  2026  3554 D OplusWifiResidenceRecognition: onScanResultsAvailable
02-27 20:58:28.137  2026  3554 D WiFiHardWareMonitor ScanresultsCollector: rssiFailCheckAndNotify  diff = 2392955 now=1772215108136 latestSendTime=1772212715181 statisticsInterval=7200000
02-27 20:58:28.137  4130  4511 D WifiScanResultEvent: None scanResults or savedConfigList.
02-27 20:58:28.141  2026  3554 E NW_ReflectUtils: failed to get throughput : java.lang.NoSuchMethodError: No interface method getDeviceWiphyCapabilities()Landroid/net/wifi/nl80211/DeviceWiphyCapabilities; in class Lcom/android/server/wifi/ClientModeManager; or its super classes (declaration of 'com.android.server.wifi.ClientModeManager' appears in /apex/com.android.wifi/javalib/service-wifi.jar)
02-27 20:58:28.149  3736  3960 I WifiPickerTracker: wifi connected status realConnectedWifiEntry not null: true
02-27 20:58:28.151  2026  3554 D OplusP2pCallerMonitor: Scan trigger by cn.xender
02-27 20:58:28.203 20407 15838 I FrewleTileCacheManagerV: (REDACTED) Fetched %d AP models from cache
02-27 20:58:28.207 20407 15838 I FrewleTileCacheManagerV: (REDACTED) Fetched %d AP models from cache
02-27 20:58:28.208 20407 15838 I FrewleTileCacheManagerV: (REDACTED) Fetched %d AP models from cache
02-27 20:58:28.210 20407 15838 I FrewleTileCacheManagerV: (REDACTED) Fetched %d AP models from cache
02-27 20:58:28.212 20407 15838 I FrewleTileCacheManagerV: (REDACTED) Fetched %d AP models from cache
02-27 20:58:28.227   646   646 E lowmemorykiller: device memory 429173 free 98706 file 327762
02-27 20:58:28.285  2026  4235 E LocationManagerService: non-monotonic location received from network provider
02-27 20:58:28.285  2026  4235 I LocationManagerService: incoming location from: network
02-27 20:58:28.286  2026  4235 I LocationManagerService: incoming location from: network
02-27 20:58:28.292  1510 18624 I QC2Comp : [vp9D_3677] Stats: Pending(3) i/p-done(0) Works: Q: 26/Done 25|Work-Rate: Q(0.0/s Avg=0.0/s) Done(0.000/s Avg=0.000/s)| Stream: 25.00fps 328.6Kbps
02-27 20:58:28.292  1510 18624 I QC2Comp : Mem-usage:  [In-1D - 5 bufs 14.941 MB] [1D-0 - 15 bufs 0.234 MB] [2D-3534 - 23 bufs 51.750 MB]
02-27 20:58:28.292  1510 18624 I QC2Comp : Total Mem-usage: 66.926 MB
02-27 20:58:28.313 20407 20623 I FusedLocation: (REDACTED) location delivery to %s blocked - too fast
02-27 20:58:28.314 20407 20623 I FusedLocation: (REDACTED) location delivery to %s blocked - too close
02-27 20:58:28.314 20407 20623 I FusedLocation: (REDACTED) location delivery to %s blocked - too close
02-27 20:58:28.314 20407 20623 I FusedLocation: (REDACTED) location delivery to %s blocked - too close
02-27 20:58:28.314 20407 20623 I FusedLocation: (REDACTED) location delivery to %s blocked - too close
02-27 20:58:28.314 20407 20623 I FusedLocation: (REDACTED) location delivery to %s blocked - too close
02-27 20:58:28.316 20407 20623 I FusedLocation: (REDACTED) stationary throttling engaged @%s
02-27 20:58:28.316  2026  7703 I LocationManagerService: incoming location from: fused
02-27 20:58:28.316  2026  7703 I LocationManagerService: incoming location from: fused
02-27 20:58:28.330   646   646 E lowmemorykiller: device memory 427045 free 95674 file 328666
02-27 20:58:28.335  9645  9645 D BoundBrokerSvc: onRebind: Intent { act=com.google.android.gms.onboardingconsent.api.ConsentManagerApiService.START dat=chimera-action:/... cmp=com.google.android.gms/.chimera.GmsApiService mCallingUid=10116 }
02-27 20:58:28.335  1318 24659 E TetherController: property_get sys.radio.data.modem_share_flag return 0, 1!
02-27 20:58:28.347  9645 13187 W ConsentManagerApiServic: Consent Manager API is not enabled. [CONTEXT service_id=460 ]
02-27 20:58:28.363 20407 20407 D BoundBrokerSvc: onRebind: Intent { act=com.google.android.gms.libs.gmscorelogger.service.START dat=chimera-action:/... cmp=com.google.android.gms/.chimera.PersistentDirectBootAwareApiService mCallingUid=10116 }
02-27 20:58:28.364 20407 15838 I FrewleTileCacheManagerV: (REDACTED) Fetched %d AP models from cache
02-27 20:58:28.365 20407 15838 I FrewleTileCacheManagerV: (REDACTED) Fetched %d AP models from cache
02-27 20:58:28.366 20407 15838 I FrewleTileCacheManagerV: (REDACTED) Fetched %d AP models from cache
02-27 20:58:28.367 20407 15838 I FrewleTileCacheManagerV: (REDACTED) Fetched %d AP models from cache
02-27 20:58:28.368 20407 15838 I FrewleTileCacheManagerV: (REDACTED) Fetched %d AP models from cache
02-27 20:58:28.429   646   646 E lowmemorykiller: device memory 420894 free 86226 file 332020
02-27 20:58:28.472 14128 14497 I metis_v2_OsenseCallBack: memLevel: 0 [Metis|com.oplus.metis|1.4.54-aa2067f]
02-27 20:58:28.499 20407 15838 I TFLite-in-PlayServices: Created interpreter.
02-27 20:58:28.528 20407 15838 I TFLite-in-PlayServices: Created interpreter.
02-27 20:58:28.531   646   646 E lowmemorykiller: device memory 419185 free 81610 file 334870
02-27 20:58:28.538 20407 15838 I SemanticLocation: (REDACTED) [Inferrer] %s%s
02-27 20:58:28.575  2026  3782 I Osense-BaseDecisionMaker: notifySceneToAthenaPolicy: SCENE_RES_IO_PSI, bundle: Bundle[{ioLevel=3}]
02-27 20:58:28.575  2026  3782 I Osense-BaseDecisionMaker: OSense not supported scene! SCENE_RES_IO_PSI
02-27 20:58:28.622  4130  4583 D CommonApp-271-10497: transport layer data is invalid
02-27 20:58:28.632   646   646 E lowmemorykiller: device memory 379290 free 77892 file 334937
02-27 20:58:28.732   646   646 E lowmemorykiller: device memory 385368 free 90885 file 328033
02-27 20:58:28.833   646   646 E lowmemorykiller: device memory 385217 free 96337 file 322361
02-27 20:58:28.887   646   646 E lowmemorykiller: device memory 385287 free 98983 file 319785
02-27 20:58:28.887  2026  3795 I Osense-PsiDetector: 1505,387,1936,7679,75,389,213,1249,1619,487,761,0,8,8169
02-27 20:58:28.888 14128 14497 I metis_v2_OsenseCallBack: memLevel: 2 [Metis|com.oplus.metis|1.4.54-aa2067f]
02-27 20:58:28.988   646   646 E lowmemorykiller: device memory 385359 free 103833 file 314819
02-27 20:58:28.991  2026  3795 I Osense-PsiDetector: 1505,406,1924,7679,75,389,213,1237,1600,483,745,0,8,8169
02-27 20:58:28.991  2026  3784 I Osense-BaseDecisionMaker: notifySceneToAthenaPolicy: SCENE_RES_MEM_PSI_NORMAL, bundle: Bundle[{memLevel=3}]
02-27 20:58:28.993  2026  3784 I Osense-BaseDecisionMaker: scene: SCENE_RES_MEM_PSI_NORMAL, excutingPolicy: clear
02-27 20:58:28.993  2026  3784 D Osense-BaseDecisionMaker: invoke clear policy,type: cached
02-27 20:58:28.994  2026  3793 I OsenseKillAction: KillAction: [atomic clean] start name=lowmem, requestId=19223, startAvail=1563, startFreeMB=407, purposeAvailMB=1800, purposeFreeMB=-1, anonRssTarget=237, minBgCount=0, swapTarget=0, scene=SCENE_RES_MEM_PSI_NORMAL, type=cached, qb=false, cchOnly=true, urgency=false, hoggingCpuPids={}, invalid-cnt=1
02-27 20:58:29.003  2026  3793 I OsenseKillAction: KillAction: group process done, total=3ms, firstLoop=1ms, updateProcessInfo=2ms, idleList=0ms, curBg=5
02-27 20:58:29.005  2026  3793 D OplusAppStartupManager: prevent restart service, pkgName = com.heytap.htms, scenePriority = -1
02-27 20:58:29.005  2026  3793 I OsenseKillAction: scanCchEmptyProc: +++++++ start double check +++++++
02-27 20:58:29.005  2026  3793 I OsenseKillAction: scanCchEmptyProc: cch check done: killablePss=0kb, killableAnonRss=151mb, time=1ms, candidate cnt: 4
02-27 20:58:29.005  2026  3793 I OsenseKillAction: scanNonUiProc: ----------start check non ui proc-----------
02-27 20:58:29.005  2026  3793 I OsenseKillAction: scanNonUiProc: done check non ui proc: killablePss=0kb, killableAnonRss=0mb, time=0ms, collected proc num: 0
02-27 20:58:29.005  2026  3793 I OsenseKillAction: scanOomAdj: skip scan oom adj for lowmem
02-27 20:58:29.005  2026  3793 I OsenseKillAction: scanAllProc: skip scan all proc for lowmem
02-27 20:58:29.009  2026  3793 I OsenseKillAction: KillAction: Kill ProcessInfo{7801:com.oplus.romupdate/u0a192 oom:CEM/37/925/cch-empty mem:0/29/41 extra:430s/true/false/0/1/false}: CachedClean 4ms
02-27 20:58:29.013  2026  3793 I OsenseKillAction: KillAction: Kill ProcessInfo{13899:com.google.android.projection.gearhead:shared/u0a96 oom:CEM/53/905/cch-empty mem:0/34/48 extra:187s/true/false/0/4/false}: CachedClean 4ms
02-27 20:58:29.020  2026  3793 I OsenseKillAction: KillAction: Kill ProcessInfo{15491:com.instagram.barcelona/u0a374 oom:CEM/54/905/cch-empty mem:0/48/73 extra:153s/false/false/0/5/false}: CachedClean 6ms
02-27 20:58:29.022  2026  3793 I OsenseKillAction: KillAction: Kill ProcessInfo{15786:com.google.android.googlequicksearchbox:search/u0a118 oom:CEM/55/905/cch-empty mem:0/40/46 extra:140s/true/false/0/14/false}: CachedClean 3ms
02-27 20:58:29.023  2026  3793 I OsenseKillAction: KillAction: done execute kill, pi2app=0ms, monitor=0ms, kill=17ms, total=17ms, kill cnt=4, local cnt=4
02-27 20:58:29.023  2026  3793 I OsenseKillAction: KillAction: [atomic clean] end requestId=19223, endAvail=1563mb, reclaimed: [pss=0mb, anonRss=151mb, swap=208mb, mem=151mb, Rss=653mb], timing: [total=29ms, update=2ms, readMem=3ms, group=3ms, cch=1ms, nonUi=0ms, oomadj=0ms, allProc=0ms, monitor=0ms, kill=17ms], sysinfo: [bgcount=5]
02-27 20:58:29.023  2026  3793 I OsenseKillAction: KillAction: 86mb more anonRss to reclaim, 0mb more swapMb to reclaim, <skip> mem guard, cur avail=1563mb, bundle: Bundle[{appcareThreshold=0, triggerMemory=1600, qbmode=false, memLevel=3, type=cached, level=1, scene=SCENE_RES_MEM_PSI_NORMAL, requestId=19223, purposeMemory=1800}]
02-27 20:58:29.025  2026  3784 I Osense-BaseDecisionMaker: notifySceneToAthenaPolicy: SCENE_MEM_RELEASED, bundle: Bundle[{scene=SCENE_MEM_RELEASED}]
02-27 20:58:29.025  2026  3784 I Osense-BaseDecisionMaker: OSense not supported scene! SCENE_MEM_RELEASED
02-27 20:58:29.054  2026  4235 I ActivityManager: Death received, pid = 7801, processName = com.oplus.romupdate for thread android.os.BinderProxy@fafbdc7
02-27 20:58:29.054  2026  2706 I libprocessgroup: Removed cgroup /sys/fs/cgroup/uid_10192/pid_7801
02-27 20:58:29.055  1319  1319 I Zygote  : Process 7801 exited due to signal 9 (Killed)
02-27 20:58:29.058  1540  1753 D BatteryChargeControl: bcc get no support from charging protocol
02-27 20:58:29.068  2026  3885 I ActivityManager: Process com.oplus.romupdate (pid 7801) has died: cch+25 CEM 
02-27 20:58:29.069  2026  3885 D OplusAppStartupManager: prevent restart service, pkgName = com.oplus.romupdate, scenePriority = -1
02-27 20:58:29.071  6390  6432 D OplusAtlas.OplusAtlasEventDispatch: setEvent:atlas_event_on_process_died info:pid:7801,uid:10192
02-27 20:58:29.072  4130  4554 I ProcessManager: onProcessDied pid:7801, uid:10192
02-27 20:58:29.073  4130  4554 D AppSceneEventManager: handleMessage: 101
02-27 20:58:29.073  4130  4554 I DispatcherPolicy: onBaseEvent EventId=22	INPUT_PROCESS_DIED	TimeStamp =1772215109072	Intent =null	Content =null	Pid =7801	PkgName =com.oplus.romupdate
02-27 20:58:29.073  4130  4554 I GamingScene: onInputEvent : INPUT_PROCESS_DIED
02-27 20:58:29.073  3736 24380 I PluginSeedling--Base: SeedlingPluginService-->onStateChange: Bundle[{pkgName=com.oplus.romupdate, pid=7801, uid=10192, state=onProcessDied}]
02-27 20:58:29.073  2026  2610 D DisplayManagerService: Drop pending events for gone uid 10192
02-27 20:58:29.074  6390  7286 D OplusAtlas.OplusMessageHandler: handleMessage: Msg { when=-1ms what=1 obj=com.oplus.atlas.OplusAtlasEvent@f94a7d7 target=com.oplus.atlas.OplusMessageHandler$MyHandler }
02-27 20:58:29.074  6390  7243 D OplusAtlas.OplusMessageHandler: handleMessage: Msg { when=-2ms what=1 obj=com.oplus.atlas.OplusAtlasEvent@f94a7d7 target=com.oplus.atlas.OplusMessageHandler$MyHandler }
02-27 20:58:29.075  7270 29953 D ShellSubscriberWorkerThread: the first 8 bytes empty, and RestData length > 8 
02-27 20:58:29.077 23076 23076 I adbd    : Remote process closed the socket (on MSG_PEEK)
02-27 20:58:29.078  2026  7703 I ActivityManager: Death received, pid = 13899, processName = com.google.android.projection.gearhead:shared for thread android.os.BinderProxy@8909ff4
02-27 20:58:29.079  1319  1319 I Zygote  : Process 13899 exited due to signal 9 (Killed)
02-27 20:58:29.079  2026  3898 I ActivityManager: Process com.google.android.projection.gearhead:shared (pid 13899) has died: cch+5 CEM 
02-27 20:58:29.080  2026  2706 I libprocessgroup: Removed cgroup /sys/fs/cgroup/uid_10096/pid_13899
02-27 20:58:29.083  3736 24380 I PluginSeedling--Base: SeedlingPluginService-->onStateChange: Bundle[{pkgName=com.google.android.projection.gearhead:10096, pid=13899, uid=10096, state=onProcessDied}]
02-27 20:58:29.084  2026  2610 D DisplayManagerService: Drop pending events for gone uid 10096
02-27 20:58:29.085  6390  6432 D OplusAtlas.OplusAtlasEventDispatch: setEvent:atlas_event_on_process_died info:pid:13899,uid:10096
02-27 20:58:29.086  6390  7286 D OplusAtlas.OplusMessageHandler: handleMessage: Msg { when=0 what=1 obj=com.oplus.atlas.OplusAtlasEvent@4b928c4 target=com.oplus.atlas.OplusMessageHandler$MyHandler }
02-27 20:58:29.086  4130  4554 I ProcessManager: onProcessDied pid:13899, uid:10096
02-27 20:58:29.086  4130  4554 D AppSceneEventManager: handleMessage: 101
02-27 20:58:29.086  4130  4554 I DispatcherPolicy: onBaseEvent EventId=22	INPUT_PROCESS_DIED	TimeStamp =1772215109086	Intent =null	Content =null	Pid =13899	PkgName =com.google.android.projection.gearhead
02-27 20:58:29.086  4130  4554 I GamingScene: onInputEvent : INPUT_PROCESS_DIED
02-27 20:58:29.087  6390  7243 D OplusAtlas.OplusMessageHandler: handleMessage: Msg { when=0 what=1 obj=com.oplus.atlas.OplusAtlasEvent@4b928c4 target=com.oplus.atlas.OplusMessageHandler$MyHandler }
02-27 20:58:29.088   646   646 E lowmemorykiller: device memory 419015 free 110752 file 326888
02-27 20:58:29.093  2026  7782 I ActivityManager: Death received, pid = 15786, processName = com.google.android.googlequicksearchbox:search for thread android.os.BinderProxy@108a31d
02-27 20:58:29.094  1319  1319 I Zygote  : Process 15786 exited due to signal 9 (Killed)
02-27 20:58:29.094  2026  3885 I ActivityManager: Process com.google.android.googlequicksearchbox:search (pid 15786) has died: cch+5 CEM 
02-27 20:58:29.096  6390  6432 D OplusAtlas.OplusAtlasEventDispatch: setEvent:atlas_event_on_process_died info:pid:15786,uid:10118
02-27 20:58:29.097  6390  7286 D OplusAtlas.OplusMessageHandler: handleMessage: Msg { when=0 what=1 obj=com.oplus.atlas.OplusAtlasEvent@8da43ad target=com.oplus.atlas.OplusMessageHandler$MyHandler }
02-27 20:58:29.097  3736  4732 I PluginSeedling--Base: SeedlingPluginService-->onStateChange: Bundle[{pkgName=com.google.android.googlequicksearchbox, pid=15786, uid=10118, state=onProcessDied}]
02-27 20:58:29.097  6390  7243 D OplusAtlas.OplusMessageHandler: handleMessage: Msg { when=-1ms what=1 obj=com.oplus.atlas.OplusAtlasEvent@8da43ad target=com.oplus.atlas.OplusMessageHandler$MyHandler }
02-27 20:58:29.097  4130  4554 I ProcessManager: onProcessDied pid:15786, uid:10118
02-27 20:58:29.097  4130  4554 D RunningProcessManager: genEmptyProcessInfo from pid = 15786
02-27 20:58:29.097  4130  4554 D AppSceneEventManager: handleMessage: 101
02-27 20:58:29.098  4130  4554 I DispatcherPolicy: onBaseEvent EventId=22	INPUT_PROCESS_DIED	TimeStamp =1772215109097	Intent =null	Content =null	Pid =15786	PkgName =null
02-27 20:58:29.098  4130  4554 I GamingScene: onInputEvent : INPUT_PROCESS_DIED
02-27 20:58:29.104  1319  1319 I Zygote  : Process 15491 exited due to signal 9 (Killed)
02-27 20:58:29.104  2026  2706 I libprocessgroup: Removed cgroup /sys/fs/cgroup/uid_10374/pid_15491
02-27 20:58:29.105  2026  3235 I ActivityManager: Death received, pid = 15491, processName = com.instagram.barcelona for thread android.os.BinderProxy@d325883
02-27 20:58:29.105  2026  3455 D ConnectivityService: releasing NetworkRequest [ REQUEST id=106422, [ Capabilities: INTERNET&NOT_RESTRICTED&TRUSTED&NOT_VCN_MANAGED&NOT_BANDWIDTH_CONSTRAINED Uid: 10374 RequestorUid: 10374 RequestorPkg: com.instagram.barcelona UnderlyingNetworks: Null] ] (release request)
02-27 20:58:29.106  2026  3898 I ActivityManager: Process com.instagram.barcelona (pid 15491) has died: cch+5 CEM 
02-27 20:58:29.107  6390  6432 D OplusAtlas.OplusAtlasEventDispatch: setEvent:atlas_event_on_process_died info:pid:15491,uid:10374
02-27 20:58:29.108  6390  7286 D OplusAtlas.OplusMessageHandler: handleMessage: Msg { when=0 what=1 obj=com.oplus.atlas.OplusAtlasEvent@a5bb6e2 target=com.oplus.atlas.OplusMessageHandler$MyHandler }
02-27 20:58:29.108  3736  4732 I PluginSeedling--Base: SeedlingPluginService-->onStateChange: Bundle[{pkgName=com.instagram.barcelona, pid=15491, uid=10374, state=onProcessDied}]
02-27 20:58:29.108  6390  7243 D OplusAtlas.OplusMessageHandler: handleMessage: Msg { when=0 what=1 obj=com.oplus.atlas.OplusAtlasEvent@a5bb6e2 target=com.oplus.atlas.OplusMessageHandler$MyHandler }
02-27 20:58:29.108  2026  2706 I libprocessgroup: Removed cgroup /sys/fs/cgroup/uid_10118/pid_15786
02-27 20:58:29.109  4130  4554 I ProcessManager: onProcessDied pid:15491, uid:10374
02-27 20:58:29.109  4130  4554 D RunningProcessManager: genEmptyProcessInfo from pid = 15491
02-27 20:58:29.109  4130  4554 D AppSceneEventManager: handleMessage: 101
