02-26 22:38:34.308  1493  1493 E ANDR-PERF-MPCTL: Active req limit reached, No optimizations performed
02-26 22:38:34.545  4074  4074 D OplusTelephonyController: onSignalStrengthChanged: SignalStrength=SignalStrength:{mCdma=CellSignalStrengthCdma: cdmaDbm=2147483647 cdmaEcio=2147483647 evdoDbm=2147483647 evdoEcio=2147483647 evdoSnr=2147483647 level=0,mGsm=CellSignalStrengthGsm: rssi=2147483647 ber=2147483647 mTa=2147483647 mLevel=0,mWcdma=CellSignalStrengthWcdma: ss=2147483647 ber=2147483647 rscp=2147483647 ecno=2147483647 level=0,mTdscdma=CellSignalStrengthTdscdma: rssi=2147483647 ber=2147483647 rscp=2147483647 level=0,mLte=CellSignalStrengthLte: rssi=-69 rsrp=-99 rsrq=-15 rssnr=7 cqiTableIndex=2147483647 cqi=2147483647 ta=2147483647 level=3 parametersUseForLevel=0,mNr=CellSignalStrengthNr:{ csiRsrp = 2147483647 csiRsrq = 2147483647 csiCqiTableIndex = 2147483647 csiCqiReport = [] ssRsrp = 2147483647 ssRsrq = 2147483647 ssSinr = 2147483647 level = 0 parametersUseForLevel = 0 timingAdvance = 2147483647 },primary=CellSignalStrengthLte}
02-26 22:38:34.545  4248  4248 D SubsysEventListenerManager-SubsysTelephonyCallback[0]: onSignalStrengthsChanged
02-26 22:38:34.548  3736  3959 I SystemUi--Statusbar: MobileConnectionRepositoryImpl-->subId:2 isSoftSimCard:false slotId:0
02-26 22:38:34.797  1540  1753 D BatteryChargeControl: bcc get no support from charging protocol
02-26 22:38:35.110  2026  3448 D WifiStaIfaceHidlImpl: getCachedScanData is not implemented by HIDL
02-26 22:38:35.117  4248  4248 D VendorWifiService: onEvent event:9,action:1
02-26 22:38:35.119  2026  3554 D OplusWifiPower_TriggerCenter: mComponentCallback: wifistat
02-26 22:38:35.201  1493  1493 E ANDR-PERF-MPCTL: Active req limit reached, No optimizations performed
02-26 22:38:35.234  1493  1493 E ANDR-PERF-MPCTL: Active req limit reached, No optimizations performed
02-26 22:38:35.239  4074  4074 D OplusTelephonyController: onSignalStrengthChanged: SignalStrength=SignalStrength:{mCdma=CellSignalStrengthCdma: cdmaDbm=2147483647 cdmaEcio=2147483647 evdoDbm=2147483647 evdoEcio=2147483647 evdoSnr=2147483647 level=0,mGsm=CellSignalStrengthGsm: rssi=2147483647 ber=2147483647 mTa=2147483647 mLevel=0,mWcdma=CellSignalStrengthWcdma: ss=2147483647 ber=2147483647 rscp=2147483647 ecno=2147483647 level=0,mTdscdma=CellSignalStrengthTdscdma: rssi=2147483647 ber=2147483647 rscp=2147483647 level=0,mLte=CellSignalStrengthLte: rssi=-65 rsrp=-99 rsrq=-16 rssnr=-2 cqiTableIndex=2147483647 cqi=2147483647 ta=2147483647 level=3 parametersUseForLevel=0,mNr=CellSignalStrengthNr:{ csiRsrp = 2147483647 csiRsrq = 2147483647 csiCqiTableIndex = 2147483647 csiCqiReport = [] ssRsrp = 2147483647 ssRsrq = 2147483647 ssSinr = 2147483647 level = 0 parametersUseForLevel = 0 timingAdvance = 2147483647 },primary=CellSignalStrengthLte}
02-26 22:38:35.240  4248  4248 D SubsysEventListenerManager-SubsysTelephonyCallback[0]: onSignalStrengthsChanged
02-26 22:38:35.244  3736  3959 I SystemUi--Statusbar: MobileConnectionRepositoryImpl-->subId:2 isSoftSimCard:false slotId:0
02-26 22:38:35.245  4130  4583 D CommonApp-254-10300: transport layer data is invalid
02-26 22:38:35.246  1535  4282 E PerformanceService: storage_feature: open /sys/devices/platform/soc/112b0000.ufshci//virtualtlcbuff fail
02-26 22:38:35.333  1540  1540 D vendor.oplus.hardware.charger-V6-service: get_ui_charge_icon_type 0 0 0 0 0
02-26 22:38:35.334  1540  1540 D vendor.oplus.hardware.charger-V6-service: oplus_chg_get_cpa_power 2500 charge_online 1 retention_topic 0
02-26 22:38:35.341  3736  3736 I SystemUi--Statusbar: BatteryControllerExt-->updateBatteryChangeIntent():broadcast=android.intent.action.BATTERY_CHANGED,level=1,scale=100
02-26 22:38:35.341  3736  3736 I SystemUi--Statusbar: BatteryRepository-->level: 1 -- isSavingMode: false
02-26 22:38:35.342  2026  2844 D OplusDisplayBrightnessBroadcastReceiver: onReceive action = android.intent.action.BATTERY_CHANGED , listeners = [com.android.server.display.OplusFeatureHDREnhanceBrightness$PhoneInfoReceiver@d078a20, com.android.server.display.OplusFeatureEdrEnhanceBrightness$PhoneInfoReceiver@d0bbfd9]
02-26 22:38:35.343  4248  4248 D SubsysBroadcastManager: onReceive action:android.intent.action.BATTERY_CHANGED
02-26 22:38:35.346 26084 26084 D DeviceStatisticsService: onReceive: action= android.intent.action.BATTERY_CHANGED
02-26 22:38:35.348  7792  9430 E Battery : ChargeProtectionUtils: mCanlendarTmp.isEmpty()!
02-26 22:38:35.355 26780 26780 D CustomLogManagerService: onReceive android.intent.action.BATTERY_CHANGED
02-26 22:38:35.375  1540  1540 D vendor.oplus.hardware.charger-V6-service: getChargerControl:sub_current=100
02-26 22:38:35.375  1540  1540 D vendor.oplus.hardware.charger-V6-service: sub_voltage=3800
02-26 22:38:35.375  1540  1540 D vendor.oplus.hardware.charger-V6-service: sub_soc=-1
02-26 22:38:35.375  1540  1540 D vendor.oplus.hardware.charger-V6-service: sub_temperature=250
02-26 22:38:35.375  1540  1540 D vendor.oplus.hardware.charger-V6-service: main_soc=0
02-26 22:38:35.664  1510 18624 I QC2Comp : [vp9D_3677] Stats: Pending(3) i/p-done(0) Works: Q: 26/Done 25|Work-Rate: Q(0.0/s Avg=0.0/s) Done(0.000/s Avg=0.007/s)| Stream: 25.00fps 328.6Kbps
02-26 22:38:35.664  1510 18624 I QC2Comp : Mem-usage:  [In-1D - 5 bufs 14.941 MB] [1D-0 - 15 bufs 0.234 MB] [2D-3534 - 23 bufs 51.750 MB]
02-26 22:38:35.664  1510 18624 I QC2Comp : Total Mem-usage: 66.926 MB
02-26 22:38:35.799  1540  1753 D BatteryChargeControl: bcc get no support from charging protocol
02-26 22:38:36.134  1493  1493 E ANDR-PERF-MPCTL: Active req limit reached, No optimizations performed
02-26 22:38:36.157  1493  1493 E ANDR-PERF-MPCTL: Active req limit reached, No optimizations performed
02-26 22:38:36.269  4130  4583 D CommonApp-254-10300: transport layer data is invalid
02-26 22:38:36.801  1540  1753 D BatteryChargeControl: bcc get no support from charging protocol
02-26 22:38:36.842  1493  1493 E ANDR-PERF-MPCTL: Active req limit reached, No optimizations performed
02-26 22:38:36.860  1493  1493 E ANDR-PERF-MPCTL: Active req limit reached, No optimizations performed
02-26 22:38:37.097 27798  8296 I oppo_audiox_sw_effects: sweffectFx_algo_Process g_sweffectFx_Process_counter 3456 frame_count 1920 processedMsk 0x1 [2 4 48000 ] openCloseCrossFadeCfg enable 0, crossFadeCfg enable 0
02-26 22:38:37.097 27798  8296 I oppo_audiox_sw_effects: sweffectFx_algo_Processsession 0xe5617234 newDeviceID 2 deviceID 0 newServType 7 servType 6 newvolumelevel 0 volumeLevel 6 openCloseFadePath 0 fade_path 0
02-26 22:38:37.295  4130  4583 D CommonApp-254-10300: udp pk is bigger than tcpPk,regard it as normal network
02-26 22:38:37.296  4130  4583 D CommonApp-254-10300: notifyScoreChange appScene COMMON score 80
02-26 22:38:37.297  4130  4511 E OplusDualPsManager: getDdsNetId, dual ps not init
02-26 22:38:37.299  4130  4583 D OplusScanQrCodeStatsService: get tencent pkg uid fail android.content.pm.PackageManager$NameNotFoundException: com.tencent.mm
02-26 22:38:37.347  1540  1717 D vendor.oplus.hardware.charger-V6-service: ret_value:124, read content:,373,370,3644,3644,190,500,2200,0,1,1,4,-1,4908,0,1,0,1,1,0,0,4425,0,3,0,3,0,0,0,361,0,1,1,0,0,61,61,61,0,0,0,0,0,0,0,0,0,0
02-26 22:38:37.347  1540  1717 D vendor.oplus.hardware.charger-V6-service: gmtime: 2026-02-26-22-38-37
02-26 22:38:37.348  1540  1717 D vendor.oplus.hardware.charger-V6-service: usb_online:1, ac_online:0, wireless_online:-2147483648
02-26 22:38:37.349  7647 31760 D gaia-GaiaConnectChecker: start connect check++
02-26 22:38:37.357 26780 23512 D CustomLogManagerService: WorkHandler msg.what :5
02-26 22:38:37.357 26780 23512 D CustomLogManagerService: user experience toggle off
02-26 22:38:37.361  7647 31827 D gaia-GaiaConnectChecker: start connect check++
02-26 22:38:37.530  1540  1540 D vendor.oplus.hardware.charger-V6-service: getChargerControl:sub_current=100
02-26 22:38:37.530  1540  1540 D vendor.oplus.hardware.charger-V6-service: sub_voltage=3800
02-26 22:38:37.530  1540  1540 D vendor.oplus.hardware.charger-V6-service: sub_soc=-1
02-26 22:38:37.530  1540  1540 D vendor.oplus.hardware.charger-V6-service: sub_temperature=250
02-26 22:38:37.530  1540  1540 D vendor.oplus.hardware.charger-V6-service: main_soc=0
02-26 22:38:37.777  1493  1493 E ANDR-PERF-MPCTL: Active req limit reached, No optimizations performed
02-26 22:38:37.795  1493  1493 E ANDR-PERF-MPCTL: Active req limit reached, No optimizations performed
02-26 22:38:37.803  1540  1753 D BatteryChargeControl: bcc get no support from charging protocol
02-26 22:38:38.123  2026  3448 D WifiStaIfaceHidlImpl: getCachedScanData is not implemented by HIDL
02-26 22:38:38.133  4248  4248 D VendorWifiService: onEvent event:9,action:1
02-26 22:38:38.137  2026  3554 D OplusWifiPower_TriggerCenter: mComponentCallback: wifistat
02-26 22:38:38.154  2317 31726 D BufferPoolAccessor2.0: bufferpool2 0xb400006f1b931c28 : 5(20480 size) total buffers - 1(4096 size) used buffers - 15000/15014 (recycle/alloc) - 37/15013 (fetch/transfer)
02-26 22:38:38.318  4130  4583 D CommonApp-254-10300: transport layer data is invalid
02-26 22:38:38.382  2026  3487 W ContextImpl: Calling a method in the system process without a qualified user: android.app.ContextImpl.sendBroadcast:1261 com.android.server.job.controllers.OplusCpuController.notifyHighCpuEventForApp:387 com.android.server.job.controllers.OplusCpuController.handleCpuUpdate:333 com.android.server.job.controllers.OplusCpuController.-$$Nest$mhandleCpuUpdate:0 com.android.server.job.controllers.OplusCpuController$CpuTrackerHandler.handleMessage:257 
02-26 22:38:38.706 10619 31725 D BufferPoolAccessor2.0: bufferpool2 0xb400007a39247628 : 5(40960 size) total buffers - 1(8192 size) used buffers - 15011/15041 (recycle/alloc) - 39/15040 (fetch/transfer)
02-26 22:38:38.709  1493  1493 E ANDR-PERF-MPCTL: Active req limit reached, No optimizations performed
02-26 22:38:38.728  1493  1493 E ANDR-PERF-MPCTL: Active req limit reached, No optimizations performed
02-26 22:38:38.804  1540  1753 D BatteryChargeControl: bcc get no support from charging protocol
02-26 22:38:38.858  4130  4583 D CommonApp-254-10300: DefaultState EVENT_SCENARIOS_CHANGE
02-26 22:38:38.858  4130  4583 D CommonApp-254-10300: scene=COMMON pn=com.facebook.katana
02-26 22:38:39.072 20407 11530 I AlarmManager: setExactAndAllowWhileIdle [name: GCM_HB_ALARM type: 2 triggerAtMillis: 1124287395]
02-26 22:38:39.078 20407 11530 I AlarmManager: setExactAndAllowWhileIdle [name: GCM_HB_ALARM type: 2 triggerAtMillis: 1124287401]
02-26 22:38:39.103 20407 20559 I NetworkScheduler: ignoring stale queue check message
02-26 22:38:39.341  4130  4583 D CommonApp-254-10300: transport layer data is invalid
02-26 22:38:39.406  1493  1493 E ANDR-PERF-MPCTL: Active req limit reached, No optimizations performed
02-26 22:38:39.428  1493  1493 E ANDR-PERF-MPCTL: Active req limit reached, No optimizations performed
02-26 22:38:39.710  4074  4074 D OplusTelephonyController: onSignalStrengthChanged: SignalStrength=SignalStrength:{mCdma=CellSignalStrengthCdma: cdmaDbm=2147483647 cdmaEcio=2147483647 evdoDbm=2147483647 evdoEcio=2147483647 evdoSnr=2147483647 level=0,mGsm=CellSignalStrengthGsm: rssi=2147483647 ber=2147483647 mTa=2147483647 mLevel=0,mWcdma=CellSignalStrengthWcdma: ss=2147483647 ber=2147483647 rscp=2147483647 ecno=2147483647 level=0,mTdscdma=CellSignalStrengthTdscdma: rssi=2147483647 ber=2147483647 rscp=2147483647 level=0,mLte=CellSignalStrengthLte: rssi=-71 rsrp=-101 rsrq=-14 rssnr=6 cqiTableIndex=2147483647 cqi=2147483647 ta=2147483647 level=3 parametersUseForLevel=0,mNr=CellSignalStrengthNr:{ csiRsrp = 2147483647 csiRsrq = 2147483647 csiCqiTableIndex = 2147483647 csiCqiReport = [] ssRsrp = 2147483647 ssRsrq = 2147483647 ssSinr = 2147483647 level = 0 parametersUseForLevel = 0 timingAdvance = 2147483647 },primary=CellSignalStrengthLte}
02-26 22:38:39.710  4248  4248 D SubsysEventListenerManager-SubsysTelephonyCallback[0]: onSignalStrengthsChanged
02-26 22:38:39.712  3736  3959 I SystemUi--Statusbar: MobileConnectionRepositoryImpl-->subId:2 isSoftSimCard:false slotId:0
02-26 22:38:39.806  1540  1753 D BatteryChargeControl: bcc get no support from charging protocol
02-26 22:38:40.247  1535  4282 E PerformanceService: storage_feature: open /sys/devices/platform/soc/112b0000.ufshci//virtualtlcbuff fail
02-26 22:38:40.338  1493  1493 E ANDR-PERF-MPCTL: Active req limit reached, No optimizations performed
02-26 22:38:40.362  1493  1493 E ANDR-PERF-MPCTL: Active req limit reached, No optimizations performed
02-26 22:38:40.366  4130  4583 D CommonApp-254-10300: transport layer data is invalid
02-26 22:38:40.467  1540  1540 D vendor.oplus.hardware.charger-V6-service: get_ui_charge_icon_type 0 0 0 0 0
02-26 22:38:40.469  1540  1540 D vendor.oplus.hardware.charger-V6-service: oplus_chg_get_cpa_power 2500 charge_online 1 retention_topic 0
02-26 22:38:40.476  3736  3736 I SystemUi--Statusbar: BatteryControllerExt-->updateBatteryChangeIntent():broadcast=android.intent.action.BATTERY_CHANGED,level=1,scale=100
02-26 22:38:40.477  3736  3736 I SystemUi--Statusbar: BatteryRepository-->level: 1 -- isSavingMode: false
02-26 22:38:40.480  2026  2844 D OplusDisplayBrightnessBroadcastReceiver: onReceive action = android.intent.action.BATTERY_CHANGED , listeners = [com.android.server.display.OplusFeatureHDREnhanceBrightness$PhoneInfoReceiver@d078a20, com.android.server.display.OplusFeatureEdrEnhanceBrightness$PhoneInfoReceiver@d0bbfd9]
02-26 22:38:40.479  4248  4248 D SubsysBroadcastManager: onReceive action:android.intent.action.BATTERY_CHANGED
02-26 22:38:40.483 26084 26084 D DeviceStatisticsService: onReceive: action= android.intent.action.BATTERY_CHANGED
02-26 22:38:40.484  7792  9430 E Battery : ChargeProtectionUtils: mCanlendarTmp.isEmpty()!
02-26 22:38:40.488 26780 26780 D CustomLogManagerService: onReceive android.intent.action.BATTERY_CHANGED
02-26 22:38:40.506  1540  1540 D vendor.oplus.hardware.charger-V6-service: getChargerControl:sub_current=100
02-26 22:38:40.506  1540  1540 D vendor.oplus.hardware.charger-V6-service: sub_voltage=3800
02-26 22:38:40.506  1540  1540 D vendor.oplus.hardware.charger-V6-service: sub_soc=-1
02-26 22:38:40.506  1540  1540 D vendor.oplus.hardware.charger-V6-service: sub_temperature=250
02-26 22:38:40.506  1540  1540 D vendor.oplus.hardware.charger-V6-service: main_soc=0
02-26 22:38:40.665  1510 18624 I QC2Comp : [vp9D_3677] Stats: Pending(3) i/p-done(0) Works: Q: 26/Done 25|Work-Rate: Q(0.0/s Avg=0.0/s) Done(0.000/s Avg=0.007/s)| Stream: 25.00fps 328.6Kbps
02-26 22:38:40.665  1510 18624 I QC2Comp : Mem-usage:  [In-1D - 5 bufs 14.941 MB] [1D-0 - 15 bufs 0.234 MB] [2D-3534 - 23 bufs 51.750 MB]
02-26 22:38:40.665  1510 18624 I QC2Comp : Total Mem-usage: 66.926 MB
02-26 22:38:40.808  1540  1753 D BatteryChargeControl: bcc get no support from charging protocol
02-26 22:38:41.140  2026  3448 D WifiStaIfaceHidlImpl: getCachedScanData is not implemented by HIDL
02-26 22:38:41.150  4248  4248 D VendorWifiService: onEvent event:9,action:1
02-26 22:38:41.153  2026  3554 D OplusWifiPower_TriggerCenter: mComponentCallback: wifistat
02-26 22:38:41.219  7270 29953 D ShellSubscriberWorkerThread: the first 8 bytes empty, and RestData length > 8 
02-26 22:38:41.272  1493  1493 E ANDR-PERF-MPCTL: Active req limit reached, No optimizations performed
02-26 22:38:41.305  1493  1493 E ANDR-PERF-MPCTL: Active req limit reached, No optimizations performed
02-26 22:38:41.390  4130  4583 D CommonApp-254-10300: transport layer data is invalid
02-26 22:38:41.810  1540  1753 D BatteryChargeControl: bcc get no support from charging protocol
02-26 22:38:41.954  4074  4074 D OplusTelephonyController: onSignalStrengthChanged: SignalStrength=SignalStrength:{mCdma=CellSignalStrengthCdma: cdmaDbm=2147483647 cdmaEcio=2147483647 evdoDbm=2147483647 evdoEcio=2147483647 evdoSnr=2147483647 level=0,mGsm=CellSignalStrengthGsm: rssi=2147483647 ber=2147483647 mTa=2147483647 mLevel=0,mWcdma=CellSignalStrengthWcdma: ss=2147483647 ber=2147483647 rscp=2147483647 ecno=2147483647 level=0,mTdscdma=CellSignalStrengthTdscdma: rssi=2147483647 ber=2147483647 rscp=2147483647 level=0,mLte=CellSignalStrengthLte: rssi=-65 rsrp=-99 rsrq=-16 rssnr=0 cqiTableIndex=2147483647 cqi=2147483647 ta=2147483647 level=3 parametersUseForLevel=0,mNr=CellSignalStrengthNr:{ csiRsrp = 2147483647 csiRsrq = 2147483647 csiCqiTableIndex = 2147483647 csiCqiReport = [] ssRsrp = 2147483647 ssRsrq = 2147483647 ssSinr = 2147483647 level = 0 parametersUseForLevel = 0 timingAdvance = 2147483647 },primary=CellSignalStrengthLte}
02-26 22:38:41.954  4248  4248 D SubsysEventListenerManager-SubsysTelephonyCallback[0]: onSignalStrengthsChanged
02-26 22:38:41.960  3736  3959 I SystemUi--Statusbar: MobileConnectionRepositoryImpl-->subId:2 isSoftSimCard:false slotId:0
02-26 22:38:41.970  1493  1493 E ANDR-PERF-MPCTL: Active req limit reached, No optimizations performed
02-26 22:38:41.996  1493  1493 E ANDR-PERF-MPCTL: Active req limit reached, No optimizations performed
02-26 22:38:42.216 27798  8296 I oppo_audiox_sw_effects: sweffectFx_algo_Process g_sweffectFx_Process_counter 3584 frame_count 1920 processedMsk 0x1 [2 4 48000 ] openCloseCrossFadeCfg enable 0, crossFadeCfg enable 0
02-26 22:38:42.216 27798  8296 I oppo_audiox_sw_effects: sweffectFx_algo_Processsession 0xe5617234 newDeviceID 2 deviceID 0 newServType 7 servType 6 newvolumelevel 0 volumeLevel 6 openCloseFadePath 0 fade_path 0
02-26 22:38:42.349  1540  1717 D vendor.oplus.hardware.charger-V6-service: ret_value:124, read content:,373,370,3643,3643,160,500,2200,0,1,1,4,-1,4908,0,1,0,1,1,0,0,4425,0,3,0,3,0,0,0,361,0,1,1,0,0,61,61,61,0,0,0,0,0,0,0,0,0,0
02-26 22:38:42.349  1540  1717 D vendor.oplus.hardware.charger-V6-service: gmtime: 2026-02-26-22-38-42
02-26 22:38:42.350  1540  1717 D vendor.oplus.hardware.charger-V6-service: usb_online:1, ac_online:0, wireless_online:-2147483648
02-26 22:38:42.415  4130  4583 D CommonApp-254-10300: udp pk is bigger than tcpPk,regard it as normal network
02-26 22:38:42.415  4130  4583 D CommonApp-254-10300: notifyScoreChange appScene COMMON score 80
02-26 22:38:42.416  4130  4511 E OplusDualPsManager: getDdsNetId, dual ps not init
02-26 22:38:42.418  4130  4583 D OplusScanQrCodeStatsService: get tencent pkg uid fail android.content.pm.PackageManager$NameNotFoundException: com.tencent.mm
02-26 22:38:42.489 26780 23512 D CustomLogManagerService: WorkHandler msg.what :5
02-26 22:38:42.489 26780 23512 D CustomLogManagerService: user experience toggle off
02-26 22:38:42.551  1540  1540 D vendor.oplus.hardware.charger-V6-service: getChargerControl:sub_current=100
02-26 22:38:42.551  1540  1540 D vendor.oplus.hardware.charger-V6-service: sub_voltage=3800
02-26 22:38:42.551  1540  1540 D vendor.oplus.hardware.charger-V6-service: sub_soc=-1
02-26 22:38:42.551  1540  1540 D vendor.oplus.hardware.charger-V6-service: sub_temperature=250
02-26 22:38:42.551  1540  1540 D vendor.oplus.hardware.charger-V6-service: main_soc=0
02-26 22:38:42.790 12228 12228 I Process : Sending signal. PID: 12228 SIG: 9
02-26 22:38:42.813  1540  1753 D BatteryChargeControl: bcc get no support from charging protocol
02-26 22:38:42.815  1319  1319 I Zygote  : Process 12228 exited due to signal 9 (Killed)
02-26 22:38:42.815  2026  4013 I ActivityManager: Death received, pid = 12228, processName = com.heytap.mcs.appservice for thread android.os.BinderProxy@a9bfd42
02-26 22:38:42.815  2026  3898 I ActivityManager: Process com.heytap.mcs.appservice (pid 12228) has died: cch+5 CEM 
02-26 22:38:42.816  2026  3898 D OplusAppStartupManager: prevent restart service, pkgName = com.heytap.mcs, scenePriority = -1
02-26 22:38:42.816  2026  2706 I libprocessgroup: Removed cgroup /sys/fs/cgroup/uid_1000/pid_12228
02-26 22:38:42.820  7270 29953 D ShellSubscriberWorkerThread: the first 8 bytes empty, and RestData length > 8 
02-26 22:38:42.820  4130  4554 I ProcessManager: onProcessDied pid:12228, uid:1000
02-26 22:38:42.821  4130  4554 D RunningProcessManager: genEmptyProcessInfo from pid = 12228
02-26 22:38:42.821  4130  4554 D AppSceneEventManager: handleMessage: 101
02-26 22:38:42.821  4130  4554 I DispatcherPolicy: onBaseEvent EventId=22	INPUT_PROCESS_DIED	TimeStamp =1772134722821	Intent =null	Content =null	Pid =12228	PkgName =null
02-26 22:38:42.821  4130  4554 I GamingScene: onInputEvent : INPUT_PROCESS_DIED
02-26 22:38:42.822  3736  4503 I PluginSeedling--Base: SeedlingPluginService-->onStateChange: Bundle[{pkgName=android.uid.system:1000, pid=12228, uid=1000, state=onProcessDied}]
02-26 22:38:42.906  1493  1493 E ANDR-PERF-MPCTL: Active req limit reached, No optimizations performed
02-26 22:38:42.931  1493  1493 E ANDR-PERF-MPCTL: Active req limit reached, No optimizations performed
02-26 22:38:43.347  2317 31726 D BufferPoolAccessor2.0: bufferpool2 0xb400006f1b931c28 : 5(20480 size) total buffers - 1(4096 size) used buffers - 15225/15239 (recycle/alloc) - 38/15238 (fetch/transfer)
02-26 22:38:43.439  4130  4583 D CommonApp-254-10300: transport layer data is invalid
02-26 22:38:43.550  4074  4074 D OplusTelephonyController: onSignalStrengthChanged: SignalStrength=SignalStrength:{mCdma=CellSignalStrengthCdma: cdmaDbm=2147483647 cdmaEcio=2147483647 evdoDbm=2147483647 evdoEcio=2147483647 evdoSnr=2147483647 level=0,mGsm=CellSignalStrengthGsm: rssi=2147483647 ber=2147483647 mTa=2147483647 mLevel=0,mWcdma=CellSignalStrengthWcdma: ss=2147483647 ber=2147483647 rscp=2147483647 ecno=2147483647 level=0,mTdscdma=CellSignalStrengthTdscdma: rssi=2147483647 ber=2147483647 rscp=2147483647 level=0,mLte=CellSignalStrengthLte: rssi=-67 rsrp=-99 rsrq=-14 rssnr=7 cqiTableIndex=2147483647 cqi=2147483647 ta=2147483647 level=3 parametersUseForLevel=0,mNr=CellSignalStrengthNr:{ csiRsrp = 2147483647 csiRsrq = 2147483647 csiCqiTableIndex = 2147483647 csiCqiReport = [] ssRsrp = 2147483647 ssRsrq = 2147483647 ssSinr = 2147483647 level = 0 parametersUseForLevel = 0 timingAdvance = 2147483647 },primary=CellSignalStrengthLte}
02-26 22:38:43.551  4248  4248 D SubsysEventListenerManager-SubsysTelephonyCallback[0]: onSignalStrengthsChanged
02-26 22:38:43.555  3736  3959 I SystemUi--Statusbar: MobileConnectionRepositoryImpl-->subId:2 isSoftSimCard:false slotId:0
02-26 22:38:43.782 10619 31725 D BufferPoolAccessor2.0: bufferpool2 0xb400007a39247628 : 5(40960 size) total buffers - 1(8192 size) used buffers - 15231/15261 (recycle/alloc) - 39/15260 (fetch/transfer)
02-26 22:38:43.815  1540  1753 D BatteryChargeControl: bcc get no support from charging protocol
02-26 22:38:43.842  1493  1493 E ANDR-PERF-MPCTL: Active req limit reached, No optimizations performed
02-26 22:38:43.865  1493  1493 E ANDR-PERF-MPCTL: Active req limit reached, No optimizations performed
02-26 22:38:44.159  2026  3448 D WifiStaIfaceHidlImpl: getCachedScanData is not implemented by HIDL
02-26 22:38:44.168  4248  4248 D VendorWifiService: onEvent event:9,action:1
02-26 22:38:44.170  2026  3554 D OplusWifiPower_TriggerCenter: mComponentCallback: wifistat
02-26 22:38:44.191  4074  4074 D OplusTelephonyController: onSignalStrengthChanged: SignalStrength=SignalStrength:{mCdma=CellSignalStrengthCdma: cdmaDbm=2147483647 cdmaEcio=2147483647 evdoDbm=2147483647 evdoEcio=2147483647 evdoSnr=2147483647 level=0,mGsm=CellSignalStrengthGsm: rssi=2147483647 ber=2147483647 mTa=2147483647 mLevel=0,mWcdma=CellSignalStrengthWcdma: ss=2147483647 ber=2147483647 rscp=2147483647 ecno=2147483647 level=0,mTdscdma=CellSignalStrengthTdscdma: rssi=2147483647 ber=2147483647 rscp=2147483647 level=0,mLte=CellSignalStrengthLte: rssi=-65 rsrp=-100 rsrq=-17 rssnr=0 cqiTableIndex=2147483647 cqi=2147483647 ta=2147483647 level=3 parametersUseForLevel=0,mNr=CellSignalStrengthNr:{ csiRsrp = 2147483647 csiRsrq = 2147483647 csiCqiTableIndex = 2147483647 csiCqiReport = [] ssRsrp = 2147483647 ssRsrq = 2147483647 ssSinr = 2147483647 level = 0 parametersUseForLevel = 0 timingAdvance = 2147483647 },primary=CellSignalStrengthLte}
02-26 22:38:44.192  4248  4248 D SubsysEventListenerManager-SubsysTelephonyCallback[0]: onSignalStrengthsChanged
02-26 22:38:44.195  3736  3959 I SystemUi--Statusbar: MobileConnectionRepositoryImpl-->subId:2 isSoftSimCard:false slotId:0
02-26 22:38:44.462  4130  4583 D CommonApp-254-10300: transport layer data is invalid
02-26 22:38:44.542  1493  1493 E ANDR-PERF-MPCTL: Active req limit reached, No optimizations performed
02-26 22:38:44.566  1493  1493 E ANDR-PERF-MPCTL: Active req limit reached, No optimizations performed
02-26 22:38:44.817  1540  1753 D BatteryChargeControl: bcc get no support from charging protocol
02-26 22:38:45.246  1535  4282 E PerformanceService: storage_feature: open /sys/devices/platform/soc/112b0000.ufshci//virtualtlcbuff fail
02-26 22:38:45.338  3736  3736 D ZenModeController: Added callback class com.oplus.systemui.qs.tiles.OplusDndTile$1
02-26 22:38:45.339  3736  3908 D ControlsListingControllerImpl: Subscribing callback, service count: 1
02-26 22:38:45.342  3736  4398 I QuickAccessWalletTile: QAW service is unavailable, recreating the wallet client.
02-26 22:38:45.351  2026  4013 D LockSettingsService: [getStrongAuthForUser]  userId = 0
02-26 22:38:45.355  3736  3736 I SystemUi--QuickSettings: Tile.OplusBatterySaverTile-->onBatteryLevelChanged level=1, pluggedIn=true, charging=true
02-26 22:38:45.355  3736  3736 I SystemUi--QuickSettings: Tile.OplusBatterySaverTile-->onPowerSaveChanged isPowerSave=false
02-26 22:38:45.393  2026  4013 D LockSettingsService: [getStrongAuthForUser]  userId = 0
02-26 22:38:45.411  3736  3908 D ControlsListingControllerImpl: Unsubscribing callback
02-26 22:38:45.411  3736  3736 D ZenModeController: Removed callback class com.oplus.systemui.qs.tiles.OplusDndTile$1
02-26 22:38:45.445  9844 10271 I PlayCommon: [1142] Preparing logs for uploading
02-26 22:38:45.454  9844 10271 I PlayCommon: [1142] Connecting to server for timestamp: https://play.googleapis.com/play/log/timestamp
02-26 22:38:45.475  1493  1493 E ANDR-PERF-MPCTL: Active req limit reached, No optimizations performed
02-26 22:38:45.485  4130  4583 D CommonApp-254-10300: transport layer data is invalid
02-26 22:38:45.498  1493  1493 E ANDR-PERF-MPCTL: Active req limit reached, No optimizations performed
02-26 22:38:45.666  1510 18624 I QC2Comp : [vp9D_3677] Stats: Pending(3) i/p-done(0) Works: Q: 26/Done 25|Work-Rate: Q(0.0/s Avg=0.0/s) Done(0.000/s Avg=0.007/s)| Stream: 25.00fps 328.6Kbps
02-26 22:38:45.666  1510 18624 I QC2Comp : Mem-usage:  [In-1D - 5 bufs 14.941 MB] [1D-0 - 15 bufs 0.234 MB] [2D-3534 - 23 bufs 51.750 MB]
02-26 22:38:45.666  1510 18624 I QC2Comp : Total Mem-usage: 66.926 MB
02-26 22:38:45.819  1540  1753 D BatteryChargeControl: bcc get no support from charging protocol
02-26 22:38:45.845  9844 10271 I PlayCommon: [1142] Connecting to server: https://play.googleapis.com/play/log?format=raw&proto_v2=true
02-26 22:38:45.865  4130  4583 D CommonApp-254-10300: DefaultState EVENT_SCENARIOS_CHANGE
02-26 22:38:45.866  4130  4583 D CommonApp-254-10300: scene=COMMON pn=com.facebook.katana
02-26 22:38:46.003  9844 10271 I PlayCommon: [1142] Successfully uploaded logs.
02-26 22:38:46.230  7270 29953 D ShellSubscriberWorkerThread: the first 8 bytes empty, and RestData length > 8 
02-26 22:38:46.273  7270 25436 E MIDASApplication: MIDASPullAtomManager: onPullAtom 150122
02-26 22:38:46.303  2026  4017 W Settings: Setting notification_bubbles has moved from android.provider.Settings.Global to android.provider.Settings.Secure, returning read-only value.
02-26 22:38:46.304  2026  4017 W Settings: Setting apply_ramping_ringer has moved from android.provider.Settings.Global to android.provider.Settings.System, returning read-only value.
02-26 22:38:46.308  2026  4017 W SettingsStatsUtil: Can not parse value to float: +network
02-26 22:38:46.344  1540  1540 D vendor.oplus.hardware.charger-V6-service: get_ui_charge_icon_type 0 0 0 0 0
02-26 22:38:46.346  1540  1540 D vendor.oplus.hardware.charger-V6-service: oplus_chg_get_cpa_power 2500 charge_online 1 retention_topic 0
02-26 22:38:46.354  3736  3736 I SystemUi--Statusbar: BatteryControllerExt-->updateBatteryChangeIntent():broadcast=android.intent.action.BATTERY_CHANGED,level=1,scale=100
02-26 22:38:46.354  3736  3736 I SystemUi--Statusbar: BatteryRepository-->level: 1 -- isSavingMode: false
02-26 22:38:46.356  2026  2844 D OplusDisplayBrightnessBroadcastReceiver: onReceive action = android.intent.action.BATTERY_CHANGED , listeners = [com.android.server.display.OplusFeatureHDREnhanceBrightness$PhoneInfoReceiver@d078a20, com.android.server.display.OplusFeatureEdrEnhanceBrightness$PhoneInfoReceiver@d0bbfd9]
02-26 22:38:46.358  4248  4248 D SubsysBroadcastManager: onReceive action:android.intent.action.BATTERY_CHANGED
02-26 22:38:46.363 26084 26084 D DeviceStatisticsService: onReceive: action= android.intent.action.BATTERY_CHANGED
02-26 22:38:46.366  7792  9430 E Battery : ChargeProtectionUtils: mCanlendarTmp.isEmpty()!
02-26 22:38:46.368 26780 26780 D CustomLogManagerService: onReceive android.intent.action.BATTERY_CHANGED
02-26 22:38:46.386  1540  1540 D vendor.oplus.hardware.charger-V6-service: getChargerControl:sub_current=100
02-26 22:38:46.386  1540  1540 D vendor.oplus.hardware.charger-V6-service: sub_voltage=3800
02-26 22:38:46.386  1540  1540 D vendor.oplus.hardware.charger-V6-service: sub_soc=-1
02-26 22:38:46.386  1540  1540 D vendor.oplus.hardware.charger-V6-service: sub_temperature=250
02-26 22:38:46.386  1540  1540 D vendor.oplus.hardware.charger-V6-service: main_soc=0
02-26 22:38:46.408  1493  1493 E ANDR-PERF-MPCTL: Active req limit reached, No optimizations performed
02-26 22:38:46.424  1493  1493 E ANDR-PERF-MPCTL: Active req limit reached, No optimizations performed
02-26 22:38:46.432  4074  4074 D OplusTelephonyController: onSignalStrengthChanged: SignalStrength=SignalStrength:{mCdma=CellSignalStrengthCdma: cdmaDbm=2147483647 cdmaEcio=2147483647 evdoDbm=2147483647 evdoEcio=2147483647 evdoSnr=2147483647 level=0,mGsm=CellSignalStrengthGsm: rssi=2147483647 ber=2147483647 mTa=2147483647 mLevel=0,mWcdma=CellSignalStrengthWcdma: ss=2147483647 ber=2147483647 rscp=2147483647 ecno=2147483647 level=0,mTdscdma=CellSignalStrengthTdscdma: rssi=2147483647 ber=2147483647 rscp=2147483647 level=0,mLte=CellSignalStrengthLte: rssi=-67 rsrp=-99 rsrq=-14 rssnr=6 cqiTableIndex=2147483647 cqi=2147483647 ta=2147483647 level=3 parametersUseForLevel=0,mNr=CellSignalStrengthNr:{ csiRsrp = 2147483647 csiRsrq = 2147483647 csiCqiTableIndex = 2147483647 csiCqiReport = [] ssRsrp = 2147483647 ssRsrq = 2147483647 ssSinr = 2147483647 level = 0 parametersUseForLevel = 0 timingAdvance = 2147483647 },primary=CellSignalStrengthLte}
02-26 22:38:46.432  4248  4248 D SubsysEventListenerManager-SubsysTelephonyCallback[0]: onSignalStrengthsChanged
02-26 22:38:46.435  3736  3959 I SystemUi--Statusbar: MobileConnectionRepositoryImpl-->subId:2 isSoftSimCard:false slotId:0
02-26 22:38:46.509  4130  4583 D CommonApp-254-10300: transport layer data is invalid
02-26 22:38:46.822  1540  1753 D BatteryChargeControl: bcc get no support from charging protocol
02-26 22:38:47.117  1493  1493 E ANDR-PERF-MPCTL: Active req limit reached, No optimizations performed
02-26 22:38:47.135  1493  1493 E ANDR-PERF-MPCTL: Active req limit reached, No optimizations performed
02-26 22:38:47.176  2026  3448 D WifiStaIfaceHidlImpl: getCachedScanData is not implemented by HIDL
02-26 22:38:47.186  4248  4248 D VendorWifiService: onEvent event:9,action:1
02-26 22:38:47.190  2026  3554 D OplusWifiPower_TriggerCenter: mComponentCallback: wifistat
02-26 22:38:47.336 27798  8296 I oppo_audiox_sw_effects: sweffectFx_algo_Process g_sweffectFx_Process_counter 3712 frame_count 1920 processedMsk 0x1 [2 4 48000 ] openCloseCrossFadeCfg enable 0, crossFadeCfg enable 0
02-26 22:38:47.336 27798  8296 I oppo_audiox_sw_effects: sweffectFx_algo_Processsession 0xe5617234 newDeviceID 2 deviceID 0 newServType 7 servType 6 newvolumelevel 0 volumeLevel 6 openCloseFadePath 0 fade_path 0
02-26 22:38:47.349  7647 31760 D gaia-GaiaConnectChecker: start connect check++
02-26 22:38:47.350  1540  1717 D vendor.oplus.hardware.charger-V6-service: ret_value:124, read content:,374,370,3645,3645,212,500,2200,0,1,1,4,-1,4908,0,1,0,1,1,0,0,4425,0,3,0,3,0,0,0,361,0,1,1,0,0,61,61,61,0,0,0,0,0,0,0,0,0,0
02-26 22:38:47.350  1540  1717 D vendor.oplus.hardware.charger-V6-service: gmtime: 2026-02-26-22-38-47
02-26 22:38:47.351  1540  1717 D vendor.oplus.hardware.charger-V6-service: usb_online:1, ac_online:0, wireless_online:-2147483648
02-26 22:38:47.362  7647 31827 D gaia-GaiaConnectChecker: start connect check++
02-26 22:38:47.536  4130  4583 D CommonApp-254-10300: udp pk is bigger than tcpPk,regard it as normal network
02-26 22:38:47.537  4130  4583 D CommonApp-254-10300: notifyScoreChange appScene COMMON score 80
02-26 22:38:47.538  4130  4511 E OplusDualPsManager: getDdsNetId, dual ps not init
02-26 22:38:47.540  4130  4583 D OplusScanQrCodeStatsService: get tencent pkg uid fail android.content.pm.PackageManager$NameNotFoundException: com.tencent.mm
02-26 22:38:47.570  1540  1540 D vendor.oplus.hardware.charger-V6-service: getChargerControl:sub_current=100
02-26 22:38:47.570  1540  1540 D vendor.oplus.hardware.charger-V6-service: sub_voltage=3800
02-26 22:38:47.570  1540  1540 D vendor.oplus.hardware.charger-V6-service: sub_soc=-1
02-26 22:38:47.570  1540  1540 D vendor.oplus.hardware.charger-V6-service: sub_temperature=250
02-26 22:38:47.570  1540  1540 D vendor.oplus.hardware.charger-V6-service: main_soc=0
02-26 22:38:47.824  1540  1753 D BatteryChargeControl: bcc get no support from charging protocol
02-26 22:38:48.050  1493  1493 E ANDR-PERF-MPCTL: Active req limit reached, No optimizations performed
02-26 22:38:48.059  1493  1493 E ANDR-PERF-MPCTL: Active req limit reached, No optimizations performed
02-26 22:38:48.371 26780 23512 D CustomLogManagerService: WorkHandler msg.what :5
02-26 22:38:48.371 26780 23512 D CustomLogManagerService: user experience toggle off
02-26 22:38:48.394  2317 31726 D BufferPoolAccessor2.0: bufferpool2 0xb400006f1b931c28 : 5(20480 size) total buffers - 1(4096 size) used buffers - 15442/15456 (recycle/alloc) - 38/15455 (fetch/transfer)
02-26 22:38:48.558  4130  4583 D CommonApp-254-10300: transport layer data is invalid
02-26 22:38:48.671  4074  4074 D OplusTelephonyController: onSignalStrengthChanged: SignalStrength=SignalStrength:{mCdma=CellSignalStrengthCdma: cdmaDbm=2147483647 cdmaEcio=2147483647 evdoDbm=2147483647 evdoEcio=2147483647 evdoSnr=2147483647 level=0,mGsm=CellSignalStrengthGsm: rssi=2147483647 ber=2147483647 mTa=2147483647 mLevel=0,mWcdma=CellSignalStrengthWcdma: ss=2147483647 ber=2147483647 rscp=2147483647 ecno=2147483647 level=0,mTdscdma=CellSignalStrengthTdscdma: rssi=2147483647 ber=2147483647 rscp=2147483647 level=0,mLte=CellSignalStrengthLte: rssi=-67 rsrp=-99 rsrq=-15 rssnr=0 cqiTableIndex=2147483647 cqi=2147483647 ta=2147483647 level=3 parametersUseForLevel=0,mNr=CellSignalStrengthNr:{ csiRsrp = 2147483647 csiRsrq = 2147483647 csiCqiTableIndex = 2147483647 csiCqiReport = [] ssRsrp = 2147483647 ssRsrq = 2147483647 ssSinr = 2147483647 level = 0 parametersUseForLevel = 0 timingAdvance = 2147483647 },primary=CellSignalStrengthLte}
02-26 22:38:48.672  4248  4248 D SubsysEventListenerManager-SubsysTelephonyCallback[0]: onSignalStrengthsChanged
02-26 22:38:48.674  3736  3959 I SystemUi--Statusbar: MobileConnectionRepositoryImpl-->subId:2 isSoftSimCard:false slotId:0
02-26 22:38:48.826  1540  1753 D BatteryChargeControl: bcc get no support from charging protocol
02-26 22:38:48.867 10619 31725 D BufferPoolAccessor2.0: bufferpool2 0xb400007a39247628 : 5(40960 size) total buffers - 1(8192 size) used buffers - 15450/15480 (recycle/alloc) - 39/15479 (fetch/transfer)
02-26 22:38:48.979  1493  1493 E ANDR-PERF-MPCTL: Active req limit reached, No optimizations performed
02-26 22:38:48.993  1493  1493 E ANDR-PERF-MPCTL: Active req limit reached, No optimizations performed
02-26 22:38:49.386  2026  4174 I OplusHansManager : uid=10350, pkg=com.happymod.apk cannot transition from M to F, importance=fg-service
02-26 22:38:49.553  4248  4248 D SubsysEventListenerManager-SubsysTelephonyCallback[0]: onSignalStrengthsChanged
02-26 22:38:49.553  4074  4074 D OplusTelephonyController: onSignalStrengthChanged: SignalStrength=SignalStrength:{mCdma=CellSignalStrengthCdma: cdmaDbm=2147483647 cdmaEcio=2147483647 evdoDbm=2147483647 evdoEcio=2147483647 evdoSnr=2147483647 level=0,mGsm=CellSignalStrengthGsm: rssi=2147483647 ber=2147483647 mTa=2147483647 mLevel=0,mWcdma=CellSignalStrengthWcdma: ss=2147483647 ber=2147483647 rscp=2147483647 ecno=2147483647 level=0,mTdscdma=CellSignalStrengthTdscdma: rssi=2147483647 ber=2147483647 rscp=2147483647 level=0,mLte=CellSignalStrengthLte: rssi=-67 rsrp=-99 rsrq=-14 rssnr=6 cqiTableIndex=2147483647 cqi=2147483647 ta=2147483647 level=3 parametersUseForLevel=0,mNr=CellSignalStrengthNr:{ csiRsrp = 2147483647 csiRsrq = 2147483647 csiCqiTableIndex = 2147483647 csiCqiReport = [] ssRsrp = 2147483647 ssRsrq = 2147483647 ssSinr = 2147483647 level = 0 parametersUseForLevel = 0 timingAdvance = 2147483647 },primary=CellSignalStrengthLte}
02-26 22:38:49.555  3736  3959 I SystemUi--Statusbar: MobileConnectionRepositoryImpl-->subId:2 isSoftSimCard:false slotId:0
02-26 22:38:49.582  4130  4583 D CommonApp-254-10300: transport layer data is invalid
02-26 22:38:49.678  1493  1493 E ANDR-PERF-MPCTL: Active req limit reached, No optimizations performed
02-26 22:38:49.693  1493  1493 E ANDR-PERF-MPCTL: Active req limit reached, No optimizations performed
02-26 22:38:49.827  1540  1753 D BatteryChargeControl: bcc get no support from charging protocol
02-26 22:38:49.877  3978 13340 D IpClient/wlan0: interfaceLinkStateChanged: ifindex 27 up
02-26 22:38:50.193  2026  3448 D WifiStaIfaceHidlImpl: getCachedScanData is not implemented by HIDL
02-26 22:38:50.204  4248  4248 D VendorWifiService: onEvent event:9,action:1
02-26 22:38:50.206  2026  3554 D OplusWifiPower_TriggerCenter: mComponentCallback: wifistat
02-26 22:38:50.247  1535  4282 E PerformanceService: storage_feature: open /sys/devices/platform/soc/112b0000.ufshci//virtualtlcbuff fail
02-26 22:38:50.606  4130  4583 D CommonApp-254-10300: transport layer data is invalid
02-26 22:38:50.614  1493  1493 E ANDR-PERF-MPCTL: Active req limit reached, No optimizations performed
02-26 22:38:50.627  1493  1493 E ANDR-PERF-MPCTL: Active req limit reached, No optimizations performed
02-26 22:38:50.667  1510 18624 I QC2Comp : [vp9D_3677] Stats: Pending(3) i/p-done(0) Works: Q: 26/Done 25|Work-Rate: Q(0.0/s Avg=0.0/s) Done(0.000/s Avg=0.007/s)| Stream: 25.00fps 328.6Kbps
02-26 22:38:50.667  1510 18624 I QC2Comp : Mem-usage:  [In-1D - 5 bufs 14.941 MB] [1D-0 - 15 bufs 0.234 MB] [2D-3534 - 23 bufs 51.750 MB]
02-26 22:38:50.667  1510 18624 I QC2Comp : Total Mem-usage: 66.926 MB
02-26 22:38:50.829  1540  1753 D BatteryChargeControl: bcc get no support from charging protocol
02-26 22:38:50.911  4074  4074 D OplusTelephonyController: onSignalStrengthChanged: SignalStrength=SignalStrength:{mCdma=CellSignalStrengthCdma: cdmaDbm=2147483647 cdmaEcio=2147483647 evdoDbm=2147483647 evdoEcio=2147483647 evdoSnr=2147483647 level=0,mGsm=CellSignalStrengthGsm: rssi=2147483647 ber=2147483647 mTa=2147483647 mLevel=0,mWcdma=CellSignalStrengthWcdma: ss=2147483647 ber=2147483647 rscp=2147483647 ecno=2147483647 level=0,mTdscdma=CellSignalStrengthTdscdma: rssi=2147483647 ber=2147483647 rscp=2147483647 level=0,mLte=CellSignalStrengthLte: rssi=-63 rsrp=-97 rsrq=-16 rssnr=9 cqiTableIndex=2147483647 cqi=2147483647 ta=2147483647 level=4 parametersUseForLevel=0,mNr=CellSignalStrengthNr:{ csiRsrp = 2147483647 csiRsrq = 2147483647 csiCqiTableIndex = 2147483647 csiCqiReport = [] ssRsrp = 2147483647 ssRsrq = 2147483647 ssSinr = 2147483647 level = 0 parametersUseForLevel = 0 timingAdvance = 2147483647 },primary=CellSignalStrengthLte}
02-26 22:38:50.911  4248  4248 D SubsysEventListenerManager-SubsysTelephonyCallback[0]: onSignalStrengthsChanged
02-26 22:38:50.914  3736  3959 I SystemUi--Statusbar: MobileConnectionRepositoryImpl-->subId:2 isSoftSimCard:false slotId:0
02-26 22:38:51.358  9934 18623 I OplusFeedbackInfo: 0xb4000078a2baaa00 c2.qti.vp9.decoder codec[0xb400007ab3678000] 720x1280 inputFps=0 outputFps=0 renderFps=0, discardFps=0
02-26 22:38:51.548  1493  1493 E ANDR-PERF-MPCTL: Active req limit reached, No optimizations performed
02-26 22:38:51.560  1493  1493 E ANDR-PERF-MPCTL: Active req limit reached, No optimizations performed
02-26 22:38:51.630  4130  4583 D CommonApp-254-10300: transport layer data is invalid
02-26 22:38:51.831  1540  1753 D BatteryChargeControl: bcc get no support from charging protocol
02-26 22:38:52.246  1493  1493 E ANDR-PERF-MPCTL: Active req limit reached, No optimizations performed
02-26 22:38:52.262  1493  1493 E ANDR-PERF-MPCTL: Active req limit reached, No optimizations performed
02-26 22:38:52.353  1540  1717 D vendor.oplus.hardware.charger-V6-service: ret_value:124, read content:,374,370,3645,3645,123,500,2200,0,1,1,4,-1,4908,0,1,0,1,1,0,0,4425,0,3,0,3,0,0,0,361,0,1,1,0,0,61,61,61,0,0,0,0,0,0,0,0,0,0
02-26 22:38:52.353  1540  1717 D vendor.oplus.hardware.charger-V6-service: gmtime: 2026-02-26-22-38-52
02-26 22:38:52.354  1540  1717 D vendor.oplus.hardware.charger-V6-service: usb_online:1, ac_online:0, wireless_online:-2147483648
02-26 22:38:52.457 27798  8296 I oppo_audiox_sw_effects: sweffectFx_algo_Process g_sweffectFx_Process_counter 3840 frame_count 1920 processedMsk 0x1 [2 4 48000 ] openCloseCrossFadeCfg enable 0, crossFadeCfg enable 0
02-26 22:38:52.457 27798  8296 I oppo_audiox_sw_effects: sweffectFx_algo_Processsession 0xe5617234 newDeviceID 2 deviceID 0 newServType 7 servType 6 newvolumelevel 0 volumeLevel 6 openCloseFadePath 0 fade_path 0
02-26 22:38:52.501  1540  1540 D vendor.oplus.hardware.charger-V6-service: get_ui_charge_icon_type 0 0 0 0 0
02-26 22:38:52.502  1540  1540 D vendor.oplus.hardware.charger-V6-service: oplus_chg_get_cpa_power 2500 charge_online 1 retention_topic 0
02-26 22:38:52.505  3736  3736 I SystemUi--Statusbar: BatteryControllerExt-->updateBatteryChangeIntent():broadcast=android.intent.action.BATTERY_CHANGED,level=1,scale=100
02-26 22:38:52.505  3736  3736 I SystemUi--Statusbar: BatteryRepository-->level: 1 -- isSavingMode: false
02-26 22:38:52.510  2026  2844 D OplusDisplayBrightnessBroadcastReceiver: onReceive action = android.intent.action.BATTERY_CHANGED , listeners = [com.android.server.display.OplusFeatureHDREnhanceBrightness$PhoneInfoReceiver@d078a20, com.android.server.display.OplusFeatureEdrEnhanceBrightness$PhoneInfoReceiver@d0bbfd9]
02-26 22:38:52.510  4248  4248 D SubsysBroadcastManager: onReceive action:android.intent.action.BATTERY_CHANGED
02-26 22:38:52.514 26084 26084 D DeviceStatisticsService: onReceive: action= android.intent.action.BATTERY_CHANGED
02-26 22:38:52.518  7792  9430 E Battery : ChargeProtectionUtils: mCanlendarTmp.isEmpty()!
02-26 22:38:52.519 26780 26780 D CustomLogManagerService: onReceive android.intent.action.BATTERY_CHANGED
02-26 22:38:52.538  1540  1540 D vendor.oplus.hardware.charger-V6-service: getChargerControl:sub_current=100
02-26 22:38:52.538  1540  1540 D vendor.oplus.hardware.charger-V6-service: sub_voltage=3800
02-26 22:38:52.538  1540  1540 D vendor.oplus.hardware.charger-V6-service: sub_soc=-1
02-26 22:38:52.538  1540  1540 D vendor.oplus.hardware.charger-V6-service: sub_temperature=250
02-26 22:38:52.538  1540  1540 D vendor.oplus.hardware.charger-V6-service: main_soc=0
02-26 22:38:52.546  4074  4074 D OplusTelephonyController: onSignalStrengthChanged: SignalStrength=SignalStrength:{mCdma=CellSignalStrengthCdma: cdmaDbm=2147483647 cdmaEcio=2147483647 evdoDbm=2147483647 evdoEcio=2147483647 evdoSnr=2147483647 level=0,mGsm=CellSignalStrengthGsm: rssi=2147483647 ber=2147483647 mTa=2147483647 mLevel=0,mWcdma=CellSignalStrengthWcdma: ss=2147483647 ber=2147483647 rscp=2147483647 ecno=2147483647 level=0,mTdscdma=CellSignalStrengthTdscdma: rssi=2147483647 ber=2147483647 rscp=2147483647 level=0,mLte=CellSignalStrengthLte: rssi=-67 rsrp=-99 rsrq=-13 rssnr=0 cqiTableIndex=2147483647 cqi=2147483647 ta=2147483647 level=3 parametersUseForLevel=0,mNr=CellSignalStrengthNr:{ csiRsrp = 2147483647 csiRsrq = 2147483647 csiCqiTableIndex = 2147483647 csiCqiReport = [] ssRsrp = 2147483647 ssRsrq = 2147483647 ssSinr = 2147483647 level = 0 parametersUseForLevel = 0 timingAdvance = 2147483647 },primary=CellSignalStrengthLte}
02-26 22:38:52.547  4248  4248 D SubsysEventListenerManager-SubsysTelephonyCallback[0]: onSignalStrengthsChanged
02-26 22:38:52.553  3736  3959 I SystemUi--Statusbar: MobileConnectionRepositoryImpl-->subId:2 isSoftSimCard:false slotId:0
02-26 22:38:52.591  1540  1540 D vendor.oplus.hardware.charger-V6-service: getChargerControl:sub_current=100
02-26 22:38:52.591  1540  1540 D vendor.oplus.hardware.charger-V6-service: sub_voltage=3800
02-26 22:38:52.591  1540  1540 D vendor.oplus.hardware.charger-V6-service: sub_soc=-1
02-26 22:38:52.591  1540  1540 D vendor.oplus.hardware.charger-V6-service: sub_temperature=250
02-26 22:38:52.591  1540  1540 D vendor.oplus.hardware.charger-V6-service: main_soc=0
02-26 22:38:52.656  4130  4583 D CommonApp-254-10300: udp pk is bigger than tcpPk,regard it as normal network
02-26 22:38:52.656  4130  4583 D CommonApp-254-10300: notifyScoreChange appScene COMMON score 80
02-26 22:38:52.656  4130  4511 E OplusDualPsManager: getDdsNetId, dual ps not init
02-26 22:38:52.659  4130  4583 D OplusScanQrCodeStatsService: get tencent pkg uid fail android.content.pm.PackageManager$NameNotFoundException: com.tencent.mm
02-26 22:38:52.832  1540  1753 D BatteryChargeControl: bcc get no support from charging protocol
02-26 22:38:52.869  4130  4583 D CommonApp-254-10300: DefaultState EVENT_SCENARIOS_CHANGE
02-26 22:38:52.869  4130  4583 D CommonApp-254-10300: scene=COMMON pn=com.facebook.katana
02-26 22:38:53.180  1493  1493 E ANDR-PERF-MPCTL: Active req limit reached, No optimizations performed
02-26 22:38:53.205  1493  1493 E ANDR-PERF-MPCTL: Active req limit reached, No optimizations performed
02-26 22:38:53.211  2026  3448 D WifiStaIfaceHidlImpl: getCachedScanData is not implemented by HIDL
02-26 22:38:53.219  4248  4248 D VendorWifiService: onEvent event:9,action:1
02-26 22:38:53.223  2026  3554 D OplusWifiPower_TriggerCenter: mComponentCallback: wifistat
02-26 22:38:53.465  2317 31726 D BufferPoolAccessor2.0: bufferpool2 0xb400006f1b931c28 : 5(20480 size) total buffers - 1(4096 size) used buffers - 15661/15675 (recycle/alloc) - 38/15674 (fetch/transfer)
02-26 22:38:53.678  4130  4583 D CommonApp-254-10300: commonScoreStrategy scenarios low package
02-26 22:38:53.834  1540  1753 D BatteryChargeControl: bcc get no support from charging protocol
02-26 22:38:54.114  1493  1493 E ANDR-PERF-MPCTL: Active req limit reached, No optimizations performed
02-26 22:38:54.131  1493  1493 E ANDR-PERF-MPCTL: Active req limit reached, No optimizations performed
02-26 22:38:54.278  1483  1483 I android.hardware.thermal@2.0-service.qti: Sensor Name:skintemp: 40.29. prev severity:0. cur severity:3 New severity:3
02-26 22:38:54.284  1483  1483 I android.hardware.thermal@2.0-service.qti: Sensor Name:skintemp: 40.29. prev severity:0. cur severity:3 New severity:3
02-26 22:38:54.290  1483  1483 I android.hardware.thermal@2.0-service.qti: Sensor Name:skintemp: 40.29. prev severity:0. cur severity:3 New severity:3
02-26 22:38:54.295  1483  1483 I android.hardware.thermal@2.0-service.qti: Sensor Name:skintemp: 40.29. prev severity:0. cur severity:3 New severity:3
02-26 22:38:54.297  5236  5397 I midasd  : OplusObrainService::notifyEventInt eventId:21 iParam:0
02-26 22:38:54.298  7270 25436 I OplusObrain: OplusObrainClientInvoke.nativeGetTelephonyInfo
02-26 22:38:54.300  7270 25436 I OplusObrain: OplusObrainClientInvoke.nativeGetTrafficTypeInfoForNetworkType networkType 0
02-26 22:38:54.301  2026  4017 D KernelStatsHelper: getKernelStats start!
02-26 22:38:54.302  5236 13430 E midasd  : Read file /sys/class/power_supply/usb/current_now failed.(No data available)
02-26 22:38:54.303  2026  3531 D OplusNetlinkSocket: handleNetlinkRecvKernelMessage:nlmsghdr:StructNlMsgHdr{ nlmsg_len{3004}, nlmsg_type{33()}, nlmsg_flags{0()}, nlmsg_seq{0}, nlmsg_pid{132779467} }
02-26 22:38:54.303  2026  3531 D KernelStatsHelper: get magic :[-1, -1, -1, 77, 65, 71, 73, 67]
02-26 22:38:54.303  2026  3531 D KernelStatsHelper: magic matched count:434 data_len:22568
02-26 22:38:54.303  2026  3531 D OplusNetlinkSocket: handleNetlinkRecvKernelMessage:nlmsghdr:StructNlMsgHdr{ nlmsg_len{2988}, nlmsg_type{33()}, nlmsg_flags{0()}, nlmsg_seq{0}, nlmsg_pid{132779467} }
02-26 22:38:54.303  2026  3531 D OplusNetlinkSocket: handleNetlinkRecvKernelMessage:nlmsghdr:StructNlMsgHdr{ nlmsg_len{2988}, nlmsg_type{33()}, nlmsg_flags{0()}, nlmsg_seq{0}, nlmsg_pid{132779467} }
02-26 22:38:54.303  2026  3531 D OplusNetlinkSocket: handleNetlinkRecvKernelMessage:nlmsghdr:StructNlMsgHdr{ nlmsg_len{2988}, nlmsg_type{33()}, nlmsg_flags{0()}, nlmsg_seq{0}, nlmsg_pid{132779467} }
02-26 22:38:54.304  2026  3531 D OplusNetlinkSocket: handleNetlinkRecvKernelMessage:nlmsghdr:StructNlMsgHdr{ nlmsg_len{2988}, nlmsg_type{33()}, nlmsg_flags{0()}, nlmsg_seq{0}, nlmsg_pid{132779467} }
02-26 22:38:54.304  2026  3531 D OplusNetlinkSocket: handleNetlinkRecvKernelMessage:nlmsghdr:StructNlMsgHdr{ nlmsg_len{2988}, nlmsg_type{33()}, nlmsg_flags{0()}, nlmsg_seq{0}, nlmsg_pid{132779467} }
02-26 22:38:54.304  2026  3531 D OplusNetlinkSocket: handleNetlinkRecvKernelMessage:nlmsghdr:StructNlMsgHdr{ nlmsg_len{2988}, nlmsg_type{33()}, nlmsg_flags{0()}, nlmsg_seq{0}, nlmsg_pid{132779467} }
02-26 22:38:54.304  2026  3531 D OplusNetlinkSocket: handleNetlinkRecvKernelMessage:nlmsghdr:StructNlMsgHdr{ nlmsg_len{1844}, nlmsg_type{33()}, nlmsg_flags{0()}, nlmsg_seq{0}, nlmsg_pid{132779467} }
02-26 22:38:54.304  2026  3531 D KernelStatsHelper: data over! check: true
