--------- beginning of main
02-27 20:56:11.833  4248  4248 D SubsysEventListenerManager-SubsysTelephonyCallback[0]: onSignalStrengthsChanged
02-27 20:56:11.834  2026  7705 I OplusBinderProxy: pb uid: 10300 pid: 10619 desc: com.android.internal.telephony.IPhoneStateListener/10
02-27 20:56:11.843  3736  3959 I SystemUi--Statusbar: MobileConnectionRepositoryImpl-->subId:2 isSoftSimCard:false slotId:0
--------- beginning of system
02-27 20:56:11.932  2026  3235 V WindowManager: Relayout Window{338c6a4 u0 com.esiri.esiriplus/com.esiri.esiriplus.MainActivity}: viewVisibility=0, oldvis=0, req=1080x1098, vsysui=, x=0, y=0
02-27 20:56:11.933 14612 14612 I SurfaceControl:  setExtendedRangeBrightness sc=Surface(name=com.esiri.esiriplus/com.esiri.esiriplus.MainActivity)/@0xa57fa57,currentBufferRatio=1.0,desiredRatio=1.0
02-27 20:56:12.068  1605  2096 D VRR [OTI]: handleIdle from 1 to 0
02-27 20:56:12.068  1605  2096 D VRR [OTI-HW]: isStateReady 0
02-27 20:56:12.068  1605  2096 D VRR [OTI-HW]: rate range: min {id=2, hwcId=4, resolution=1080x2400, vsyncRate=60.00 Hz, dpi=391.89x390.77, group=0, vrrConfig=N/A} cur {id=1, hwcId=2, resolution=1080x2400, vsyncRate=90.00 Hz, dpi=391.89x390.77, group=0, vrrConfig=N/A} max {id=1, hwcId=2, resolution=1080x2400, vsyncRate=90.00 Hz, dpi=391.89x390.77, group=0, vrrConfig=N/A}
02-27 20:56:12.068  1605  2096 D VRR [OTI-HW]: keep rate.
02-27 20:56:12.069  2026  3382 D PowerManagerService: userActivityNoUpdateLocked: groupId=0, eventTime=838638656, event=touch, flags=0x0, uid=1000
02-27 20:56:12.069  2026  3802 I [UAH_CLIENT]: UahEventAcquire, cmdid:37, pkg:none, identity:OplusUAwareInputHelper
02-27 20:56:12.070  2026  3802 D UAH-UahAdaptHelper: adaptSetNotification identity = OplusUAwareInputHelpersrc = 1000 , type 0 ,p1 = -1 ,p2 = -1 ,p3 = -1 ,p4 =
02-27 20:56:12.070  2026  3802 I [UAH_CLIENT]: uahRuleCtl, ruleId:1000, status:0
02-27 20:56:12.075  2026  3578 D OGG_Detector: D:done mCurrStatus: 0
02-27 20:56:12.077  2026  3802 D UAH-UahAdaptHelper: adaptSetNotification identity = OplusUAwareInputHelpersrc = 1000 , type 1 ,p1 = -1 ,p2 = -1 ,p3 = -1 ,p4 =
02-27 20:56:12.077  2026  3802 I [UAH_CLIENT]: uahRuleCtl, ruleId:1000, status:1
02-27 20:56:12.092 14612 14612 D ViewRootImplExtImpl: the up motion event handled by client, just return
02-27 20:56:12.097   646   646 E lowmemorykiller: device memory 401479 free 79328 file 311279
02-27 20:56:12.114 14612 15418 I okhttp.OkHttpClient: --> POST https://nzzvphhqbcscoetzfzkd.supabase.co/functions/v1/handle-consultation-request
02-27 20:56:12.114 14612 15418 I okhttp.OkHttpClient: Content-Length: 71
02-27 20:56:12.114 14612 15418 I okhttp.OkHttpClient: Content-Type: application/json
02-27 20:56:12.114 14612 15418 I okhttp.OkHttpClient: apikey: ██
02-27 20:56:12.114 14612 15418 I okhttp.OkHttpClient: Authorization: ██
02-27 20:56:12.115 14612 15418 I okhttp.OkHttpClient: {"action":"accept","request_id":"d24d8b85-d4d3-41aa-8e4f-1f38fbd45b7f"}
02-27 20:56:12.115 14612 15418 I okhttp.OkHttpClient: --> END POST (71-byte body)
02-27 20:56:12.130 14612 14612 I SurfaceControl:  setExtendedRangeBrightness sc=Surface(name=com.esiri.esiriplus/com.esiri.esiriplus.MainActivity)/@0xa57fa57,currentBufferRatio=1.0,desiredRatio=1.0
02-27 20:56:12.130  2026  3235 V WindowManager: Relayout Window{338c6a4 u0 com.esiri.esiriplus/com.esiri.esiriplus.MainActivity}: viewVisibility=0, oldvis=0, req=1080x1098, vsysui=, x=0, y=0
02-27 20:56:12.199   646   646 E lowmemorykiller: device memory 401035 free 78887 file 311464
02-27 20:56:12.282  1540  1540 D vendor.oplus.hardware.charger-V6-service: get_ui_charge_icon_type 0 0 0 0 0
02-27 20:56:12.285  1540  1540 D vendor.oplus.hardware.charger-V6-service: oplus_chg_get_cpa_power 2500 charge_online 1 retention_topic 0
02-27 20:56:12.295  2026  2844 D OplusDisplayBrightnessBroadcastReceiver: onReceive action = android.intent.action.BATTERY_CHANGED , listeners = [com.android.server.display.OplusFeatureHDREnhanceBrightness$PhoneInfoReceiver@d078a20, com.android.server.display.OplusFeatureEdrEnhanceBrightness$PhoneInfoReceiver@d0bbfd9]
02-27 20:56:12.296  4248  4248 D SubsysBroadcastManager: onReceive action:android.intent.action.BATTERY_CHANGED
02-27 20:56:12.296  3736  3736 I SystemUi--Statusbar: BatteryControllerExt-->updateBatteryChangeIntent():broadcast=android.intent.action.BATTERY_CHANGED,level=12,scale=100
02-27 20:56:12.296  3736  3736 I SystemUi--Statusbar: BatteryRepository-->level: 12 -- isSavingMode: false
02-27 20:56:12.304  7792  9430 E Battery : ChargeProtectionUtils: mCanlendarTmp.isEmpty()!
02-27 20:56:12.304 26084 26084 D DeviceStatisticsService: onReceive: action= android.intent.action.BATTERY_CHANGED
02-27 20:56:12.307 26780 26780 D CustomLogManagerService: onReceive android.intent.action.BATTERY_CHANGED
02-27 20:56:12.323  1540  1540 D vendor.oplus.hardware.charger-V6-service: getChargerControl:sub_current=100
02-27 20:56:12.323  1540  1540 D vendor.oplus.hardware.charger-V6-service: sub_voltage=3800
02-27 20:56:12.323  1540  1540 D vendor.oplus.hardware.charger-V6-service: sub_soc=-1
02-27 20:56:12.323  1540  1540 D vendor.oplus.hardware.charger-V6-service: sub_temperature=250
02-27 20:56:12.323  1540  1540 D vendor.oplus.hardware.charger-V6-service: main_soc=11
02-27 20:56:12.432  4130  4583 D CommonApp-271-10497: commonScoreStrategy scenarios low package
02-27 20:56:12.675 14612 14667 D OplusScrollToTopManager: com.esiri.esiriplus/com.esiri.esiriplus.MainActivity,This com.android.internal.policy.DecorView{1a62f51 V.E...... R....... 0,0-1080,1098 aid=1073741835 alpha=1.0 viewInfo = }[MainActivity] change focus to true
02-27 20:56:12.679  1540  1753 D BatteryChargeControl: bcc get no support from charging protocol
02-27 20:56:12.800 14128 14497 I metis_v2_OsenseCallBack: memLevel: 0 [Metis|com.oplus.metis|1.4.54-aa2067f]
02-27 20:56:12.893 14612 14612 I SurfaceControl:  setExtendedRangeBrightness sc=Surface(name=com.esiri.esiriplus/com.esiri.esiriplus.MainActivity)/@0xa57fa57,currentBufferRatio=1.0,desiredRatio=1.0
02-27 20:56:12.894  2026  3235 V WindowManager: Relayout Window{338c6a4 u0 com.esiri.esiriplus/com.esiri.esiriplus.MainActivity}: viewVisibility=0, oldvis=0, req=1080x1098, vsysui=, x=0, y=0
02-27 20:56:13.269  1510 18624 I QC2Comp : [vp9D_3677] Stats: Pending(3) i/p-done(0) Works: Q: 26/Done 25|Work-Rate: Q(0.0/s Avg=0.0/s) Done(0.000/s Avg=0.000/s)| Stream: 25.00fps 328.6Kbps
02-27 20:56:13.269  1510 18624 I QC2Comp : Mem-usage:  [In-1D - 5 bufs 14.941 MB] [1D-0 - 15 bufs 0.234 MB] [2D-3534 - 23 bufs 51.750 MB]
02-27 20:56:13.269  1510 18624 I QC2Comp : Total Mem-usage: 66.926 MB
02-27 20:56:13.381  4130  4583 D CommonApp-271-10497: DefaultState EVENT_SCENARIOS_CHANGE
02-27 20:56:13.381  4130  4583 D CommonApp-271-10497: scene=COMMON pn=com.esiri.esiriplus
02-27 20:56:13.393 14612 15418 I okhttp.OkHttpClient: <-- 200 https://nzzvphhqbcscoetzfzkd.supabase.co/functions/v1/handle-consultation-request (1277ms)
02-27 20:56:13.393 14612 15418 I okhttp.OkHttpClient: date: Fri, 27 Feb 2026 17:56:14 GMT
02-27 20:56:13.393 14612 15418 I okhttp.OkHttpClient: content-type: application/json
02-27 20:56:13.393 14612 15418 I okhttp.OkHttpClient: server: cloudflare
02-27 20:56:13.393 14612 15418 I okhttp.OkHttpClient: cf-ray: 9d498ebdde63de9f-DAR
02-27 20:56:13.393 14612 15418 I okhttp.OkHttpClient: cf-cache-status: DYNAMIC
02-27 20:56:13.393 14612 15418 I okhttp.OkHttpClient: strict-transport-security: max-age=31536000; includeSubDomains; preload
02-27 20:56:13.394 14612 15418 I okhttp.OkHttpClient: vary: Accept-Encoding, Origin
02-27 20:56:13.394 14612 15418 I okhttp.OkHttpClient: access-control-allow-headers: Authorization, Content-Type, X-Idempotency-Key
02-27 20:56:13.394 14612 15418 I okhttp.OkHttpClient: access-control-allow-methods: POST, GET, OPTIONS
02-27 20:56:13.394 14612 15418 I okhttp.OkHttpClient: access-control-max-age: 86400
02-27 20:56:13.394 14612 15418 I okhttp.OkHttpClient: sb-gateway-version: 1
02-27 20:56:13.394 14612 15418 I okhttp.OkHttpClient: sb-project-ref: nzzvphhqbcscoetzfzkd
02-27 20:56:13.394 14612 15418 I okhttp.OkHttpClient: sb-request-id: 019ca03e-72af-7326-b20d-e9258b013712
02-27 20:56:13.394 14612 15418 I okhttp.OkHttpClient: x-deno-execution-id: ab8e1868-0533-4200-b50a-7d2cc8346b0d
02-27 20:56:13.394 14612 15418 I okhttp.OkHttpClient: x-sb-edge-region: eu-west-3
02-27 20:56:13.395 14612 15418 I okhttp.OkHttpClient: x-served-by: supabase-edge-runtime
02-27 20:56:13.395 14612 15418 I okhttp.OkHttpClient: set-cookie: __cf_bm=u5IWqO01ZjY7zGtTtr7qEf8YNACtfk7eHoP.e18Y.VY-1772214974-1.0.1.1-dsyNLKpPYcTZxQ6n8ftga5w88DECZn6ySCnICmWO3Oj.hLcRFBflBD3KT5zSCNBHmJq1kXkue5DQf5c3mQfTkjnBv8nLgBi8kFbULts9oA0; path=/; expires=Fri, 27-Feb-26 18:26:14 GMT; domain=.supabase.co; HttpOnly; Secure; SameSite=None
02-27 20:56:13.395 14612 15418 I okhttp.OkHttpClient: alt-svc: h3=":443"; ma=86400
02-27 20:56:13.398 14612 15418 I okhttp.OkHttpClient: {"request_id":"d24d8b85-d4d3-41aa-8e4f-1f38fbd45b7f","status":"insert_error","debug_error":"Patient already has an open consultation","debug_code":"P0001","debug_details":null}
02-27 20:56:13.398 14612 15418 I okhttp.OkHttpClient: <-- END HTTP (176-byte body)
02-27 20:56:13.405 14612 14612 D ConsultReqService: Accept raw result: Success(data={"request_id":"d24d8b85-d4d3-41aa-8e4f-1f38fbd45b7f","status":"insert_error","debug_error":"Patient already has an open consultation","debug_code":"P0001","debug_details":null})
02-27 20:56:13.405 14612 14612 D ConsultReqService: Accept response body: {"request_id":"d24d8b85-d4d3-41aa-8e4f-1f38fbd45b7f","status":"insert_error","debug_error":"Patient already has an open consultation","debug_code":"P0001","debug_details":null}
02-27 20:56:13.441  2026  3235 V WindowManager: Relayout Window{338c6a4 u0 com.esiri.esiriplus/com.esiri.esiriplus.MainActivity}: viewVisibility=0, oldvis=0, req=1080x588, vsysui=, x=0, y=0
02-27 20:56:13.446  2026  3235 D WindowManager: setFrameRateStart invalid typeId return!
02-27 20:56:13.450  2026  2620 D callGcSupression: java.lang.NullPointerException: Attempt to invoke virtual method 'java.lang.Object java.lang.reflect.Method.invoke(java.lang.Object, java.lang.Object[])' on a null object reference
02-27 20:56:13.450  2026  2620 D SurfaceAnimationRunner: onAnimationStart:Surface(name=Surface(name=338c6a4 com.esiri.esiriplus/com.esiri.esiriplus.MainActivity)/@0x3340c09 - animation-leash of window_animation)/@0xc061991
02-27 20:56:13.457  4130  4583 D CommonApp-271-10497: commonScoreStrategy scenarios low package
02-27 20:56:13.458 14612 14650 D BufferQueueProducer: [VRI[MainActivity]#2(BLAST Consumer)2](id:391400000002,api:1,p:14612,c:14612) disconnect: api 1
02-27 20:56:13.459 14612 14650 D BufferQueueProducer: [VRI[MainActivity]#2(BLAST Consumer)2](id:391400000002,api:1,p:14612,c:14612) connect: api=1 producerControlledByApp=true
02-27 20:56:13.465 14612 14612 I SurfaceControl:  setExtendedRangeBrightness sc=Surface(name=com.esiri.esiriplus/com.esiri.esiriplus.MainActivity)/@0xa57fa57,currentBufferRatio=1.0,desiredRatio=1.0
02-27 20:56:13.477 14612 14650 D BLASTBufferQueue: [VRI[MainActivity]#2](f:0,a:2) producer disconnected before acquireNextBufferLocked
02-27 20:56:13.480 14612 14612 D callGcSupression: java.lang.NullPointerException: Attempt to invoke virtual method 'java.lang.Object java.lang.reflect.Method.invoke(java.lang.Object, java.lang.Object[])' on a null object reference
02-27 20:56:13.480 14612 14612 W VRI[MainActivity]: handleResized abandoned!
02-27 20:56:13.503  1535  4282 D PerformanceService: open /proc/oplus_healthinfo/vmalloc_used failed! err:No such file or directory, Linux version 5.4.254
02-27 20:56:13.504  4244  4914 W Athena  : VmallocNode: vmallocInfo is empty.
02-27 20:56:13.504  1535  4282 D PerformanceService: open /proc/oplus_healthinfo/kmalloc_used failed! err:No such file or directory, Linux version 5.4.254
02-27 20:56:13.680  1540  1753 D BatteryChargeControl: bcc get no support from charging protocol
02-27 20:56:13.844  2026  3448 D WifiStaIfaceHidlImpl: getCachedScanData is not implemented by HIDL
02-27 20:56:13.850  2026  2620 D callGcDesupression: java.lang.NullPointerException: Attempt to invoke virtual method 'java.lang.Object java.lang.reflect.Method.invoke(java.lang.Object, java.lang.Object[])' on a null object reference
02-27 20:56:13.850  2026  2620 D SurfaceAnimationRunner: onAnimationEnd:Surface(name=Surface(name=338c6a4 com.esiri.esiriplus/com.esiri.esiriplus.MainActivity)/@0x3340c09 - animation-leash of window_animation)/@0xc061991
02-27 20:56:13.867  4248  4248 D VendorWifiService: onEvent event:9,action:1
02-27 20:56:13.868  2026  3554 D OplusWifiPower_TriggerCenter: mComponentCallback: wifistat
02-27 20:56:14.125  1535  4282 E PerformanceService: storage_feature: open /sys/devices/platform/soc/112b0000.ufshci//virtualtlcbuff fail
02-27 20:56:14.288   646   646 E lowmemorykiller: device memory 401479 free 78286 file 311721
02-27 20:56:14.288  2026  3795 I Osense-PsiDetector: 1568,305,1903,7679,76,412,223,1297,1590,478,738,0,8,8219
02-27 20:56:14.290 14128 14497 I metis_v2_OsenseCallBack: memLevel: 2 [Metis|com.oplus.metis|1.4.54-aa2067f]
02-27 20:56:14.310 26780 23512 D CustomLogManagerService: WorkHandler msg.what :5
02-27 20:56:14.311 26780 23512 D CustomLogManagerService: user experience toggle off
02-27 20:56:14.479  4130  4583 D CommonApp-271-10497: transport layer data is invalid
02-27 20:56:14.684  1540  1753 D BatteryChargeControl: bcc get no support from charging protocol
02-27 20:56:14.933 14612 14612 D OplusScrollToTopManager: com.esiri.esiriplus/com.esiri.esiriplus.MainActivity,window dying
02-27 20:56:14.933 14612 14612 D OplusScrollToTopManager: com.esiri.esiriplus/com.esiri.esiriplus.MainActivity,unregisterSystemUIBroadcastReceiver 
02-27 20:56:14.934 14612 14612 D OplusScrollToTopManager: com.esiri.esiriplus/com.esiri.esiriplus.MainActivity, unregisterSystemUIBroadcastReceiver failed java.lang.IllegalArgumentException: Receiver not registered: android.view.OplusScrollToTopManager$2@895ad21
02-27 20:56:14.936 14612 14612 W WindowOnBackDispatcher: sendCancelIfRunning: isInProgress=false callback=android.view.ViewRootImpl$$ExternalSyntheticLambda11@ff39138
02-27 20:56:14.936  2026  3235 D CoreBackPreview: Window{338c6a4 u0 com.esiri.esiriplus/com.esiri.esiriplus.MainActivity}: Setting back callback null
02-27 20:56:14.956 14612 14612 D HWUI    : RenderProxy::destroy: this=0xb400007afa9fac00, mContext=0xb400007ae24d76c0
02-27 20:56:14.956 14612 14650 D HWUI    : SkiaOpenGLPipeline::setSurface: this=0xb400007ae249b300, surface=NULL
02-27 20:56:14.957 14612 14650 D BufferQueueProducer: [VRI[MainActivity]#2(BLAST Consumer)2](id:391400000002,api:1,p:14612,c:14612) disconnect: api 1
02-27 20:56:14.957 14612 14612 D BLASTBufferQueue: [VRI[MainActivity]#2](f:0,a:1) destructor()
02-27 20:56:14.958 14612 14612 D BufferQueueConsumer: [VRI[MainActivity]#2(BLAST Consumer)2](id:391400000002,api:0,p:-1,c:14612) disconnect
02-27 20:56:14.960  2026  7705 I InputDispatcher: channel '338c6a4 com.esiri.esiriplus/com.esiri.esiriplus.MainActivity (server)'~ abortBrokenDispatchCycleLocked - notify=false
02-27 20:56:14.960  2026  7705 W InputManager-JNI: Input channel object '338c6a4 com.esiri.esiriplus/com.esiri.esiriplus.MainActivity (client)' was disposed without first being removed with the input manager!
02-27 20:56:14.964  2026  7705 D WindowManager: setFrameRateStart invalid typeId return!
02-27 20:56:14.965  2026  7705 D WindowManager: NFW_findFocusedWindowIfNeeded:Window{3e73632 u0 com.esiri.esiriplus/com.esiri.esiriplus.MainActivity} mCurrentFocus:Window{338c6a4 u0 com.esiri.esiriplus/com.esiri.esiriplus.MainActivity EXITING}
02-27 20:56:14.967  2026  7705 V WindowManager: Changing focus from Window{338c6a4 u0 com.esiri.esiriplus/com.esiri.esiriplus.MainActivity EXITING} to Window{3e73632 u0 com.esiri.esiriplus/com.esiri.esiriplus.MainActivity},diplayid=0
02-27 20:56:14.969  2026  7705 D WindowManager: setFrameRateStart invalid typeId return!
02-27 20:56:14.972  2026  2620 D callGcSupression: java.lang.NullPointerException: Attempt to invoke virtual method 'java.lang.Object java.lang.reflect.Method.invoke(java.lang.Object, java.lang.Object[])' on a null object reference
02-27 20:56:14.972  2026  2620 D SurfaceAnimationRunner: onAnimationStart:Surface(name=Surface(name=338c6a4 com.esiri.esiriplus/com.esiri.esiriplus.MainActivity)/@0x3340c09 - animation-leash of window_animation)/@0x4f8901
02-27 20:56:14.973  2026  7705 D WindowManager: setFrameRateStart invalid typeId return!
02-27 20:56:14.975  2026  7705 D Theia.NoFocusWindow: FocusWindowErrorScene cancelCheckFreezeScreen
02-27 20:56:14.975  2026  7705 D Theia.TransparentWindow: TransparentWindow cancelCheckFreezeScreen
02-27 20:56:14.976  2026  7705 W TheiaWindowMonitor: [check] focusedWindow is null or enable is false
02-27 20:56:14.994  2026  2620 D callGcSupression: java.lang.NullPointerException: Attempt to invoke virtual method 'java.lang.Object java.lang.reflect.Method.invoke(java.lang.Object, java.lang.Object[])' on a null object reference
02-27 20:56:14.994  2026  2620 D SurfaceAnimationRunner: onAnimationStart:Surface(name=Dim Layer for - Task=8095)/@0x5085fc5
02-27 20:56:14.996  2026  7705 I InputDispatcher: updateFocusedWindow,  on display 0, reason: NO_WINDOW, result:   FocusedWindows: <none>
02-27 20:56:14.997  2026  2615 V WindowManager: Unknown focus tokens, dropping reportFocusChanged
02-27 20:56:15.006  1540  1717 D vendor.oplus.hardware.charger-V6-service: ret_value:126, read content:,376,363,3684,3684,84,500,2200,11,12,1,4,-1,4927,11,1,0,1,1,0,0,4425,0,2,0,2,0,0,0,365,0,1,1,0,0,61,61,61,0,0,0,0,0,0,0,0,0,0
02-27 20:56:15.006  1540  1717 D vendor.oplus.hardware.charger-V6-service: gmtime: 2026-02-27-20-56-15
02-27 20:56:15.007  1540  1717 D vendor.oplus.hardware.charger-V6-service: usb_online:1, ac_online:0, wireless_online:-2147483648
02-27 20:56:15.013  1605  2112 D SurfaceFlinger: updateWinowInfo=1, setFocusedWindow timestamp=838641599567684, windowName=3e73632 com.esiri.esiriplus/com.esiri.esiriplus.MainActivity
02-27 20:56:15.013  2026  7705 I InputDispatcher: NFW_setFocusedWindow, 3e73632 com.esiri.esiriplus/com.esiri.esiriplus.MainActivity on display 0, same as the previous:0
02-27 20:56:15.013  2026  7705 I InputDispatcher: updateFocusedWindow, 3e73632 com.esiri.esiriplus/com.esiri.esiriplus.MainActivity on display 0, reason: setFocusedWindow, result:   FocusedWindows:
02-27 20:56:15.013  2026  7705 I InputDispatcher:     displayId=0, name='3e73632 com.esiri.esiriplus/com.esiri.esiriplus.MainActivity'
02-27 20:56:15.014 14612 14612 D VRI[MainActivity]: onFocusEvent true
02-27 20:56:15.018  2026  3400 D InputMethodManagerService: isSecurity: attribute.packageName = com.esiri.esiriplus mCurMethodId = com.google.android.inputmethod.latin/com.android.inputmethod.latin.LatinIME isSecurity = false ( enable = true needShow = false inBlackList = false isExist = true )
02-27 20:56:15.018  2026  3400 I ImeTracker: com.esiri.esiriplus:266083f4: onRequestHide at ORIGIN_SERVER reason HIDE_UNSPECIFIED_WINDOW fromUser false
02-27 20:56:15.018  2026  3400 I ImeTracker: com.esiri.esiriplus:266083f4: onCancelled at PHASE_SERVER_SHOULD_HIDE
02-27 20:56:15.021 19788 19788 I GoogleInputMethodService: GoogleInputMethodService.onFinishInput():2113 
02-27 20:56:15.022 19788 19788 I Module  : DeviceLockedStatusModuleProvider$Module.updateDeviceLockedStatus():103 repeatCheckTimes = 0, locked = false
02-27 20:56:15.023 19788 19788 I GoogleInputMethodService: GoogleInputMethodService.onStartInput():1384 onStartInput(EditorInfo{EditorInfo{packageName=com.esiri.esiriplus, inputType=0, inputTypeString=NULL, enableLearning=false, autoCorrection=false, autoComplete=false, imeOptions=0, privateImeOptions=null, actionName=UNSPECIFIED, actionLabel=null, initialSelStart=-1, initialSelEnd=-1, initialCapsMode=0, label=null, fieldId=0, fieldName=null, extras=Bundle[{com.oplus.im.WINDOW_MODE=1, com.oplus.im.SCENES=0}], hintText=null, hintLocales=[]}}, false)
02-27 20:56:15.023 19788 19788 I AndroidIME: LatinIMEBase.updateInputViewCoverNavigation():314 Update input view padding, extendsTouchBelowSpace=false, bottom inset=132
02-27 20:56:15.024 19788 19788 I Module  : DeviceLockedStatusModuleProvider$Module.updateDeviceLockedStatus():103 repeatCheckTimes = 1, locked = false
02-27 20:56:15.025  2026  7705 D WindowManager: setFrameRateStart invalid typeId return!
02-27 20:56:15.025  2026  4235 W PackageConfigPersister: App-specific configuration not found for packageName: com.esiri.esiriplus and userId: 0
02-27 20:56:15.129  2026  2620 D callGcDesupression: java.lang.NullPointerException: Attempt to invoke virtual method 'java.lang.Object java.lang.reflect.Method.invoke(java.lang.Object, java.lang.Object[])' on a null object reference
02-27 20:56:15.129  2026  2620 D SurfaceAnimationRunner: onAnimationEnd:Surface(name=Surface(name=338c6a4 com.esiri.esiriplus/com.esiri.esiriplus.MainActivity)/@0x3340c09 - animation-leash of window_animation)/@0x4f8901
02-27 20:56:15.130  2026  2618 I OplusScreenSecurityMask: remove WindowsName list: Window{338c6a4 u0 com.esiri.esiriplus/com.esiri.esiriplus.MainActivity EXITING} list size: 1 isFromSetSecure: false , surfaceShown = false , displayId = 0
02-27 20:56:15.130  2026  2618 I OplusScreenSecurityMask: don't callback because already callback once
02-27 20:56:15.130  2026  2618 I WindowManager: Window{338c6a4 u0 com.esiri.esiriplus/com.esiri.esiriplus.MainActivity EXITING} state from HAS_DRAWN to NO_SURFACE; reason: destroySurface
02-27 20:56:15.151  2026  2620 D callGcDesupression: java.lang.NullPointerException: Attempt to invoke virtual method 'java.lang.Object java.lang.reflect.Method.invoke(java.lang.Object, java.lang.Object[])' on a null object reference
02-27 20:56:15.152  2026  2620 D SurfaceAnimationRunner: onAnimationEnd:Surface(name=Dim Layer for - Task=8095)/@0x5085fc5
02-27 20:56:15.195  7647 31827 D gaia-GaiaConnectChecker: start connect check++
02-27 20:56:15.209  7647 31760 D gaia-GaiaConnectChecker: start connect check++
02-27 20:56:15.229 14128 14497 I metis_v2_OsenseCallBack: memLevel: 1 [Metis|com.oplus.metis|1.4.54-aa2067f]
02-27 20:56:15.297   646   646 E lowmemorykiller: device memory 407729 free 78574 file 311740
02-27 20:56:15.332  2026  3795 I Osense-PsiDetector: 1592,307,1900,7679,76,389,223,1294,1590,478,738,0,8,8220
02-27 20:56:15.333 14128 14497 I metis_v2_OsenseCallBack: memLevel: 2 [Metis|com.oplus.metis|1.4.54-aa2067f]
02-27 20:56:15.497  1510  8349 I QC2Comp : [vp9D_3966] Stats: Pending(3) i/p-done(0) Works: Q: 26/Done 25|Work-Rate: Q(0.0/s Avg=0.0/s) Done(0.000/s Avg=0.001/s)| Stream: 30.30fps 174.6Kbps
02-27 20:56:15.497  1510  8349 I QC2Comp : Mem-usage:  [In-1D - 5 bufs 14.941 MB] [1D-0 - 15 bufs 0.234 MB] [2D-3823 - 23 bufs 17.250 MB]
02-27 20:56:15.497  1510  8349 I QC2Comp : Total Mem-usage: 32.426 MB
02-27 20:56:15.503  4130  4583 D CommonApp-271-10497: transport layer data is invalid
02-27 20:56:15.578  1605  2096 D VRR [OTI]: handleIdle from 0 to 1
02-27 20:56:15.578  1605  2096 D VRR [OTI-HW]: isStateReady 0
02-27 20:56:15.578  1605  2096 D VRR [OTI-HW]: rate range: min {id=2, hwcId=4, resolution=1080x2400, vsyncRate=60.00 Hz, dpi=391.89x390.77, group=0, vrrConfig=N/A} cur {id=1, hwcId=2, resolution=1080x2400, vsyncRate=90.00 Hz, dpi=391.89x390.77, group=0, vrrConfig=N/A} max {id=1, hwcId=2, resolution=1080x2400, vsyncRate=90.00 Hz, dpi=391.89x390.77, group=0, vrrConfig=N/A}
02-27 20:56:15.578  1605  2096 D VRR [OTI-HW]: keep rate.
02-27 20:56:15.686  1540  1753 D BatteryChargeControl: bcc get no support from charging protocol
02-27 20:56:15.856  1540  1540 D vendor.oplus.hardware.charger-V6-service: getChargerControl:sub_current=100
02-27 20:56:15.856  1540  1540 D vendor.oplus.hardware.charger-V6-service: sub_voltage=3800
02-27 20:56:15.856  1540  1540 D vendor.oplus.hardware.charger-V6-service: sub_soc=-1
02-27 20:56:15.856  1540  1540 D vendor.oplus.hardware.charger-V6-service: sub_temperature=250
02-27 20:56:15.856  1540  1540 D vendor.oplus.hardware.charger-V6-service: main_soc=11
02-27 20:56:15.889  9934  8347 I OplusFeedbackInfo: 0xb4000078a9acaf00 c2.qti.vp9.decoder codec[0xb40000786d867000] 640x360 inputFps=0 outputFps=0 renderFps=0, discardFps=0
02-27 20:56:16.019 14612 14667 D OplusScrollToTopManager: com.esiri.esiriplus/com.esiri.esiriplus.MainActivity,This com.android.internal.policy.DecorView{661228c V.E...... R....... 0,0-1080,2400 aid=0 alpha=1.0 viewInfo = }[MainActivity] change focus to true
02-27 20:56:16.265 14128 14497 I metis_v2_OsenseCallBack: memLevel: 1 [Metis|com.oplus.metis|1.4.54-aa2067f]
02-27 20:56:16.369  2026  3795 I Osense-PsiDetector: 1593,307,1898,7679,76,389,223,1292,1590,478,738,0,8,8220
02-27 20:56:16.369 14128 14497 I metis_v2_OsenseCallBack: memLevel: 2 [Metis|com.oplus.metis|1.4.54-aa2067f]
02-27 20:56:16.528  4130  4583 D CommonApp-271-10497: transport layer data is invalid
02-27 20:56:16.690  1540  1753 D BatteryChargeControl: bcc get no support from charging protocol
02-27 20:56:16.873  2026  3448 D WifiStaIfaceHidlImpl: getCachedScanData is not implemented by HIDL
02-27 20:56:16.892  4248  4248 D VendorWifiService: onEvent event:9,action:1
02-27 20:56:16.899  2026  3554 D OplusWifiPower_TriggerCenter: mComponentCallback: wifistat
02-27 20:56:17.058  3736  3736 D OplusPrivacyDotViewController: scheduleUpdate: 
02-27 20:56:17.060  3736  4019 D OplusPrivacyDotViewController: processNextViewState: 
02-27 20:56:17.061  3736  4019 D OplusPrivacyDotViewController: resolveState ViewState(systemPrivacyEventIsActive=false, shadeExpanded=false, needShow=true, rtl=false, rotation=0, height=12, x=41, y=56, cornerIndex=1, designatedCorner=android.widget.FrameLayout{e2d8ba8 G.E...... ......I. 0,0-12,12 #7f0a05b9 app:id/icons_container alpha=0.0 viewInfo = }, contentDescription=null, chipAnimationStart=false, preDraw=false) shouldShowDot false
02-27 20:56:17.061  3736  4019 W SystemUi--Common: OplusSysUiSchedMgr-->schedForPrivacyIconShowing not showing, no need release
02-27 20:56:17.189 14612 15408 I Supabase-Realtime: Heartbeat received
02-27 20:56:17.305 14128 14497 I metis_v2_OsenseCallBack: memLevel: 1 [Metis|com.oplus.metis|1.4.54-aa2067f]
02-27 20:56:17.401  1540  1540 D vendor.oplus.hardware.charger-V6-service: get_ui_charge_icon_type 0 0 0 0 0
02-27 20:56:17.404  1540  1540 D vendor.oplus.hardware.charger-V6-service: oplus_chg_get_cpa_power 2500 charge_online 1 retention_topic 0
02-27 20:56:17.408  2026  3795 I Osense-PsiDetector: 1595,309,1896,7679,76,389,223,1290,1590,478,738,0,8,8219
02-27 20:56:17.409 14128 14497 I metis_v2_OsenseCallBack: memLevel: 2 [Metis|com.oplus.metis|1.4.54-aa2067f]
02-27 20:56:17.415  3736  3736 I SystemUi--Statusbar: BatteryControllerExt-->updateBatteryChangeIntent():broadcast=android.intent.action.BATTERY_CHANGED,level=12,scale=100
02-27 20:56:17.415  3736  3736 I SystemUi--Statusbar: BatteryRepository-->level: 12 -- isSavingMode: false
02-27 20:56:17.415  2026  2844 D OplusDisplayBrightnessBroadcastReceiver: onReceive action = android.intent.action.BATTERY_CHANGED , listeners = [com.android.server.display.OplusFeatureHDREnhanceBrightness$PhoneInfoReceiver@d078a20, com.android.server.display.OplusFeatureEdrEnhanceBrightness$PhoneInfoReceiver@d0bbfd9]
02-27 20:56:17.416  4248  4248 D SubsysBroadcastManager: onReceive action:android.intent.action.BATTERY_CHANGED
02-27 20:56:17.419 26084 26084 D DeviceStatisticsService: onReceive: action= android.intent.action.BATTERY_CHANGED
02-27 20:56:17.423  7792  9430 E Battery : ChargeProtectionUtils: mCanlendarTmp.isEmpty()!
02-27 20:56:17.423 26780 26780 D CustomLogManagerService: onReceive android.intent.action.BATTERY_CHANGED
02-27 20:56:17.440  1540  1540 D vendor.oplus.hardware.charger-V6-service: getChargerControl:sub_current=100
02-27 20:56:17.440  1540  1540 D vendor.oplus.hardware.charger-V6-service: sub_voltage=3800
02-27 20:56:17.440  1540  1540 D vendor.oplus.hardware.charger-V6-service: sub_soc=-1
02-27 20:56:17.440  1540  1540 D vendor.oplus.hardware.charger-V6-service: sub_temperature=250
02-27 20:56:17.440  1540  1540 D vendor.oplus.hardware.charger-V6-service: main_soc=11
02-27 20:56:17.552  4130  4583 D CommonApp-271-10497: commonScoreStrategy scenarios low package
02-27 20:56:17.692  1540  1753 D BatteryChargeControl: bcc get no support from charging protocol
02-27 20:56:17.873  4074  4485 I m.android.phone: Explicit concurrent copying GC freed 2411KB AllocSpace bytes, 0(0B) LOS objects, 49% free, 10220KB/19MB, paused 191us,60us total 74.736ms
02-27 20:56:18.270  1510 18624 I QC2Comp : [vp9D_3677] Stats: Pending(3) i/p-done(0) Works: Q: 26/Done 25|Work-Rate: Q(0.0/s Avg=0.0/s) Done(0.000/s Avg=0.000/s)| Stream: 25.00fps 328.6Kbps
02-27 20:56:18.270  1510 18624 I QC2Comp : Mem-usage:  [In-1D - 5 bufs 14.941 MB] [1D-0 - 15 bufs 0.234 MB] [2D-3534 - 23 bufs 51.750 MB]
02-27 20:56:18.270  1510 18624 I QC2Comp : Total Mem-usage: 66.926 MB
02-27 20:56:18.345 14128 14497 I metis_v2_OsenseCallBack: memLevel: 1 [Metis|com.oplus.metis|1.4.54-aa2067f]
02-27 20:56:18.449  2026  3795 I Osense-PsiDetector: 1597,311,1894,7679,76,389,223,1287,1590,478,738,0,8,8217
02-27 20:56:18.450 14128 14497 I metis_v2_OsenseCallBack: memLevel: 2 [Metis|com.oplus.metis|1.4.54-aa2067f]
02-27 20:56:18.575  4130  4583 D CommonApp-271-10497: transport layer data is invalid
02-27 20:56:18.634  7270 19527 E MIDASApplication: MIDASPullAtomManager: onPullAtom 150122
02-27 20:56:18.640  1540  1540 D vendor.oplus.hardware.charger-V6-service: get_ui_charge_icon_type 0 0 0 0 0
02-27 20:56:18.642  1540  1540 D vendor.oplus.hardware.charger-V6-service: oplus_chg_get_cpa_power 2500 charge_online 1 retention_topic 0
02-27 20:56:18.674  2026  7705 W Settings: Setting notification_bubbles has moved from android.provider.Settings.Global to android.provider.Settings.Secure, returning read-only value.
02-27 20:56:18.675  2026  7705 W Settings: Setting apply_ramping_ringer has moved from android.provider.Settings.Global to android.provider.Settings.System, returning read-only value.
02-27 20:56:18.680  2026  7705 W SettingsStatsUtil: Can not parse value to float: +network
02-27 20:56:18.694  1540  1753 D BatteryChargeControl: bcc get no support from charging protocol
02-27 20:56:19.125  1535  4282 E PerformanceService: storage_feature: open /sys/devices/platform/soc/112b0000.ufshci//virtualtlcbuff fail
02-27 20:56:19.389 14128 14497 I metis_v2_OsenseCallBack: memLevel: 1 [Metis|com.oplus.metis|1.4.54-aa2067f]
02-27 20:56:19.425 26780 23512 D CustomLogManagerService: WorkHandler msg.what :5
02-27 20:56:19.428 26780 23512 D CustomLogManagerService: user experience toggle off
02-27 20:56:19.492  2026  3795 I Osense-PsiDetector: 1598,312,1893,7679,76,389,223,1286,1590,478,738,0,8,8217
02-27 20:56:19.493 14128 14497 I metis_v2_OsenseCallBack: memLevel: 2 [Metis|com.oplus.metis|1.4.54-aa2067f]
02-27 20:56:19.603  4130  4583 D CommonApp-271-10497: transport layer data is invalid
02-27 20:56:19.683  4248  4248 D SubsysEventListenerManager-SubsysTelephonyCallback[1]: onSignalStrengthsChanged
02-27 20:56:19.695  3736  3959 I SystemUi--Statusbar: MobileConnectionRepositoryImpl-->subId:3 isSoftSimCard:false slotId:1
02-27 20:56:19.696  1540  1753 D BatteryChargeControl: bcc get no support from charging protocol
02-27 20:56:19.901  2026  3448 D WifiStaIfaceHidlImpl: getCachedScanData is not implemented by HIDL
02-27 20:56:19.917  2026  3584 D OplusNetKit: in getLpByInterface name from LP: [wlan0]
02-27 20:56:19.921  4248  4248 D VendorWifiService: onEvent event:9,action:1
02-27 20:56:19.936  2026  3554 D OplusWifiPower_TriggerCenter: mComponentCallback: wifistat
02-27 20:56:19.942  2026  3584 D OplusNetRttKit: getIcmpEchoRtt addr:192.168.1.*** avgRtt: 4
02-27 20:56:20.008  1540  1717 D vendor.oplus.hardware.charger-V6-service: ret_value:127, read content:,375,364,3696,3696,-26,500,2200,11,12,1,4,-1,4931,11,1,0,1,1,0,0,4425,0,2,0,2,0,0,0,365,0,1,1,0,0,61,61,61,0,0,0,0,0,0,0,0,0,0
02-27 20:56:20.008  1540  1717 D vendor.oplus.hardware.charger-V6-service: gmtime: 2026-02-27-20-56-20
02-27 20:56:20.009  1540  1717 D vendor.oplus.hardware.charger-V6-service: usb_online:1, ac_online:0, wireless_online:-2147483648
02-27 20:56:20.390  4130  4583 D CommonApp-271-10497: DefaultState EVENT_SCENARIOS_CHANGE
02-27 20:56:20.390  4130  4583 D CommonApp-271-10497: scene=COMMON pn=com.esiri.esiriplus
02-27 20:56:20.429 14128 14497 I metis_v2_OsenseCallBack: memLevel: 1 [Metis|com.oplus.metis|1.4.54-aa2067f]
02-27 20:56:20.498  1510  8349 I QC2Comp : [vp9D_3966] Stats: Pending(3) i/p-done(0) Works: Q: 26/Done 25|Work-Rate: Q(0.0/s Avg=0.0/s) Done(0.000/s Avg=0.001/s)| Stream: 30.30fps 174.6Kbps
02-27 20:56:20.498  1510  8349 I QC2Comp : Mem-usage:  [In-1D - 5 bufs 14.941 MB] [1D-0 - 15 bufs 0.234 MB] [2D-3823 - 23 bufs 17.250 MB]
02-27 20:56:20.498  1510  8349 I QC2Comp : Total Mem-usage: 32.426 MB
02-27 20:56:20.534  2026  3795 I Osense-PsiDetector: 1598,312,1891,7679,76,389,223,1285,1590,478,738,0,8,8217
02-27 20:56:20.535 14128 14497 I metis_v2_OsenseCallBack: memLevel: 2 [Metis|com.oplus.metis|1.4.54-aa2067f]
02-27 20:56:20.623  4130  4583 D CommonApp-271-10497: transport layer data is invalid
02-27 20:56:20.699  1540  1753 D BatteryChargeControl: bcc get no support from charging protocol
02-27 20:56:20.876  1540  1540 D vendor.oplus.hardware.charger-V6-service: getChargerControl:sub_current=100
02-27 20:56:20.876  1540  1540 D vendor.oplus.hardware.charger-V6-service: sub_voltage=3800
02-27 20:56:20.876  1540  1540 D vendor.oplus.hardware.charger-V6-service: sub_soc=-1
02-27 20:56:20.876  1540  1540 D vendor.oplus.hardware.charger-V6-service: sub_temperature=250
02-27 20:56:20.876  1540  1540 D vendor.oplus.hardware.charger-V6-service: main_soc=11
02-27 20:56:20.893  2026  3513 W Binder  : Outgoing transactions from this process must be FLAG_ONEWAY
02-27 20:56:20.893  2026  3513 W Binder  : java.lang.Throwable
02-27 20:56:20.893  2026  3513 W Binder  : 	at android.os.BinderProxy.transact(BinderProxy.java:633)
02-27 20:56:20.893  2026  3513 W Binder  : 	at android.content.ContentProviderProxy.insert(ContentProviderNative.java:587)
02-27 20:56:20.893  2026  3513 W Binder  : 	at android.content.ContentProviderClient.insert(ContentProviderClient.java:347)
02-27 20:56:20.893  2026  3513 W Binder  : 	at android.content.ContentProviderClient.insert(ContentProviderClient.java:336)
02-27 20:56:20.893  2026  3513 W Binder  : 	at com.oplus.util.OplusStatisticsImpl.insert(OplusStatisticsImpl.java:307)
02-27 20:56:20.893  2026  3513 W Binder  : 	at com.oplus.util.OplusStatisticsImpl.sendDataToDCS(OplusStatisticsImpl.java:287)
02-27 20:56:20.893  2026  3513 W Binder  : 	at com.oplus.util.OplusStatisticsImpl.flushInternal(OplusStatisticsImpl.java:264)
02-27 20:56:20.893  2026  3513 W Binder  : 	at com.oplus.util.OplusStatisticsImpl.lambda$setDelayFlushJobIfNeed$4(OplusStatisticsImpl.java:211)
02-27 20:56:20.893  2026  3513 W Binder  : 	at com.oplus.util.OplusStatisticsImpl.$r8$lambda$4UYTp2NCu6Rml69JNqEuK7o54SI(Unknown Source:0)
02-27 20:56:20.893  2026  3513 W Binder  : 	at com.oplus.util.OplusStatisticsImpl$$ExternalSyntheticLambda5.run(D8$$SyntheticClass:0)
02-27 20:56:20.893  2026  3513 W Binder  : 	at java.util.concurrent.Executors$RunnableAdapter.call(Executors.java:520)
02-27 20:56:20.893  2026  3513 W Binder  : 	at java.util.concurrent.FutureTask.run(FutureTask.java:317)
02-27 20:56:20.893  2026  3513 W Binder  : 	at java.util.concurrent.ScheduledThreadPoolExecutor$ScheduledFutureTask.run(ScheduledThreadPoolExecutor.java:348)
02-27 20:56:20.893  2026  3513 W Binder  : 	at java.util.concurrent.ThreadPoolExecutor.runWorker(ThreadPoolExecutor.java:1154)
02-27 20:56:20.893  2026  3513 W Binder  : 	at java.util.concurrent.ThreadPoolExecutor$Worker.run(ThreadPoolExecutor.java:652)
02-27 20:56:20.893  2026  3513 W Binder  : 	at java.lang.Thread.run(Thread.java:1564)
02-27 20:56:20.937   646   646 E lowmemorykiller: device memory 409442 free 79826 file 312187
02-27 20:56:21.006  2026  2678 D Theia.TransparentWindow: handleMessage CHECK_TRANS_WINDOW_ERROR_MSG
02-27 20:56:21.039   646   646 E lowmemorykiller: device memory 409329 free 79568 file 312332
02-27 20:56:21.243   646   646 E lowmemorykiller: device memory 409349 free 79574 file 312345
02-27 20:56:21.256  4074  4074 D OplusTelephonyController: onSignalStrengthChanged: SignalStrength=SignalStrength:{mCdma=CellSignalStrengthCdma: cdmaDbm=2147483647 cdmaEcio=2147483647 evdoDbm=2147483647 evdoEcio=2147483647 evdoSnr=2147483647 level=0,mGsm=CellSignalStrengthGsm: rssi=2147483647 ber=2147483647 mTa=2147483647 mLevel=0,mWcdma=CellSignalStrengthWcdma: ss=2147483647 ber=2147483647 rscp=2147483647 ecno=2147483647 level=0,mTdscdma=CellSignalStrengthTdscdma: rssi=2147483647 ber=2147483647 rscp=2147483647 level=0,mLte=CellSignalStrengthLte: rssi=-65 rsrp=-97 rsrq=-16 rssnr=6 cqiTableIndex=2147483647 cqi=2147483647 ta=2147483647 level=4 parametersUseForLevel=0,mNr=CellSignalStrengthNr:{ csiRsrp = 2147483647 csiRsrq = 2147483647 csiCqiTableIndex = 2147483647 csiCqiReport = [] ssRsrp = 2147483647 ssRsrq = 2147483647 ssSinr = 2147483647 level = 0 parametersUseForLevel = 0 timingAdvance = 2147483647 },primary=CellSignalStrengthLte}
02-27 20:56:21.257  4248  4248 D SubsysEventListenerManager-SubsysTelephonyCallback[0]: onSignalStrengthsChanged
02-27 20:56:21.271  3736  3959 I SystemUi--Statusbar: MobileConnectionRepositoryImpl-->subId:2 isSoftSimCard:false slotId:0
02-27 20:56:21.473 14128 14497 I metis_v2_OsenseCallBack: memLevel: 1 [Metis|com.oplus.metis|1.4.54-aa2067f]
02-27 20:56:21.577  2026  3795 I Osense-PsiDetector: 1599,310,1892,7679,76,389,223,1286,1592,479,740,0,8,8217
02-27 20:56:21.577 14128 14497 I metis_v2_OsenseCallBack: memLevel: 2 [Metis|com.oplus.metis|1.4.54-aa2067f]
02-27 20:56:21.647  4130  4583 D CommonApp-271-10497: transport layer data is invalid
02-27 20:56:21.701  1540  1753 D BatteryChargeControl: bcc get no support from charging protocol
02-27 20:56:21.923  4248  4248 D SubsysEventListenerManager-SubsysTelephonyCallback[1]: onSignalStrengthsChanged
02-27 20:56:21.940  3736  3959 I SystemUi--Statusbar: MobileConnectionRepositoryImpl-->subId:3 isSoftSimCard:false slotId:1
02-27 20:56:21.949  3978 25348 D IpClient/wlan0: interfaceLinkStateChanged: ifindex 27 up
02-27 20:56:22.104   714 15866 I keystore2: system/security/keystore2/watchdog/src/lib.rs:319 - Watchdog thread idle -> terminating. Have a great day.
02-27 20:56:22.514 14128 14497 I metis_v2_OsenseCallBack: memLevel: 1 [Metis|com.oplus.metis|1.4.54-aa2067f]
02-27 20:56:22.618  2026  3795 I Osense-PsiDetector: 1599,310,1891,7679,76,389,223,1285,1592,479,740,0,8,8216
02-27 20:56:22.619 14128 14497 I metis_v2_OsenseCallBack: memLevel: 2 [Metis|com.oplus.metis|1.4.54-aa2067f]
02-27 20:56:22.675  4130  4583 D CommonApp-271-10497: transport layer data is invalid
02-27 20:56:22.705  1540  1753 D BatteryChargeControl: bcc get no support from charging protocol
02-27 20:56:22.934  2026  3448 D WifiStaIfaceHidlImpl: getCachedScanData is not implemented by HIDL
02-27 20:56:22.955  4248  4248 D VendorWifiService: onEvent event:9,action:1
02-27 20:56:22.961  2026  3554 D OplusWifiPower_TriggerCenter: mComponentCallback: wifistat
02-27 20:56:23.207  1483  1483 I android.hardware.thermal@2.0-service.qti: Sensor Name:skintemp: 39.114. prev severity:0. cur severity:3 New severity:3
02-27 20:56:23.218  1483  1483 I android.hardware.thermal@2.0-service.qti: Sensor Name:skintemp: 39.114. prev severity:0. cur severity:3 New severity:3
02-27 20:56:23.228  1483  1483 I android.hardware.thermal@2.0-service.qti: Sensor Name:skintemp: 39.114. prev severity:0. cur severity:3 New severity:3
02-27 20:56:23.237  1483  1483 I android.hardware.thermal@2.0-service.qti: Sensor Name:skintemp: 39.114. prev severity:0. cur severity:3 New severity:3
02-27 20:56:23.240  5236  5396 I midasd  : OplusObrainService::notifyEventInt eventId:21 iParam:0
02-27 20:56:23.245  7270 19527 I OplusObrain: OplusObrainClientInvoke.nativeGetTelephonyInfo
02-27 20:56:23.248  7270 19527 I OplusObrain: OplusObrainClientInvoke.nativeGetTrafficTypeInfoForNetworkType networkType 0
02-27 20:56:23.249  2026  4235 D KernelStatsHelper: getKernelStats start!
02-27 20:56:23.253  2026  3531 D OplusNetlinkSocket: handleNetlinkRecvKernelMessage:nlmsghdr:StructNlMsgHdr{ nlmsg_len{3004}, nlmsg_type{33()}, nlmsg_flags{0()}, nlmsg_seq{0}, nlmsg_pid{132779467} }
02-27 20:56:23.253  2026  3531 D KernelStatsHelper: get magic :[-1, -1, -1, 77, 65, 71, 73, 67]
02-27 20:56:23.254  2026  3531 D KernelStatsHelper: magic matched count:441 data_len:22932
02-27 20:56:23.254  2026  3531 D OplusNetlinkSocket: handleNetlinkRecvKernelMessage:nlmsghdr:StructNlMsgHdr{ nlmsg_len{2988}, nlmsg_type{33()}, nlmsg_flags{0()}, nlmsg_seq{0}, nlmsg_pid{132779467} }
02-27 20:56:23.254  2026  3531 D OplusNetlinkSocket: handleNetlinkRecvKernelMessage:nlmsghdr:StructNlMsgHdr{ nlmsg_len{2988}, nlmsg_type{33()}, nlmsg_flags{0()}, nlmsg_seq{0}, nlmsg_pid{132779467} }
02-27 20:56:23.255  2026  3531 D OplusNetlinkSocket: handleNetlinkRecvKernelMessage:nlmsghdr:StructNlMsgHdr{ nlmsg_len{2988}, nlmsg_type{33()}, nlmsg_flags{0()}, nlmsg_seq{0}, nlmsg_pid{132779467} }
02-27 20:56:23.255  2026  3531 D OplusNetlinkSocket: handleNetlinkRecvKernelMessage:nlmsghdr:StructNlMsgHdr{ nlmsg_len{2988}, nlmsg_type{33()}, nlmsg_flags{0()}, nlmsg_seq{0}, nlmsg_pid{132779467} }
02-27 20:56:23.255  2026  3531 D OplusNetlinkSocket: handleNetlinkRecvKernelMessage:nlmsghdr:StructNlMsgHdr{ nlmsg_len{2988}, nlmsg_type{33()}, nlmsg_flags{0()}, nlmsg_seq{0}, nlmsg_pid{132779467} }
02-27 20:56:23.256  2026  3531 D OplusNetlinkSocket: handleNetlinkRecvKernelMessage:nlmsghdr:StructNlMsgHdr{ nlmsg_len{2988}, nlmsg_type{33()}, nlmsg_flags{0()}, nlmsg_seq{0}, nlmsg_pid{132779467} }
02-27 20:56:23.256  2026  3531 D OplusNetlinkSocket: handleNetlinkRecvKernelMessage:nlmsghdr:StructNlMsgHdr{ nlmsg_len{2208}, nlmsg_type{33()}, nlmsg_flags{0()}, nlmsg_seq{0}, nlmsg_pid{132779467} }
02-27 20:56:23.256  2026  3531 D KernelStatsHelper: data over! check: true
02-27 20:56:23.257  5236 13430 E midasd  : Read file /sys/class/power_supply/usb/current_now failed.(No data available)
02-27 20:56:23.270  1510 18624 I QC2Comp : [vp9D_3677] Stats: Pending(3) i/p-done(0) Works: Q: 26/Done 25|Work-Rate: Q(0.0/s Avg=0.0/s) Done(0.000/s Avg=0.000/s)| Stream: 25.00fps 328.6Kbps
02-27 20:56:23.270  1510 18624 I QC2Comp : Mem-usage:  [In-1D - 5 bufs 14.941 MB] [1D-0 - 15 bufs 0.234 MB] [2D-3534 - 23 bufs 51.750 MB]
02-27 20:56:23.270  1510 18624 I QC2Comp : Total Mem-usage: 66.926 MB
02-27 20:56:23.284  1540  1540 D vendor.oplus.hardware.charger-V6-service: get_ui_charge_icon_type 0 0 0 0 0
02-27 20:56:23.284  1540  1540 D vendor.oplus.hardware.charger-V6-service: oplus_chg_get_cpa_power 2500 charge_online 1 retention_topic 0
02-27 20:56:23.379  2026  2142 I system_server: Background young concurrent copying GC freed 22MB AllocSpace bytes, 4(92KB) LOS objects, 10% free, 198MB/222MB, paused 8.677ms,206us total 120.705ms
02-27 20:56:23.384  2026  2143 I BpBinder: onLastStrongRef automatically unlinking death recipients: 
02-27 20:56:23.550 14128 14497 I metis_v2_OsenseCallBack: memLevel: 1 [Metis|com.oplus.metis|1.4.54-aa2067f]
02-27 20:56:23.653  2026  3795 I Osense-PsiDetector: 1619,331,1889,7679,76,389,223,1263,1592,479,740,0,8,8216
02-27 20:56:23.653 14128 14497 I metis_v2_OsenseCallBack: memLevel: 2 [Metis|com.oplus.metis|1.4.54-aa2067f]
02-27 20:56:23.695  4130  4583 D CommonApp-271-10497: transport layer data is invalid
02-27 20:56:23.707  1540  1753 D BatteryChargeControl: bcc get no support from charging protocol
02-27 20:56:24.125  1535  4282 E PerformanceService: storage_feature: open /sys/devices/platform/soc/112b0000.ufshci//virtualtlcbuff fail
02-27 20:56:24.159  4074  4074 D OplusTelephonyController: onSignalStrengthChanged: SignalStrength=SignalStrength:{mCdma=CellSignalStrengthCdma: cdmaDbm=2147483647 cdmaEcio=2147483647 evdoDbm=2147483647 evdoEcio=2147483647 evdoSnr=2147483647 level=0,mGsm=CellSignalStrengthGsm: rssi=2147483647 ber=2147483647 mTa=2147483647 mLevel=0,mWcdma=CellSignalStrengthWcdma: ss=2147483647 ber=2147483647 rscp=2147483647 ecno=2147483647 level=0,mTdscdma=CellSignalStrengthTdscdma: rssi=2147483647 ber=2147483647 rscp=2147483647 level=0,mLte=CellSignalStrengthLte: rssi=-67 rsrp=-98 rsrq=-15 rssnr=5 cqiTableIndex=2147483647 cqi=2147483647 ta=2147483647 level=4 parametersUseForLevel=0,mNr=CellSignalStrengthNr:{ csiRsrp = 2147483647 csiRsrq = 2147483647 csiCqiTableIndex = 2147483647 csiCqiReport = [] ssRsrp = 2147483647 ssRsrq = 2147483647 ssSinr = 2147483647 level = 0 parametersUseForLevel = 0 timingAdvance = 2147483647 },primary=CellSignalStrengthLte}
02-27 20:56:24.160  4248  4248 D SubsysEventListenerManager-SubsysTelephonyCallback[0]: onSignalStrengthsChanged
02-27 20:56:24.171  3736  3959 I SystemUi--Statusbar: MobileConnectionRepositoryImpl-->subId:2 isSoftSimCard:false slotId:0
02-27 20:56:24.308 20407 20562 W Settings: Setting airplane_mode_on has moved from android.provider.Settings.System to android.provider.Settings.Global, returning read-only value.
02-27 20:56:24.331 20407 15856 W SystemServiceRegistry: No service published for: wifirtt
02-27 20:56:24.338  2217  2217 W wificond: Failed to get NL80211_ATTR_MAX_NUM_AKM_SUITES
02-27 20:56:24.340  2217  2217 W wificond: Failed to get NL80211_ATTR_MAX_NUM_AKM_SUITES
02-27 20:56:24.344  2217  2217 W wificond: Failed to get NL80211_ATTR_MAX_NUM_AKM_SUITES
02-27 20:56:24.344  4248  4248 D SubsysEventListenerManager-SubsysTelephonyCallback[0]: onCellInfoChanged
02-27 20:56:24.347  4074  4074 W Settings: Setting airplane_mode_on has moved from android.provider.Settings.System to android.provider.Settings.Global, returning read-only value.
02-27 20:56:24.350  1317  1363 I statsd  : An anomaly (103940000001) (39)0x2018001->10116[I] (39)0x20000->1[I]  has occurred! Informing subscribers.
02-27 20:56:24.441   646   646 E lowmemorykiller: device memory 414758 free 84912 file 312386
02-27 20:56:24.589 14128 14497 I metis_v2_OsenseCallBack: memLevel: 1 [Metis|com.oplus.metis|1.4.54-aa2067f]
02-27 20:56:24.692  2026  3795 I Osense-PsiDetector: 1620,332,1888,7679,76,389,223,1262,1592,479,740,0,8,8216
02-27 20:56:24.693 14128 14497 I metis_v2_OsenseCallBack: memLevel: 2 [Metis|com.oplus.metis|1.4.54-aa2067f]
02-27 20:56:24.709  1540  1753 D BatteryChargeControl: bcc get no support from charging protocol
02-27 20:56:24.719  4130  4583 D CommonApp-271-10497: transport layer data is invalid
02-27 20:56:25.009  1540  1717 D vendor.oplus.hardware.charger-V6-service: ret_value:127, read content:,375,364,3696,3696,-43,500,2200,11,12,1,4,-1,4931,11,1,0,1,1,0,0,4425,0,2,0,2,0,0,0,365,0,1,1,0,0,61,61,61,0,0,0,0,0,0,0,0,0,0
02-27 20:56:25.010  1540  1717 D vendor.oplus.hardware.charger-V6-service: gmtime: 2026-02-27-20-56-25
02-27 20:56:25.011  1540  1717 D vendor.oplus.hardware.charger-V6-service: usb_online:1, ac_online:0, wireless_online:-2147483648
02-27 20:56:25.194  7647 31827 D gaia-GaiaConnectChecker: start connect check++
02-27 20:56:25.210  7647 31760 D gaia-GaiaConnectChecker: start connect check++
02-27 20:56:25.500  1510  8349 I QC2Comp : [vp9D_3966] Stats: Pending(3) i/p-done(0) Works: Q: 26/Done 25|Work-Rate: Q(0.0/s Avg=0.0/s) Done(0.000/s Avg=0.001/s)| Stream: 30.30fps 174.6Kbps
02-27 20:56:25.500  1510  8349 I QC2Comp : Mem-usage:  [In-1D - 5 bufs 14.941 MB] [1D-0 - 15 bufs 0.234 MB] [2D-3823 - 23 bufs 17.250 MB]
02-27 20:56:25.500  1510  8349 I QC2Comp : Total Mem-usage: 32.426 MB
02-27 20:56:25.624 14128 14497 I metis_v2_OsenseCallBack: memLevel: 1 [Metis|com.oplus.metis|1.4.54-aa2067f]
02-27 20:56:25.711  1540  1753 D BatteryChargeControl: bcc get no support from charging protocol
02-27 20:56:25.729  2026  3795 I Osense-PsiDetector: 1620,332,1887,7679,76,389,223,1261,1592,479,740,0,8,8216
02-27 20:56:25.730 14128 14497 I metis_v2_OsenseCallBack: memLevel: 2 [Metis|com.oplus.metis|1.4.54-aa2067f]
02-27 20:56:25.743  4130  4583 D CommonApp-271-10497: transport layer data is invalid
02-27 20:56:25.896  1540  1540 D vendor.oplus.hardware.charger-V6-service: getChargerControl:sub_current=100
02-27 20:56:25.896  1540  1540 D vendor.oplus.hardware.charger-V6-service: sub_voltage=3800
02-27 20:56:25.896  1540  1540 D vendor.oplus.hardware.charger-V6-service: sub_soc=-1
02-27 20:56:25.896  1540  1540 D vendor.oplus.hardware.charger-V6-service: sub_temperature=250
02-27 20:56:25.896  1540  1540 D vendor.oplus.hardware.charger-V6-service: main_soc=11
02-27 20:56:25.956  2026  3448 D WifiStaIfaceHidlImpl: getCachedScanData is not implemented by HIDL
02-27 20:56:25.972  4248  4248 D VendorWifiService: onEvent event:9,action:1
02-27 20:56:25.983  2026  3554 D OplusWifiPower_TriggerCenter: mComponentCallback: wifistat
02-27 20:56:26.126  2026  4235 D WifiNl80211Manager: Scan result ready event
02-27 20:56:26.127  2026  4235 D WifiNative: Scan result ready event
02-27 20:56:26.136 20407 20428 I WifiScanner: onFullResults
02-27 20:56:26.136 20407 20824 I WifiScanner: onFullResults
02-27 20:56:26.145  1317  1363 I statsd  : An anomaly (103940000001) (39)0x2018001->10116[I] (39)0x20000->0[I]  has occurred! Informing subscribers.
02-27 20:56:26.148  4248  5302 D SubsysEventListenerManager: onScanResultsAvailable
02-27 20:56:26.149 20407 23188 I WifiScanner: onFullResults
02-27 20:56:26.152  4248  4248 D SubsysBroadcastManager: onReceive action:android.net.wifi.SCAN_RESULTS
02-27 20:56:26.161  2026  3448 D WifiStaIfaceHidlImpl: getCachedScanData is not implemented by HIDL
02-27 20:56:26.166  2026  3448 I HalDevMgr: bestIfaceCreationProposal is null, requestIface=STA, existingIface=[name=wlan0 type=STA]
02-27 20:56:26.170  2026  3554 D OplusWifiResidenceRecognition: onScanResultsAvailable
