--------- beginning of main
02-26 22:38:22.217  4248  4248 D RadioMessenger: handleMessage Request msgid 2220
02-26 22:38:22.217  2577  2634 D QmiVsClient: getIndicationReportRecords - enter
02-26 22:38:22.217  2577  2634 E QmiVsClient: sendAsyncRequest QMI_VS_GET_INDICATION_REPORT_RECORDS_REQ_MSG_V01 ret 0
02-26 22:38:22.218  2577  2794 D QmiVsClient: operator() callback - enter
02-26 22:38:22.218  2577  2794 E QmiVsClient: error : PARAM_CHECK_RESP_NO_RETURN 3
02-26 22:38:22.218  2577  2794 D QmiClient: QmiErrorToRadioApiError qmiError 3, radio result 1
02-26 22:38:22.218  2577  2634 D VsProxy : handleMessage msg is 4001
02-26 22:38:22.218  2577  2634 D RadioProxy: getIndicationReportRecords : response cb for instance 0
02-26 22:38:22.220  4248  4248 D RadioMessenger: handleSetSyncWithAp: -1, syncFlag: 1
02-26 22:38:22.220  4248  4248 D QtiRadioService: setSyncWithAp
02-26 22:38:22.220  4248  4248 D RadioProxyJ: [PHONE0][22867]> setSyncWithAp syncFlag:1
02-26 22:38:22.221  4248  4248 D ModemChannel: handleMessage what:102
02-26 22:38:22.221  4248  4248 D ModemChannel: handleNecEvent
02-26 22:38:22.221  4248  4310 D SubsysRadioResponse: responseIndreportrecordArrayList data.len: 0
02-26 22:38:22.221  4248  4310 E CommandException: Unrecognized subsys errno 2
02-26 22:38:22.222  4248  4248 D MessengerResponseHandler: handleMessage Response msgid 272
02-26 22:38:22.222  4248  4310 D RadioProxyJ: [PHONE0][22866]< getIndicationReportRecordsResponse [] [convertToString]
02-26 22:38:22.222  2577  2627 D RadioService: setSyncWithAp with instance 0
02-26 22:38:22.222  4248  4248 E ServiceMessengerHelper: handleSendErrorResponse error 1
02-26 22:38:22.222  2577  2627 D VendorService: VendorService::setSyncWithAp
02-26 22:38:22.222  2577  2634 D QmiVsClient: setSyncWithAp - enter
02-26 22:38:22.223  2577  2634 E QmiVsClient: sendAsyncRequest QMI_VS_SET_SYNC_WITH_AP_REQ_MSG_V01 ret 0
02-26 22:38:22.223  4130  4587 D SubsysCallManager: handleMessage what:102
02-26 22:38:22.223  4141  4422 I ModemAciService: handleMessage:5
02-26 22:38:22.223  4130  4587 D SubsysCallManager: parseMdmInfoData len:392
02-26 22:38:22.223  4130  4587 D SubsysCallManager: onMdmEvent moduleId:6,eventId:4
02-26 22:38:22.223  4130  4641 E PKPI    : [KpiRadio] parcelables is null, return! 
02-26 22:38:22.224  2577  2634 D VsProxy : handleMessage msg is 4001
02-26 22:38:22.224  4141  4422 I ModemAciService: sendSettleObj2Statsd over!
02-26 22:38:22.224  2577  2634 D RadioProxy: setSyncWithAp : response cb for instance 0
02-26 22:38:22.224  2577  2577 D RadioServiceResponse: RadioServiceResponse::setSyncWithApResponse
02-26 22:38:22.224  4248  4310 D SubsysRadioResponse: setSyncWithApResponse info.error = 0
02-26 22:38:22.224  4141  4422 D ModemAciService: sendSettleObj2Amc:info=sleepTimes=0,0, idleTimes = 8,8, rxTimes = 0,0, nrRxTimes = 0,0, rrcConnC = 0,0, saRrcConnC = 0,0, cellUpdateC = 0,0, iRatC = 0,0, csChangedC = 0,0, psChangedC = 0,0, nwSrchC = 0,0, nwSrchT = 0,0, lteRrcConnT = 0,0, sarrct = 0,0, psRegT = 9,9, csRegT = 9,9, psNoRegT = 0,0, csNoRegT = 0,0, saRachC = 0,0, lteHoC = 0,0, saHoC = 0,0, sigGridT = 0,0, lteGridT = 0,0, saGridT = 0,0, ulHiLayerT=0,0, dlHiLayerT=0,0, highTxPower=0,0, highpwro20t=0,0, 
02-26 22:38:22.225  4248  4310 D RadioProxyJ: [PHONE0][22867]< setSyncWithApResponse 
02-26 22:38:22.224  5236  5397 I midasd  : OplusObrainService::notifyEventString eventId:11 strParam:{"5gRxTimeMs":0,"5gTxTimeMs":[],"idleTimeMs":8370,"lteRrcC":[0,0],"lteRrcT":[0,0],"nrRrcC":[0,0],"nrRrcT":[0,0],"rxTimeMs":257,"sleepTimeMs":0,"timestamp":1772134702223,"txTimeMs":[0,0,0,0,0]}
02-26 22:38:22.225  4248  4248 D MessengerResponseHandler: handleMessage Response msgid 210
02-26 22:38:22.225  4130  4641 D PKPI    : [KpiModem] update kpi:highpwro20t value:0 duration:8
02-26 22:38:22.225  4130  4641 D PKPI    : [KpiModem] update kpi:nweaksigt value:0 duration:8 pn:0
02-26 22:38:22.225  4130  4641 D PKPI    : [KpiModem] update kpi:nweaksigt value:0 duration:8 pn:1
02-26 22:38:22.225  4130  4641 D PKPI    : [KpiModem] update kpi:nwsrchc value:0 duration:8 pn:0
02-26 22:38:22.225  4130  4641 D PKPI    : [KpiModem] update kpi:nwsrchc value:0 duration:8 pn:1
02-26 22:38:22.225  4130  4641 D PKPI    : [KpiModem] update kpi:nwsrcht value:0 duration:8 pn:0
02-26 22:38:22.225  4130  4641 D PKPI    : [KpiModem] update kpi:nwsrcht value:0 duration:8 pn:1
02-26 22:38:22.225  4130  4641 D PKPI    : [KpiModem] update kpi:highpwrt value:0 duration:8
02-26 22:38:22.225  4130  4641 D PKPI    : [KpiModem] update kpi:dlhilayert value:0 duration:8 pn:0
02-26 22:38:22.225  4130  4641 D PKPI    : [KpiModem] update kpi:dlhilayert value:0 duration:8 pn:1
02-26 22:38:22.225  4130  4641 D PKPI    : [KpiModem] update kpi:csregt value:9 duration:8 pn:0
02-26 22:38:22.225  4130  4641 D PKPI    : [KpiModem] update kpi:csregt value:9 duration:8 pn:1
02-26 22:38:22.225  4130  4641 D PKPI    : [KpiModem] update kpi:csnoregt value:0 duration:8 pn:0
02-26 22:38:22.225  4130  4641 D PKPI    : [KpiModem] update kpi:csnoregt value:0 duration:8 pn:1
02-26 22:38:22.225  4130  4641 D PKPI    : [KpiModem] update kpi:pschangec value:0 duration:8 pn:0
02-26 22:38:22.225  4130  4641 D PKPI    : [KpiModem] update kpi:pschangec value:0 duration:8 pn:1
02-26 22:38:22.225  4130  4641 D PKPI    : [KpiModem] update kpi:ltehoc value:0 duration:8 pn:0
02-26 22:38:22.225  4130  4641 D PKPI    : [KpiModem] update kpi:ltehoc value:0 duration:8 pn:1
02-26 22:38:22.225  4130  4641 D PKPI    : [KpiModem] update kpi:nrrrcc value:0 duration:8 pn:0
02-26 22:38:22.225  4130  4641 D PKPI    : [KpiModem] update kpi:nrrrcc value:0 duration:8 pn:1
02-26 22:38:22.225  4130  4641 D PKPI    : [KpiModem] update kpi:psregt value:9 duration:8 pn:0
02-26 22:38:22.225  4130  4641 D PKPI    : [KpiModem] update kpi:psregt value:9 duration:8 pn:1
02-26 22:38:22.225  4130  4641 D PKPI    : [KpiModem] update kpi:sarrct value:0 duration:8 pn:0
02-26 22:38:22.225  4130  4641 D PKPI    : [KpiModem] update kpi:sarrct value:0 duration:8 pn:1
02-26 22:38:22.225  4130  4641 D PKPI    : [KpiModem] update kpi:totalcat value:0 duration:8 pn:0
02-26 22:38:22.225  4130  4641 D PKPI    : [KpiModem] update kpi:totalcat value:0 duration:8 pn:1
02-26 22:38:22.225  4130  4641 D PKPI    : [KpiModem] update kpi:weaksigt value:0 duration:8 pn:0
02-26 22:38:22.226  4130  4641 D PKPI    : [KpiModem] update kpi:weaksigt value:0 duration:8 pn:1
02-26 22:38:22.226  4130  4641 D PKPI    : [KpiModem] update kpi:ulhilayert value:0 duration:8 pn:0
02-26 22:38:22.226  4130  4641 D PKPI    : [KpiModem] update kpi:ulhilayert value:0 duration:8 pn:1
02-26 22:38:22.226  4130  4641 D PKPI    : [KpiModem] update kpi:psnoregt value:0 duration:8 pn:0
02-26 22:38:22.226  4130  4641 D PKPI    : [KpiModem] update kpi:psnoregt value:0 duration:8 pn:1
02-26 22:38:22.226  4130  4641 D PKPI    : [KpiModem] update kpi:rxt value:0 duration:8
02-26 22:38:22.226  4130  4641 D PKPI    : [KpiModem] update kpi:5grxt value:0 duration:8
02-26 22:38:22.226  7270 25436 I OplusObrain: OplusObrainClientInvoke.nativeGetTelephonyInfo
02-26 22:38:22.226  4130  4641 D PKPI    : [KpiModem] update kpi:idlet value:8 duration:8
02-26 22:38:22.226  4130  4641 D PKPI    : [KpiModem] update kpi:iratc value:0 duration:8 pn:0
02-26 22:38:22.226  4130  4641 D PKPI    : [KpiModem] update kpi:iratc value:0 duration:8 pn:1
02-26 22:38:22.226  4130  4641 D PKPI    : [KpiModem] update kpi:rachc value:0 duration:8 pn:0
02-26 22:38:22.226  4130  4641 D PKPI    : [KpiModem] update kpi:rachc value:0 duration:8 pn:1
02-26 22:38:22.226  4130  4641 D PKPI    : [KpiModem] update kpi:sahoc value:0 duration:8 pn:0
02-26 22:38:22.226  4130  4641 D PKPI    : [KpiModem] update kpi:sahoc value:0 duration:8 pn:1
02-26 22:38:22.226  4130  4641 D PKPI    : [KpiModem] update kpi:lterrcc value:0 duration:8 pn:0
02-26 22:38:22.226  4130  4641 D PKPI    : [KpiModem] update kpi:lterrcc value:0 duration:8 pn:1
02-26 22:38:22.226  4130  4641 D PKPI    : [KpiModem] update kpi:lterrct value:0 duration:8 pn:0
02-26 22:38:22.226  4130  4641 D PKPI    : [KpiModem] update kpi:lterrct value:0 duration:8 pn:1
02-26 22:38:22.226  4130  4641 D PKPI    : [KpiModem] update kpi:radiosleept value:0 duration:8
02-26 22:38:22.226  4130  4641 D PKPI    : [KpiModem] update kpi:cschangec value:0 duration:8 pn:0
02-26 22:38:22.226  4130  4641 D PKPI    : [KpiModem] update kpi:cschangec value:0 duration:8 pn:1
02-26 22:38:22.226  4130  4641 D PKPI    : [KpiModem] update kpi:cellupdatec value:0 duration:8 pn:0
02-26 22:38:22.226  4130  4641 D PKPI    : [KpiModem] update kpi:cellupdatec value:0 duration:8 pn:1
02-26 22:38:22.226  4130  4641 D PKPI    : [KpiModem] update kpi:eweaksigt value:0 duration:8 pn:0
02-26 22:38:22.226  4130  4641 D PKPI    : [KpiModem] update kpi:eweaksigt value:0 duration:8 pn:1
02-26 22:38:22.226  4141  4422 I ModemAciService: UMF LO,DC: OplusModemActivityInfo{ date=02-26 22:38:22.223 modemPowermA[]=[8.80,8.80,8.80] sleepTimeMs=0 idleTimeMs=8370 rxTimeMs=257 5gRxTimeMs=0 txTimeMs[]=[0, 0, 0, 0, 0] 5gTxTimeMsSIM1=[0, 0, 0, 0, 0, 0, 0, 0] 5gTxTimeMsSIM2=[0, 0, 0, 0, 0, 0, 0, 0] 5gTxTimeSum[]=[0, 0] techTimeMs[]=[0, 0, 0, 0, 175, 81, 0, 0, 0] rrcConn10sC[]=[0, 0] rrcConn20sC[]=[0, 0] rrcConnMore20sC[]=[0, 0] rrcConnC[]=[0, 0] csChangedC[]=[0, 0] psChangedC[]=[0, 0] iRatC[]=[0, 0] cellUpdateC[]=[0, 0] nwSrchC[]=[0, 0] nwSrchT[]=[0, 0] lteRrcConnT[]=[0, 0] psRegT[]=[9, 9] csRegT[]=[9, 9] psNoRegT[]=[0, 0] csNoRegT[]=[0, 0] sigGrid0T[]=[0, 0] endcActT[]=[0, 0] saActT[]=[0, 0] gpsTimeMs=0 wlanTimeMs=8627 regReqFbC[]=[0, 0] regReqTransAcqDbC[]=[0, 0] saRrcConn10sC[]=[0, 0] saRrcConn20sC[]=[0, 0] saRrcConnMore20sC[]=[0, 0] saRrcConnC[]=[0, 0] lteHoC[]=[0, 0] saHoC[]=[0, 0] saRrcConnT[]=[0, 0] sensorStationaryC=0 sensorStationaryT=0 modemStationaryC=0 modemStationaryT=0}
02-26 22:38:22.227  7270 25436 I OplusObrain: OplusObrainClientInvoke.nativeGetTrafficTypeInfoForNetworkType networkType 0
02-26 22:38:22.227  2026  4236 D KernelStatsHelper: getKernelStats start!
02-26 22:38:22.228  2026  3531 D OplusNetlinkSocket: handleNetlinkRecvKernelMessage:nlmsghdr:StructNlMsgHdr{ nlmsg_len{3004}, nlmsg_type{33()}, nlmsg_flags{0()}, nlmsg_seq{0}, nlmsg_pid{132779467} }
02-26 22:38:22.228  2026  3531 D KernelStatsHelper: get magic :[-1, -1, -1, 77, 65, 71, 73, 67]
02-26 22:38:22.228  2026  3531 D KernelStatsHelper: magic matched count:434 data_len:22568
02-26 22:38:22.228  2026  3531 D OplusNetlinkSocket: handleNetlinkRecvKernelMessage:nlmsghdr:StructNlMsgHdr{ nlmsg_len{2988}, nlmsg_type{33()}, nlmsg_flags{0()}, nlmsg_seq{0}, nlmsg_pid{132779467} }
02-26 22:38:22.228  2026  3531 D OplusNetlinkSocket: handleNetlinkRecvKernelMessage:nlmsghdr:StructNlMsgHdr{ nlmsg_len{2988}, nlmsg_type{33()}, nlmsg_flags{0()}, nlmsg_seq{0}, nlmsg_pid{132779467} }
02-26 22:38:22.228  2026  3531 D OplusNetlinkSocket: handleNetlinkRecvKernelMessage:nlmsghdr:StructNlMsgHdr{ nlmsg_len{2988}, nlmsg_type{33()}, nlmsg_flags{0()}, nlmsg_seq{0}, nlmsg_pid{132779467} }
02-26 22:38:22.228  2026  3531 D OplusNetlinkSocket: handleNetlinkRecvKernelMessage:nlmsghdr:StructNlMsgHdr{ nlmsg_len{2988}, nlmsg_type{33()}, nlmsg_flags{0()}, nlmsg_seq{0}, nlmsg_pid{132779467} }
02-26 22:38:22.229  2026  3531 D OplusNetlinkSocket: handleNetlinkRecvKernelMessage:nlmsghdr:StructNlMsgHdr{ nlmsg_len{2988}, nlmsg_type{33()}, nlmsg_flags{0()}, nlmsg_seq{0}, nlmsg_pid{132779467} }
02-26 22:38:22.229  2026  3531 D OplusNetlinkSocket: handleNetlinkRecvKernelMessage:nlmsghdr:StructNlMsgHdr{ nlmsg_len{2988}, nlmsg_type{33()}, nlmsg_flags{0()}, nlmsg_seq{0}, nlmsg_pid{132779467} }
02-26 22:38:22.229  2026  3531 D OplusNetlinkSocket: handleNetlinkRecvKernelMessage:nlmsghdr:StructNlMsgHdr{ nlmsg_len{1844}, nlmsg_type{33()}, nlmsg_flags{0()}, nlmsg_seq{0}, nlmsg_pid{132779467} }
02-26 22:38:22.229  2026  3531 D KernelStatsHelper: data over! check: true
--------- beginning of system
02-26 22:38:22.241  2026  2844 D Arc[OplusBrightnessPhoneStateManager]: LuxEvent{event:MAIN_LUX lux:52.0} -> LuxEvent{event:MAIN_LUX lux:52.0}
02-26 22:38:22.266 32454 32519 W ContextImpl: Calling a method in the system process without a qualified user: android.app.ContextImpl.bindService:2061 android.content.ContextWrapper.bindService:873 com.heytap.mcs.biz.statistics.agent.OBUSAgent.bindStatisticsApiService:8 com.heytap.mcs.biz.statistics.agent.OBUSAgent.upload:7 com.heytap.mcs.biz.statistics.agent.AgentManager.upload:3 
02-26 22:38:22.285  1319  1319 D Zygote  : Forked child process 12227
02-26 22:38:22.286  2026  2704 I ActivityManager: Start proc 12227:com.heytap.mcs.statistics/1000 for service {com.heytap.mcs/com.heytap.mcs.biz.statistics.service.StatisticsApiService}
02-26 22:38:22.287  7270 29953 D ShellSubscriberWorkerThread: the first 8 bytes empty, and RestData length > 8 
02-26 22:38:22.293 32454 32519 W ContextImpl: Calling a method in the system process without a qualified user: android.app.ContextImpl.startService:1958 android.content.ContextWrapper.startService:837 com.heytap.mcs.service.McsService.a:13 com.heytap.mcs.service.McsService.a:4 com.heytap.mcs.service.McsService$c.run:47 
02-26 22:38:22.304 32454 32519 W ContextImpl: Calling a method in the system process without a qualified user: android.app.ContextImpl.bindService:2061 android.content.ContextWrapper.bindService:873 com.heytap.mcs.biz.message.g.b:8 com.heytap.mcs.biz.message.g.b:11 com.heytap.mcs.biz.message.g.j:1 
02-26 22:38:22.306  1319  1319 D Zygote  : Forked child process 12228
02-26 22:38:22.309  2026  2704 I ActivityManager: Start proc 12228:com.heytap.mcs.appservice/1000 for service {com.heytap.mcs/com.heytap.mcs.biz.appservice.McsSdkService}
02-26 22:38:22.320  1319  1319 D Zygote  : Forked child process 12229
02-26 22:38:22.321 12227 12227 E .mcs.statistics: Unknown bits set in runtime_flags: 0x40000000
02-26 22:38:22.321 12227 12227 I .mcs.statistics: Using CollectorTypeCC GC.
02-26 22:38:22.323  2026  2704 I ActivityManager: Start proc 12229:com.heytap.mcs.biz.message/1000 for service {com.heytap.mcs/com.heytap.mcs.biz.message.MessageDealService}
02-26 22:38:22.327 12228 12228 E .mcs.appservice: Unknown bits set in runtime_flags: 0x40000000
02-26 22:38:22.327 12228 12228 I .mcs.appservice: Using CollectorTypeCC GC.
02-26 22:38:22.333 12227 12227 D nativeloader: Load libframework-connectivity-tiramisu-jni.so using APEX ns com_android_tethering for caller /apex/com.android.tethering/javalib/framework-connectivity-t.jar: ok
02-26 22:38:22.334 12228 12228 D nativeloader: Load libframework-connectivity-tiramisu-jni.so using APEX ns com_android_tethering for caller /apex/com.android.tethering/javalib/framework-connectivity-t.jar: ok
02-26 22:38:22.337 12229 12229 E mcs.biz.message: Unknown bits set in runtime_flags: 0x40000000
02-26 22:38:22.337 12229 12229 I mcs.biz.message: Using CollectorTypeCC GC.
02-26 22:38:22.341 12228 12228 D OplusActivityThreadExtImpl: java.lang.NoSuchMethodException: dalvik.system.VMRuntime.SupressionGC [int, int]
02-26 22:38:22.342 12228 12228 W libc    : Access denied finding property "persist.vendor.sys.activitylog"
02-26 22:38:22.342 12228 12228 I OneTrace: Mark active for pid=12228? true
02-26 22:38:22.342  1540  1717 D vendor.oplus.hardware.charger-V6-service: ret_value:124, read content:,372,369,3623,3623,267,500,2200,0,1,1,4,-1,4905,0,1,0,1,1,0,0,4425,0,3,0,3,0,0,0,361,0,1,1,0,0,61,61,61,0,0,0,0,0,0,0,0,0,0
02-26 22:38:22.342 12228 12228 D cutils-dev: otrace_set_tracing_enabled? true tag:0
02-26 22:38:22.342  1540  1717 D vendor.oplus.hardware.charger-V6-service: gmtime: 2026-02-26-22-38-22
02-26 22:38:22.342 12227 12227 D OplusActivityThreadExtImpl: java.lang.NoSuchMethodException: dalvik.system.VMRuntime.SupressionGC [int, int]
02-26 22:38:22.343  1540  1717 D vendor.oplus.hardware.charger-V6-service: usb_online:1, ac_online:0, wireless_online:-2147483648
02-26 22:38:22.343 12227 12227 W libc    : Access denied finding property "persist.vendor.sys.activitylog"
02-26 22:38:22.343 12227 12227 I OneTrace: Mark active for pid=12227? true
02-26 22:38:22.344 12228 12228 D cutils-dev: properties changed in otrace_seq_number_changed!
02-26 22:38:22.344 12227 12227 D cutils-dev: otrace_set_tracing_enabled? true tag:0
02-26 22:38:22.344  2026  2844 D Arc[OplusBrightnessPhoneStateManager]: LuxEvent{event:MAIN_LUX lux:52.0} -> LuxEvent{event:MAIN_LUX lux:52.0}
02-26 22:38:22.345 12227 12227 D cutils-dev: properties changed in otrace_seq_number_changed!
02-26 22:38:22.346 12229 12229 D nativeloader: Load libframework-connectivity-tiramisu-jni.so using APEX ns com_android_tethering for caller /apex/com.android.tethering/javalib/framework-connectivity-t.jar: ok
02-26 22:38:22.349 12229 12229 D OplusActivityThreadExtImpl: java.lang.NoSuchMethodException: dalvik.system.VMRuntime.SupressionGC [int, int]
02-26 22:38:22.350 12229 12229 W libc    : Access denied finding property "persist.vendor.sys.activitylog"
02-26 22:38:22.350 12229 12229 I OneTrace: Mark active for pid=12229? true
02-26 22:38:22.350 12229 12229 D cutils-dev: otrace_set_tracing_enabled? true tag:0
02-26 22:38:22.351 12229 12229 D cutils-dev: properties changed in otrace_seq_number_changed!
02-26 22:38:22.352  2026  4236 D ActivityTaskManagerServiceExtImpl: preBindApplication record is null
02-26 22:38:22.352  2026  4236 D RGBNormalizeServer: OplusRGBNormalize feature enabled ? false
02-26 22:38:22.352  2026  4236 D ResourcesManagerCache: For package com.heytap.mcs we got cacheList [null] appInfoExt is null ? false hasFeature ? false
02-26 22:38:22.356  1493  1493 E ANDR-PERF-MPCTL: Active req limit reached, No optimizations performed
02-26 22:38:22.362 12228 12228 D OplusActivityManager: get AMS extension: android.os.BinderProxy@b4cb17f
02-26 22:38:22.363 12228 12248 D OplusAppHeapManager: java.lang.NoSuchMethodException: dalvik.system.VMRuntime.updateProcessValue [int, int, int]
02-26 22:38:22.363  1493  1493 E ANDR-PERF-MPCTL: Active req limit reached, No optimizations performed
02-26 22:38:22.366  2026  2150 D ActivityTaskManagerServiceExtImpl: preBindApplication record is null
02-26 22:38:22.367  2026  2150 D RGBNormalizeServer: OplusRGBNormalize feature enabled ? false
02-26 22:38:22.367 12228 12228 D callGcSupression: java.lang.NullPointerException: Attempt to invoke virtual method 'java.lang.Object java.lang.reflect.Method.invoke(java.lang.Object, java.lang.Object[])' on a null object reference
02-26 22:38:22.367  2026  2150 D ResourcesManagerCache: For package com.heytap.mcs we got cacheList [null] appInfoExt is null ? false hasFeature ? false
02-26 22:38:22.368 12228 12228 D CompactWindowAppManager: initCompactApplicationInfo CompactMode: , NormalMode: 
02-26 22:38:22.371 12227 12251 D OplusAppHeapManager: java.lang.NoSuchMethodException: dalvik.system.VMRuntime.updateProcessValue [int, int, int]
02-26 22:38:22.372 12227 12227 D OplusActivityManager: get AMS extension: android.os.BinderProxy@b4cb17f
02-26 22:38:22.374 12228 12228 D OplusScrollToTopManager: setIsInWhiteList false
02-26 22:38:22.374 12228 12228 D OplusViewDebugManager: OplusViewDebugManager Constructor android.view.debug.OplusViewDebugManager@9754995 [mHasViewDebugProperty true] [mHasMsgDebugProperty false] [DEBUG false] [EXTRAINFOENABLE false] [LIGHT_OS false]
02-26 22:38:22.375 12227 12227 D callGcSupression: java.lang.NullPointerException: Attempt to invoke virtual method 'java.lang.Object java.lang.reflect.Method.invoke(java.lang.Object, java.lang.Object[])' on a null object reference
02-26 22:38:22.375  2026  2151 D ActivityTaskManagerServiceExtImpl: preBindApplication record is null
02-26 22:38:22.375  2026  2151 D RGBNormalizeServer: OplusRGBNormalize feature enabled ? false
02-26 22:38:22.375  2026  2151 D ResourcesManagerCache: For package com.heytap.mcs we got cacheList [null] appInfoExt is null ? false hasFeature ? false
02-26 22:38:22.376 12227 12227 D CompactWindowAppManager: initCompactApplicationInfo CompactMode: , NormalMode: 
02-26 22:38:22.380 12229 12261 D OplusAppHeapManager: java.lang.NoSuchMethodException: dalvik.system.VMRuntime.updateProcessValue [int, int, int]
02-26 22:38:22.380 12228 12228 W libc    : Access denied finding property "ro.odm.prev.product.name"
02-26 22:38:22.380 12227 12227 D OplusScrollToTopManager: setIsInWhiteList false
02-26 22:38:22.381 12227 12227 D OplusViewDebugManager: OplusViewDebugManager Constructor android.view.debug.OplusViewDebugManager@9754995 [mHasViewDebugProperty true] [mHasMsgDebugProperty false] [DEBUG false] [EXTRAINFOENABLE false] [LIGHT_OS false]
02-26 22:38:22.381 12229 12229 D OplusActivityManager: get AMS extension: android.os.BinderProxy@b4cb17f
02-26 22:38:22.382 12228 12228 D ApplicationLoaders: Returning zygote-cached class loader: /system_ext/framework/androidx.window.extensions.jar
02-26 22:38:22.382 12228 12228 D ApplicationLoaders: Returning zygote-cached class loader: /system_ext/framework/androidx.window.sidecar.jar
02-26 22:38:22.382 12228 12228 D ApplicationLoaders: Returning zygote-cached class loader: /system/framework/org.apache.http.legacy.jar
02-26 22:38:22.383 12229 12229 D callGcSupression: java.lang.NullPointerException: Attempt to invoke virtual method 'java.lang.Object java.lang.reflect.Method.invoke(java.lang.Object, java.lang.Object[])' on a null object reference
02-26 22:38:22.385 12229 12229 D CompactWindowAppManager: initCompactApplicationInfo CompactMode: , NormalMode: 
02-26 22:38:22.387 12229 12229 D OplusScrollToTopManager: setIsInWhiteList false
02-26 22:38:22.388 32454 32472 W com.heytap.mcs: Reducing the number of considered missed Gc histogram windows from 263 to 100
02-26 22:38:22.388 12229 12229 D OplusViewDebugManager: OplusViewDebugManager Constructor android.view.debug.OplusViewDebugManager@9754995 [mHasViewDebugProperty true] [mHasMsgDebugProperty false] [DEBUG false] [EXTRAINFOENABLE false] [LIGHT_OS false]
02-26 22:38:22.388 12227 12227 W libc    : Access denied finding property "ro.odm.prev.product.name"
02-26 22:38:22.391 12227 12227 D ApplicationLoaders: Returning zygote-cached class loader: /system_ext/framework/androidx.window.extensions.jar
02-26 22:38:22.391 12227 12227 D ApplicationLoaders: Returning zygote-cached class loader: /system_ext/framework/androidx.window.sidecar.jar
02-26 22:38:22.391 12227 12227 D ApplicationLoaders: Returning zygote-cached class loader: /system/framework/org.apache.http.legacy.jar
02-26 22:38:22.393 12229 12229 W libc    : Access denied finding property "ro.odm.prev.product.name"
02-26 22:38:22.393 32454 32474 W System  : A resource failed to call ContentProviderClient.close. 
02-26 22:38:22.393 32454 32474 W System  : A resource failed to call ContentProviderClient.close. 
02-26 22:38:22.395 12229 12229 D ApplicationLoaders: Returning zygote-cached class loader: /system_ext/framework/androidx.window.extensions.jar
02-26 22:38:22.395 12229 12229 D ApplicationLoaders: Returning zygote-cached class loader: /system_ext/framework/androidx.window.sidecar.jar
02-26 22:38:22.395 12229 12229 D ApplicationLoaders: Returning zygote-cached class loader: /system/framework/org.apache.http.legacy.jar
02-26 22:38:22.446  2026  2844 D Arc[OplusBrightnessPhoneStateManager]: LuxEvent{event:MAIN_LUX lux:52.0} -> LuxEvent{event:MAIN_LUX lux:52.0}
02-26 22:38:22.470  1540  1540 D vendor.oplus.hardware.charger-V6-service: getChargerControl:sub_current=100
02-26 22:38:22.470  1540  1540 D vendor.oplus.hardware.charger-V6-service: sub_voltage=3800
02-26 22:38:22.470  1540  1540 D vendor.oplus.hardware.charger-V6-service: sub_soc=-1
02-26 22:38:22.470  1540  1540 D vendor.oplus.hardware.charger-V6-service: sub_temperature=250
02-26 22:38:22.470  1540  1540 D vendor.oplus.hardware.charger-V6-service: main_soc=0
02-26 22:38:22.478 12227 12227 D nativeloader: Configuring clns-7 for other apk /data/app/~~B5Cp3P9ewky0t4Hptjnnkw==/com.heytap.mcs-y1UXme1cWARc0HiSvz_OAg==/base.apk. target_sdk_version=35, uses_libraries=, library_path=/data/app/~~B5Cp3P9ewky0t4Hptjnnkw==/com.heytap.mcs-y1UXme1cWARc0HiSvz_OAg==/lib/arm64:/data/app/~~B5Cp3P9ewky0t4Hptjnnkw==/com.heytap.mcs-y1UXme1cWARc0HiSvz_OAg==/base.apk!/lib/arm64-v8a, permitted_path=/data:/mnt/expand:/data/user_de/0/com.heytap.mcs
02-26 22:38:22.478 12229 12229 D nativeloader: Configuring clns-7 for other apk /data/app/~~B5Cp3P9ewky0t4Hptjnnkw==/com.heytap.mcs-y1UXme1cWARc0HiSvz_OAg==/base.apk. target_sdk_version=35, uses_libraries=, library_path=/data/app/~~B5Cp3P9ewky0t4Hptjnnkw==/com.heytap.mcs-y1UXme1cWARc0HiSvz_OAg==/lib/arm64:/data/app/~~B5Cp3P9ewky0t4Hptjnnkw==/com.heytap.mcs-y1UXme1cWARc0HiSvz_OAg==/base.apk!/lib/arm64-v8a, permitted_path=/data:/mnt/expand:/data/user_de/0/com.heytap.mcs
02-26 22:38:22.481 12229 12229 D CompatChangeReporter: Compat change id reported: 202956589; UID 1000; state: ENABLED
02-26 22:38:22.481 12227 12227 D CompatChangeReporter: Compat change id reported: 202956589; UID 1000; state: ENABLED
02-26 22:38:22.483 12228 12228 D nativeloader: Configuring clns-7 for other apk /data/app/~~B5Cp3P9ewky0t4Hptjnnkw==/com.heytap.mcs-y1UXme1cWARc0HiSvz_OAg==/base.apk. target_sdk_version=35, uses_libraries=, library_path=/data/app/~~B5Cp3P9ewky0t4Hptjnnkw==/com.heytap.mcs-y1UXme1cWARc0HiSvz_OAg==/lib/arm64:/data/app/~~B5Cp3P9ewky0t4Hptjnnkw==/com.heytap.mcs-y1UXme1cWARc0HiSvz_OAg==/base.apk!/lib/arm64-v8a, permitted_path=/data:/mnt/expand:/data/user_de/0/com.heytap.mcs
02-26 22:38:22.484 12228 12228 D CompatChangeReporter: Compat change id reported: 202956589; UID 1000; state: ENABLED
02-26 22:38:22.502 12229 12229 V GraphicsEnvironment: Currently set values for:
02-26 22:38:22.502 12229 12229 V GraphicsEnvironment:   angle_gl_driver_selection_pkgs=[]
02-26 22:38:22.502 12229 12229 V GraphicsEnvironment:   angle_gl_driver_selection_values=[]
02-26 22:38:22.502 12229 12229 V GraphicsEnvironment: Global.Settings values are invalid: number of packages: 0, number of values: 0
02-26 22:38:22.502 12229 12229 V GraphicsEnvironment: Neither updatable production driver nor prerelease driver is supported.
02-26 22:38:22.503 12227 12227 V GraphicsEnvironment: Currently set values for:
02-26 22:38:22.503 12227 12227 V GraphicsEnvironment:   angle_gl_driver_selection_pkgs=[]
02-26 22:38:22.503 12227 12227 V GraphicsEnvironment:   angle_gl_driver_selection_values=[]
02-26 22:38:22.503 12227 12227 V GraphicsEnvironment: Global.Settings values are invalid: number of packages: 0, number of values: 0
02-26 22:38:22.503 12227 12227 V GraphicsEnvironment: Neither updatable production driver nor prerelease driver is supported.
02-26 22:38:22.504 12228 12228 V GraphicsEnvironment: Currently set values for:
02-26 22:38:22.504 12228 12228 V GraphicsEnvironment:   angle_gl_driver_selection_pkgs=[]
02-26 22:38:22.504 12228 12228 V GraphicsEnvironment:   angle_gl_driver_selection_values=[]
02-26 22:38:22.504 12228 12228 V GraphicsEnvironment: Global.Settings values are invalid: number of packages: 0, number of values: 0
02-26 22:38:22.504 12228 12228 V GraphicsEnvironment: Neither updatable production driver nor prerelease driver is supported.
02-26 22:38:22.508 12227 12227 I LoadedApk: No resource references to update in package com.heytap.mcs.kit_sys_integrity
02-26 22:38:22.508 12229 12229 I LoadedApk: No resource references to update in package com.heytap.mcs.kit_sys_integrity
02-26 22:38:22.508 12229 12229 I LoadedApk: No resource references to update in package com.heytap.mcs.kit_quickapp
02-26 22:38:22.508 12227 12227 I LoadedApk: No resource references to update in package com.heytap.mcs.kit_quickapp
02-26 22:38:22.509 12227 12227 I LoadedApk: No resource references to update in package com.heytap.mcs.kit_region
02-26 22:38:22.509 12229 12229 I LoadedApk: No resource references to update in package com.heytap.mcs.kit_region
02-26 22:38:22.510 12228 12228 I LoadedApk: No resource references to update in package com.heytap.mcs.kit_sys_integrity
02-26 22:38:22.510 12228 12228 I LoadedApk: No resource references to update in package com.heytap.mcs.kit_quickapp
02-26 22:38:22.510 12228 12228 I LoadedApk: No resource references to update in package com.heytap.mcs.kit_region
02-26 22:38:22.520 12229 12229 I LoadedApk: No resource references to update in package com.heytap.mcs.kit_mcs
02-26 22:38:22.520 12228 12228 I LoadedApk: No resource references to update in package com.heytap.mcs.kit_mcs
02-26 22:38:22.520 12227 12227 I LoadedApk: No resource references to update in package com.heytap.mcs.kit_mcs
02-26 22:38:22.549  2026  2844 D Arc[OplusBrightnessPhoneStateManager]: LuxEvent{event:MAIN_LUX lux:52.0} -> LuxEvent{event:MAIN_LUX lux:52.0}
02-26 22:38:22.592 12229 12229 I MultiDex: VM with version 2.1.0 has multidex support
02-26 22:38:22.592 12227 12227 I MultiDex: VM with version 2.1.0 has multidex support
02-26 22:38:22.592 12228 12228 I MultiDex: VM with version 2.1.0 has multidex support
02-26 22:38:22.592 12227 12227 I MultiDex: Installing application
02-26 22:38:22.592 12228 12228 I MultiDex: Installing application
02-26 22:38:22.592 12229 12229 I MultiDex: Installing application
02-26 22:38:22.592 12227 12227 I MultiDex: VM has multidex support, MultiDex support library is disabled.
02-26 22:38:22.592 12228 12228 I MultiDex: VM has multidex support, MultiDex support library is disabled.
02-26 22:38:22.592 12229 12229 I MultiDex: VM has multidex support, MultiDex support library is disabled.
02-26 22:38:22.609 12228 12228 I MSP-LOG-APP-: create msplog:logcat
02-26 22:38:22.609 12229 12229 I MSP-LOG-APP-: create msplog:logcat
02-26 22:38:22.609 12227 12227 I MSP-LOG-APP-: create msplog:logcat
02-26 22:38:22.609  2026  4174 I OplusHansManager : uid=10412, pkg=cn.xender cannot transition from R to M, importance=fg-service
02-26 22:38:22.638  2026  3782 I Osense-BaseDecisionMaker: notifySceneToAthenaPolicy: SCENE_RES_IO_PSI, bundle: Bundle[{ioLevel=3}]
02-26 22:38:22.638  2026  3782 I Osense-BaseDecisionMaker: OSense not supported scene! SCENE_RES_IO_PSI
02-26 22:38:22.652  2026  2844 D Arc[OplusBrightnessPhoneStateManager]: LuxEvent{event:MAIN_LUX lux:51.0} -> LuxEvent{event:MAIN_LUX lux:51.0}
02-26 22:38:22.654 12228 12228 I Application: addBackgroundRestrictedInfo use: 3
02-26 22:38:22.655 12229 12229 I Application: addBackgroundRestrictedInfo use: 4
02-26 22:38:22.655 12227 12227 I Application: addBackgroundRestrictedInfo use: 4
02-26 22:38:22.658 12229 12229 W SkyEye.HandlerThread: warning: create new handler thread with name skyEye_auto_speed_thread,alive thread size:1
02-26 22:38:22.658 12228 12228 W SkyEye.HandlerThread: warning: create new handler thread with name skyEye_auto_speed_thread,alive thread size:1
02-26 22:38:22.658 12227 12227 W SkyEye.HandlerThread: warning: create new handler thread with name skyEye_auto_speed_thread,alive thread size:1
02-26 22:38:22.658 12229 12229 I Application: Application init: 
02-26 22:38:22.659 12228 12228 I Application: Application init: 
02-26 22:38:22.659 12227 12227 I Application: Application init: 
02-26 22:38:22.659 12228 12228 I KitInfoManager: Kit infos: {cloudctrl=KitInfo{kitName='cloudctrl', kitVersionCode=10000, kitVersionName='1.0.0', kitApplicationClass='com.heytap.msp.cloudctrl.CloudCtrlApplication', callMothodInterval=0}, kit-core=KitInfo{kitName='kit-core', kitVersionCode=0, kitVersionName='', kitApplicationClass='com.heytap.msp.v2.MspCoreApplication', callMothodInterval=0}, sysintegrity=KitInfo{kitName='sysintegrity', kitVersionCode=0, kitVersionName='', kitApplicationClass='com.oplus.omes.srp.SrpApplication', callMothodInterval=0}, kit-mcs=KitInfo{kitName='kit-mcs', kitVersionCode=0, kitVersionName='', kitApplicationClass='com.heytap.mcs.msp.McsForMspApplication', callMothodInterval=0}, regionkit=KitInfo{kitName='regionkit', kitVersionCode=0, kitVersionName='', kitApplicationClass='com.heytap.msp.kit.region.RegionKitApplication', callMothodInterval=0}, instant=KitInfo{kitName='instant', kitVersionCode=0, kitVersionName='', kitApplicationClass='com.nearme.instant.platform.Application', callMothodInterval=0}}
02-26 22:38:22.660 12228 12228 I AbstractModuleApplication: AbstractModuleApplication attachBaseContext com.heytap.mcs.appservice
02-26 22:38:22.660 12229 12229 I KitInfoManager: Kit infos: {cloudctrl=KitInfo{kitName='cloudctrl', kitVersionCode=10000, kitVersionName='1.0.0', kitApplicationClass='com.heytap.msp.cloudctrl.CloudCtrlApplication', callMothodInterval=0}, kit-core=KitInfo{kitName='kit-core', kitVersionCode=0, kitVersionName='', kitApplicationClass='com.heytap.msp.v2.MspCoreApplication', callMothodInterval=0}, sysintegrity=KitInfo{kitName='sysintegrity', kitVersionCode=0, kitVersionName='', kitApplicationClass='com.oplus.omes.srp.SrpApplication', callMothodInterval=0}, kit-mcs=KitInfo{kitName='kit-mcs', kitVersionCode=0, kitVersionName='', kitApplicationClass='com.heytap.mcs.msp.McsForMspApplication', callMothodInterval=0}, regionkit=KitInfo{kitName='regionkit', kitVersionCode=0, kitVersionName='', kitApplicationClass='com.heytap.msp.kit.region.RegionKitApplication', callMothodInterval=0}, instant=KitInfo{kitName='instant', kitVersionCode=0, kitVersionName='', kitApplicationClass='com.nearme.instant.platform.Application', callMothodInterval=0}}
02-26 22:38:22.661 12227 12227 I KitInfoManager: Kit infos: {cloudctrl=KitInfo{kitName='cloudctrl', kitVersionCode=10000, kitVersionName='1.0.0', kitApplicationClass='com.heytap.msp.cloudctrl.CloudCtrlApplication', callMothodInterval=0}, kit-core=KitInfo{kitName='kit-core', kitVersionCode=0, kitVersionName='', kitApplicationClass='com.heytap.msp.v2.MspCoreApplication', callMothodInterval=0}, sysintegrity=KitInfo{kitName='sysintegrity', kitVersionCode=0, kitVersionName='', kitApplicationClass='com.oplus.omes.srp.SrpApplication', callMothodInterval=0}, kit-mcs=KitInfo{kitName='kit-mcs', kitVersionCode=0, kitVersionName='', kitApplicationClass='com.heytap.mcs.msp.McsForMspApplication', callMothodInterval=0}, regionkit=KitInfo{kitName='regionkit', kitVersionCode=0, kitVersionName='', kitApplicationClass='com.heytap.msp.kit.region.RegionKitApplication', callMothodInterval=0}, instant=KitInfo{kitName='instant', kitVersionCode=0, kitVersionName='', kitApplicationClass='com.nearme.instant.platform.Application', callMothodInterval=0}}
02-26 22:38:22.661 12229 12229 I AbstractModuleApplication: AbstractModuleApplication attachBaseContext com.heytap.mcs.biz.message
02-26 22:38:22.662 12227 12227 I AbstractModuleApplication: AbstractModuleApplication attachBaseContext com.heytap.mcs.statistics
02-26 22:38:22.665 12229 12229 I MspBaseApplication: current processName:com.heytap.mcs.biz.message,pid:12229
02-26 22:38:22.665 12229 12229 I AbstractModuleApplication: AbstractModuleApplication init com.heytap.mcs.biz.message
02-26 22:38:22.667 12228 12228 I MspBaseApplication: current processName:com.heytap.mcs.appservice,pid:12228
02-26 22:38:22.667 12228 12228 I AbstractModuleApplication: AbstractModuleApplication init com.heytap.mcs.appservice
02-26 22:38:22.669 12227 12227 I MspBaseApplication: current processName:com.heytap.mcs.statistics,pid:12227
02-26 22:38:22.669 12227 12227 I AbstractModuleApplication: AbstractModuleApplication init com.heytap.mcs.statistics
02-26 22:38:22.671 12227 12227 I McsForMspApplication: metaData key = mspcore_push_prxoy_com.nearme.instant.platform, value = instant:30
02-26 22:38:22.671 12227 12227 I MspBaseApplication: app version:2.1.23_f20b72e_251205_mcs_oplusexp_sea,2012312
02-26 22:38:22.672 12228 12228 I McsForMspApplication: metaData key = mspcore_push_prxoy_com.nearme.instant.platform, value = instant:30
02-26 22:38:22.672 12228 12228 I MspBaseApplication: app version:2.1.23_f20b72e_251205_mcs_oplusexp_sea,2012312
02-26 22:38:22.672  2026  4236 I ActivityManager: Flag disabled. Ignoring finishAttachApplication from uid: 1000. pid: 12227
02-26 22:38:22.672  2026  2151 I ActivityManager: Flag disabled. Ignoring finishAttachApplication from uid: 1000. pid: 12228
02-26 22:38:22.673 12229 12229 I McsForMspApplication: metaData key = mspcore_push_prxoy_com.nearme.instant.platform, value = instant:30
02-26 22:38:22.673 12229 12229 I MspBaseApplication: app version:2.1.23_f20b72e_251205_mcs_oplusexp_sea,2012312
02-26 22:38:22.675  2026  4236 I ActivityManager: Flag disabled. Ignoring finishAttachApplication from uid: 1000. pid: 12229
02-26 22:38:22.677 12228 12278 I MMKV    : Disable checkProcessMode()
02-26 22:38:22.677 12229 12279 I MMKV    : Disable checkProcessMode()
02-26 22:38:22.680 12228 12281 I MMKV    : Disable checkProcessMode()
02-26 22:38:22.681  2026  2150 D CompatChangeReporter: Compat change id reported: 311208629; UID 1000; state: ENABLED
02-26 22:38:22.690 12229 12279 D nativeloader: Load /data/app/~~B5Cp3P9ewky0t4Hptjnnkw==/com.heytap.mcs-y1UXme1cWARc0HiSvz_OAg==/base.apk!/lib/arm64-v8a/libmmkv.so using class loader ns clns-7 (caller=/data/app/~~B5Cp3P9ewky0t4Hptjnnkw==/com.heytap.mcs-y1UXme1cWARc0HiSvz_OAg==/base.apk!classes3.dex): ok
02-26 22:38:22.691 12229 12279 I MMKV    : current API level = 35, libc++_shared=0
02-26 22:38:22.691 12229 12279 I MMKV    : <MMKV.cpp:167::initialize> version v1.3.4, page size 4096, arch arm64-v8a
02-26 22:38:22.691 12229 12279 I MMKV    : <MMKV.cpp:178::initialize> armv8 AES instructions is supported
02-26 22:38:22.691 12229 12279 I MMKV    : <MMKV.cpp:186::initialize> armv8 CRC32 instructions is supported
02-26 22:38:22.691 12229 12279 I MMKV    : <MMKV.cpp:226::initializeMMKV> root dir: /data/user_de/0/com.heytap.mcs/files/mmkv
02-26 22:38:22.691 12229 12279 I MMKV    : <MemoryFile.cpp:98::open> open fd[0x7d], /data/user_de/0/com.heytap.mcs/files/mmkv/mmkv_com.heytap.mcs.env.config
02-26 22:38:22.691 12229 12279 I MMKV    : <MemoryFile.cpp:203::mmap> mmap to address [0x7c40e08000], oldPtr [0x0], [/data/user_de/0/com.heytap.mcs/files/mmkv/mmkv_com.heytap.mcs.env.config]
02-26 22:38:22.691 12229 12279 I MMKV    : <MemoryFile.cpp:98::open> open fd[0x7e], /data/user_de/0/com.heytap.mcs/files/mmkv/mmkv_com.heytap.mcs.env.config.crc
02-26 22:38:22.691 12229 12279 I MMKV    : <MemoryFile.cpp:203::mmap> mmap to address [0x7c40727000], oldPtr [0x0], [/data/user_de/0/com.heytap.mcs/files/mmkv/mmkv_com.heytap.mcs.env.config.crc]
02-26 22:38:22.691 12229 12279 I MMKV    : <MemoryFile.cpp:98::open> open fd[0x7f], /data/user_de/0/com.heytap.mcs/files/mmkv/mmkv_shared_prefs_alert_status_result
02-26 22:38:22.691 12229 12279 I MMKV    : <MemoryFile.cpp:203::mmap> mmap to address [0x7c40726000], oldPtr [0x0], [/data/user_de/0/com.heytap.mcs/files/mmkv/mmkv_shared_prefs_alert_status_result]
02-26 22:38:22.691 12229 12279 I MMKV    : <MemoryFile.cpp:98::open> open fd[0x80], /data/user_de/0/com.heytap.mcs/files/mmkv/mmkv_shared_prefs_alert_status_result.crc
02-26 22:38:22.691 12229 12279 I MMKV    : <MemoryFile.cpp:203::mmap> mmap to address [0x7c40725000], oldPtr [0x0], [/data/user_de/0/com.heytap.mcs/files/mmkv/mmkv_shared_prefs_alert_status_result.crc]
02-26 22:38:22.691 12229 12279 I MMKV    : <MemoryFile.cpp:98::open> open fd[0x81], /data/user_de/0/com.heytap.mcs/files/mmkv/mmkv_com.heytap.mcs.cloudconfig
02-26 22:38:22.691 12229 12279 I MMKV    : <MemoryFile.cpp:203::mmap> mmap to address [0x7c40724000], oldPtr [0x0], [/data/user_de/0/com.heytap.mcs/files/mmkv/mmkv_com.heytap.mcs.cloudconfig]
02-26 22:38:22.691 12229 12279 I MMKV    : <MemoryFile.cpp:98::open> open fd[0x82], /data/user_de/0/com.heytap.mcs/files/mmkv/mmkv_com.heytap.mcs.cloudconfig.crc
02-26 22:38:22.691 12229 12279 I MMKV    : <MemoryFile.cpp:203::mmap> mmap to address [0x7c40723000], oldPtr [0x0], [/data/user_de/0/com.heytap.mcs/files/mmkv/mmkv_com.heytap.mcs.cloudconfig.crc]
02-26 22:38:22.691 12229 12279 I MMKV    : <MemoryFile.cpp:98::open> open fd[0x83], /data/user_de/0/com.heytap.mcs/files/mmkv/mmkv_com.heytap.mcs.externalconfig
02-26 22:38:22.691 12229 12279 I MMKV    : <MemoryFile.cpp:203::mmap> mmap to address [0x7c3f91e000], oldPtr [0x0], [/data/user_de/0/com.heytap.mcs/files/mmkv/mmkv_com.heytap.mcs.externalconfig]
02-26 22:38:22.691 12229 12279 I MMKV    : <MemoryFile.cpp:98::open> open fd[0x84], /data/user_de/0/com.heytap.mcs/files/mmkv/mmkv_com.heytap.mcs.externalconfig.crc
02-26 22:38:22.691 12229 12279 I MMKV    : <MemoryFile.cpp:203::mmap> mmap to address [0x7c3f91d000], oldPtr [0x0], [/data/user_de/0/com.heytap.mcs/files/mmkv/mmkv_com.heytap.mcs.externalconfig.crc]
02-26 22:38:22.691 12229 12279 I MMKV    : <MemoryFile.cpp:98::open> open fd[0x85], /data/user_de/0/com.heytap.mcs/files/mmkv/mmkv_com.heytap.mcs.expfunctionconfig
02-26 22:38:22.691 12229 12279 I MMKV    : <MemoryFile.cpp:203::mmap> mmap to address [0x7c3f91c000], oldPtr [0x0], [/data/user_de/0/com.heytap.mcs/files/mmkv/mmkv_com.heytap.mcs.expfunctionconfig]
02-26 22:38:22.691 12229 12279 I MMKV    : <MemoryFile.cpp:98::open> open fd[0x86], /data/user_de/0/com.heytap.mcs/files/mmkv/mmkv_com.heytap.mcs.expfunctionconfig.crc
02-26 22:38:22.691 12229 12279 I MMKV    : <MemoryFile.cpp:203::mmap> mmap to address [0x7c3f91b000], oldPtr [0x0], [/data/user_de/0/com.heytap.mcs/files/mmkv/mmkv_com.heytap.mcs.expfunctionconfig.crc]
02-26 22:38:22.692 12228 12278 D nativeloader: Load /data/app/~~B5Cp3P9ewky0t4Hptjnnkw==/com.heytap.mcs-y1UXme1cWARc0HiSvz_OAg==/base.apk!/lib/arm64-v8a/libmmkv.so using class loader ns clns-7 (caller=/data/app/~~B5Cp3P9ewky0t4Hptjnnkw==/com.heytap.mcs-y1UXme1cWARc0HiSvz_OAg==/base.apk!classes3.dex): ok
02-26 22:38:22.692 12229 12279 I MMKV    : <MMKV_IO.cpp:214::loadMetaInfoAndCheck> meta file [mmkv_com.heytap.mcs.env.config] has flag [0]
02-26 22:38:22.692 12229 12279 I MMKV    : <MMKV_IO.cpp:84::loadFromFile> loading [mmkv_com.heytap.mcs.env.config] with 2747 actual size, file size 4096, InterProcess 1, meta info version:4
02-26 22:38:22.692 12229 12279 I MMKV    : <MMKV_IO.cpp:89::loadFromFile> loading [mmkv_com.heytap.mcs.env.config] with crc 465914738 sequence 1 version 4
02-26 22:38:22.692 12229 12279 I MMKV    : <MMKV_IO.cpp:133::loadFromFile> loaded [mmkv_com.heytap.mcs.env.config] with 2 key-values
02-26 22:38:22.692 12228 12278 I MMKV    : current API level = 35, libc++_shared=0
02-26 22:38:22.693 12228 12278 I MMKV    : <MMKV.cpp:167::initialize> version v1.3.4, page size 4096, arch arm64-v8a
02-26 22:38:22.693 12228 12278 I MMKV    : <MMKV.cpp:178::initialize> armv8 AES instructions is supported
02-26 22:38:22.693 12228 12278 I MMKV    : <MMKV.cpp:186::initialize> armv8 CRC32 instructions is supported
02-26 22:38:22.693 12228 12278 I MMKV    : <MMKV.cpp:226::initializeMMKV> root dir: /data/user_de/0/com.heytap.mcs/files/mmkv
02-26 22:38:22.693 12228 12278 I MMKV    : <MemoryFile.cpp:98::open> open fd[0x7c], /data/user_de/0/com.heytap.mcs/files/mmkv/mmkv_com.heytap.mcs.env.config
02-26 22:38:22.693 12228 12278 I MMKV    : <MemoryFile.cpp:203::mmap> mmap to address [0x7c40e08000], oldPtr [0x0], [/data/user_de/0/com.heytap.mcs/files/mmkv/mmkv_com.heytap.mcs.env.config]
02-26 22:38:22.693 12228 12278 I MMKV    : <MemoryFile.cpp:98::open> open fd[0x7d], /data/user_de/0/com.heytap.mcs/files/mmkv/mmkv_com.heytap.mcs.env.config.crc
02-26 22:38:22.693 12228 12281 I MMKV    : <MMKV.cpp:226::initializeMMKV> root dir: /data/user_de/0/com.heytap.mcs/files/mmkv
02-26 22:38:22.693 12228 12278 I MMKV    : <MemoryFile.cpp:203::mmap> mmap to address [0x7c40727000], oldPtr [0x0], [/data/user_de/0/com.heytap.mcs/files/mmkv/mmkv_com.heytap.mcs.env.config.crc]
02-26 22:38:22.693 12228 12281 I MMKV    : <MemoryFile.cpp:98::open> open fd[0x81], /data/user_de/0/com.heytap.mcs/files/mmkv/mmkv_com.heytap.mcs.identifier
02-26 22:38:22.693 12228 12281 I MMKV    : <MemoryFile.cpp:203::mmap> mmap to address [0x7c40726000], oldPtr [0x0], [/data/user_de/0/com.heytap.mcs/files/mmkv/mmkv_com.heytap.mcs.identifier]
02-26 22:38:22.693 12228 12281 I MMKV    : <MemoryFile.cpp:98::open> open fd[0x82], /data/user_de/0/com.heytap.mcs/files/mmkv/mmkv_com.heytap.mcs.identifier.crc
02-26 22:38:22.693 12229 12283 W ContextImpl: Calling a method in the system process without a qualified user: android.app.ContextImpl.startService:1958 android.content.ContextWrapper.startService:837 com.heytap.mcs.biz.message.h.a:18 com.heytap.mcs.biz.message.h.a:6 com.heytap.mcs.base.task.a.b:6 
02-26 22:38:22.693 12228 12281 I MMKV    : <MemoryFile.cpp:203::mmap> mmap to address [0x7c40725000], oldPtr [0x0], [/data/user_de/0/com.heytap.mcs/files/mmkv/mmkv_com.heytap.mcs.identifier.crc]
02-26 22:38:22.694 12228 12278 I MMKV    : <MemoryFile.cpp:98::open> open fd[0x83], /data/user_de/0/com.heytap.mcs/files/mmkv/mmkv_shared_prefs_alert_status_result
02-26 22:38:22.694 12228 12278 I MMKV    : <MemoryFile.cpp:203::mmap> mmap to address [0x7c40724000], oldPtr [0x0], [/data/user_de/0/com.heytap.mcs/files/mmkv/mmkv_shared_prefs_alert_status_result]
02-26 22:38:22.694 12228 12278 I MMKV    : <MemoryFile.cpp:98::open> open fd[0x84], /data/user_de/0/com.heytap.mcs/files/mmkv/mmkv_shared_prefs_alert_status_result.crc
02-26 22:38:22.694 12228 12278 I MMKV    : <MemoryFile.cpp:203::mmap> mmap to address [0x7c40723000], oldPtr [0x0], [/data/user_de/0/com.heytap.mcs/files/mmkv/mmkv_shared_prefs_alert_status_result.crc]
02-26 22:38:22.694 12228 12278 I MMKV    : <MemoryFile.cpp:98::open> open fd[0x85], /data/user_de/0/com.heytap.mcs/files/mmkv/mmkv_com.heytap.mcs.cloudconfig
02-26 22:38:22.694 12228 12278 I MMKV    : <MemoryFile.cpp:203::mmap> mmap to address [0x7c3f91e000], oldPtr [0x0], [/data/user_de/0/com.heytap.mcs/files/mmkv/mmkv_com.heytap.mcs.cloudconfig]
02-26 22:38:22.694 12228 12278 I MMKV    : <MemoryFile.cpp:98::open> open fd[0x86], /data/user_de/0/com.heytap.mcs/files/mmkv/mmkv_com.heytap.mcs.cloudconfig.crc
02-26 22:38:22.694 12228 12278 I MMKV    : <MemoryFile.cpp:203::mmap> mmap to address [0x7c3f91d000], oldPtr [0x0], [/data/user_de/0/com.heytap.mcs/files/mmkv/mmkv_com.heytap.mcs.cloudconfig.crc]
02-26 22:38:22.694 12228 12278 I MMKV    : <MemoryFile.cpp:98::open> open fd[0x87], /data/user_de/0/com.heytap.mcs/files/mmkv/mmkv_com.heytap.mcs.externalconfig
02-26 22:38:22.694 12228 12278 I MMKV    : <MemoryFile.cpp:203::mmap> mmap to address [0x7c3f91c000], oldPtr [0x0], [/data/user_de/0/com.heytap.mcs/files/mmkv/mmkv_com.heytap.mcs.externalconfig]
02-26 22:38:22.694 12228 12278 I MMKV    : <MemoryFile.cpp:98::open> open fd[0x88], /data/user_de/0/com.heytap.mcs/files/mmkv/mmkv_com.heytap.mcs.externalconfig.crc
02-26 22:38:22.694 12228 12278 I MMKV    : <MemoryFile.cpp:203::mmap> mmap to address [0x7c3f91b000], oldPtr [0x0], [/data/user_de/0/com.heytap.mcs/files/mmkv/mmkv_com.heytap.mcs.externalconfig.crc]
02-26 22:38:22.694 12228 12278 I MMKV    : <MemoryFile.cpp:98::open> open fd[0x89], /data/user_de/0/com.heytap.mcs/files/mmkv/mmkv_com.heytap.mcs.expfunctionconfig
02-26 22:38:22.694 12228 12278 I MMKV    : <MemoryFile.cpp:203::mmap> mmap to address [0x7c3f8e3000], oldPtr [0x0], [/data/user_de/0/com.heytap.mcs/files/mmkv/mmkv_com.heytap.mcs.expfunctionconfig]
02-26 22:38:22.694 12228 12278 I MMKV    : <MemoryFile.cpp:98::open> open fd[0x8a], /data/user_de/0/com.heytap.mcs/files/mmkv/mmkv_com.heytap.mcs.expfunctionconfig.crc
02-26 22:38:22.694 12228 12278 I MMKV    : <MemoryFile.cpp:203::mmap> mmap to address [0x7c3f800000], oldPtr [0x0], [/data/user_de/0/com.heytap.mcs/files/mmkv/mmkv_com.heytap.mcs.expfunctionconfig.crc]
02-26 22:38:22.694 12228 12278 I MMKV    : <MMKV_IO.cpp:214::loadMetaInfoAndCheck> meta file [mmkv_com.heytap.mcs.env.config] has flag [0]
02-26 22:38:22.694 12228 12278 I MMKV    : <MMKV_IO.cpp:84::loadFromFile> loading [mmkv_com.heytap.mcs.env.config] with 2747 actual size, file size 4096, InterProcess 1, meta info version:4
02-26 22:38:22.694 12228 12278 I MMKV    : <MMKV_IO.cpp:89::loadFromFile> loading [mmkv_com.heytap.mcs.env.config] with crc 465914738 sequence 1 version 4
02-26 22:38:22.694 12228 12278 I MMKV    : <MMKV_IO.cpp:133::loadFromFile> loaded [mmkv_com.heytap.mcs.env.config] with 2 key-values
02-26 22:38:22.695 12228 12281 I MMKV    : <MMKV_IO.cpp:84::loadFromFile> loading [mmkv_com.heytap.mcs.identifier] with 51 actual size, file size 4096, InterProcess 1, meta info version:3
02-26 22:38:22.695 12228 12281 I MMKV    : <MMKV_IO.cpp:89::loadFromFile> loading [mmkv_com.heytap.mcs.identifier] with crc 3111508052 sequence 1 version 3
02-26 22:38:22.695 12228 12281 I MMKV    : <MMKV_IO.cpp:133::loadFromFile> loaded [mmkv_com.heytap.mcs.identifier] with 1 key-values
02-26 22:38:22.695  2026  4236 D ConnectivityService: requestNetwork for uid/pid:1000/12227 activeRequest: null callbackRequest: 86737 [NetworkRequest [ REQUEST id=86738, [ Capabilities: INTERNET&NOT_RESTRICTED&TRUSTED&NOT_VCN_MANAGED&NOT_BANDWIDTH_CONSTRAINED Uid: 1000 RequestorUid: 1000 RequestorPkg: com.heytap.mcs UnderlyingNetworks: Null] ]] callback flags: 0 order: 2147483647 isUidTracked: false declaredMethods: AVAIL|LOST|NC
02-26 22:38:22.699  2026  3448 D OemPaidWifiNetworkFactory: got request NetworkRequest [ REQUEST id=86738, [ Capabilities: INTERNET&NOT_RESTRICTED&TRUSTED&NOT_VCN_MANAGED&NOT_BANDWIDTH_CONSTRAINED Uid: 1000 RequestorUid: 1000 RequestorPkg: com.heytap.mcs UnderlyingNetworks: Null] ]
02-26 22:38:22.699  2026  3448 D MultiInternetWifiNetworkFactory: got request NetworkRequest [ REQUEST id=86738, [ Capabilities: INTERNET&NOT_RESTRICTED&TRUSTED&NOT_VCN_MANAGED&NOT_BANDWIDTH_CONSTRAINED Uid: 1000 RequestorUid: 1000 RequestorPkg: com.heytap.mcs UnderlyingNetworks: Null] ]
02-26 22:38:22.699  2026  3448 D WifiNetworkFactory: got request NetworkRequest [ REQUEST id=86738, [ Capabilities: INTERNET&NOT_RESTRICTED&TRUSTED&NOT_VCN_MANAGED&NOT_BANDWIDTH_CONSTRAINED Uid: 1000 RequestorUid: 1000 RequestorPkg: com.heytap.mcs UnderlyingNetworks: Null] ]
02-26 22:38:22.699 12228 12281 I MMKV    : Disable checkProcessMode()
02-26 22:38:22.699  2026  3448 D UntrustedWifiNetworkFactory: got request NetworkRequest [ REQUEST id=86738, [ Capabilities: INTERNET&NOT_RESTRICTED&TRUSTED&NOT_VCN_MANAGED&NOT_BANDWIDTH_CONSTRAINED Uid: 1000 RequestorUid: 1000 RequestorPkg: com.heytap.mcs UnderlyingNetworks: Null] ]
